[INFO] Scanning for projects...
[WARNING] 
[WARNING] Some problems were encountered while building the effective model for com.epmapat:erp_epmapat:war:v0.1
[WARNING] 'dependencies.dependency.(groupId:artifactId:type:classifier)' must be unique: org.springframework.boot:spring-boot-starter-web:jar -> duplicate declaration of version (?) @ line 198, column 13
[WARNING] 
[WARNING] It is highly recommended to fix these problems because they threaten the stability of your build.
[WARNING] 
[WARNING] For this reason, future Maven versions might no longer support building such malformed projects.
[WARNING] 
[INFO] 
[INFO] ----------------------< com.epmapat:erp_epmapat >-----------------------
[INFO] Building erp_epmapat v0.1
[INFO] --------------------------------[ war ]---------------------------------
[INFO] 
[INFO] >>> spring-boot-maven-plugin:2.7.18:run (default-cli) > test-compile @ erp_epmapat >>>
[INFO] 
[INFO] --- maven-enforcer-plugin:3.4.1:enforce (enforce) @ erp_epmapat ---
[INFO] Rule 0: org.apache.maven.enforcer.rules.dependency.BannedDependencies passed
[INFO] 
[INFO] --- maven-resources-plugin:3.3.1:resources (default-resources) @ erp_epmapat ---
[INFO] Copying 3 resources from src\main\resources to target\classes
[INFO] Copying 81 resources from src\main\resources to target\classes
[INFO] 
[INFO] --- maven-compiler-plugin:3.11.0:compile (default-compile) @ erp_epmapat ---
[INFO] Nothing to compile - all classes are up to date
[INFO] 
[INFO] --- maven-resources-plugin:3.3.1:testResources (default-testResources) @ erp_epmapat ---
[INFO] skip non existing resourceDirectory C:\Users\Alexi\Documents\PROYECTOS_EPMAPA-T\erp_epmapat_be\src\test\resources
[INFO] 
[INFO] --- maven-compiler-plugin:3.11.0:testCompile (default-testCompile) @ erp_epmapat ---
[INFO] Nothing to compile - all classes are up to date
[INFO] 
[INFO] <<< spring-boot-maven-plugin:2.7.18:run (default-cli) < test-compile @ erp_epmapat <<<
[INFO] 
[INFO] 
[INFO] --- spring-boot-maven-plugin:2.7.18:run (default-cli) @ erp_epmapat ---
[INFO] Attaching agents: []
SLF4J: Class path contains multiple SLF4J bindings.
SLF4J: Found binding in [jar:file:/C:/Users/Alexi/.m2/repository/ch/qos/logback/logback-classic/1.2.12/logback-classic-1.2.12.jar!/org/slf4j/impl/StaticLoggerBinder.class]
SLF4J: Found binding in [jar:file:/C:/Users/Alexi/.m2/repository/org/slf4j/slf4j-simple/1.7.36/slf4j-simple-1.7.36.jar!/org/slf4j/impl/StaticLoggerBinder.class]
SLF4J: See http://www.slf4j.org/codes.html#multiple_bindings for an explanation.
SLF4J: Actual binding is of type [ch.qos.logback.classic.util.ContextSelectorStaticBinder]
,------.               ,------.                                               ,--------. 
|  .---' ,---. ,--.--. |  .---' ,---. ,--,--,--. ,--,--. ,---.  ,--,--.,-----.'--.  .--' 
|  `--, | .-. ||  .--' |  `--, | .-. ||        |' ,-.  || .-. |' ,-.  |'-----'   |  |    
|  `---.| '-' '|  |    |  `---.| '-' '|  |  |  |\ '-'  || '-' '\ '-'  |          |  |    
`------'|  |-' `--'    `------'|  |-' `--`--`--' `--`--'|  |-'  `--`--'          `--'    
        `--'                   `--'                     `--'                             
 
Powered by Spring Boot 2.7.18
2026-06-12 14:45:39  INFO 28548 --- [           main] c.e.erp_epmapat.ErpEpmapatApplication    : Starting ErpEpmapatApplication using Java 21.0.10 on Developer04 with PID 28548 (C:\Users\Alexi\Documents\PROYECTOS_EPMAPA-T\erp_epmapat_be\target\classes started by Alexi in C:\Users\Alexi\Documents\PROYECTOS_EPMAPA-T\erp_epmapat_be)
2026-06-12 14:45:39  INFO 28548 --- [           main] c.e.erp_epmapat.ErpEpmapatApplication    : No active profile set, falling back to 1 default profile: "default"
2026-06-12 14:45:40  INFO 28548 --- [           main] .s.d.r.c.RepositoryConfigurationDelegate : Bootstrapping Spring Data JPA repositories in DEFAULT mode.
2026-06-12 14:45:41  INFO 28548 --- [           main] .s.d.r.c.RepositoryConfigurationDelegate : Finished Spring Data repository scanning in 274 ms. Found 169 JPA repository interfaces.
2026-06-12 14:45:41  INFO 28548 --- [           main] o.s.b.w.embedded.tomcat.TomcatWebServer  : Tomcat initialized with port(s): 9085 (http)
2026-06-12 14:45:41  INFO 28548 --- [           main] o.apache.catalina.core.StandardService   : Starting service [Tomcat]
2026-06-12 14:45:41  INFO 28548 --- [           main] org.apache.catalina.core.StandardEngine  : Starting Servlet engine: [Apache Tomcat/9.0.83]
2026-06-12 14:45:41  INFO 28548 --- [           main] o.a.c.c.C.[Tomcat].[localhost].[/]       : Initializing Spring embedded WebApplicationContext
2026-06-12 14:45:41  INFO 28548 --- [           main] w.s.c.ServletWebServerApplicationContext : Root WebApplicationContext: initialization completed in 1459 ms
2026-06-12 14:45:41  INFO 28548 --- [           main] o.hibernate.jpa.internal.util.LogHelper  : HHH000204: Processing PersistenceUnitInfo [name: default]
2026-06-12 14:45:41  INFO 28548 --- [           main] org.hibernate.Version                    : HHH000412: Hibernate ORM core version 5.6.15.Final
2026-06-12 14:45:41  INFO 28548 --- [           main] o.hibernate.annotations.common.Version   : HCANN000001: Hibernate Commons Annotations {5.1.2.Final}
2026-06-12 14:45:41  INFO 28548 --- [           main] com.zaxxer.hikari.HikariDataSource       : HikariPool-1 - Starting...
2026-06-12 14:45:42  INFO 28548 --- [           main] com.zaxxer.hikari.HikariDataSource       : HikariPool-1 - Start completed.
2026-06-12 14:45:42  INFO 28548 --- [           main] org.hibernate.dialect.Dialect            : HHH000400: Using dialect: org.hibernate.dialect.PostgreSQL95Dialect
2026-06-12 14:45:42  WARN 28548 --- [           main] Hibernate Types                          : The class com.epmapat.erp_epmapat.modelo.Rutas class should override both the equals and hashCode methods based on the JSON object value it represents!
2026-06-12 14:45:43  INFO 28548 --- [           main] o.h.e.t.j.p.i.JtaPlatformInitiator       : HHH000490: Using JtaPlatform implementation: [org.hibernate.engine.transaction.jta.platform.internal.NoJtaPlatform]
2026-06-12 14:45:43  INFO 28548 --- [           main] j.LocalContainerEntityManagerFactoryBean : Initialized JPA EntityManagerFactory for persistence unit 'default'
2026-06-12 14:45:43  INFO 28548 --- [           main] c.e.e.s.a.NextcloudStorageService        : Nextcloud storage initialized: baseUrl=https://192.168.0.52, httpsConfigured=true, trustAllSslCertificates=true, baseFolder=/EPMAPAT-PHOTOS
2026-06-12 14:45:43  INFO 28548 --- [           main] c.e.e.s.a.NextcloudStorageService        : Nextcloud WebDAV base resolved to https://192.168.0.52/remote.php/dav/files/admin
2026-06-12 14:45:44  WARN 28548 --- [           main] ion$DefaultTemplateResolverConfiguration : Cannot find template location: classpath:/templates/ (please add some templates, check your Thymeleaf configuration, or set spring.thymeleaf.check-template-location=false)
2026-06-12 14:45:46  WARN 28548 --- [           main] .b.a.g.t.GroovyTemplateAutoConfiguration : Cannot find template location: classpath:/templates/ (please add some templates, check your Groovy configuration, or set spring.groovy.template.check-template-location=false)
2026-06-12 14:45:46  INFO 28548 --- [           main] o.s.b.a.e.web.EndpointLinksResolver      : Exposing 1 endpoint(s) beneath base path '/actuator'
2026-06-12 14:45:46  INFO 28548 --- [           main] o.s.b.w.embedded.tomcat.TomcatWebServer  : Tomcat started on port(s): 9085 (http) with context path ''
2026-06-12 14:45:46  INFO 28548 --- [           main] c.e.erp_epmapat.ErpEpmapatApplication    : Started ErpEpmapatApplication in 6.659 seconds (JVM running for 6.938)
2026-06-12 14:45:52  INFO 28548 --- [nio-9085-exec-1] o.a.c.c.C.[Tomcat].[localhost].[/]       : Initializing Spring DispatcherServlet 'dispatcherServlet'
2026-06-12 14:45:52  INFO 28548 --- [nio-9085-exec-1] o.s.web.servlet.DispatcherServlet        : Initializing Servlet 'dispatcherServlet'
2026-06-12 14:45:52  INFO 28548 --- [nio-9085-exec-1] o.s.web.servlet.DispatcherServlet        : Completed initialization in 1 ms
