#
# There is insufficient memory for the Java Runtime Environment to continue.
# Native memory allocation (malloc) failed to allocate 1195760 bytes. Error detail: Chunk::new
# Possible reasons:
#   The system is out of physical RAM or swap space
#   This process is running with CompressedOops enabled, and the Java Heap may be blocking the growth of the native heap
# Possible solutions:
#   Reduce memory load on the system
#   Increase physical memory or swap space
#   Check if swap backing store is full
#   Decrease Java heap size (-Xmx/-Xms)
#   Decrease number of Java threads
#   Decrease Java thread stack sizes (-Xss)
#   Set larger code cache with -XX:ReservedCodeCacheSize=
#   JVM is running with Unscaled Compressed Oops mode in which the Java heap is
#     placed in the first 4GB address space. The Java Heap base address is the
#     maximum limit for the native heap growth. Please use -XX:HeapBaseMinAddress
#     to set the Java Heap base and to place the Java Heap above 4GB virtual address.
# This output file may be truncated or incomplete.
#
#  Out of Memory Error (arena.cpp:150), pid=11140, tid=12736
#
# JRE version: Java(TM) SE Runtime Environment (22.0.2+9) (build 22.0.2+9-70)
# Java VM: Java HotSpot(TM) 64-Bit Server VM (22.0.2+9-70, mixed mode, sharing, tiered, compressed oops, compressed class ptrs, g1 gc, windows-amd64)
# No core dump will be written. Minidumps are not enabled by default on client versions of Windows
#

---------------  S U M M A R Y ------------

Command Line: -XX:+ShowCodeDetailsInExceptionMessages -Dspring.jmx.enabled=true -Dmanagement.endpoints.jmx.exposure.include=* -Dspring.application.admin.enabled=true -Dspring.boot.project.name=erp_epmapat -Djava.rmi.server.hostname=localhost -Dcom.sun.management.jmxremote.port=45556 -Dcom.sun.management.jmxremote.authenticate=false -Dcom.sun.management.jmxremote.ssl=false com.epmapat.erp_epmapat.ErpEpmapatApplication

Host: Intel(R) Core(TM) i5-10400 CPU @ 2.90GHz, 12 cores, 7G,  Windows 11 , 64 bit Build 22621 (10.0.22621.4391)
Time: Mon Nov 11 15:19:27 2024 Hora est. Pacífico, Sudamérica elapsed time: 10.115032 seconds (0d 0h 0m 10s)

---------------  T H R E A D  ---------------

Current thread (0x0000027d951b4610):  JavaThread "C2 CompilerThread1" daemon [_thread_in_native, id=12736, stack(0x000000ae2e700000,0x000000ae2e800000) (1024K)]


Current CompileTask:
C2:10115 14452 % !   4       java.util.concurrent.ConcurrentHashMap::transfer @ 96 (849 bytes)

Stack: [0x000000ae2e700000,0x000000ae2e800000]
Native frames: (J=compiled Java code, j=interpreted, Vv=VM code, C=native code)
V  [jvm.dll+0x6e26e9]  (no source info available)
V  [jvm.dll+0x875753]  (no source info available)
V  [jvm.dll+0x877b7e]  (no source info available)
V  [jvm.dll+0x878253]  (no source info available)
V  [jvm.dll+0x27fc86]  (no source info available)
V  [jvm.dll+0xc3d0f]  (no source info available)
V  [jvm.dll+0xc3f6b]  (no source info available)
V  [jvm.dll+0x3bb47c]  (no source info available)
V  [jvm.dll+0x387d4b]  (no source info available)
V  [jvm.dll+0x3871ba]  (no source info available)
V  [jvm.dll+0x2477f8]  (no source info available)
V  [jvm.dll+0x246e9f]  (no source info available)
V  [jvm.dll+0x1c4e80]  (no source info available)
V  [jvm.dll+0x2568f3]  (no source info available)
V  [jvm.dll+0x254baa]  (no source info available)
V  [jvm.dll+0x3f57a6]  (no source info available)
V  [jvm.dll+0x81dc0b]  (no source info available)
V  [jvm.dll+0x6e0d85]  (no source info available)
C  [ucrtbase.dll+0x29333]  (no source info available)
C  [KERNEL32.DLL+0x1259d]  (no source info available)
C  [ntdll.dll+0x5af38]  (no source info available)


---------------  P R O C E S S  ---------------

Threads class SMR info:
_java_thread_list=0x0000027d9a3d5770, length=37, elements={
0x0000027d4f61a980, 0x0000027d4f61d8b0, 0x0000027d950050b0, 0x0000027d95005b10,
0x0000027d950084f0, 0x0000027d95008b60, 0x0000027d9500b640, 0x0000027d9500ed20,
0x0000027d95110310, 0x0000027d951b4610, 0x0000027d951b4cd0, 0x0000027d95880b30,
0x0000027d957ed880, 0x0000027d95bfe870, 0x0000027d95a85c30, 0x0000027d963f8300,
0x0000027d96344960, 0x0000027d96361770, 0x0000027d9668c330, 0x0000027d9668af80,
0x0000027d9668bca0, 0x0000027d9668b610, 0x0000027d9668c9c0, 0x0000027d9a308d50,
0x0000027d9a3065f0, 0x0000027d9a306c80, 0x0000027d9a307310, 0x0000027d9a30a790,
0x0000027d9a3079a0, 0x0000027d9a30ae20, 0x0000027d9a30b4b0, 0x0000027d9a304520,
0x0000027d9a30bb40, 0x0000027d9a304bb0, 0x0000027d9a305240, 0x0000027d96689bd0,
0x0000027d9668a260
}

Java Threads: ( => current thread )
  0x0000027d4f61a980 JavaThread "Reference Handler"          daemon [_thread_blocked, id=20040, stack(0x000000ae2de00000,0x000000ae2df00000) (1024K)]
  0x0000027d4f61d8b0 JavaThread "Finalizer"                  daemon [_thread_blocked, id=2676, stack(0x000000ae2df00000,0x000000ae2e000000) (1024K)]
  0x0000027d950050b0 JavaThread "Signal Dispatcher"          daemon [_thread_blocked, id=9156, stack(0x000000ae2e000000,0x000000ae2e100000) (1024K)]
  0x0000027d95005b10 JavaThread "Attach Listener"            daemon [_thread_blocked, id=22292, stack(0x000000ae2e100000,0x000000ae2e200000) (1024K)]
  0x0000027d950084f0 JavaThread "Service Thread"             daemon [_thread_blocked, id=6912, stack(0x000000ae2e200000,0x000000ae2e300000) (1024K)]
  0x0000027d95008b60 JavaThread "Monitor Deflation Thread"   daemon [_thread_blocked, id=15556, stack(0x000000ae2e300000,0x000000ae2e400000) (1024K)]
  0x0000027d9500b640 JavaThread "C2 CompilerThread0"         daemon [_thread_in_native, id=4560, stack(0x000000ae2e400000,0x000000ae2e500000) (1024K)]
  0x0000027d9500ed20 JavaThread "C1 CompilerThread0"         daemon [_thread_in_native, id=8184, stack(0x000000ae2e500000,0x000000ae2e600000) (1024K)]
  0x0000027d95110310 JavaThread "Common-Cleaner"             daemon [_thread_blocked, id=16616, stack(0x000000ae2e600000,0x000000ae2e700000) (1024K)]
=>0x0000027d951b4610 JavaThread "C2 CompilerThread1"         daemon [_thread_in_native, id=12736, stack(0x000000ae2e700000,0x000000ae2e800000) (1024K)]
  0x0000027d951b4cd0 JavaThread "Notification Thread"        daemon [_thread_blocked, id=21400, stack(0x000000ae2e800000,0x000000ae2e900000) (1024K)]
  0x0000027d95880b30 JavaThread "RMI TCP Accept-0"           daemon [_thread_in_native, id=20744, stack(0x000000ae2e900000,0x000000ae2ea00000) (1024K)]
  0x0000027d957ed880 JavaThread "RMI TCP Accept-45556"       daemon [_thread_in_native, id=22396, stack(0x000000ae2ea00000,0x000000ae2eb00000) (1024K)]
  0x0000027d95bfe870 JavaThread "RMI TCP Accept-0"           daemon [_thread_in_native, id=5004, stack(0x000000ae2eb00000,0x000000ae2ec00000) (1024K)]
  0x0000027d95a85c30 JavaThread "RMI TCP Connection(1)-127.0.0.1" daemon [_thread_in_native, id=5608, stack(0x000000ae2f500000,0x000000ae2f600000) (1024K)]
  0x0000027d963f8300 JavaThread "RMI Scheduler(0)"           daemon [_thread_blocked, id=2024, stack(0x000000ae2f600000,0x000000ae2f700000) (1024K)]
  0x0000027d96344960 JavaThread "RMI TCP Connection(2)-127.0.0.1" daemon [_thread_in_native, id=14712, stack(0x000000ae2f700000,0x000000ae2f800000) (1024K)]
  0x0000027d96361770 JavaThread "JMX server connection timeout 37" daemon [_thread_blocked, id=1420, stack(0x000000ae2f800000,0x000000ae2f900000) (1024K)]
  0x0000027d9668c330 JavaThread "WindowsStreamPump"          daemon [_thread_in_native, id=14964, stack(0x000000ae2fa00000,0x000000ae2fb00000) (1024K)]
  0x0000027d9668af80 JavaThread "Catalina-utility-1"                [_thread_blocked, id=6812, stack(0x000000ae2fc00000,0x000000ae2fd00000) (1024K)]
  0x0000027d9668bca0 JavaThread "Catalina-utility-2"                [_thread_blocked, id=22104, stack(0x000000ae2fd00000,0x000000ae2fe00000) (1024K)]
  0x0000027d9668b610 JavaThread "container-0"                       [_thread_blocked, id=21868, stack(0x000000ae2fe00000,0x000000ae2ff00000) (1024K)]
  0x0000027d9668c9c0 JavaThread "HikariPool-1 housekeeper"   daemon [_thread_blocked, id=15912, stack(0x000000ae30000000,0x000000ae30100000) (1024K)]
  0x0000027d9a308d50 JavaThread "HikariPool-1 connection adder" daemon [_thread_blocked, id=16188, stack(0x000000ae30100000,0x000000ae30200000) (1024K)]
  0x0000027d9a3065f0 JavaThread "http-nio-8080-exec-1"       daemon [_thread_in_native, id=22128, stack(0x000000ae30200000,0x000000ae30300000) (1024K)]
  0x0000027d9a306c80 JavaThread "http-nio-8080-exec-2"       daemon [_thread_in_native, id=4748, stack(0x000000ae30300000,0x000000ae30400000) (1024K)]
  0x0000027d9a307310 JavaThread "http-nio-8080-exec-3"       daemon [_thread_blocked, id=16904, stack(0x000000ae30400000,0x000000ae30500000) (1024K)]
  0x0000027d9a30a790 JavaThread "http-nio-8080-exec-4"       daemon [_thread_blocked, id=5532, stack(0x000000ae30500000,0x000000ae30600000) (1024K)]
  0x0000027d9a3079a0 JavaThread "http-nio-8080-exec-5"       daemon [_thread_in_native, id=6340, stack(0x000000ae30600000,0x000000ae30700000) (1024K)]
  0x0000027d9a30ae20 JavaThread "http-nio-8080-exec-6"       daemon [_thread_in_native, id=4168, stack(0x000000ae30700000,0x000000ae30800000) (1024K)]
  0x0000027d9a30b4b0 JavaThread "http-nio-8080-exec-7"       daemon [_thread_in_native, id=22228, stack(0x000000ae30800000,0x000000ae30900000) (1024K)]
  0x0000027d9a304520 JavaThread "http-nio-8080-exec-8"       daemon [_thread_blocked, id=21712, stack(0x000000ae30900000,0x000000ae30a00000) (1024K)]
  0x0000027d9a30bb40 JavaThread "http-nio-8080-exec-9"       daemon [_thread_in_native, id=3488, stack(0x000000ae30a00000,0x000000ae30b00000) (1024K)]
  0x0000027d9a304bb0 JavaThread "http-nio-8080-exec-10"      daemon [_thread_blocked, id=1816, stack(0x000000ae30b00000,0x000000ae30c00000) (1024K)]
  0x0000027d9a305240 JavaThread "http-nio-8080-Poller"       daemon [_thread_in_native, id=20028, stack(0x000000ae30c00000,0x000000ae30d00000) (1024K)]
  0x0000027d96689bd0 JavaThread "http-nio-8080-Acceptor"     daemon [_thread_in_native, id=22256, stack(0x000000ae30d00000,0x000000ae30e00000) (1024K)]
  0x0000027d9668a260 JavaThread "DestroyJavaVM"                     [_thread_blocked, id=22260, stack(0x000000ae2d600000,0x000000ae2d700000) (1024K)]
Total: 37

Other Threads:
  0x0000027d4f600ad0 VMThread "VM Thread"                           [id=22060, stack(0x000000ae2dd00000,0x000000ae2de00000) (1024K)]
  0x0000027d4f5e9730 WatcherThread "VM Periodic Task Thread"        [id=18492, stack(0x000000ae2dc00000,0x000000ae2dd00000) (1024K)]
  0x0000027d33087e40 WorkerThread "GC Thread#0"                     [id=21672, stack(0x000000ae2d700000,0x000000ae2d800000) (1024K)]
  0x0000027d95b42750 WorkerThread "GC Thread#1"                     [id=21896, stack(0x000000ae2ec00000,0x000000ae2ed00000) (1024K)]
  0x0000027d95b6a060 WorkerThread "GC Thread#2"                     [id=22448, stack(0x000000ae2ed00000,0x000000ae2ee00000) (1024K)]
  0x0000027d9603e700 WorkerThread "GC Thread#3"                     [id=14400, stack(0x000000ae2ee00000,0x000000ae2ef00000) (1024K)]
  0x0000027d9603eab0 WorkerThread "GC Thread#4"                     [id=18188, stack(0x000000ae2ef00000,0x000000ae2f000000) (1024K)]
  0x0000027d9603ee60 WorkerThread "GC Thread#5"                     [id=14352, stack(0x000000ae2f000000,0x000000ae2f100000) (1024K)]
  0x0000027d9603fa20 WorkerThread "GC Thread#6"                     [id=11936, stack(0x000000ae2f100000,0x000000ae2f200000) (1024K)]
  0x0000027d95a78200 WorkerThread "GC Thread#7"                     [id=11576, stack(0x000000ae2f200000,0x000000ae2f300000) (1024K)]
  0x0000027d95a789c0 WorkerThread "GC Thread#8"                     [id=8968, stack(0x000000ae2f300000,0x000000ae2f400000) (1024K)]
  0x0000027d95a79180 WorkerThread "GC Thread#9"                     [id=10748, stack(0x000000ae2f400000,0x000000ae2f500000) (1024K)]
  0x0000027d33098a20 ConcurrentGCThread "G1 Main Marker"            [id=21760, stack(0x000000ae2d800000,0x000000ae2d900000) (1024K)]
  0x0000027d33099cd0 WorkerThread "G1 Conc#0"                       [id=17712, stack(0x000000ae2d900000,0x000000ae2da00000) (1024K)]
  0x0000027d9676e5f0 WorkerThread "G1 Conc#1"                       [id=22236, stack(0x000000ae2f900000,0x000000ae2fa00000) (1024K)]
  0x0000027d977f6510 WorkerThread "G1 Conc#2"                       [id=21944, stack(0x000000ae2fb00000,0x000000ae2fc00000) (1024K)]
  0x0000027d330ce5d0 ConcurrentGCThread "G1 Refine#0"               [id=21984, stack(0x000000ae2da00000,0x000000ae2db00000) (1024K)]
  0x0000027d4f4b9390 ConcurrentGCThread "G1 Service"                [id=21596, stack(0x000000ae2db00000,0x000000ae2dc00000) (1024K)]
Total: 18

Threads with active compile tasks:
C2 CompilerThread0  10167 14619       4       com.fasterxml.jackson.databind.ser.BeanPropertyWriter::serializeAsField (214 bytes)
C1 CompilerThread0  10167 14751       2       java.lang.invoke.LambdaForm$MH/0x0000027d51a16800::invoke (42 bytes)
C2 CompilerThread1  10167 14452 % !   4       java.util.concurrent.ConcurrentHashMap::transfer @ 96 (849 bytes)
Total: 3

VM state: not at safepoint (normal execution)

VM Mutex/Monitor currently owned by a thread: None

Heap address: 0x0000000082e00000, size: 2002 MB, Compressed Oops mode: 32-bit

CDS archive(s) mapped at: [0x0000027d50000000-0x0000027d50c60000-0x0000027d50c60000), size 12976128, SharedBaseAddress: 0x0000027d50000000, ArchiveRelocationMode: 1.
Compressed class space mapped at: 0x0000027d51000000-0x0000027d91000000, reserved size: 1073741824
Narrow klass base: 0x0000027d50000000, Narrow klass shift: 0, Narrow klass range: 0x41000000

GC Precious Log:
 CardTable entry size: 512
 Card Set container configuration: InlinePtr #cards 5 size 8 Array Of Cards #cards 12 size 40 Howl #buckets 4 coarsen threshold 1843 Howl Bitmap #cards 512 size 80 coarsen threshold 460 Card regions per heap region 1 cards per card region 2048
 CPUs: 12 total, 12 available
 Memory: 8003M
 Large Page Support: Disabled
 NUMA Support: Disabled
 Compressed Oops: Enabled (32-bit)
 Heap Region Size: 1M
 Heap Min Capacity: 8M
 Heap Initial Capacity: 126M
 Heap Max Capacity: 2002M
 Pre-touch: Disabled
 Parallel Workers: 10
 Concurrent Workers: 3
 Concurrent Refinement Workers: 10
 Periodic GC: Disabled

Heap:
 garbage-first heap   total reserved 2050048K, committed 133120K, used 120090K [0x0000000082e00000, 0x0000000100000000)
  region size 1024K, 61 young (62464K), 4 survivors (4096K)
 Metaspace       used 78306K, committed 79168K, reserved 1179648K
  class space    used 9745K, committed 10176K, reserved 1048576K

Heap Regions: E=young(eden), S=young(survivor), O=old, HS=humongous(starts), HC=humongous(continues), CS=collection set, F=free, TAMS=top-at-mark-start, PB=parsable bottom
|   0|0x0000000082e00000, 0x0000000082f00000, 0x0000000082f00000|100%|HS|  |TAMS 0x0000000082e00000| PB 0x0000000082e00000| Complete |  0
|   1|0x0000000082f00000, 0x0000000083000000, 0x0000000083000000|100%| O|  |TAMS 0x0000000082f00000| PB 0x0000000082f00000| Untracked |  0
|   2|0x0000000083000000, 0x0000000083100000, 0x0000000083100000|100%| O|  |TAMS 0x0000000083000000| PB 0x0000000083000000| Untracked |  0
|   3|0x0000000083100000, 0x0000000083200000, 0x0000000083200000|100%| O|  |TAMS 0x0000000083100000| PB 0x0000000083100000| Untracked |  0
|   4|0x0000000083200000, 0x0000000083300000, 0x0000000083300000|100%| O|  |TAMS 0x0000000083200000| PB 0x0000000083200000| Untracked |  0
|   5|0x0000000083300000, 0x0000000083400000, 0x0000000083400000|100%| O|  |TAMS 0x0000000083300000| PB 0x0000000083300000| Untracked |  0
|   6|0x0000000083400000, 0x0000000083500000, 0x0000000083500000|100%| O|  |TAMS 0x0000000083400000| PB 0x0000000083400000| Untracked |  0
|   7|0x0000000083500000, 0x0000000083600000, 0x0000000083600000|100%| O|  |TAMS 0x0000000083500000| PB 0x0000000083500000| Untracked |  0
|   8|0x0000000083600000, 0x0000000083700000, 0x0000000083700000|100%| O|  |TAMS 0x0000000083600000| PB 0x0000000083600000| Untracked |  0
|   9|0x0000000083700000, 0x0000000083800000, 0x0000000083800000|100%| O|  |TAMS 0x0000000083700000| PB 0x0000000083700000| Untracked |  0
|  10|0x0000000083800000, 0x0000000083900000, 0x0000000083900000|100%| O|  |TAMS 0x0000000083800000| PB 0x0000000083800000| Untracked |  0
|  11|0x0000000083900000, 0x0000000083a00000, 0x0000000083a00000|100%| O|  |TAMS 0x0000000083900000| PB 0x0000000083900000| Untracked |  0
|  12|0x0000000083a00000, 0x0000000083b00000, 0x0000000083b00000|100%| O|  |TAMS 0x0000000083a00000| PB 0x0000000083a00000| Untracked |  0
|  13|0x0000000083b00000, 0x0000000083c00000, 0x0000000083c00000|100%| O|  |TAMS 0x0000000083b00000| PB 0x0000000083b00000| Untracked |  0
|  14|0x0000000083c00000, 0x0000000083d00000, 0x0000000083d00000|100%| O|  |TAMS 0x0000000083c00000| PB 0x0000000083c00000| Untracked |  0
|  15|0x0000000083d00000, 0x0000000083e00000, 0x0000000083e00000|100%| O|  |TAMS 0x0000000083d00000| PB 0x0000000083d00000| Untracked |  0
|  16|0x0000000083e00000, 0x0000000083f00000, 0x0000000083f00000|100%| O|  |TAMS 0x0000000083e00000| PB 0x0000000083e00000| Untracked |  0
|  17|0x0000000083f00000, 0x0000000084000000, 0x0000000084000000|100%| O|  |TAMS 0x0000000083f00000| PB 0x0000000083f00000| Untracked |  0
|  18|0x0000000084000000, 0x0000000084100000, 0x0000000084100000|100%| O|  |TAMS 0x0000000084000000| PB 0x0000000084000000| Untracked |  0
|  19|0x0000000084100000, 0x0000000084100000, 0x0000000084200000|  0%| F|  |TAMS 0x0000000084100000| PB 0x0000000084100000| Untracked |  0
|  20|0x0000000084200000, 0x0000000084300000, 0x0000000084300000|100%| O|  |TAMS 0x0000000084300000| PB 0x0000000084200000| Untracked |  0
|  21|0x0000000084300000, 0x0000000084400000, 0x0000000084400000|100%| O|  |TAMS 0x0000000084400000| PB 0x0000000084300000| Untracked |  0
|  22|0x0000000084400000, 0x0000000084500000, 0x0000000084500000|100%| O|  |TAMS 0x0000000084500000| PB 0x0000000084400000| Untracked |  0
|  23|0x0000000084500000, 0x0000000084600000, 0x0000000084600000|100%| O|  |TAMS 0x0000000084600000| PB 0x0000000084500000| Untracked |  0
|  24|0x0000000084600000, 0x0000000084700000, 0x0000000084700000|100%| O|  |TAMS 0x0000000084700000| PB 0x0000000084600000| Untracked |  0
|  25|0x0000000084700000, 0x0000000084800000, 0x0000000084800000|100%| O|  |TAMS 0x0000000084800000| PB 0x0000000084700000| Untracked |  0
|  26|0x0000000084800000, 0x0000000084900000, 0x0000000084900000|100%| O|  |TAMS 0x0000000084900000| PB 0x0000000084800000| Untracked |  0
|  27|0x0000000084900000, 0x0000000084a00000, 0x0000000084a00000|100%| O|  |TAMS 0x0000000084a00000| PB 0x0000000084900000| Untracked |  0
|  28|0x0000000084a00000, 0x0000000084b00000, 0x0000000084b00000|100%| O|  |TAMS 0x0000000084b00000| PB 0x0000000084a00000| Untracked |  0
|  29|0x0000000084b00000, 0x0000000084c00000, 0x0000000084c00000|100%| O|  |TAMS 0x0000000084c00000| PB 0x0000000084b00000| Untracked |  0
|  30|0x0000000084c00000, 0x0000000084d00000, 0x0000000084d00000|100%| O|  |TAMS 0x0000000084d00000| PB 0x0000000084c00000| Untracked |  0
|  31|0x0000000084d00000, 0x0000000084e00000, 0x0000000084e00000|100%| O|  |TAMS 0x0000000084e00000| PB 0x0000000084d00000| Untracked |  0
|  32|0x0000000084e00000, 0x0000000084f00000, 0x0000000084f00000|100%| O|  |TAMS 0x0000000084f00000| PB 0x0000000084e00000| Untracked |  0
|  33|0x0000000084f00000, 0x0000000085000000, 0x0000000085000000|100%| O|  |TAMS 0x0000000085000000| PB 0x0000000084f00000| Untracked |  0
|  34|0x0000000085000000, 0x0000000085100000, 0x0000000085100000|100%| O|  |TAMS 0x0000000085100000| PB 0x0000000085000000| Untracked |  0
|  35|0x0000000085100000, 0x0000000085200000, 0x0000000085200000|100%| O|  |TAMS 0x0000000085200000| PB 0x0000000085100000| Untracked |  0
|  36|0x0000000085200000, 0x0000000085300000, 0x0000000085300000|100%| O|  |TAMS 0x0000000085300000| PB 0x0000000085200000| Untracked |  0
|  37|0x0000000085300000, 0x0000000085400000, 0x0000000085400000|100%| O|  |TAMS 0x0000000085400000| PB 0x0000000085300000| Untracked |  0
|  38|0x0000000085400000, 0x0000000085500000, 0x0000000085500000|100%| O|  |TAMS 0x0000000085500000| PB 0x0000000085400000| Untracked |  0
|  39|0x0000000085500000, 0x0000000085600000, 0x0000000085600000|100%| O|  |TAMS 0x0000000085600000| PB 0x0000000085500000| Untracked |  0
|  40|0x0000000085600000, 0x0000000085700000, 0x0000000085700000|100%| O|  |TAMS 0x0000000085700000| PB 0x0000000085600000| Untracked |  0
|  41|0x0000000085700000, 0x0000000085800000, 0x0000000085800000|100%| O|  |TAMS 0x0000000085800000| PB 0x0000000085700000| Untracked |  0
|  42|0x0000000085800000, 0x0000000085900000, 0x0000000085900000|100%| O|  |TAMS 0x0000000085900000| PB 0x0000000085800000| Untracked |  0
|  43|0x0000000085900000, 0x0000000085a00000, 0x0000000085a00000|100%| O|  |TAMS 0x0000000085a00000| PB 0x0000000085900000| Untracked |  0
|  44|0x0000000085a00000, 0x0000000085b00000, 0x0000000085b00000|100%| O|  |TAMS 0x0000000085b00000| PB 0x0000000085a00000| Untracked |  0
|  45|0x0000000085b00000, 0x0000000085c00000, 0x0000000085c00000|100%| O|  |TAMS 0x0000000085c00000| PB 0x0000000085b00000| Untracked |  0
|  46|0x0000000085c00000, 0x0000000085d00000, 0x0000000085d00000|100%| O|  |TAMS 0x0000000085d00000| PB 0x0000000085c00000| Untracked |  0
|  47|0x0000000085d00000, 0x0000000085e00000, 0x0000000085e00000|100%| O|  |TAMS 0x0000000085e00000| PB 0x0000000085d00000| Untracked |  0
|  48|0x0000000085e00000, 0x0000000085f00000, 0x0000000085f00000|100%| O|  |TAMS 0x0000000085f00000| PB 0x0000000085e00000| Untracked |  0
|  49|0x0000000085f00000, 0x0000000086000000, 0x0000000086000000|100%| O|  |TAMS 0x0000000086000000| PB 0x0000000085f00000| Untracked |  0
|  50|0x0000000086000000, 0x0000000086000000, 0x0000000086100000|  0%| F|  |TAMS 0x0000000086000000| PB 0x0000000086000000| Untracked |  0
|  51|0x0000000086100000, 0x0000000086200000, 0x0000000086200000|100%| O|  |TAMS 0x0000000086200000| PB 0x0000000086100000| Untracked |  0
|  52|0x0000000086200000, 0x0000000086300000, 0x0000000086300000|100%| O|  |TAMS 0x0000000086300000| PB 0x0000000086200000| Untracked |  0
|  53|0x0000000086300000, 0x0000000086300000, 0x0000000086400000|  0%| F|  |TAMS 0x0000000086300000| PB 0x0000000086300000| Untracked |  0
|  54|0x0000000086400000, 0x0000000086500000, 0x0000000086500000|100%| O|  |TAMS 0x0000000086500000| PB 0x0000000086400000| Untracked |  0
|  55|0x0000000086500000, 0x0000000086600000, 0x0000000086600000|100%| O|  |TAMS 0x0000000086600000| PB 0x0000000086500000| Untracked |  0
|  56|0x0000000086600000, 0x0000000086700000, 0x0000000086700000|100%| O|  |TAMS 0x0000000086700000| PB 0x0000000086600000| Untracked |  0
|  57|0x0000000086700000, 0x0000000086700000, 0x0000000086800000|  0%| F|  |TAMS 0x0000000086700000| PB 0x0000000086700000| Untracked |  0
|  58|0x0000000086800000, 0x0000000086800000, 0x0000000086900000|  0%| F|  |TAMS 0x0000000086800000| PB 0x0000000086800000| Untracked |  0
|  59|0x0000000086900000, 0x0000000086900000, 0x0000000086a00000|  0%| F|  |TAMS 0x0000000086900000| PB 0x0000000086900000| Untracked |  0
|  60|0x0000000086a00000, 0x0000000086a00000, 0x0000000086b00000|  0%| F|  |TAMS 0x0000000086a00000| PB 0x0000000086a00000| Untracked |  0
|  61|0x0000000086b00000, 0x0000000086c00000, 0x0000000086c00000|100%| O|  |TAMS 0x0000000086c00000| PB 0x0000000086b00000| Untracked |  0
|  62|0x0000000086c00000, 0x0000000086c00000, 0x0000000086d00000|  0%| F|  |TAMS 0x0000000086c00000| PB 0x0000000086c00000| Untracked |  0
|  63|0x0000000086d00000, 0x0000000086d00000, 0x0000000086e00000|  0%| F|  |TAMS 0x0000000086d00000| PB 0x0000000086d00000| Untracked |  0
|  64|0x0000000086e00000, 0x0000000086ed2428, 0x0000000086f00000| 82%| S|  |TAMS 0x0000000086e00000| PB 0x0000000086e00000| Complete |  0
|  65|0x0000000086f00000, 0x0000000087000000, 0x0000000087000000|100%| S|  |TAMS 0x0000000086f00000| PB 0x0000000086f00000| Complete |  0
|  66|0x0000000087000000, 0x0000000087100000, 0x0000000087100000|100%| O|  |TAMS 0x0000000087100000| PB 0x0000000087000000| Untracked |  0
|  67|0x0000000087100000, 0x0000000087200000, 0x0000000087200000|100%| O|  |TAMS 0x0000000087200000| PB 0x0000000087100000| Untracked |  0
|  68|0x0000000087200000, 0x0000000087246b00, 0x0000000087300000| 27%| O|  |TAMS 0x0000000087246b00| PB 0x0000000087200000| Untracked |  0
|  69|0x0000000087300000, 0x0000000087400000, 0x0000000087400000|100%| E|CS|TAMS 0x0000000087300000| PB 0x0000000087300000| Complete |  0
|  70|0x0000000087400000, 0x0000000087500000, 0x0000000087500000|100%| E|CS|TAMS 0x0000000087400000| PB 0x0000000087400000| Complete |  0
|  71|0x0000000087500000, 0x0000000087600000, 0x0000000087600000|100%| E|CS|TAMS 0x0000000087500000| PB 0x0000000087500000| Complete |  0
|  72|0x0000000087600000, 0x0000000087700000, 0x0000000087700000|100%| E|CS|TAMS 0x0000000087600000| PB 0x0000000087600000| Complete |  0
|  73|0x0000000087700000, 0x0000000087800000, 0x0000000087800000|100%| E|CS|TAMS 0x0000000087700000| PB 0x0000000087700000| Complete |  0
|  74|0x0000000087800000, 0x0000000087900000, 0x0000000087900000|100%| E|CS|TAMS 0x0000000087800000| PB 0x0000000087800000| Complete |  0
|  75|0x0000000087900000, 0x0000000087a00000, 0x0000000087a00000|100%| E|CS|TAMS 0x0000000087900000| PB 0x0000000087900000| Complete |  0
|  76|0x0000000087a00000, 0x0000000087b00000, 0x0000000087b00000|100%| E|CS|TAMS 0x0000000087a00000| PB 0x0000000087a00000| Complete |  0
|  77|0x0000000087b00000, 0x0000000087c00000, 0x0000000087c00000|100%| E|CS|TAMS 0x0000000087b00000| PB 0x0000000087b00000| Complete |  0
|  78|0x0000000087c00000, 0x0000000087d00000, 0x0000000087d00000|100%| E|CS|TAMS 0x0000000087c00000| PB 0x0000000087c00000| Complete |  0
|  79|0x0000000087d00000, 0x0000000087e00000, 0x0000000087e00000|100%| E|CS|TAMS 0x0000000087d00000| PB 0x0000000087d00000| Complete |  0
|  80|0x0000000087e00000, 0x0000000087f00000, 0x0000000087f00000|100%| E|CS|TAMS 0x0000000087e00000| PB 0x0000000087e00000| Complete |  0
|  81|0x0000000087f00000, 0x0000000088000000, 0x0000000088000000|100%| E|CS|TAMS 0x0000000087f00000| PB 0x0000000087f00000| Complete |  0
|  82|0x0000000088000000, 0x0000000088100000, 0x0000000088100000|100%| E|CS|TAMS 0x0000000088000000| PB 0x0000000088000000| Complete |  0
|  83|0x0000000088100000, 0x0000000088200000, 0x0000000088200000|100%| E|CS|TAMS 0x0000000088100000| PB 0x0000000088100000| Complete |  0
|  84|0x0000000088200000, 0x0000000088300000, 0x0000000088300000|100%| E|CS|TAMS 0x0000000088200000| PB 0x0000000088200000| Complete |  0
|  85|0x0000000088300000, 0x0000000088400000, 0x0000000088400000|100%| E|CS|TAMS 0x0000000088300000| PB 0x0000000088300000| Complete |  0
|  86|0x0000000088400000, 0x0000000088500000, 0x0000000088500000|100%| E|CS|TAMS 0x0000000088400000| PB 0x0000000088400000| Complete |  0
|  87|0x0000000088500000, 0x0000000088600000, 0x0000000088600000|100%| E|CS|TAMS 0x0000000088500000| PB 0x0000000088500000| Complete |  0
|  88|0x0000000088600000, 0x0000000088700000, 0x0000000088700000|100%| E|CS|TAMS 0x0000000088600000| PB 0x0000000088600000| Complete |  0
|  89|0x0000000088700000, 0x0000000088800000, 0x0000000088800000|100%| E|CS|TAMS 0x0000000088700000| PB 0x0000000088700000| Complete |  0
|  90|0x0000000088800000, 0x0000000088900000, 0x0000000088900000|100%| E|CS|TAMS 0x0000000088800000| PB 0x0000000088800000| Complete |  0
|  91|0x0000000088900000, 0x0000000088a00000, 0x0000000088a00000|100%| E|CS|TAMS 0x0000000088900000| PB 0x0000000088900000| Complete |  0
|  92|0x0000000088a00000, 0x0000000088b00000, 0x0000000088b00000|100%| E|CS|TAMS 0x0000000088a00000| PB 0x0000000088a00000| Complete |  0
|  93|0x0000000088b00000, 0x0000000088c00000, 0x0000000088c00000|100%| E|CS|TAMS 0x0000000088b00000| PB 0x0000000088b00000| Complete |  0
|  94|0x0000000088c00000, 0x0000000088d00000, 0x0000000088d00000|100%| E|CS|TAMS 0x0000000088c00000| PB 0x0000000088c00000| Complete |  0
|  95|0x0000000088d00000, 0x0000000088e00000, 0x0000000088e00000|100%| E|CS|TAMS 0x0000000088d00000| PB 0x0000000088d00000| Complete |  0
|  96|0x0000000088e00000, 0x0000000088f00000, 0x0000000088f00000|100%| E|CS|TAMS 0x0000000088e00000| PB 0x0000000088e00000| Complete |  0
|  97|0x0000000088f00000, 0x0000000089000000, 0x0000000089000000|100%| E|CS|TAMS 0x0000000088f00000| PB 0x0000000088f00000| Complete |  0
|  98|0x0000000089000000, 0x0000000089100000, 0x0000000089100000|100%| E|CS|TAMS 0x0000000089000000| PB 0x0000000089000000| Complete |  0
|  99|0x0000000089100000, 0x0000000089200000, 0x0000000089200000|100%| E|CS|TAMS 0x0000000089100000| PB 0x0000000089100000| Complete |  0
| 100|0x0000000089200000, 0x0000000089300000, 0x0000000089300000|100%| E|CS|TAMS 0x0000000089200000| PB 0x0000000089200000| Complete |  0
| 101|0x0000000089300000, 0x0000000089400000, 0x0000000089400000|100%| E|CS|TAMS 0x0000000089300000| PB 0x0000000089300000| Complete |  0
| 102|0x0000000089400000, 0x0000000089500000, 0x0000000089500000|100%| E|CS|TAMS 0x0000000089400000| PB 0x0000000089400000| Complete |  0
| 103|0x0000000089500000, 0x0000000089600000, 0x0000000089600000|100%| E|CS|TAMS 0x0000000089500000| PB 0x0000000089500000| Complete |  0
| 104|0x0000000089600000, 0x0000000089700000, 0x0000000089700000|100%| E|CS|TAMS 0x0000000089600000| PB 0x0000000089600000| Complete |  0
| 105|0x0000000089700000, 0x0000000089800000, 0x0000000089800000|100%| E|CS|TAMS 0x0000000089700000| PB 0x0000000089700000| Complete |  0
| 106|0x0000000089800000, 0x0000000089900000, 0x0000000089900000|100%| E|CS|TAMS 0x0000000089800000| PB 0x0000000089800000| Complete |  0
| 107|0x0000000089900000, 0x0000000089a00000, 0x0000000089a00000|100%| E|CS|TAMS 0x0000000089900000| PB 0x0000000089900000| Complete |  0
| 108|0x0000000089a00000, 0x0000000089b00000, 0x0000000089b00000|100%| E|CS|TAMS 0x0000000089a00000| PB 0x0000000089a00000| Complete |  0
| 109|0x0000000089b00000, 0x0000000089c00000, 0x0000000089c00000|100%| E|CS|TAMS 0x0000000089b00000| PB 0x0000000089b00000| Complete |  0
| 110|0x0000000089c00000, 0x0000000089d00000, 0x0000000089d00000|100%| E|CS|TAMS 0x0000000089c00000| PB 0x0000000089c00000| Complete |  0
| 111|0x0000000089d00000, 0x0000000089e00000, 0x0000000089e00000|100%| E|CS|TAMS 0x0000000089d00000| PB 0x0000000089d00000| Complete |  0
| 112|0x0000000089e00000, 0x0000000089f00000, 0x0000000089f00000|100%| E|CS|TAMS 0x0000000089e00000| PB 0x0000000089e00000| Complete |  0
| 113|0x0000000089f00000, 0x000000008a000000, 0x000000008a000000|100%| E|CS|TAMS 0x0000000089f00000| PB 0x0000000089f00000| Complete |  0
| 114|0x000000008a000000, 0x000000008a100000, 0x000000008a100000|100%| E|CS|TAMS 0x000000008a000000| PB 0x000000008a000000| Complete |  0
| 115|0x000000008a100000, 0x000000008a200000, 0x000000008a200000|100%| E|CS|TAMS 0x000000008a100000| PB 0x000000008a100000| Complete |  0
| 116|0x000000008a200000, 0x000000008a300000, 0x000000008a300000|100%| E|CS|TAMS 0x000000008a200000| PB 0x000000008a200000| Complete |  0
| 117|0x000000008a300000, 0x000000008a400000, 0x000000008a400000|100%| E|CS|TAMS 0x000000008a300000| PB 0x000000008a300000| Complete |  0
| 118|0x000000008a400000, 0x000000008a500000, 0x000000008a500000|100%| E|CS|TAMS 0x000000008a400000| PB 0x000000008a400000| Complete |  0
| 119|0x000000008a500000, 0x000000008a600000, 0x000000008a600000|100%| E|CS|TAMS 0x000000008a500000| PB 0x000000008a500000| Complete |  0
| 120|0x000000008a600000, 0x000000008a700000, 0x000000008a700000|100%| E|CS|TAMS 0x000000008a600000| PB 0x000000008a600000| Complete |  0
| 121|0x000000008a700000, 0x000000008a800000, 0x000000008a800000|100%| E|CS|TAMS 0x000000008a700000| PB 0x000000008a700000| Complete |  0
| 122|0x000000008a800000, 0x000000008a900000, 0x000000008a900000|100%| E|CS|TAMS 0x000000008a800000| PB 0x000000008a800000| Complete |  0
| 123|0x000000008a900000, 0x000000008aa00000, 0x000000008aa00000|100%| E|CS|TAMS 0x000000008a900000| PB 0x000000008a900000| Complete |  0
| 124|0x000000008aa00000, 0x000000008ab00000, 0x000000008ab00000|100%| E|CS|TAMS 0x000000008aa00000| PB 0x000000008aa00000| Complete |  0
| 125|0x000000008ab00000, 0x000000008ac00000, 0x000000008ac00000|100%| E|CS|TAMS 0x000000008ab00000| PB 0x000000008ab00000| Complete |  0
| 126|0x000000008ac00000, 0x000000008ad00000, 0x000000008ad00000|100%| E|CS|TAMS 0x000000008ac00000| PB 0x000000008ac00000| Complete |  0
| 127|0x000000008ad00000, 0x000000008ae00000, 0x000000008ae00000|100%| E|CS|TAMS 0x000000008ad00000| PB 0x000000008ad00000| Complete |  0
| 128|0x000000008ae00000, 0x000000008af00000, 0x000000008af00000|100%| E|CS|TAMS 0x000000008ae00000| PB 0x000000008ae00000| Complete |  0
| 129|0x000000008af00000, 0x000000008b000000, 0x000000008b000000|100%| E|CS|TAMS 0x000000008af00000| PB 0x000000008af00000| Complete |  0

Card table byte_map: [0x0000027d4aca0000,0x0000027d4b090000] _byte_map_base: 0x0000027d4a889000

Marking Bits: (CMBitMap*) 0x0000027d33088550
 Bits: [0x0000027d4b090000, 0x0000027d4cfd8000)

Polling page: 0x0000027d30fa0000

Metaspace:

Usage:
  Non-class:     66.95 MB used.
      Class:      9.52 MB used.
       Both:     76.47 MB used.

Virtual space:
  Non-class space:      128.00 MB reserved,      67.38 MB ( 53%) committed,  2 nodes.
      Class space:        1.00 GB reserved,       9.94 MB ( <1%) committed,  1 nodes.
             Both:        1.12 GB reserved,      77.31 MB (  7%) committed. 

Chunk freelists:
   Non-Class:  12.13 MB
       Class:  5.90 MB
        Both:  18.03 MB

MaxMetaspaceSize: unlimited
CompressedClassSpaceSize: 1.00 GB
Initial GC threshold: 21.00 MB
Current GC threshold: 111.88 MB
CDS: on
 - commit_granule_bytes: 65536.
 - commit_granule_words: 8192.
 - virtual_space_node_default_size: 8388608.
 - enlarge_chunks_in_place: 1.
 - use_allocation_guard: 0.


Internal statistics:

num_allocs_failed_limit: 6.
num_arena_births: 1302.
num_arena_deaths: 0.
num_vsnodes_births: 3.
num_vsnodes_deaths: 0.
num_space_committed: 1237.
num_space_uncommitted: 0.
num_chunks_returned_to_freelist: 6.
num_chunks_taken_from_freelist: 4026.
num_chunk_merges: 3.
num_chunk_splits: 2795.
num_chunks_enlarged: 2141.
num_inconsistent_stats: 0.

CodeHeap 'non-profiled nmethods': size=120000Kb used=6965Kb max_used=6965Kb free=113034Kb
 bounds [0x0000027d42e30000, 0x0000027d43500000, 0x0000027d4a360000]
CodeHeap 'profiled nmethods': size=120000Kb used=23811Kb max_used=23811Kb free=96188Kb
 bounds [0x0000027d3b360000, 0x0000027d3cab0000, 0x0000027d42890000]
CodeHeap 'non-nmethods': size=5760Kb used=1718Kb max_used=1816Kb free=4042Kb
 bounds [0x0000027d42890000, 0x0000027d42b00000, 0x0000027d42e30000]
 total_blobs=13469 nmethods=12731 adapters=641
 compilation: enabled
              stopped_count=0, restarted_count=0
 full_count=0

Compilation events (20 events):
Event: 10.110 Thread 0x0000027d9500ed20 14581       2       org.springframework.util.MultiValueMapAdapter::remove (14 bytes)
Event: 10.110 Thread 0x0000027d9500ed20 nmethod 14581 0x0000027d3ca3c890 code [0x0000027d3ca3ca40, 0x0000027d3ca3cbd0]
Event: 10.110 Thread 0x0000027d9500ed20 14580       2       org.springframework.http.server.ServletServerHttpRequest::<init> (16 bytes)
Event: 10.110 Thread 0x0000027d9500ed20 nmethod 14580 0x0000027d3ca3cc90 code [0x0000027d3ca3ce40, 0x0000027d3ca3d050]
Event: 10.110 Thread 0x0000027d9500ed20 14569       2       org.springframework.web.util.pattern.PathPattern$MatchingContext::set (73 bytes)
Event: 10.110 Thread 0x0000027d9500ed20 nmethod 14569 0x0000027d3ca3d190 code [0x0000027d3ca3d360, 0x0000027d3ca3d710]
Event: 10.110 Thread 0x0000027d9500ed20 14582       2       org.springframework.util.LinkedCaseInsensitiveMap$EntrySetIterator::next (5 bytes)
Event: 10.110 Thread 0x0000027d9500ed20 nmethod 14582 0x0000027d3ca3d890 code [0x0000027d3ca3da40, 0x0000027d3ca3dc28]
Event: 10.110 Thread 0x0000027d9500ed20 14575       2       org.springframework.web.method.HandlerMethod$HandlerMethodParameter::getParameterAnnotations (235 bytes)
Event: 10.111 Thread 0x0000027d9500ed20 nmethod 14575 0x0000027d3ca3dd10 code [0x0000027d3ca3dfa0, 0x0000027d3ca3e9a0]
Event: 10.111 Thread 0x0000027d9500ed20 14583   !   2       org.springframework.web.servlet.resource.ResourceUrlProviderExposingInterceptor::preHandle (35 bytes)
Event: 10.111 Thread 0x0000027d9500ed20 nmethod 14583 0x0000027d3ca3f090 code [0x0000027d3ca3f260, 0x0000027d3ca3f4c8]
Event: 10.111 Thread 0x0000027d9500ed20 14584       2       org.springframework.core.convert.support.StringToNumberConverterFactory$StringToNumber::<init> (10 bytes)
Event: 10.112 Thread 0x0000027d9500ed20 nmethod 14584 0x0000027d3ca3f690 code [0x0000027d3ca3f820, 0x0000027d3ca3f970]
Event: 10.112 Thread 0x0000027d9500ed20 14448       1       com.fasterxml.jackson.annotation.JsonIncludeProperties$Value::getIncluded (5 bytes)
Event: 10.112 Thread 0x0000027d9500ed20 nmethod 14448 0x0000027d434f4010 code [0x0000027d434f41a0, 0x0000027d434f4268]
Event: 10.112 Thread 0x0000027d9500ed20 14456       1       java.util.concurrent.atomic.AtomicReference::set (6 bytes)
Event: 10.112 Thread 0x0000027d9500ed20 nmethod 14456 0x0000027d434f4310 code [0x0000027d434f44a0, 0x0000027d434f45b8]
Event: 10.112 Thread 0x0000027d9500ed20 14453       1       com.fasterxml.jackson.databind.cfg.ConfigOverride::getIsIgnoredType (5 bytes)
Event: 10.112 Thread 0x0000027d9500ed20 nmethod 14453 0x0000027d434f4610 code [0x0000027d434f47a0, 0x0000027d434f4868]

GC Heap History (20 events):
Event: 7.196 GC heap before
{Heap before GC invocations=26 (full 0):
 garbage-first heap   total reserved 2050048K, committed 84992K, used 73807K [0x0000000082e00000, 0x0000000100000000)
  region size 1024K, 35 young (35840K), 5 survivors (5120K)
 Metaspace       used 65746K, committed 66304K, reserved 1114112K
  class space    used 8426K, committed 8704K, reserved 1048576K
}
Event: 7.200 GC heap after
{Heap after GC invocations=27 (full 0):
 garbage-first heap   total reserved 2050048K, committed 84992K, used 43927K [0x0000000082e00000, 0x0000000100000000)
  region size 1024K, 5 young (5120K), 5 survivors (5120K)
 Metaspace       used 65746K, committed 66304K, reserved 1114112K
  class space    used 8426K, committed 8704K, reserved 1048576K
}
Event: 7.310 GC heap before
{Heap before GC invocations=27 (full 0):
 garbage-first heap   total reserved 2050048K, committed 84992K, used 73623K [0x0000000082e00000, 0x0000000100000000)
  region size 1024K, 34 young (34816K), 5 survivors (5120K)
 Metaspace       used 65991K, committed 66560K, reserved 1114112K
  class space    used 8437K, committed 8704K, reserved 1048576K
}
Event: 7.313 GC heap after
{Heap after GC invocations=28 (full 0):
 garbage-first heap   total reserved 2050048K, committed 102400K, used 45298K [0x0000000082e00000, 0x0000000100000000)
  region size 1024K, 3 young (3072K), 3 survivors (3072K)
 Metaspace       used 65991K, committed 66560K, reserved 1114112K
  class space    used 8437K, committed 8704K, reserved 1048576K
}
Event: 7.506 GC heap before
{Heap before GC invocations=29 (full 0):
 garbage-first heap   total reserved 2050048K, committed 102400K, used 93426K [0x0000000082e00000, 0x0000000100000000)
  region size 1024K, 50 young (51200K), 3 survivors (3072K)
 Metaspace       used 66596K, committed 67136K, reserved 1114112K
  class space    used 8477K, committed 8768K, reserved 1048576K
}
Event: 7.509 GC heap after
{Heap after GC invocations=30 (full 0):
 garbage-first heap   total reserved 2050048K, committed 102400K, used 47258K [0x0000000082e00000, 0x0000000100000000)
  region size 1024K, 5 young (5120K), 5 survivors (5120K)
 Metaspace       used 66596K, committed 67136K, reserved 1114112K
  class space    used 8477K, committed 8768K, reserved 1048576K
}
Event: 7.648 GC heap before
{Heap before GC invocations=30 (full 0):
 garbage-first heap   total reserved 2050048K, committed 102400K, used 91290K [0x0000000082e00000, 0x0000000100000000)
  region size 1024K, 48 young (49152K), 5 survivors (5120K)
 Metaspace       used 66988K, committed 67584K, reserved 1114112K
  class space    used 8494K, committed 8768K, reserved 1048576K
}
Event: 7.653 GC heap after
{Heap after GC invocations=31 (full 0):
 garbage-first heap   total reserved 2050048K, committed 102400K, used 48632K [0x0000000082e00000, 0x0000000100000000)
  region size 1024K, 6 young (6144K), 6 survivors (6144K)
 Metaspace       used 66988K, committed 67584K, reserved 1114112K
  class space    used 8494K, committed 8768K, reserved 1048576K
}
Event: 7.746 GC heap before
{Heap before GC invocations=31 (full 0):
 garbage-first heap   total reserved 2050048K, committed 102400K, used 89592K [0x0000000082e00000, 0x0000000100000000)
  region size 1024K, 46 young (47104K), 6 survivors (6144K)
 Metaspace       used 67277K, committed 67840K, reserved 1114112K
  class space    used 8508K, committed 8768K, reserved 1048576K
}
Event: 7.750 GC heap after
{Heap after GC invocations=32 (full 0):
 garbage-first heap   total reserved 2050048K, committed 102400K, used 49970K [0x0000000082e00000, 0x0000000100000000)
  region size 1024K, 4 young (4096K), 4 survivors (4096K)
 Metaspace       used 67277K, committed 67840K, reserved 1114112K
  class space    used 8508K, committed 8768K, reserved 1048576K
}
Event: 7.857 GC heap before
{Heap before GC invocations=33 (full 0):
 garbage-first heap   total reserved 2050048K, committed 102400K, used 91954K [0x0000000082e00000, 0x0000000100000000)
  region size 1024K, 45 young (46080K), 4 survivors (4096K)
 Metaspace       used 67567K, committed 68096K, reserved 1114112K
  class space    used 8523K, committed 8768K, reserved 1048576K
}
Event: 7.860 GC heap after
{Heap after GC invocations=34 (full 0):
 garbage-first heap   total reserved 2050048K, committed 102400K, used 51836K [0x0000000082e00000, 0x0000000100000000)
  region size 1024K, 4 young (4096K), 4 survivors (4096K)
 Metaspace       used 67567K, committed 68096K, reserved 1114112K
  class space    used 8523K, committed 8768K, reserved 1048576K
}
Event: 7.953 GC heap before
{Heap before GC invocations=34 (full 0):
 garbage-first heap   total reserved 2050048K, committed 102400K, used 91772K [0x0000000082e00000, 0x0000000100000000)
  region size 1024K, 43 young (44032K), 4 survivors (4096K)
 Metaspace       used 67821K, committed 68352K, reserved 1114112K
  class space    used 8537K, committed 8768K, reserved 1048576K
}
Event: 7.957 GC heap after
{Heap after GC invocations=35 (full 0):
 garbage-first heap   total reserved 2050048K, committed 102400K, used 53431K [0x0000000082e00000, 0x0000000100000000)
  region size 1024K, 4 young (4096K), 4 survivors (4096K)
 Metaspace       used 67821K, committed 68352K, reserved 1114112K
  class space    used 8537K, committed 8768K, reserved 1048576K
}
Event: 8.059 GC heap before
{Heap before GC invocations=35 (full 0):
 garbage-first heap   total reserved 2050048K, committed 102400K, used 92343K [0x0000000082e00000, 0x0000000100000000)
  region size 1024K, 42 young (43008K), 4 survivors (4096K)
 Metaspace       used 68105K, committed 68672K, reserved 1114112K
  class space    used 8552K, committed 8832K, reserved 1048576K
}
Event: 8.062 GC heap after
{Heap after GC invocations=36 (full 0):
 garbage-first heap   total reserved 2050048K, committed 133120K, used 55308K [0x0000000082e00000, 0x0000000100000000)
  region size 1024K, 4 young (4096K), 4 survivors (4096K)
 Metaspace       used 68105K, committed 68672K, reserved 1114112K
  class space    used 8552K, committed 8832K, reserved 1048576K
}
Event: 8.540 GC heap before
{Heap before GC invocations=37 (full 0):
 garbage-first heap   total reserved 2050048K, committed 133120K, used 120844K [0x0000000082e00000, 0x0000000100000000)
  region size 1024K, 68 young (69632K), 4 survivors (4096K)
 Metaspace       used 70883K, committed 71488K, reserved 1114112K
  class space    used 8918K, committed 9216K, reserved 1048576K
}
Event: 8.546 GC heap after
{Heap after GC invocations=38 (full 0):
 garbage-first heap   total reserved 2050048K, committed 133120K, used 60366K [0x0000000082e00000, 0x0000000100000000)
  region size 1024K, 9 young (9216K), 9 survivors (9216K)
 Metaspace       used 70883K, committed 71488K, reserved 1114112K
  class space    used 8918K, committed 9216K, reserved 1048576K
}
Event: 9.382 GC heap before
{Heap before GC invocations=38 (full 0):
 garbage-first heap   total reserved 2050048K, committed 133120K, used 115662K [0x0000000082e00000, 0x0000000100000000)
  region size 1024K, 63 young (64512K), 9 survivors (9216K)
 Metaspace       used 76762K, committed 77568K, reserved 1179648K
  class space    used 9629K, committed 10048K, reserved 1048576K
}
Event: 9.390 GC heap after
{Heap after GC invocations=39 (full 0):
 garbage-first heap   total reserved 2050048K, committed 133120K, used 62746K [0x0000000082e00000, 0x0000000100000000)
  region size 1024K, 4 young (4096K), 4 survivors (4096K)
 Metaspace       used 76762K, committed 77568K, reserved 1179648K
  class space    used 9629K, committed 10048K, reserved 1048576K
}

Dll operation events (12 events):
Event: 0.006 Loaded shared library C:\Program Files\Java\jdk-22\bin\java.dll
Event: 0.031 Loaded shared library C:\Program Files\Java\jdk-22\bin\jsvml.dll
Event: 0.086 Loaded shared library C:\Program Files\Java\jdk-22\bin\jimage.dll
Event: 0.091 Loaded shared library C:\Program Files\Java\jdk-22\bin\net.dll
Event: 0.093 Loaded shared library C:\Program Files\Java\jdk-22\bin\nio.dll
Event: 0.096 Loaded shared library C:\Program Files\Java\jdk-22\bin\zip.dll
Event: 0.139 Loaded shared library C:\Program Files\Java\jdk-22\bin\management.dll
Event: 0.148 Loaded shared library C:\Program Files\Java\jdk-22\bin\management_ext.dll
Event: 0.332 Loaded shared library C:\Program Files\Java\jdk-22\bin\extnet.dll
Event: 0.381 Loaded shared library C:\Program Files\Java\jdk-22\bin\verify.dll
Event: 0.899 Loaded shared library C:\Program Files\Java\jdk-22\bin\le.dll
Event: 3.326 Loaded shared library C:\Program Files\Java\jdk-22\bin\sunmscapi.dll

Deoptimization events (20 events):
Event: 10.025 Thread 0x0000027d9a304520 DEOPT PACKING pc=0x0000027d3c470e5d sp=0x000000ae309fb0e0
Event: 10.025 Thread 0x0000027d9a304520 DEOPT UNPACKING pc=0x0000027d428e4e42 sp=0x000000ae309fa570 mode 0
Event: 10.036 Thread 0x0000027d96344960 Uncommon trap: trap_request=0xffffffde fr.pc=0x0000027d434e632c relative=0x000000000000172c
Event: 10.036 Thread 0x0000027d96344960 Uncommon trap: reason=class_check action=maybe_recompile pc=0x0000027d434e632c method=com.fasterxml.jackson.databind.ser.BeanPropertyWriter.serializeAsField(Ljava/lang/Object;Lcom/fasterxml/jackson/core/JsonGenerator;Lcom/fasterxml/jackson/databind/Serial
Event: 10.036 Thread 0x0000027d96344960 DEOPT PACKING pc=0x0000027d434e632c sp=0x000000ae2f7fe100
Event: 10.036 Thread 0x0000027d96344960 DEOPT UNPACKING pc=0x0000027d428e46a2 sp=0x000000ae2f7fe0c8 mode 2
Event: 10.036 Thread 0x0000027d96344960 Uncommon trap: trap_request=0xffffffde fr.pc=0x0000027d434e632c relative=0x000000000000172c
Event: 10.036 Thread 0x0000027d96344960 Uncommon trap: reason=class_check action=maybe_recompile pc=0x0000027d434e632c method=com.fasterxml.jackson.databind.ser.BeanPropertyWriter.serializeAsField(Ljava/lang/Object;Lcom/fasterxml/jackson/core/JsonGenerator;Lcom/fasterxml/jackson/databind/Serial
Event: 10.036 Thread 0x0000027d96344960 DEOPT PACKING pc=0x0000027d434e632c sp=0x000000ae2f7fdd00
Event: 10.036 Thread 0x0000027d96344960 DEOPT UNPACKING pc=0x0000027d428e46a2 sp=0x000000ae2f7fdcc8 mode 2
Event: 10.037 Thread 0x0000027d96344960 Uncommon trap: trap_request=0xffffffde fr.pc=0x0000027d434e5cd8 relative=0x00000000000010d8
Event: 10.037 Thread 0x0000027d96344960 Uncommon trap: reason=class_check action=maybe_recompile pc=0x0000027d434e5cd8 method=com.fasterxml.jackson.databind.ser.BeanPropertyWriter.serializeAsField(Ljava/lang/Object;Lcom/fasterxml/jackson/core/JsonGenerator;Lcom/fasterxml/jackson/databind/Serial
Event: 10.037 Thread 0x0000027d96344960 DEOPT PACKING pc=0x0000027d434e5cd8 sp=0x000000ae2f7fd550
Event: 10.037 Thread 0x0000027d96344960 DEOPT UNPACKING pc=0x0000027d428e46a2 sp=0x000000ae2f7fd518 mode 2
Event: 10.037 Thread 0x0000027d96344960 Uncommon trap: trap_request=0xffffffde fr.pc=0x0000027d434e5cd8 relative=0x00000000000010d8
Event: 10.037 Thread 0x0000027d96344960 Uncommon trap: reason=class_check action=maybe_recompile pc=0x0000027d434e5cd8 method=com.fasterxml.jackson.databind.ser.BeanPropertyWriter.serializeAsField(Ljava/lang/Object;Lcom/fasterxml/jackson/core/JsonGenerator;Lcom/fasterxml/jackson/databind/Serial
Event: 10.037 Thread 0x0000027d96344960 DEOPT PACKING pc=0x0000027d434e5cd8 sp=0x000000ae2f7fd550
Event: 10.037 Thread 0x0000027d96344960 DEOPT UNPACKING pc=0x0000027d428e46a2 sp=0x000000ae2f7fd518 mode 2
Event: 10.052 Thread 0x0000027d9a307310 DEOPT PACKING pc=0x0000027d3c5e17bf sp=0x000000ae304fcd80
Event: 10.052 Thread 0x0000027d9a307310 DEOPT UNPACKING pc=0x0000027d428e4e42 sp=0x000000ae304fc2a0 mode 0

Classes loaded (20 events):
Event: 8.797 Loading class java/util/concurrent/locks/ReentrantReadWriteLock$Sync$HoldCounter
Event: 8.797 Loading class java/util/concurrent/locks/ReentrantReadWriteLock$Sync$HoldCounter done
Event: 8.822 Loading class java/time/format/DateTimeFormatterBuilder$ZoneTextPrinterParser
Event: 8.823 Loading class java/time/format/DateTimeFormatterBuilder$ZoneTextPrinterParser done
Event: 8.823 Loading class java/time/format/DateTimeFormatterBuilder$ReducedPrinterParser
Event: 8.823 Loading class java/time/format/DateTimeFormatterBuilder$ReducedPrinterParser done
Event: 8.908 Loading class org/w3c/dom/Document
Event: 8.908 Loading class org/w3c/dom/Document done
Event: 8.931 Loading class java/util/concurrent/atomic/AtomicReferenceArray
Event: 8.931 Loading class java/util/concurrent/atomic/AtomicReferenceArray done
Event: 8.932 Loading class java/lang/invoke/VarHandleReferences$Array
Event: 8.932 Loading class java/lang/invoke/VarHandleReferences$Array done
Event: 8.966 Loading class java/math/MathContext
Event: 8.966 Loading class java/math/MathContext done
Event: 8.969 Loading class java/math/BigDecimal$StringBuilderHelper
Event: 8.969 Loading class java/math/BigDecimal$StringBuilderHelper done
Event: 9.875 Loading class javax/management/remote/rmi/RMIConnectionImpl$7
Event: 9.875 Loading class javax/management/remote/rmi/RMIConnectionImpl$7 done
Event: 9.875 Loading class com/sun/jmx/remote/util/OrderClassLoaders
Event: 9.876 Loading class com/sun/jmx/remote/util/OrderClassLoaders done

Classes unloaded (0 events):
No events

Classes redefined (0 events):
No events

Internal exceptions (20 events):
Event: 9.835 Thread 0x0000027d96344960 Exception <a 'java/lang/ClassNotFoundException'{0x00000000899b8610}: org/springframework/boot/actuate/endpoint/jmx/DataEndpointMBean> (0x00000000899b8610) 
thrown [s\open\src\hotspot\share\classfile\systemDictionary.cpp, line 313]
Event: 9.835 Thread 0x0000027d96344960 Exception <a 'java/lang/ClassNotFoundException'{0x00000000899b89b8}: org/springframework/context/support/LiveBeansView> (0x00000000899b89b8) 
thrown [s\open\src\hotspot\share\classfile\systemDictionary.cpp, line 313]
Event: 9.835 Thread 0x0000027d96344960 Exception <a 'java/lang/ClassNotFoundException'{0x00000000899b8d80}: org/springframework/boot/actuate/endpoint/jmx/EndpointMBean> (0x00000000899b8d80) 
thrown [s\open\src\hotspot\share\classfile\systemDictionary.cpp, line 313]
Event: 9.835 Thread 0x0000027d96344960 Exception <a 'java/lang/ClassNotFoundException'{0x00000000899b9148}: org/springframework/boot/actuate/endpoint/jmx/DataEndpointMBean> (0x00000000899b9148) 
thrown [s\open\src\hotspot\share\classfile\systemDictionary.cpp, line 313]
Event: 9.835 Thread 0x0000027d96344960 Exception <a 'java/lang/ClassNotFoundException'{0x00000000899b9508}: org/springframework/context/support/LiveBeansView> (0x00000000899b9508) 
thrown [s\open\src\hotspot\share\classfile\systemDictionary.cpp, line 313]
Event: 9.835 Thread 0x0000027d96344960 Exception <a 'java/lang/ClassNotFoundException'{0x00000000899b98c0}: org/springframework/boot/actuate/endpoint/jmx/EndpointMBean> (0x00000000899b98c0) 
thrown [s\open\src\hotspot\share\classfile\systemDictionary.cpp, line 313]
Event: 9.835 Thread 0x0000027d96344960 Exception <a 'java/lang/ClassNotFoundException'{0x00000000899b9c78}: org/springframework/boot/actuate/endpoint/jmx/DataEndpointMBean> (0x00000000899b9c78) 
thrown [s\open\src\hotspot\share\classfile\systemDictionary.cpp, line 313]
Event: 9.835 Thread 0x0000027d96344960 Exception <a 'java/lang/ClassNotFoundException'{0x00000000899ba028}: org/springframework/context/support/LiveBeansView> (0x00000000899ba028) 
thrown [s\open\src\hotspot\share\classfile\systemDictionary.cpp, line 313]
Event: 9.847 Thread 0x0000027d96344960 Exception <a 'java/lang/ClassNotFoundException'{0x0000000089545b88}: org/springframework/boot/actuate/endpoint/jmx/EndpointMBean> (0x0000000089545b88) 
thrown [s\open\src\hotspot\share\classfile\systemDictionary.cpp, line 313]
Event: 9.858 Thread 0x0000027d96344960 Exception <a 'java/lang/ClassNotFoundException'{0x00000000892931c8}: org/springframework/boot/actuate/endpoint/jmx/DataEndpointMBean> (0x00000000892931c8) 
thrown [s\open\src\hotspot\share\classfile\systemDictionary.cpp, line 313]
Event: 9.869 Thread 0x0000027d96344960 Exception <a 'java/lang/ClassNotFoundException'{0x0000000088e0e5b0}: org/springframework/context/support/LiveBeansView> (0x0000000088e0e5b0) 
thrown [s\open\src\hotspot\share\classfile\systemDictionary.cpp, line 313]
Event: 9.870 Thread 0x0000027d96344960 Exception <a 'java/lang/ClassNotFoundException'{0x0000000088e0fd70}: org/springframework/boot/actuate/endpoint/jmx/EndpointMBean> (0x0000000088e0fd70) 
thrown [s\open\src\hotspot\share\classfile\systemDictionary.cpp, line 313]
Event: 9.870 Thread 0x0000027d96344960 Exception <a 'java/lang/ClassNotFoundException'{0x0000000088e10148}: org/springframework/boot/actuate/endpoint/jmx/DataEndpointMBean> (0x0000000088e10148) 
thrown [s\open\src\hotspot\share\classfile\systemDictionary.cpp, line 313]
Event: 9.870 Thread 0x0000027d96344960 Exception <a 'java/lang/ClassNotFoundException'{0x0000000088e10518}: org/springframework/context/support/LiveBeansView> (0x0000000088e10518) 
thrown [s\open\src\hotspot\share\classfile\systemDictionary.cpp, line 313]
Event: 9.870 Thread 0x0000027d96344960 Exception <a 'java/lang/ClassNotFoundException'{0x0000000088e108d8}: org/springframework/boot/actuate/endpoint/jmx/EndpointMBean> (0x0000000088e108d8) 
thrown [s\open\src\hotspot\share\classfile\systemDictionary.cpp, line 313]
Event: 9.870 Thread 0x0000027d96344960 Exception <a 'java/lang/ClassNotFoundException'{0x0000000088e10c98}: org/springframework/boot/actuate/endpoint/jmx/DataEndpointMBean> (0x0000000088e10c98) 
thrown [s\open\src\hotspot\share\classfile\systemDictionary.cpp, line 313]
Event: 9.870 Thread 0x0000027d96344960 Exception <a 'java/lang/ClassNotFoundException'{0x0000000088e11050}: org/springframework/context/support/LiveBeansView> (0x0000000088e11050) 
thrown [s\open\src\hotspot\share\classfile\systemDictionary.cpp, line 313]
Event: 9.870 Thread 0x0000027d96344960 Exception <a 'java/lang/ClassNotFoundException'{0x0000000088e11410}: org/springframework/boot/actuate/endpoint/jmx/EndpointMBean> (0x0000000088e11410) 
thrown [s\open\src\hotspot\share\classfile\systemDictionary.cpp, line 313]
Event: 9.870 Thread 0x0000027d96344960 Exception <a 'java/lang/ClassNotFoundException'{0x0000000088e117d0}: org/springframework/boot/actuate/endpoint/jmx/DataEndpointMBean> (0x0000000088e117d0) 
thrown [s\open\src\hotspot\share\classfile\systemDictionary.cpp, line 313]
Event: 9.870 Thread 0x0000027d96344960 Exception <a 'java/lang/ClassNotFoundException'{0x0000000088e11b88}: org/springframework/context/support/LiveBeansView> (0x0000000088e11b88) 
thrown [s\open\src\hotspot\share\classfile\systemDictionary.cpp, line 313]

ZGC Phase Switch (0 events):
No events

VM Operations (20 events):
Event: 8.892 Executing VM operation: HandshakeAllThreads (Deoptimize)
Event: 8.892 Executing VM operation: HandshakeAllThreads (Deoptimize) done
Event: 8.901 Executing VM operation: HandshakeAllThreads (Deoptimize)
Event: 8.901 Executing VM operation: HandshakeAllThreads (Deoptimize) done
Event: 9.037 Executing VM operation: ICBufferFull
Event: 9.037 Executing VM operation: ICBufferFull done
Event: 9.241 Executing VM operation: ICBufferFull
Event: 9.241 Executing VM operation: ICBufferFull done
Event: 9.382 Executing VM operation: G1CollectForAllocation (G1 Evacuation Pause)
Event: 9.390 Executing VM operation: G1CollectForAllocation (G1 Evacuation Pause) done
Event: 9.588 Executing VM operation: ICBufferFull
Event: 9.588 Executing VM operation: ICBufferFull done
Event: 9.664 Executing VM operation: ICBufferFull
Event: 9.664 Executing VM operation: ICBufferFull done
Event: 9.893 Executing VM operation: HandshakeAllThreads (Deoptimize)
Event: 9.893 Executing VM operation: HandshakeAllThreads (Deoptimize) done
Event: 9.913 Executing VM operation: ICBufferFull
Event: 9.913 Executing VM operation: ICBufferFull done
Event: 10.043 Executing VM operation: HandshakeAllThreads (Deoptimize)
Event: 10.043 Executing VM operation: HandshakeAllThreads (Deoptimize) done

Memory protections (0 events):
No events

Nmethod flushes (20 events):
Event: 8.098 Thread 0x0000027d4f600ad0 flushing  nmethod 0x0000027d3b615590
Event: 8.098 Thread 0x0000027d4f600ad0 flushing  nmethod 0x0000027d3b806e10
Event: 8.098 Thread 0x0000027d4f600ad0 flushing  nmethod 0x0000027d3bba3f10
Event: 8.098 Thread 0x0000027d4f600ad0 flushing  nmethod 0x0000027d3bba5790
Event: 8.098 Thread 0x0000027d4f600ad0 flushing  nmethod 0x0000027d3bba7790
Event: 8.098 Thread 0x0000027d4f600ad0 flushing  nmethod 0x0000027d3bc8ae10
Event: 8.098 Thread 0x0000027d4f600ad0 flushing  nmethod 0x0000027d3bdad490
Event: 8.098 Thread 0x0000027d4f600ad0 flushing  nmethod 0x0000027d3bdad910
Event: 8.098 Thread 0x0000027d4f600ad0 flushing  nmethod 0x0000027d3bdae010
Event: 8.098 Thread 0x0000027d4f600ad0 flushing  nmethod 0x0000027d3bef3210
Event: 8.098 Thread 0x0000027d4f600ad0 flushing  nmethod 0x0000027d3bfb9190
Event: 8.098 Thread 0x0000027d4f600ad0 flushing  nmethod 0x0000027d3b37b010
Event: 8.098 Thread 0x0000027d4f600ad0 flushing  nmethod 0x0000027d3b37c590
Event: 8.098 Thread 0x0000027d4f600ad0 flushing  nmethod 0x0000027d3b5d9d90
Event: 8.098 Thread 0x0000027d4f600ad0 flushing  nmethod 0x0000027d3ba75d10
Event: 8.098 Thread 0x0000027d4f600ad0 flushing  nmethod 0x0000027d3bacd790
Event: 8.098 Thread 0x0000027d4f600ad0 flushing  nmethod 0x0000027d3bc24b90
Event: 8.098 Thread 0x0000027d4f600ad0 flushing  nmethod 0x0000027d3bcadf90
Event: 8.098 Thread 0x0000027d4f600ad0 flushing  nmethod 0x0000027d3bed1610
Event: 8.098 Thread 0x0000027d4f600ad0 flushing  nmethod 0x0000027d3bf65010

Events (20 events):
Event: 1.558 Thread 0x0000027d96689bd0 Thread exited: 0x0000027d96689bd0
Event: 3.534 Thread 0x0000027d33024610 Thread added: 0x0000027d9668af80
Event: 3.535 Thread 0x0000027d9668af80 Thread added: 0x0000027d9668bca0
Event: 3.538 Thread 0x0000027d33024610 Thread added: 0x0000027d9668b610
Event: 4.268 Thread 0x0000027d33024610 Thread added: 0x0000027d9668c9c0
Event: 4.384 Thread 0x0000027d9668c9c0 Thread added: 0x0000027d9a308d50
Event: 8.738 Thread 0x0000027d33024610 Thread added: 0x0000027d9a3065f0
Event: 8.738 Thread 0x0000027d33024610 Thread added: 0x0000027d9a306c80
Event: 8.738 Thread 0x0000027d33024610 Thread added: 0x0000027d9a307310
Event: 8.738 Thread 0x0000027d33024610 Thread added: 0x0000027d9a30a790
Event: 8.738 Thread 0x0000027d33024610 Thread added: 0x0000027d9a3079a0
Event: 8.739 Thread 0x0000027d33024610 Thread added: 0x0000027d9a30ae20
Event: 8.739 Thread 0x0000027d33024610 Thread added: 0x0000027d9a30b4b0
Event: 8.739 Thread 0x0000027d33024610 Thread added: 0x0000027d9a304520
Event: 8.739 Thread 0x0000027d33024610 Thread added: 0x0000027d9a30bb40
Event: 8.739 Thread 0x0000027d33024610 Thread added: 0x0000027d9a304bb0
Event: 8.750 Thread 0x0000027d33024610 Thread added: 0x0000027d9a305240
Event: 8.751 Thread 0x0000027d33024610 Thread added: 0x0000027d96689bd0
Event: 8.773 Thread 0x0000027d33024610 Thread exited: 0x0000027d33024610
Event: 8.773 Thread 0x0000027d9668a260 Thread added: 0x0000027d9668a260


Dynamic libraries:
0x00007ff74fe70000 - 0x00007ff74fe80000 	C:\Program Files\Java\jdk-22\bin\java.exe
0x00007ff997b70000 - 0x00007ff997d87000 	C:\WINDOWS\SYSTEM32\ntdll.dll
0x00007ff9961c0000 - 0x00007ff996284000 	C:\WINDOWS\System32\KERNEL32.DLL
0x00007ff9954d0000 - 0x00007ff995889000 	C:\WINDOWS\System32\KERNELBASE.dll
0x00007ff994e70000 - 0x00007ff994f81000 	C:\WINDOWS\System32\ucrtbase.dll
0x00007ff98f0a0000 - 0x00007ff98f0bb000 	C:\Program Files\Java\jdk-22\bin\VCRUNTIME140.dll
0x00007ff98ff10000 - 0x00007ff98ff27000 	C:\Program Files\Java\jdk-22\bin\jli.dll
0x00007ff997610000 - 0x00007ff9977be000 	C:\WINDOWS\System32\USER32.dll
0x00007ff97a690000 - 0x00007ff97a922000 	C:\WINDOWS\WinSxS\amd64_microsoft.windows.common-controls_6595b64144ccf1df_6.0.22621.4391_none_2715d37f73803e96\COMCTL32.dll
0x00007ff9952b0000 - 0x00007ff9952d6000 	C:\WINDOWS\System32\win32u.dll
0x00007ff997a60000 - 0x00007ff997b07000 	C:\WINDOWS\System32\msvcrt.dll
0x00007ff9977d0000 - 0x00007ff9977f9000 	C:\WINDOWS\System32\GDI32.dll
0x00007ff995190000 - 0x00007ff9952ab000 	C:\WINDOWS\System32\gdi32full.dll
0x00007ff9950f0000 - 0x00007ff99518a000 	C:\WINDOWS\System32\msvcp_win.dll
0x00007ff995a60000 - 0x00007ff995a91000 	C:\WINDOWS\System32\IMM32.DLL
0x00007ff990920000 - 0x00007ff99092c000 	C:\Program Files\Java\jdk-22\bin\vcruntime140_1.dll
0x00007ff987d90000 - 0x00007ff987e1e000 	C:\Program Files\Java\jdk-22\bin\msvcp140.dll
0x00007ff8e4590000 - 0x00007ff8e52d9000 	C:\Program Files\Java\jdk-22\bin\server\jvm.dll
0x00007ff9958f0000 - 0x00007ff9959a2000 	C:\WINDOWS\System32\ADVAPI32.dll
0x00007ff995c40000 - 0x00007ff995ce7000 	C:\WINDOWS\System32\sechost.dll
0x00007ff9950c0000 - 0x00007ff9950e8000 	C:\WINDOWS\System32\bcrypt.dll
0x00007ff9960a0000 - 0x00007ff9961b4000 	C:\WINDOWS\System32\RPCRT4.dll
0x00007ff996fb0000 - 0x00007ff997021000 	C:\WINDOWS\System32\WS2_32.dll
0x00007ff994490000 - 0x00007ff9944dd000 	C:\WINDOWS\SYSTEM32\POWRPROF.dll
0x00007ff973080000 - 0x00007ff9730b4000 	C:\WINDOWS\SYSTEM32\WINMM.dll
0x00007ff991120000 - 0x00007ff99112a000 	C:\WINDOWS\SYSTEM32\VERSION.dll
0x00007ff994470000 - 0x00007ff994483000 	C:\WINDOWS\SYSTEM32\UMPDC.dll
0x00007ff993eb0000 - 0x00007ff993ec8000 	C:\WINDOWS\SYSTEM32\kernel.appcore.dll
0x00007ff98f100000 - 0x00007ff98f10a000 	C:\Program Files\Java\jdk-22\bin\jimage.dll
0x00007ff992490000 - 0x00007ff9926c2000 	C:\WINDOWS\SYSTEM32\DBGHELP.DLL
0x00007ff997040000 - 0x00007ff9973cf000 	C:\WINDOWS\System32\combase.dll
0x00007ff995b50000 - 0x00007ff995c27000 	C:\WINDOWS\System32\OLEAUT32.dll
0x00007ff973110000 - 0x00007ff973142000 	C:\WINDOWS\SYSTEM32\dbgcore.DLL
0x00007ff9952e0000 - 0x00007ff99535b000 	C:\WINDOWS\System32\bcryptPrimitives.dll
0x00007ff98f080000 - 0x00007ff98f09e000 	C:\Program Files\Java\jdk-22\bin\java.dll
0x00007ff996710000 - 0x00007ff996f86000 	C:\WINDOWS\System32\SHELL32.dll
0x00007ff995cf0000 - 0x00007ff995e95000 	C:\WINDOWS\System32\ole32.dll
0x00007ff992db0000 - 0x00007ff9936b3000 	C:\WINDOWS\SYSTEM32\windows.storage.dll
0x00007ff992c70000 - 0x00007ff992daf000 	C:\WINDOWS\SYSTEM32\wintypes.dll
0x00007ff997800000 - 0x00007ff9978f9000 	C:\WINDOWS\System32\SHCORE.dll
0x00007ff997a00000 - 0x00007ff997a5e000 	C:\WINDOWS\System32\shlwapi.dll
0x00007ff994da0000 - 0x00007ff994dcb000 	C:\WINDOWS\SYSTEM32\profapi.dll
0x00007ff981360000 - 0x00007ff981437000 	C:\Program Files\Java\jdk-22\bin\jsvml.dll
0x00007ff98ee90000 - 0x00007ff98eea0000 	C:\Program Files\Java\jdk-22\bin\net.dll
0x00007ff9943a0000 - 0x00007ff994409000 	C:\WINDOWS\system32\mswsock.dll
0x00007ff98ee70000 - 0x00007ff98ee86000 	C:\Program Files\Java\jdk-22\bin\nio.dll
0x00007ff98ec70000 - 0x00007ff98ec87000 	C:\Program Files\Java\jdk-22\bin\zip.dll
0x00007ff98ee60000 - 0x00007ff98ee6a000 	C:\Program Files\Java\jdk-22\bin\management.dll
0x00007ff98ec60000 - 0x00007ff98ec6b000 	C:\Program Files\Java\jdk-22\bin\management_ext.dll
0x00007ff995ea0000 - 0x00007ff995ea8000 	C:\WINDOWS\System32\PSAPI.DLL
0x00007ff97c1d0000 - 0x00007ff97c1e7000 	C:\WINDOWS\system32\napinsp.dll
0x00007ff97c1b0000 - 0x00007ff97c1cb000 	C:\WINDOWS\system32\pnrpnsp.dll
0x00007ff993990000 - 0x00007ff993a92000 	C:\WINDOWS\SYSTEM32\DNSAPI.dll
0x00007ff993920000 - 0x00007ff99394d000 	C:\WINDOWS\SYSTEM32\IPHLPAPI.DLL
0x00007ff997030000 - 0x00007ff997039000 	C:\WINDOWS\System32\NSI.dll
0x00007ff97c190000 - 0x00007ff97c1a1000 	C:\WINDOWS\System32\winrnr.dll
0x00007ff97b510000 - 0x00007ff97b525000 	C:\WINDOWS\system32\wshbth.dll
0x00007ff97b4e0000 - 0x00007ff97b507000 	C:\WINDOWS\system32\nlansp_c.dll
0x00000000568c0000 - 0x00000000568e6000 	C:\Program Files\Bonjour\mdnsNSP.dll
0x00007ff98fb40000 - 0x00007ff98fb4a000 	C:\Windows\System32\rasadhlp.dll
0x00007ff990250000 - 0x00007ff9902d3000 	C:\WINDOWS\System32\fwpuclnt.dll
0x00007ff994670000 - 0x00007ff99468b000 	C:\WINDOWS\SYSTEM32\CRYPTSP.dll
0x00007ff993e10000 - 0x00007ff993e45000 	C:\WINDOWS\system32\rsaenh.dll
0x00007ff994510000 - 0x00007ff994538000 	C:\WINDOWS\SYSTEM32\USERENV.dll
0x00007ff994690000 - 0x00007ff99469c000 	C:\WINDOWS\SYSTEM32\CRYPTBASE.dll
0x00007ff98ec50000 - 0x00007ff98ec59000 	C:\Program Files\Java\jdk-22\bin\extnet.dll
0x00007ff98ec40000 - 0x00007ff98ec50000 	C:\Program Files\Java\jdk-22\bin\verify.dll
0x00007ff98ebd0000 - 0x00007ff98ebdb000 	C:\Program Files\Java\jdk-22\bin\le.dll
0x00007ff98ebc0000 - 0x00007ff98ebce000 	C:\Program Files\Java\jdk-22\bin\sunmscapi.dll
0x00007ff995360000 - 0x00007ff9954c6000 	C:\WINDOWS\System32\CRYPT32.dll
0x00007ff994810000 - 0x00007ff99483d000 	C:\WINDOWS\SYSTEM32\ncrypt.dll
0x00007ff9947d0000 - 0x00007ff994807000 	C:\WINDOWS\SYSTEM32\NTASN1.dll
0x00007ff976070000 - 0x00007ff976078000 	C:\WINDOWS\system32\wshunix.dll

dbghelp: loaded successfully - version: 4.0.5 - missing functions: none
symbol engine: initialized successfully - sym options: 0x614 - pdb path: .;C:\Program Files\Java\jdk-22\bin;C:\WINDOWS\SYSTEM32;C:\WINDOWS\WinSxS\amd64_microsoft.windows.common-controls_6595b64144ccf1df_6.0.22621.4391_none_2715d37f73803e96;C:\Program Files\Java\jdk-22\bin\server;C:\Program Files\Bonjour

VM Arguments:
jvm_args: -XX:+ShowCodeDetailsInExceptionMessages -Dspring.jmx.enabled=true -Dmanagement.endpoints.jmx.exposure.include=* -Dspring.application.admin.enabled=true -Dspring.boot.project.name=erp_epmapat -Djava.rmi.server.hostname=localhost -Dcom.sun.management.jmxremote.port=45556 -Dcom.sun.management.jmxremote.authenticate=false -Dcom.sun.management.jmxremote.ssl=false 
java_command: com.epmapat.erp_epmapat.ErpEpmapatApplication
java_class_path (initial): C:\EPMAPAT_SYSTEMS\erp_epmapat_be\target\classes;C:\Users\ADIKTA\.m2\repository\org\springframework\boot\spring-boot-starter-actuator\2.7.18\spring-boot-starter-actuator-2.7.18.jar;C:\Users\ADIKTA\.m2\repository\org\springframework\boot\spring-boot-starter\2.7.18\spring-boot-starter-2.7.18.jar;C:\Users\ADIKTA\.m2\repository\org\springframework\boot\spring-boot\2.7.18\spring-boot-2.7.18.jar;C:\Users\ADIKTA\.m2\repository\org\springframework\boot\spring-boot-autoconfigure\2.7.18\spring-boot-autoconfigure-2.7.18.jar;C:\Users\ADIKTA\.m2\repository\org\springframework\boot\spring-boot-starter-logging\2.7.18\spring-boot-starter-logging-2.7.18.jar;C:\Users\ADIKTA\.m2\repository\ch\qos\logback\logback-classic\1.2.12\logback-classic-1.2.12.jar;C:\Users\ADIKTA\.m2\repository\ch\qos\logback\logback-core\1.2.12\logback-core-1.2.12.jar;C:\Users\ADIKTA\.m2\repository\org\apache\logging\log4j\log4j-to-slf4j\2.17.2\log4j-to-slf4j-2.17.2.jar;C:\Users\ADIKTA\.m2\repository\org\apache\logging\log4j\log4j-api\2.17.2\log4j-api-2.17.2.jar;C:\Users\ADIKTA\.m2\repository\org\slf4j\jul-to-slf4j\1.7.36\jul-to-slf4j-1.7.36.jar;C:\Users\ADIKTA\.m2\repository\org\yaml\snakeyaml\1.30\snakeyaml-1.30.jar;C:\Users\ADIKTA\.m2\repository\org\springframework\boot\spring-boot-actuator-autoconfigure\2.7.18\spring-boot-actuator-autoconfigure-2.7.18.jar;C:\Users\ADIKTA\.m2\repository\org\springframework\boot\spring-boot-actuator\2.7.18\spring-boot-actuator-2.7.18.jar;C:\Users\ADIKTA\.m2\repository\com\fasterxml\jackson\datatype\jackson-datatype-jsr310\2.13.5\jackson-datatype-jsr310-2.13.5.jar;C:\Users\ADIKTA\.m2\repository\io\micrometer\micrometer-core\1.9.17\micrometer-core-1.9.17.jar;C:\Users\ADIKTA\.m2\repository\org\hdrhistogram\HdrHistogram\2.1.12\HdrHistogram-2.1.12.jar;C:\Users\ADIKTA\.m2\repository\org\latencyutils\LatencyUtils\2.0.3\LatencyUtils-2.0.3.jar;C:\Users\ADIKTA\.m2\repository\org\springframework\boot\spring-boot-starter-data-jpa\2.7.18\spring-boot-starter-data-jpa-2.7.18.jar;C:\Users\ADIKTA\.m2\repository\org\springframework\boot\spring-boot-starter-aop\2.7.18\spring-boot-starter-aop-2.7.18.jar;C:\Users\ADIKTA\.m2\repository\org\springframework\spring-aop\5.3.31\spring-aop-5.3.31.jar;C:\Users\ADIKTA\.m2\repository\org\aspectj\aspectjweaver\1.9.7\aspectjweaver-1.9.7.jar;C:\Users\ADIKTA\.m2\repository\org\springframework\boot\spring-boot-starter-jdbc\2.7.18\spring-boot-starter-jdbc-2.7.18.jar;C:\Users\ADIKTA\.m2\repository\com\zaxxer\HikariCP\4.0.3\HikariCP-4.0.3.jar;C:\Users\ADIKTA\.m2\repository\org\springframework\spring-jdbc\5.3.31\spring-jdbc-5.3.31.jar;C:\Users\ADIKTA\.m2\repository\jakarta\transaction\jakarta.transaction-api\1.3.3\jakarta.transaction-api-1.3.3.jar;C:\Users\ADIKTA\.m2\repository\jakarta\persistence\jakarta.persistence-api\2.2.3\jakarta.persistence-api-2.2.3.jar;C:\Users\ADIKTA\.m2\repository\org\hibernate\hibernate-core\5.6.15.Final\hibernate-core-5.6.15.Final.jar;C:\Users\ADIKTA\.m2\repository\org\jboss\logging\jboss-logging\3.4.3.Final\jboss-logging-3.4.3.Final.jar;C:\Users\ADIKTA\.m2\repository\net\bytebuddy\byte-buddy\1.12.23\byte-buddy-1.12.23.jar;C:\Users\ADIKTA\.m2\repository\antlr\antlr\2.7.7\antlr-2.7.7.jar;C:\Users\ADIKTA\.m2\repository\org\jboss\jandex\2.4.2.Final\jandex-2.4.2.Final.jar;C:\Users\ADIKTA\.m2\repository\com\fasterxml\classmate\1.5.1\classmate-1.5.1.jar;C:\Users\ADIKTA\.m2\repository\org\hibernate\common\hibernate-commons-annotations\5.1.2.Final\hibernate-commons-annotations-5.1.2.Final.jar;C:\Users\ADIKTA\.m2\repository\org\glassfish\jaxb\jaxb-runtime\2.3.9\jaxb-runtime-2.3.9.jar;C:\Users\ADIKTA\.m2\repository\org\glassfish\jaxb\txw2\2.3.9\txw2-2.3.9.jar;C:\Users\ADIKTA\.m2\repository\com\sun\istack\istack-commons-runtime\3.0.12\istack-commons-runtime-3.0.12.jar;C:\Users\ADIKTA\.m2\repository\com\sun\activation\jakarta.activation\1.2.2\jakarta.activation-1.2.2.jar;C:\Users\ADIKTA\.m2\repository\org\springframework\data\spring-data-jpa\2.7.18\spring-data-jpa-2.7.18.jar;C:\Users\ADIKTA\.m2\repository\org\springframework\data\spring-data-commons\2.7.18\spring-data-commons-2.7.18.jar;C:\Users\ADIKTA\.m2\repository\org\springframework\spring-orm\5.3.31\spring-orm-5.3.31.jar;C:\Users\ADIKTA\.m2\repository\org\springframework\spring-context\5.3.31\spring-context-5.3.31.jar;C:\Users\ADIKTA\.m2\repository\org\springframework\spring-tx\5.3.31\spring-tx-5.3.31.jar;C:\Users\ADIKTA\.m2\repository\org\springframework\spring-beans\5.3.31\spring-beans-5.3.31.jar;C:\Users\ADIKTA\.m2\repository\org\slf4j\slf4j-api\1.7.36\slf4j-api-1.7.36.jar;C:\Users\ADIKTA\.m2\repository\org\springframework\spring-aspects\5.3.31\spring-aspects-5.3.31.jar;C:\Users\ADIKTA\.m2\repository\org\springframework\boot\spring-boot-starter-web\2.7.18\spring-boot-starter-web-2.7.18.jar;C:\Users\ADIKTA\.m2\repository\org\springframework\boot\spring-boot-starter-json\2.7.18\spring-boot-starter-json-2.7.18.jar;C:\Users\ADIKTA\.m2\repository\com\fasterxml\jackson\datatype\jackson-datatype-jdk8\2.13.5\jackson-datatype-jdk8-2.13.5.jar;C:\Users\ADIKTA\.m2\repository\com\fasterxml\jackson\module\jackson-module-parameter-names\2.13.5\jackson-module-parameter-names-2.13.5.jar;C:\Users\ADIKTA\.m2\repository\org\springframework\spring-web\5.3.31\spring-web-5.3.31.jar;C:\Users\ADIKTA\.m2\repository\org\springframework\spring-webmvc\5.3.31\spring-webmvc-5.3.31.jar;C:\Users\ADIKTA\.m2\repository\org\springframework\spring-expression\5.3.31\spring-expression-5.3.31.jar;C:\Users\ADIKTA\.m2\repository\org\postgresql\postgresql\42.3.8\postgresql-42.3.8.jar;C:\Users\ADIKTA\.m2\repository\org\checkerframework\checker-qual\3.5.0\checker-qual-3.5.0.jar;C:\Users\ADIKTA\.m2\repository\org\projectlombok\lombok\1.18.30\lombok-1.18.30.jar;C:\Users\ADIKTA\.m2\repository\jakarta\xml\bind\jakarta.xml.bind-api\2.3.3\jakarta.xml.bind-api-2.3.3.jar;C:\Users\ADIKTA\.m2\repository\jakarta\activation\jakarta.activation-api\1.2.2\jakarta.activation-api-1.2.2.jar;C:\Users\ADIKTA\.m2\repository\org\springframework\spring-core\5.3.31\spring-core-5.3.31.jar;C:\Users\ADIKTA\.m2\repository\org\springframework\spring-jcl\5.3.31\spring-jcl-5.3.31.jar;C:\Users\ADIKTA\.m2\repository\net\sf\jasperreports\jasperreports\6.21.2\jasperreports-6.21.2.jar;C:\Users\ADIKTA\.m2\repository\commons-beanutils\commons-beanutils\1.9.4\commons-beanutils-1.9.4.jar;C:\Users\ADIKTA\.m2\repository\commons-collections\commons-collections\3.2.2\commons-collections-3.2.2.jar;C:\Users\ADIKTA\.m2\repository\commons-digester\commons-digester\2.1\commons-digester-2.1.jar;C:\Users\ADIKTA\.m2\repository\commons-logging\commons-logging\1.1.1\commons-logging-1.1.1.jar;C:\Users\ADIKTA\.m2\repository\org\apache\commons\commons-collections4\4.2\commons-collections4-4.2.jar;C:\Users\ADIKTA\.m2\repository\com\github\librepdf\openpdf\1.3.32\openpdf-1.3.32.jar;C:\Users\ADIKTA\.m2\repository\org\jfree\jcommon\1.0.23\jcommon-1.0.23.jar;C:\Users\ADIKTA\.m2\repository\org\jfree\jfreechart\1.0.19\jfreechart-1.0.19.jar;C:\Users\ADIKTA\.m2\repository\org\eclipse\jdt\ecj\3.21.0\ecj-3.21.0.jar;C:\Users\ADIKTA\.m2\repository\com\fasterxml\jackson\core\jackson-core\2.13.5\jackson-core-2.13.5.jar;C:\Users\ADIKTA\.m2\repository\com\fasterxml\jackson\core\jackson-databind\2.13.5\jackson-databind-2.13.5.jar;C:\Users\ADIKTA\.m2\repository\com\fasterxml\jackson\core\jackson-annotations\2.13.5\jackson-annotations-2.13.5.jar;C:\Users\ADIKTA\.m2\repository\com\fasterxml\jackson\dataformat\jackson-dataformat-xml\2.13.5\jackson-dataformat-xml-2.13.5.jar;C:\Users\ADIKTA\.m2\repository\org\codehaus\woodstox\stax2-api\4.2.1\stax2-api-4.2.1.jar;C:\Users\ADIKTA\.m2\repository\com\fasterxml\woodstox\woodstox-core\6.4.0\woodstox-core-6.4.0.jar;C:\Users\ADIKTA\.m2\repository\org\springframework\boot\spring-boot-starter-tomcat\2.7.18\spring-boot-starter-tomcat-2.7.18.jar;C:\Users\ADIKTA\.m2\repository\jakarta\annotation\jakarta.annotation-api\1.3.5\jakarta.annotation-api-1.3.5.jar;C:\Users\ADIKTA\.m2\repository\org\apache\tomcat\embed\tomcat-embed-core\9.0.83\tomcat-embed-core-9.0.83.jar;C:\Users\ADIKTA\.m2\repository\org\apache\tomcat\embed\tomcat-embed-el\9.0.83\tomcat-embed-el-9.0.83.jar;C:\Users\ADIKTA\.m2\repository\org\apache\tomcat\embed\tomcat-embed-websocket\9.0.83\tomcat-embed-websocket-9.0.83.jar
Launcher Type: SUN_STANDARD

[Global flags]
     intx CICompilerCount                          = 4                                         {product} {ergonomic}
     uint ConcGCThreads                            = 3                                         {product} {ergonomic}
     uint G1ConcRefinementThreads                  = 10                                        {product} {ergonomic}
   size_t G1HeapRegionSize                         = 1048576                                   {product} {ergonomic}
   size_t InitialHeapSize                          = 132120576                                 {product} {ergonomic}
     bool ManagementServer                         = true                                      {product} {command line}
   size_t MarkStackSize                            = 4194304                                   {product} {ergonomic}
   size_t MaxHeapSize                              = 2099249152                                {product} {ergonomic}
   size_t MaxNewSize                               = 1259339776                                {product} {ergonomic}
   size_t MinHeapDeltaBytes                        = 1048576                                   {product} {ergonomic}
   size_t MinHeapSize                              = 8388608                                   {product} {ergonomic}
    uintx NonNMethodCodeHeapSize                   = 5839372                                {pd product} {ergonomic}
    uintx NonProfiledCodeHeapSize                  = 122909434                              {pd product} {ergonomic}
    uintx ProfiledCodeHeapSize                     = 122909434                              {pd product} {ergonomic}
    uintx ReservedCodeCacheSize                    = 251658240                              {pd product} {ergonomic}
     bool SegmentedCodeCache                       = true                                      {product} {ergonomic}
     bool ShowCodeDetailsInExceptionMessages       = true                                   {manageable} {command line}
   size_t SoftMaxHeapSize                          = 2099249152                             {manageable} {ergonomic}
     bool UseCompressedOops                        = true                           {product lp64_product} {ergonomic}
     bool UseG1GC                                  = true                                      {product} {ergonomic}
     bool UseLargePagesIndividualAllocation        = false                                  {pd product} {ergonomic}

Logging:
Log output configuration:
 #0: stdout all=warning uptime,level,tags foldmultilines=false
 #1: stderr all=off uptime,level,tags foldmultilines=false

Environment Variables:
JAVA_HOME=C:\Program Files\Java\jdk-22
PATH=C:\Users\ADIKTA\bin;C:\Program Files\Git\mingw64\bin;C:\Program Files\Git\usr\local\bin;C:\Program Files\Git\usr\bin;C:\Program Files\Git\usr\bin;C:\Program Files\Git\mingw64\bin;C:\Program Files\Git\usr\bin;C:\Users\ADIKTA\bin;C:\Program Files (x86)\VMware\VMware Player\bin;C:\Program Files\Common Files\Oracle\Java\javapath;C:\Program Files (x86)\Common Files\Oracle\Java\java8path;C:\Program Files (x86)\Common Files\Oracle\Java\javapath;C:\WINDOWS\system32;C:\WINDOWS;C:\WINDOWS\System32\Wbem;C:\WINDOWS\System32\WindowsPowerShell\v1.0;C:\WINDOWS\System32\OpenSSH;C:\Program Files\nodejs;C:\Program Files\dotnet;C:\Program Files\Microsoft Network Monitor 3;C:\Program Files\Git\cmd;C:\Users\ADIKTA\AppData\Local\Programs\Python\Python312\Scripts;C:\Users\ADIKTA\AppData\Local\Programs\Python\Python312;C:\Users\ADIKTA\.console-ninja\.bin;C:\Users\ADIKTA\AppData\Local\Microsoft\WindowsApps;C:\Users\ADIKTA\AppData\Local\Programs\Microsoft VS Code\bin;C:\Program Files\Java\jdk-21\bin;C:\MAVEN\bin;C:\Users\ADIKTA\AppData\Roaming\npm;C:\Program Files\JetBrains\IntelliJ IDEA Community Edition 2024.2.1\bin;C:\Program Files\Git\usr\bin\vendor_perl;C:\Program Files\Git\usr\bin\core_perl
USERNAME=ADIKTA
SHELL=C:\Program Files\Git\usr\bin\bash.exe
DISPLAY=needs-to-be-defined
LANG=en_US.UTF-8
TERM=xterm-256color
TMPDIR=C:\Users\ADIKTA\AppData\Local\Temp
OS=Windows_NT
PROCESSOR_IDENTIFIER=Intel64 Family 6 Model 165 Stepping 3, GenuineIntel
TMP=C:\Users\ADIKTA\AppData\Local\Temp
TEMP=C:\Users\ADIKTA\AppData\Local\Temp




Periodic native trim disabled

---------------  S Y S T E M  ---------------

OS:
 Windows 11 , 64 bit Build 22621 (10.0.22621.4391)
OS uptime: 0 days 1:03 hours

CPU: total 12 (initial active 12) (6 cores per cpu, 2 threads per core) family 6 model 165 stepping 3 microcode 0xea, cx8, cmov, fxsr, ht, mmx, 3dnowpref, sse, sse2, sse3, ssse3, sse4.1, sse4.2, popcnt, lzcnt, tsc, tscinvbit, avx, avx2, aes, erms, clmul, bmi1, bmi2, adx, fma, vzeroupper, clflush, clflushopt, rdtscp, f16c
Processor Information for all 12 processors :
  Max Mhz: 2904, Current Mhz: 2904, Mhz Limit: 2904

Memory: 4k page, system-wide physical 8003M (362M free)
TotalPageFile size 32579M (AvailPageFile size 6M)
current process WorkingSet (physical memory assigned to process): 409M, peak: 409M
current process commit charge ("private bytes"): 449M, peak: 449M

vm_info: Java HotSpot(TM) 64-Bit Server VM (22.0.2+9-70) for windows-amd64 JRE (22.0.2+9-70), built on 2024-06-04T16:52:23Z by "mach5one" with MS VC++ 17.6 (VS2022)

END.
