#
# There is insufficient memory for the Java Runtime Environment to continue.
# Native memory allocation (malloc) failed to allocate 1335376 bytes for Chunk::new
# Possible reasons:
#   The system is out of physical RAM or swap space
#   The process is running with CompressedOops enabled, and the Java Heap may be blocking the growth of the native heap
# Possible solutions:
#   Reduce memory load on the system
#   Increase physical memory or swap space
#   Check if swap backing store is full
#   Decrease Java heap size (-Xmx/-Xms)
#   Decrease number of Java threads
#   Decrease Java thread stack sizes (-Xss)
#   Set larger code cache with -XX:ReservedCodeCacheSize=
#   JVM is running with Unscaled Compressed Oops mode in which the Java heap is
#     placed in the first 4GB address space. The Java Heap base address is the
#     maximum limit for the native heap growth. Please use -XX:HeapBaseMinAddress
#     to set the Java Heap base and to place the Java Heap above 4GB virtual address.
# This output file may be truncated or incomplete.
#
#  Out of Memory Error (arena.cpp:168), pid=5512, tid=23232
#
# JRE version: Java(TM) SE Runtime Environment (21.0.2+13) (build 21.0.2+13-LTS-58)
# Java VM: Java HotSpot(TM) 64-Bit Server VM (21.0.2+13-LTS-58, mixed mode, sharing, tiered, compressed oops, compressed class ptrs, g1 gc, windows-amd64)
# No core dump will be written. Minidumps are not enabled by default on client versions of Windows
#

---------------  S U M M A R Y ------------

Command Line: -XX:+ShowCodeDetailsInExceptionMessages com.epmapat.erp_epmapat.ErpEpmapatApplication

Host: Intel(R) Core(TM) i5-10400 CPU @ 2.90GHz, 12 cores, 7G,  Windows 11 , 64 bit Build 22621 (10.0.22621.3958)
Time: Wed Aug 21 15:59:40 2024 Hora est. Pacífico, Sudamérica elapsed time: 9.878872 seconds (0d 0h 0m 9s)

---------------  T H R E A D  ---------------

Current thread (0x000001d6583be0b0):  JavaThread "C2 CompilerThread1" daemon [_thread_in_native, id=23232, stack(0x0000005e81200000,0x0000005e81300000) (1024K)]


Current CompileTask:
C2:   9878 10118       4       java.lang.invoke.MethodType::makeImpl (109 bytes)

Stack: [0x0000005e81200000,0x0000005e81300000]
Native frames: (J=compiled Java code, j=interpreted, Vv=VM code, C=native code)
V  [jvm.dll+0x6cade9]
V  [jvm.dll+0x8569c1]
V  [jvm.dll+0x858d2e]
V  [jvm.dll+0x859413]
V  [jvm.dll+0x280e56]
V  [jvm.dll+0xc3f3d]
V  [jvm.dll+0xc4473]
V  [jvm.dll+0x3b5bf2]
V  [jvm.dll+0x382855]
V  [jvm.dll+0x381cca]
V  [jvm.dll+0x249bd0]
V  [jvm.dll+0x2491b1]
V  [jvm.dll+0x1c9634]
V  [jvm.dll+0x258859]
V  [jvm.dll+0x256e3a]
V  [jvm.dll+0x3ef6c6]
V  [jvm.dll+0x7ff568]
V  [jvm.dll+0x6c953d]
C  [ucrtbase.dll+0x29333]
C  [KERNEL32.DLL+0x1257d]
C  [ntdll.dll+0x5af28]


---------------  P R O C E S S  ---------------

Threads class SMR info:
_java_thread_list=0x000001d65de41f40, length=29, elements={
0x000001d67ef3b770, 0x000001d67ef3c690, 0x000001d67ef42510, 0x000001d67ef42f70,
0x000001d67ef459e0, 0x000001d67ef46570, 0x000001d67ef56670, 0x000001d67ef58fd0,
0x000001d658241b00, 0x000001d658249af0, 0x000001d6583be0b0, 0x000001d65b1a2ea0,
0x000001d65bd4bfa0, 0x000001d65bd4d800, 0x000001d65bc31b90, 0x000001d65827ed00,
0x000001d65827d2c0, 0x000001d65827d950, 0x000001d65827c5a0, 0x000001d65827f390,
0x000001d65827fa20, 0x000001d65dbb04b0, 0x000001d65dbaf790, 0x000001d65dbafe20,
0x000001d65dbb0b40, 0x000001d65dbaea70, 0x000001d65dbb2580, 0x000001d65dbb6090,
0x000001d65dbb2c10
}

Java Threads: ( => current thread )
  0x000001d67ef3b770 JavaThread "Reference Handler"          daemon [_thread_blocked, id=11960, stack(0x0000005e80800000,0x0000005e80900000) (1024K)]
  0x000001d67ef3c690 JavaThread "Finalizer"                  daemon [_thread_blocked, id=28796, stack(0x0000005e80900000,0x0000005e80a00000) (1024K)]
  0x000001d67ef42510 JavaThread "Signal Dispatcher"          daemon [_thread_blocked, id=23360, stack(0x0000005e80a00000,0x0000005e80b00000) (1024K)]
  0x000001d67ef42f70 JavaThread "Attach Listener"            daemon [_thread_blocked, id=29324, stack(0x0000005e80b00000,0x0000005e80c00000) (1024K)]
  0x000001d67ef459e0 JavaThread "Service Thread"             daemon [_thread_blocked, id=30208, stack(0x0000005e80c00000,0x0000005e80d00000) (1024K)]
  0x000001d67ef46570 JavaThread "Monitor Deflation Thread"   daemon [_thread_blocked, id=16092, stack(0x0000005e80d00000,0x0000005e80e00000) (1024K)]
  0x000001d67ef56670 JavaThread "C2 CompilerThread0"         daemon [_thread_in_native, id=29840, stack(0x0000005e80e00000,0x0000005e80f00000) (1024K)]
  0x000001d67ef58fd0 JavaThread "C1 CompilerThread0"         daemon [_thread_in_native, id=26068, stack(0x0000005e80f00000,0x0000005e81000000) (1024K)]
  0x000001d658241b00 JavaThread "Notification Thread"        daemon [_thread_blocked, id=24764, stack(0x0000005e81000000,0x0000005e81100000) (1024K)]
  0x000001d658249af0 JavaThread "Common-Cleaner"             daemon [_thread_blocked, id=29404, stack(0x0000005e81100000,0x0000005e81200000) (1024K)]
=>0x000001d6583be0b0 JavaThread "C2 CompilerThread1"         daemon [_thread_in_native, id=23232, stack(0x0000005e81200000,0x0000005e81300000) (1024K)]
  0x000001d65b1a2ea0 JavaThread "Catalina-utility-1"                [_thread_blocked, id=8288, stack(0x0000005e81e00000,0x0000005e81f00000) (1024K)]
  0x000001d65bd4bfa0 JavaThread "Catalina-utility-2"                [_thread_blocked, id=18656, stack(0x0000005e81f00000,0x0000005e82000000) (1024K)]
  0x000001d65bd4d800 JavaThread "container-0"                       [_thread_blocked, id=2920, stack(0x0000005e82000000,0x0000005e82100000) (1024K)]
  0x000001d65bc31b90 JavaThread "HikariPool-1 housekeeper"   daemon [_thread_blocked, id=23132, stack(0x0000005e82200000,0x0000005e82300000) (1024K)]
  0x000001d65827ed00 JavaThread "HikariPool-1 connection adder" daemon [_thread_blocked, id=25336, stack(0x0000005e82300000,0x0000005e82400000) (1024K)]
  0x000001d65827d2c0 JavaThread "http-nio-8080-exec-1"       daemon [_thread_blocked, id=19024, stack(0x0000005e82400000,0x0000005e82500000) (1024K)]
  0x000001d65827d950 JavaThread "http-nio-8080-exec-2"       daemon [_thread_blocked, id=26516, stack(0x0000005e82500000,0x0000005e82600000) (1024K)]
  0x000001d65827c5a0 JavaThread "http-nio-8080-exec-3"       daemon [_thread_blocked, id=22596, stack(0x0000005e82600000,0x0000005e82700000) (1024K)]
  0x000001d65827f390 JavaThread "http-nio-8080-exec-4"       daemon [_thread_blocked, id=22576, stack(0x0000005e82700000,0x0000005e82800000) (1024K)]
  0x000001d65827fa20 JavaThread "http-nio-8080-exec-5"       daemon [_thread_blocked, id=25976, stack(0x0000005e82800000,0x0000005e82900000) (1024K)]
  0x000001d65dbb04b0 JavaThread "http-nio-8080-exec-6"       daemon [_thread_blocked, id=23120, stack(0x0000005e82900000,0x0000005e82a00000) (1024K)]
  0x000001d65dbaf790 JavaThread "http-nio-8080-exec-7"       daemon [_thread_in_Java, id=7712, stack(0x0000005e82a00000,0x0000005e82b00000) (1024K)]
  0x000001d65dbafe20 JavaThread "http-nio-8080-exec-8"       daemon [_thread_blocked, id=27320, stack(0x0000005e82b00000,0x0000005e82c00000) (1024K)]
  0x000001d65dbb0b40 JavaThread "http-nio-8080-exec-9"       daemon [_thread_blocked, id=27504, stack(0x0000005e82c00000,0x0000005e82d00000) (1024K)]
  0x000001d65dbaea70 JavaThread "http-nio-8080-exec-10"      daemon [_thread_blocked, id=2960, stack(0x0000005e82d00000,0x0000005e82e00000) (1024K)]
  0x000001d65dbb2580 JavaThread "http-nio-8080-Poller"       daemon [_thread_in_native, id=7796, stack(0x0000005e82e00000,0x0000005e82f00000) (1024K)]
  0x000001d65dbb6090 JavaThread "http-nio-8080-Acceptor"     daemon [_thread_in_native, id=16772, stack(0x0000005e82f00000,0x0000005e83000000) (1024K)]
  0x000001d65dbb2c10 JavaThread "DestroyJavaVM"                     [_thread_blocked, id=2492, stack(0x0000005e80000000,0x0000005e80100000) (1024K)]
Total: 29

Other Threads:
  0x000001d67ef18f50 VMThread "VM Thread"                           [id=29772, stack(0x0000005e80700000,0x0000005e80800000) (1024K)]
  0x000001d67eeff780 WatcherThread "VM Periodic Task Thread"        [id=19624, stack(0x0000005e80600000,0x0000005e80700000) (1024K)]
  0x000001d6751afd50 WorkerThread "GC Thread#0"                     [id=28780, stack(0x0000005e80100000,0x0000005e80200000) (1024K)]
  0x000001d658f55250 WorkerThread "GC Thread#1"                     [id=30300, stack(0x0000005e81300000,0x0000005e81400000) (1024K)]
  0x000001d6589dec10 WorkerThread "GC Thread#2"                     [id=18408, stack(0x0000005e81400000,0x0000005e81500000) (1024K)]
  0x000001d65883d140 WorkerThread "GC Thread#3"                     [id=30340, stack(0x0000005e81500000,0x0000005e81600000) (1024K)]
  0x000001d659051850 WorkerThread "GC Thread#4"                     [id=7672, stack(0x0000005e81600000,0x0000005e81700000) (1024K)]
  0x000001d65885cdb0 WorkerThread "GC Thread#5"                     [id=26848, stack(0x0000005e81700000,0x0000005e81800000) (1024K)]
  0x000001d6591b73d0 WorkerThread "GC Thread#6"                     [id=10292, stack(0x0000005e81800000,0x0000005e81900000) (1024K)]
  0x000001d658d2ea50 WorkerThread "GC Thread#7"                     [id=8060, stack(0x0000005e81900000,0x0000005e81a00000) (1024K)]
  0x000001d6597c16c0 WorkerThread "GC Thread#8"                     [id=29408, stack(0x0000005e81b00000,0x0000005e81c00000) (1024K)]
  0x000001d6597c2270 WorkerThread "GC Thread#9"                     [id=22224, stack(0x0000005e81c00000,0x0000005e81d00000) (1024K)]
  0x000001d6751c0920 ConcurrentGCThread "G1 Main Marker"            [id=1516, stack(0x0000005e80200000,0x0000005e80300000) (1024K)]
  0x000001d6751c1bc0 WorkerThread "G1 Conc#0"                       [id=528, stack(0x0000005e80300000,0x0000005e80400000) (1024K)]
  0x000001d659423e00 WorkerThread "G1 Conc#1"                       [id=18904, stack(0x0000005e81a00000,0x0000005e81b00000) (1024K)]
  0x000001d6594236c0 WorkerThread "G1 Conc#2"                       [id=30024, stack(0x0000005e81d00000,0x0000005e81e00000) (1024K)]
  0x000001d67edcd950 ConcurrentGCThread "G1 Refine#0"               [id=29628, stack(0x0000005e80400000,0x0000005e80500000) (1024K)]
  0x000001d67edd08b0 ConcurrentGCThread "G1 Service"                [id=17072, stack(0x0000005e80500000,0x0000005e80600000) (1024K)]
Total: 18

Threads with active compile tasks:
C2 CompilerThread0     9901 11257       4       java.util.concurrent.ConcurrentHashMap::get (162 bytes)
C1 CompilerThread0     9901 11204       2       java.util.Calendar::setTimeInMillis (84 bytes)
C2 CompilerThread1     9901 10118       4       java.lang.invoke.MethodType::makeImpl (109 bytes)
Total: 3

VM state: not at safepoint (normal execution)

VM Mutex/Monitor currently owned by a thread: None

Heap address: 0x0000000082e00000, size: 2002 MB, Compressed Oops mode: 32-bit

CDS archive(s) mapped at: [0x000001d613000000-0x000001d613c90000-0x000001d613c90000), size 13172736, SharedBaseAddress: 0x000001d613000000, ArchiveRelocationMode: 1.
Compressed class space mapped at: 0x000001d614000000-0x000001d654000000, reserved size: 1073741824
Narrow klass base: 0x000001d613000000, Narrow klass shift: 0, Narrow klass range: 0x100000000

GC Precious Log:
 CardTable entry size: 512
 Card Set container configuration: InlinePtr #cards 5 size 8 Array Of Cards #cards 12 size 40 Howl #buckets 4 coarsen threshold 1843 Howl Bitmap #cards 512 size 80 coarsen threshold 460 Card regions per heap region 1 cards per card region 2048
 CPUs: 12 total, 12 available
 Memory: 8003M
 Large Page Support: Disabled
 NUMA Support: Disabled
 Compressed Oops: Enabled (32-bit)
 Heap Region Size: 1M
 Heap Min Capacity: 8M
 Heap Initial Capacity: 126M
 Heap Max Capacity: 2002M
 Pre-touch: Disabled
 Parallel Workers: 10
 Concurrent Workers: 3
 Concurrent Refinement Workers: 10
 Periodic GC: Disabled

Heap:
 garbage-first heap   total 139264K, used 117579K [0x0000000082e00000, 0x0000000100000000)
  region size 1024K, 65 young (66560K), 6 survivors (6144K)
 Metaspace       used 70760K, committed 71360K, reserved 1114112K
  class space    used 8776K, committed 9088K, reserved 1048576K

Heap Regions: E=young(eden), S=young(survivor), O=old, HS=humongous(starts), HC=humongous(continues), CS=collection set, F=free, TAMS=top-at-mark-start, PB=parsable bottom
|   0|0x0000000082e00000, 0x0000000082f00000, 0x0000000082f00000|100%|HS|  |TAMS 0x0000000082e00000| PB 0x0000000082e00000| Complete 
|   1|0x0000000082f00000, 0x0000000083000000, 0x0000000083000000|100%| O|  |TAMS 0x0000000082f00000| PB 0x0000000082f00000| Untracked 
|   2|0x0000000083000000, 0x0000000083100000, 0x0000000083100000|100%| O|  |TAMS 0x0000000083000000| PB 0x0000000083000000| Untracked 
|   3|0x0000000083100000, 0x0000000083200000, 0x0000000083200000|100%| O|  |TAMS 0x0000000083100000| PB 0x0000000083100000| Untracked 
|   4|0x0000000083200000, 0x0000000083300000, 0x0000000083300000|100%| O|  |TAMS 0x0000000083200000| PB 0x0000000083200000| Untracked 
|   5|0x0000000083300000, 0x0000000083400000, 0x0000000083400000|100%| O|  |TAMS 0x0000000083300000| PB 0x0000000083300000| Untracked 
|   6|0x0000000083400000, 0x0000000083500000, 0x0000000083500000|100%| O|  |TAMS 0x0000000083400000| PB 0x0000000083400000| Untracked 
|   7|0x0000000083500000, 0x0000000083600000, 0x0000000083600000|100%| O|  |TAMS 0x0000000083500000| PB 0x0000000083500000| Untracked 
|   8|0x0000000083600000, 0x0000000083700000, 0x0000000083700000|100%| O|  |TAMS 0x0000000083600000| PB 0x0000000083600000| Untracked 
|   9|0x0000000083700000, 0x0000000083800000, 0x0000000083800000|100%| O|  |TAMS 0x0000000083700000| PB 0x0000000083700000| Untracked 
|  10|0x0000000083800000, 0x0000000083900000, 0x0000000083900000|100%| O|  |TAMS 0x0000000083800000| PB 0x0000000083800000| Untracked 
|  11|0x0000000083900000, 0x0000000083a00000, 0x0000000083a00000|100%| O|  |TAMS 0x0000000083900000| PB 0x0000000083900000| Untracked 
|  12|0x0000000083a00000, 0x0000000083b00000, 0x0000000083b00000|100%| O|  |TAMS 0x0000000083a00000| PB 0x0000000083a00000| Untracked 
|  13|0x0000000083b00000, 0x0000000083c00000, 0x0000000083c00000|100%| O|  |TAMS 0x0000000083b00000| PB 0x0000000083b00000| Untracked 
|  14|0x0000000083c00000, 0x0000000083d00000, 0x0000000083d00000|100%| O|  |TAMS 0x0000000083c00000| PB 0x0000000083c00000| Untracked 
|  15|0x0000000083d00000, 0x0000000083e00000, 0x0000000083e00000|100%| O|  |TAMS 0x0000000083d00000| PB 0x0000000083d00000| Untracked 
|  16|0x0000000083e00000, 0x0000000083f00000, 0x0000000083f00000|100%| O|  |TAMS 0x0000000083e00000| PB 0x0000000083e00000| Untracked 
|  17|0x0000000083f00000, 0x0000000084000000, 0x0000000084000000|100%| O|  |TAMS 0x0000000083f00000| PB 0x0000000083f00000| Untracked 
|  18|0x0000000084000000, 0x0000000084100000, 0x0000000084100000|100%| O|  |TAMS 0x0000000084000000| PB 0x0000000084000000| Untracked 
|  19|0x0000000084100000, 0x0000000084200000, 0x0000000084200000|100%| O|  |TAMS 0x0000000084100000| PB 0x0000000084100000| Untracked 
|  20|0x0000000084200000, 0x0000000084300000, 0x0000000084300000|100%| O|  |TAMS 0x0000000084200000| PB 0x0000000084200000| Untracked 
|  21|0x0000000084300000, 0x0000000084400000, 0x0000000084400000|100%| O|  |TAMS 0x0000000084300000| PB 0x0000000084300000| Untracked 
|  22|0x0000000084400000, 0x0000000084500000, 0x0000000084500000|100%| O|  |TAMS 0x0000000084400000| PB 0x0000000084400000| Untracked 
|  23|0x0000000084500000, 0x0000000084600000, 0x0000000084600000|100%| O|  |TAMS 0x0000000084500000| PB 0x0000000084500000| Untracked 
|  24|0x0000000084600000, 0x0000000084700000, 0x0000000084700000|100%| O|  |TAMS 0x0000000084600000| PB 0x0000000084600000| Untracked 
|  25|0x0000000084700000, 0x0000000084800000, 0x0000000084800000|100%| O|  |TAMS 0x0000000084700000| PB 0x0000000084700000| Untracked 
|  26|0x0000000084800000, 0x0000000084900000, 0x0000000084900000|100%| O|  |TAMS 0x0000000084800000| PB 0x0000000084800000| Untracked 
|  27|0x0000000084900000, 0x0000000084a00000, 0x0000000084a00000|100%| O|  |TAMS 0x0000000084900000| PB 0x0000000084900000| Untracked 
|  28|0x0000000084a00000, 0x0000000084b00000, 0x0000000084b00000|100%| O|  |TAMS 0x0000000084a00000| PB 0x0000000084a00000| Untracked 
|  29|0x0000000084b00000, 0x0000000084c00000, 0x0000000084c00000|100%| O|  |TAMS 0x0000000084b00000| PB 0x0000000084b00000| Untracked 
|  30|0x0000000084c00000, 0x0000000084d00000, 0x0000000084d00000|100%| O|  |TAMS 0x0000000084c00000| PB 0x0000000084c00000| Untracked 
|  31|0x0000000084d00000, 0x0000000084e00000, 0x0000000084e00000|100%| O|  |TAMS 0x0000000084d00000| PB 0x0000000084d00000| Untracked 
|  32|0x0000000084e00000, 0x0000000084f00000, 0x0000000084f00000|100%| O|  |TAMS 0x0000000084e00000| PB 0x0000000084e00000| Untracked 
|  33|0x0000000084f00000, 0x0000000085000000, 0x0000000085000000|100%| O|  |TAMS 0x0000000084f00000| PB 0x0000000084f00000| Untracked 
|  34|0x0000000085000000, 0x0000000085100000, 0x0000000085100000|100%| O|  |TAMS 0x0000000085000000| PB 0x0000000085000000| Untracked 
|  35|0x0000000085100000, 0x0000000085200000, 0x0000000085200000|100%| O|  |TAMS 0x0000000085100000| PB 0x0000000085100000| Untracked 
|  36|0x0000000085200000, 0x0000000085300000, 0x0000000085300000|100%| O|  |TAMS 0x0000000085200000| PB 0x0000000085200000| Untracked 
|  37|0x0000000085300000, 0x0000000085400000, 0x0000000085400000|100%| O|  |TAMS 0x0000000085300000| PB 0x0000000085300000| Untracked 
|  38|0x0000000085400000, 0x0000000085500000, 0x0000000085500000|100%| O|  |TAMS 0x0000000085400000| PB 0x0000000085400000| Untracked 
|  39|0x0000000085500000, 0x0000000085600000, 0x0000000085600000|100%| O|  |TAMS 0x0000000085500000| PB 0x0000000085500000| Untracked 
|  40|0x0000000085600000, 0x0000000085700000, 0x0000000085700000|100%| O|  |TAMS 0x0000000085600000| PB 0x0000000085600000| Untracked 
|  41|0x0000000085700000, 0x0000000085800000, 0x0000000085800000|100%| O|  |TAMS 0x0000000085700000| PB 0x0000000085700000| Untracked 
|  42|0x0000000085800000, 0x0000000085900000, 0x0000000085900000|100%| O|  |TAMS 0x0000000085800000| PB 0x0000000085800000| Untracked 
|  43|0x0000000085900000, 0x0000000085a00000, 0x0000000085a00000|100%| O|  |TAMS 0x0000000085900000| PB 0x0000000085900000| Untracked 
|  44|0x0000000085a00000, 0x0000000085b00000, 0x0000000085b00000|100%| O|  |TAMS 0x0000000085a00000| PB 0x0000000085a00000| Untracked 
|  45|0x0000000085b00000, 0x0000000085c00000, 0x0000000085c00000|100%| O|  |TAMS 0x0000000085b00000| PB 0x0000000085b00000| Untracked 
|  46|0x0000000085c00000, 0x0000000085d00000, 0x0000000085d00000|100%| O|  |TAMS 0x0000000085c00000| PB 0x0000000085c00000| Untracked 
|  47|0x0000000085d00000, 0x0000000085e00000, 0x0000000085e00000|100%| O|  |TAMS 0x0000000085d00000| PB 0x0000000085d00000| Untracked 
|  48|0x0000000085e00000, 0x0000000085f00000, 0x0000000085f00000|100%| O|  |TAMS 0x0000000085e00000| PB 0x0000000085e00000| Untracked 
|  49|0x0000000085f00000, 0x0000000086000000, 0x0000000086000000|100%| O|  |TAMS 0x0000000085f00000| PB 0x0000000085f00000| Untracked 
|  50|0x0000000086000000, 0x0000000086100000, 0x0000000086100000|100%| O|  |TAMS 0x0000000086000000| PB 0x0000000086000000| Untracked 
|  51|0x0000000086100000, 0x0000000086164da0, 0x0000000086200000| 39%| O|  |TAMS 0x0000000086100000| PB 0x0000000086100000| Untracked 
|  52|0x0000000086200000, 0x0000000086200000, 0x0000000086300000|  0%| F|  |TAMS 0x0000000086200000| PB 0x0000000086200000| Untracked 
|  53|0x0000000086300000, 0x0000000086300000, 0x0000000086400000|  0%| F|  |TAMS 0x0000000086300000| PB 0x0000000086300000| Untracked 
|  54|0x0000000086400000, 0x0000000086400000, 0x0000000086500000|  0%| F|  |TAMS 0x0000000086400000| PB 0x0000000086400000| Untracked 
|  55|0x0000000086500000, 0x0000000086500000, 0x0000000086600000|  0%| F|  |TAMS 0x0000000086500000| PB 0x0000000086500000| Untracked 
|  56|0x0000000086600000, 0x0000000086600000, 0x0000000086700000|  0%| F|  |TAMS 0x0000000086600000| PB 0x0000000086600000| Untracked 
|  57|0x0000000086700000, 0x0000000086700000, 0x0000000086800000|  0%| F|  |TAMS 0x0000000086700000| PB 0x0000000086700000| Untracked 
|  58|0x0000000086800000, 0x0000000086800000, 0x0000000086900000|  0%| F|  |TAMS 0x0000000086800000| PB 0x0000000086800000| Untracked 
|  59|0x0000000086900000, 0x000000008696e060, 0x0000000086a00000| 42%| S|CS|TAMS 0x0000000086900000| PB 0x0000000086900000| Complete 
|  60|0x0000000086a00000, 0x0000000086b00000, 0x0000000086b00000|100%| S|CS|TAMS 0x0000000086a00000| PB 0x0000000086a00000| Complete 
|  61|0x0000000086b00000, 0x0000000086c00000, 0x0000000086c00000|100%| S|CS|TAMS 0x0000000086b00000| PB 0x0000000086b00000| Complete 
|  62|0x0000000086c00000, 0x0000000086d00000, 0x0000000086d00000|100%| S|CS|TAMS 0x0000000086c00000| PB 0x0000000086c00000| Complete 
|  63|0x0000000086d00000, 0x0000000086d00000, 0x0000000086e00000|  0%| F|  |TAMS 0x0000000086d00000| PB 0x0000000086d00000| Untracked 
|  64|0x0000000086e00000, 0x0000000086f00000, 0x0000000086f00000|100%| S|CS|TAMS 0x0000000086e00000| PB 0x0000000086e00000| Complete 
|  65|0x0000000086f00000, 0x0000000087000000, 0x0000000087000000|100%| S|CS|TAMS 0x0000000086f00000| PB 0x0000000086f00000| Complete 
|  66|0x0000000087000000, 0x0000000087000000, 0x0000000087100000|  0%| F|  |TAMS 0x0000000087000000| PB 0x0000000087000000| Untracked 
|  67|0x0000000087100000, 0x0000000087100000, 0x0000000087200000|  0%| F|  |TAMS 0x0000000087100000| PB 0x0000000087100000| Untracked 
|  68|0x0000000087200000, 0x0000000087200000, 0x0000000087300000|  0%| F|  |TAMS 0x0000000087200000| PB 0x0000000087200000| Untracked 
|  69|0x0000000087300000, 0x0000000087300000, 0x0000000087400000|  0%| F|  |TAMS 0x0000000087300000| PB 0x0000000087300000| Untracked 
|  70|0x0000000087400000, 0x0000000087400000, 0x0000000087500000|  0%| F|  |TAMS 0x0000000087400000| PB 0x0000000087400000| Untracked 
|  71|0x0000000087500000, 0x0000000087500000, 0x0000000087600000|  0%| F|  |TAMS 0x0000000087500000| PB 0x0000000087500000| Untracked 
|  72|0x0000000087600000, 0x0000000087600000, 0x0000000087700000|  0%| F|  |TAMS 0x0000000087600000| PB 0x0000000087600000| Untracked 
|  73|0x0000000087700000, 0x0000000087700000, 0x0000000087800000|  0%| F|  |TAMS 0x0000000087700000| PB 0x0000000087700000| Untracked 
|  74|0x0000000087800000, 0x0000000087800000, 0x0000000087900000|  0%| F|  |TAMS 0x0000000087800000| PB 0x0000000087800000| Untracked 
|  75|0x0000000087900000, 0x0000000087900000, 0x0000000087a00000|  0%| F|  |TAMS 0x0000000087900000| PB 0x0000000087900000| Untracked 
|  76|0x0000000087a00000, 0x0000000087a00800, 0x0000000087b00000|  0%| E|  |TAMS 0x0000000087a00000| PB 0x0000000087a00000| Complete 
|  77|0x0000000087b00000, 0x0000000087c00000, 0x0000000087c00000|100%| E|CS|TAMS 0x0000000087b00000| PB 0x0000000087b00000| Complete 
|  78|0x0000000087c00000, 0x0000000087d00000, 0x0000000087d00000|100%| E|CS|TAMS 0x0000000087c00000| PB 0x0000000087c00000| Complete 
|  79|0x0000000087d00000, 0x0000000087e00000, 0x0000000087e00000|100%| E|CS|TAMS 0x0000000087d00000| PB 0x0000000087d00000| Complete 
|  80|0x0000000087e00000, 0x0000000087f00000, 0x0000000087f00000|100%| E|CS|TAMS 0x0000000087e00000| PB 0x0000000087e00000| Complete 
|  81|0x0000000087f00000, 0x0000000088000000, 0x0000000088000000|100%| E|CS|TAMS 0x0000000087f00000| PB 0x0000000087f00000| Complete 
|  82|0x0000000088000000, 0x0000000088100000, 0x0000000088100000|100%| E|CS|TAMS 0x0000000088000000| PB 0x0000000088000000| Complete 
|  83|0x0000000088100000, 0x0000000088200000, 0x0000000088200000|100%| E|CS|TAMS 0x0000000088100000| PB 0x0000000088100000| Complete 
|  84|0x0000000088200000, 0x0000000088300000, 0x0000000088300000|100%| E|CS|TAMS 0x0000000088200000| PB 0x0000000088200000| Complete 
|  85|0x0000000088300000, 0x0000000088400000, 0x0000000088400000|100%| E|CS|TAMS 0x0000000088300000| PB 0x0000000088300000| Complete 
|  86|0x0000000088400000, 0x0000000088500000, 0x0000000088500000|100%| E|CS|TAMS 0x0000000088400000| PB 0x0000000088400000| Complete 
|  87|0x0000000088500000, 0x0000000088600000, 0x0000000088600000|100%| E|CS|TAMS 0x0000000088500000| PB 0x0000000088500000| Complete 
|  88|0x0000000088600000, 0x0000000088700000, 0x0000000088700000|100%| E|CS|TAMS 0x0000000088600000| PB 0x0000000088600000| Complete 
|  89|0x0000000088700000, 0x0000000088800000, 0x0000000088800000|100%| E|CS|TAMS 0x0000000088700000| PB 0x0000000088700000| Complete 
|  90|0x0000000088800000, 0x0000000088900000, 0x0000000088900000|100%| E|CS|TAMS 0x0000000088800000| PB 0x0000000088800000| Complete 
|  91|0x0000000088900000, 0x0000000088a00000, 0x0000000088a00000|100%| E|CS|TAMS 0x0000000088900000| PB 0x0000000088900000| Complete 
|  92|0x0000000088a00000, 0x0000000088b00000, 0x0000000088b00000|100%| E|CS|TAMS 0x0000000088a00000| PB 0x0000000088a00000| Complete 
|  93|0x0000000088b00000, 0x0000000088c00000, 0x0000000088c00000|100%| E|CS|TAMS 0x0000000088b00000| PB 0x0000000088b00000| Complete 
|  94|0x0000000088c00000, 0x0000000088d00000, 0x0000000088d00000|100%| E|CS|TAMS 0x0000000088c00000| PB 0x0000000088c00000| Complete 
|  95|0x0000000088d00000, 0x0000000088e00000, 0x0000000088e00000|100%| E|CS|TAMS 0x0000000088d00000| PB 0x0000000088d00000| Complete 
|  96|0x0000000088e00000, 0x0000000088f00000, 0x0000000088f00000|100%| E|CS|TAMS 0x0000000088e00000| PB 0x0000000088e00000| Complete 
|  97|0x0000000088f00000, 0x0000000089000000, 0x0000000089000000|100%| E|CS|TAMS 0x0000000088f00000| PB 0x0000000088f00000| Complete 
|  98|0x0000000089000000, 0x0000000089100000, 0x0000000089100000|100%| E|CS|TAMS 0x0000000089000000| PB 0x0000000089000000| Complete 
|  99|0x0000000089100000, 0x0000000089200000, 0x0000000089200000|100%| E|CS|TAMS 0x0000000089100000| PB 0x0000000089100000| Complete 
| 100|0x0000000089200000, 0x0000000089300000, 0x0000000089300000|100%| E|CS|TAMS 0x0000000089200000| PB 0x0000000089200000| Complete 
| 101|0x0000000089300000, 0x0000000089400000, 0x0000000089400000|100%| E|CS|TAMS 0x0000000089300000| PB 0x0000000089300000| Complete 
| 102|0x0000000089400000, 0x0000000089500000, 0x0000000089500000|100%| E|CS|TAMS 0x0000000089400000| PB 0x0000000089400000| Complete 
| 103|0x0000000089500000, 0x0000000089600000, 0x0000000089600000|100%| E|CS|TAMS 0x0000000089500000| PB 0x0000000089500000| Complete 
| 104|0x0000000089600000, 0x0000000089700000, 0x0000000089700000|100%| E|CS|TAMS 0x0000000089600000| PB 0x0000000089600000| Complete 
| 105|0x0000000089700000, 0x0000000089800000, 0x0000000089800000|100%| E|CS|TAMS 0x0000000089700000| PB 0x0000000089700000| Complete 
| 106|0x0000000089800000, 0x0000000089900000, 0x0000000089900000|100%| E|CS|TAMS 0x0000000089800000| PB 0x0000000089800000| Complete 
| 107|0x0000000089900000, 0x0000000089a00000, 0x0000000089a00000|100%| E|CS|TAMS 0x0000000089900000| PB 0x0000000089900000| Complete 
| 108|0x0000000089a00000, 0x0000000089b00000, 0x0000000089b00000|100%| E|CS|TAMS 0x0000000089a00000| PB 0x0000000089a00000| Complete 
| 109|0x0000000089b00000, 0x0000000089c00000, 0x0000000089c00000|100%| E|CS|TAMS 0x0000000089b00000| PB 0x0000000089b00000| Complete 
| 110|0x0000000089c00000, 0x0000000089d00000, 0x0000000089d00000|100%| E|CS|TAMS 0x0000000089c00000| PB 0x0000000089c00000| Complete 
| 111|0x0000000089d00000, 0x0000000089e00000, 0x0000000089e00000|100%| E|CS|TAMS 0x0000000089d00000| PB 0x0000000089d00000| Complete 
| 112|0x0000000089e00000, 0x0000000089f00000, 0x0000000089f00000|100%| E|CS|TAMS 0x0000000089e00000| PB 0x0000000089e00000| Complete 
| 113|0x0000000089f00000, 0x000000008a000000, 0x000000008a000000|100%| E|CS|TAMS 0x0000000089f00000| PB 0x0000000089f00000| Complete 
| 114|0x000000008a000000, 0x000000008a100000, 0x000000008a100000|100%| E|CS|TAMS 0x000000008a000000| PB 0x000000008a000000| Complete 
| 115|0x000000008a100000, 0x000000008a200000, 0x000000008a200000|100%| E|CS|TAMS 0x000000008a100000| PB 0x000000008a100000| Complete 
| 116|0x000000008a200000, 0x000000008a300000, 0x000000008a300000|100%| E|CS|TAMS 0x000000008a200000| PB 0x000000008a200000| Complete 
| 117|0x000000008a300000, 0x000000008a400000, 0x000000008a400000|100%| E|CS|TAMS 0x000000008a300000| PB 0x000000008a300000| Complete 
| 118|0x000000008a400000, 0x000000008a500000, 0x000000008a500000|100%| E|CS|TAMS 0x000000008a400000| PB 0x000000008a400000| Complete 
| 119|0x000000008a500000, 0x000000008a600000, 0x000000008a600000|100%| E|CS|TAMS 0x000000008a500000| PB 0x000000008a500000| Complete 
| 120|0x000000008a600000, 0x000000008a700000, 0x000000008a700000|100%| E|CS|TAMS 0x000000008a600000| PB 0x000000008a600000| Complete 
| 121|0x000000008a700000, 0x000000008a800000, 0x000000008a800000|100%| E|CS|TAMS 0x000000008a700000| PB 0x000000008a700000| Complete 
| 122|0x000000008a800000, 0x000000008a900000, 0x000000008a900000|100%| E|CS|TAMS 0x000000008a800000| PB 0x000000008a800000| Complete 
| 123|0x000000008a900000, 0x000000008aa00000, 0x000000008aa00000|100%| E|CS|TAMS 0x000000008a900000| PB 0x000000008a900000| Complete 
| 124|0x000000008aa00000, 0x000000008ab00000, 0x000000008ab00000|100%| E|CS|TAMS 0x000000008aa00000| PB 0x000000008aa00000| Complete 
| 125|0x000000008ab00000, 0x000000008ac00000, 0x000000008ac00000|100%| E|CS|TAMS 0x000000008ab00000| PB 0x000000008ab00000| Complete 
| 126|0x000000008ac00000, 0x000000008ad00000, 0x000000008ad00000|100%| E|CS|TAMS 0x000000008ac00000| PB 0x000000008ac00000| Complete 
| 127|0x000000008ad00000, 0x000000008ae00000, 0x000000008ae00000|100%| E|CS|TAMS 0x000000008ad00000| PB 0x000000008ad00000| Complete 
| 128|0x000000008ae00000, 0x000000008af00000, 0x000000008af00000|100%| E|CS|TAMS 0x000000008ae00000| PB 0x000000008ae00000| Complete 
| 129|0x000000008af00000, 0x000000008b000000, 0x000000008b000000|100%| E|CS|TAMS 0x000000008af00000| PB 0x000000008af00000| Complete 
| 130|0x000000008b000000, 0x000000008b100000, 0x000000008b100000|100%| E|CS|TAMS 0x000000008b000000| PB 0x000000008b000000| Complete 
| 131|0x000000008b100000, 0x000000008b200000, 0x000000008b200000|100%| E|CS|TAMS 0x000000008b100000| PB 0x000000008b100000| Complete 
| 132|0x000000008b200000, 0x000000008b300000, 0x000000008b300000|100%| E|CS|TAMS 0x000000008b200000| PB 0x000000008b200000| Complete 
| 133|0x000000008b300000, 0x000000008b400000, 0x000000008b400000|100%| E|CS|TAMS 0x000000008b300000| PB 0x000000008b300000| Complete 
| 134|0x000000008b400000, 0x000000008b500000, 0x000000008b500000|100%| E|CS|TAMS 0x000000008b400000| PB 0x000000008b400000| Complete 
| 135|0x000000008b500000, 0x000000008b600000, 0x000000008b600000|100%| E|CS|TAMS 0x000000008b500000| PB 0x000000008b500000| Complete 

Card table byte_map: [0x000001d67def0000,0x000001d67e2e0000] _byte_map_base: 0x000001d67dad9000

Marking Bits: (CMBitMap*) 0x000001d6751b0450
 Bits: [0x000001d60f000000, 0x000001d610f48000)

Polling page: 0x000001d674910000

Metaspace:

Usage:
  Non-class:     60.54 MB used.
      Class:      8.57 MB used.
       Both:     69.11 MB used.

Virtual space:
  Non-class space:       64.00 MB reserved,      60.88 MB ( 95%) committed,  1 nodes.
      Class space:        1.00 GB reserved,       8.88 MB ( <1%) committed,  1 nodes.
             Both:        1.06 GB reserved,      69.75 MB (  6%) committed. 

Chunk freelists:
   Non-Class:  3.08 MB
       Class:  7.16 MB
        Both:  10.23 MB

MaxMetaspaceSize: unlimited
CompressedClassSpaceSize: 1.00 GB
Initial GC threshold: 21.00 MB
Current GC threshold: 82.19 MB
CDS: on
 - commit_granule_bytes: 65536.
 - commit_granule_words: 8192.
 - virtual_space_node_default_size: 8388608.
 - enlarge_chunks_in_place: 1.
 - use_allocation_guard: 0.


Internal statistics:

num_allocs_failed_limit: 6.
num_arena_births: 826.
num_arena_deaths: 0.
num_vsnodes_births: 2.
num_vsnodes_deaths: 0.
num_space_committed: 1116.
num_space_uncommitted: 0.
num_chunks_returned_to_freelist: 6.
num_chunks_taken_from_freelist: 3421.
num_chunk_merges: 6.
num_chunk_splits: 2413.
num_chunks_enlarged: 1924.
num_inconsistent_stats: 0.

CodeHeap 'non-profiled nmethods': size=120000Kb used=6490Kb max_used=6490Kb free=113510Kb
 bounds [0x000001d607ad0000, 0x000001d608130000, 0x000001d60f000000]
CodeHeap 'profiled nmethods': size=120000Kb used=19309Kb max_used=19309Kb free=100690Kb
 bounds [0x000001d600000000, 0x000001d6012e0000, 0x000001d607530000]
CodeHeap 'non-nmethods': size=5760Kb used=1637Kb max_used=1701Kb free=4122Kb
 bounds [0x000001d607530000, 0x000001d6077a0000, 0x000001d607ad0000]
 total_blobs=11058 nmethods=10381 adapters=579
 compilation: enabled
              stopped_count=0, restarted_count=0
 full_count=0

Compilation events (20 events):
Event: 9.868 Thread 0x000001d67ef58fd0 nmethod 11137 0x000001d6012a4190 code [0x000001d6012a43c0, 0x000001d6012a4d38]
Event: 9.868 Thread 0x000001d67ef58fd0 11104       2       sun.nio.ch.IOStatus::okayToRetry (22 bytes)
Event: 9.868 Thread 0x000001d67ef58fd0 nmethod 11104 0x000001d6012a4f10 code [0x000001d6012a50a0, 0x000001d6012a51c0]
Event: 9.868 Thread 0x000001d67ef58fd0 11103       2       java.lang.invoke.LambdaForm$MH/0x000001d6141dc000::invoke (56 bytes)
Event: 9.868 Thread 0x000001d67ef58fd0 nmethod 11103 0x000001d6012a5290 code [0x000001d6012a5460, 0x000001d6012a56e8]
Event: 9.868 Thread 0x000001d67ef58fd0 11138   !   3       com.zaxxer.hikari.pool.HikariProxyResultSet::wasNull (17 bytes)
Event: 9.868 Thread 0x000001d67ef58fd0 nmethod 11138 0x000001d6012a5910 code [0x000001d6012a5ae0, 0x000001d6012a5d98]
Event: 9.868 Thread 0x000001d67ef58fd0 11140       3       org.hibernate.type.AbstractStandardBasicType::deepCopy (6 bytes)
Event: 9.869 Thread 0x000001d67ef58fd0 nmethod 11140 0x000001d6012a5f10 code [0x000001d6012a60e0, 0x000001d6012a63e0]
Event: 9.869 Thread 0x000001d67ef58fd0 11139       3       org.postgresql.jdbc.PgResultSet::wasNull (9 bytes)
Event: 9.869 Thread 0x000001d67ef58fd0 nmethod 11139 0x000001d6012a6510 code [0x000001d6012a6700, 0x000001d6012a6b18]
Event: 9.869 Thread 0x000001d67ef58fd0 11141       2       com.fasterxml.jackson.core.json.UTF8JsonGenerator::_writeStringSegment (122 bytes)
Event: 9.869 Thread 0x000001d67ef58fd0 nmethod 11141 0x000001d6012a6d10 code [0x000001d6012a6f00, 0x000001d6012a72d0]
Event: 9.869 Thread 0x000001d67ef58fd0 11145       3       sun.util.calendar.BaseCalendar::getFixedDate (324 bytes)
Event: 9.871 Thread 0x000001d67ef58fd0 nmethod 11145 0x000001d6012a7610 code [0x000001d6012a7960, 0x000001d6012a9990]
Event: 9.871 Thread 0x000001d67ef58fd0 11149   !   3       org.hibernate.proxy.pojo.bytebuddy.ByteBuddyInterceptor::intercept (164 bytes)
Event: 9.872 Thread 0x000001d67ef58fd0 nmethod 11149 0x000001d6012aa390 code [0x000001d6012aa840, 0x000001d6012ac738]
Event: 9.872 Thread 0x000001d67ef58fd0 11153       3       org.apache.tomcat.util.buf.MessageBytes::recycle (35 bytes)
Event: 9.872 Thread 0x000001d67ef58fd0 nmethod 11153 0x000001d6012ad610 code [0x000001d6012ad7c0, 0x000001d6012adb10]
Event: 9.872 Thread 0x000001d67ef58fd0 11150       3       org.hibernate.proxy.pojo.BasicLazyInitializer::invoke (192 bytes)

GC Heap History (20 events):
Event: 7.319 GC heap before
{Heap before GC invocations=18 (full 0):
 garbage-first heap   total 79872K, used 70213K [0x0000000082e00000, 0x0000000100000000)
  region size 1024K, 35 young (35840K), 3 survivors (3072K)
 Metaspace       used 58321K, committed 58816K, reserved 1114112K
  class space    used 7446K, committed 7680K, reserved 1048576K
}
Event: 7.322 GC heap after
{Heap after GC invocations=19 (full 0):
 garbage-first heap   total 79872K, used 38739K [0x0000000082e00000, 0x0000000100000000)
  region size 1024K, 4 young (4096K), 4 survivors (4096K)
 Metaspace       used 58321K, committed 58816K, reserved 1114112K
  class space    used 7446K, committed 7680K, reserved 1048576K
}
Event: 7.463 GC heap before
{Heap before GC invocations=19 (full 0):
 garbage-first heap   total 79872K, used 69459K [0x0000000082e00000, 0x0000000100000000)
  region size 1024K, 34 young (34816K), 4 survivors (4096K)
 Metaspace       used 58585K, committed 59072K, reserved 1114112K
  class space    used 7461K, committed 7680K, reserved 1048576K
}
Event: 7.468 GC heap after
{Heap after GC invocations=20 (full 0):
 garbage-first heap   total 96256K, used 40077K [0x0000000082e00000, 0x0000000100000000)
  region size 1024K, 3 young (3072K), 3 survivors (3072K)
 Metaspace       used 58585K, committed 59072K, reserved 1114112K
  class space    used 7461K, committed 7680K, reserved 1048576K
}
Event: 7.723 GC heap before
{Heap before GC invocations=20 (full 0):
 garbage-first heap   total 96256K, used 86157K [0x0000000082e00000, 0x0000000100000000)
  region size 1024K, 48 young (49152K), 3 survivors (3072K)
 Metaspace       used 59146K, committed 59584K, reserved 1114112K
  class space    used 7493K, committed 7680K, reserved 1048576K
}
Event: 7.727 GC heap after
{Heap after GC invocations=21 (full 0):
 garbage-first heap   total 96256K, used 42278K [0x0000000082e00000, 0x0000000100000000)
  region size 1024K, 5 young (5120K), 5 survivors (5120K)
 Metaspace       used 59146K, committed 59584K, reserved 1114112K
  class space    used 7493K, committed 7680K, reserved 1048576K
}
Event: 7.845 GC heap before
{Heap before GC invocations=21 (full 0):
 garbage-first heap   total 96256K, used 84262K [0x0000000082e00000, 0x0000000100000000)
  region size 1024K, 46 young (47104K), 5 survivors (5120K)
 Metaspace       used 59557K, committed 60032K, reserved 1114112K
  class space    used 7509K, committed 7744K, reserved 1048576K
}
Event: 7.849 GC heap after
{Heap after GC invocations=22 (full 0):
 garbage-first heap   total 96256K, used 44117K [0x0000000082e00000, 0x0000000100000000)
  region size 1024K, 4 young (4096K), 4 survivors (4096K)
 Metaspace       used 59557K, committed 60032K, reserved 1114112K
  class space    used 7509K, committed 7744K, reserved 1048576K
}
Event: 7.979 GC heap before
{Heap before GC invocations=22 (full 0):
 garbage-first heap   total 96256K, used 85077K [0x0000000082e00000, 0x0000000100000000)
  region size 1024K, 44 young (45056K), 4 survivors (4096K)
 Metaspace       used 60200K, committed 60672K, reserved 1114112K
  class space    used 7554K, committed 7744K, reserved 1048576K
}
Event: 7.982 GC heap after
{Heap after GC invocations=23 (full 0):
 garbage-first heap   total 96256K, used 45947K [0x0000000082e00000, 0x0000000100000000)
  region size 1024K, 4 young (4096K), 4 survivors (4096K)
 Metaspace       used 60200K, committed 60672K, reserved 1114112K
  class space    used 7554K, committed 7744K, reserved 1048576K
}
Event: 8.125 GC heap before
{Heap before GC invocations=23 (full 0):
 garbage-first heap   total 96256K, used 84859K [0x0000000082e00000, 0x0000000100000000)
  region size 1024K, 42 young (43008K), 4 survivors (4096K)
 Metaspace       used 60559K, committed 60992K, reserved 1114112K
  class space    used 7569K, committed 7744K, reserved 1048576K
}
Event: 8.129 GC heap after
{Heap after GC invocations=24 (full 0):
 garbage-first heap   total 115712K, used 47887K [0x0000000082e00000, 0x0000000100000000)
  region size 1024K, 4 young (4096K), 4 survivors (4096K)
 Metaspace       used 60559K, committed 60992K, reserved 1114112K
  class space    used 7569K, committed 7744K, reserved 1048576K
}
Event: 8.331 GC heap before
{Heap before GC invocations=24 (full 0):
 garbage-first heap   total 115712K, used 103183K [0x0000000082e00000, 0x0000000100000000)
  region size 1024K, 58 young (59392K), 4 survivors (4096K)
 Metaspace       used 60961K, committed 61440K, reserved 1114112K
  class space    used 7589K, committed 7808K, reserved 1048576K
}
Event: 8.335 GC heap after
{Heap after GC invocations=25 (full 0):
 garbage-first heap   total 115712K, used 50164K [0x0000000082e00000, 0x0000000100000000)
  region size 1024K, 6 young (6144K), 6 survivors (6144K)
 Metaspace       used 60961K, committed 61440K, reserved 1114112K
  class space    used 7589K, committed 7808K, reserved 1048576K
}
Event: 8.473 GC heap before
{Heap before GC invocations=25 (full 0):
 garbage-first heap   total 115712K, used 101364K [0x0000000082e00000, 0x0000000100000000)
  region size 1024K, 56 young (57344K), 6 survivors (6144K)
 Metaspace       used 61341K, committed 61760K, reserved 1114112K
  class space    used 7609K, committed 7808K, reserved 1048576K
}
Event: 8.478 GC heap after
{Heap after GC invocations=26 (full 0):
 garbage-first heap   total 115712K, used 52372K [0x0000000082e00000, 0x0000000100000000)
  region size 1024K, 5 young (5120K), 5 survivors (5120K)
 Metaspace       used 61341K, committed 61760K, reserved 1114112K
  class space    used 7609K, committed 7808K, reserved 1048576K
}
Event: 8.595 GC heap before
{Heap before GC invocations=26 (full 0):
 garbage-first heap   total 115712K, used 102548K [0x0000000082e00000, 0x0000000100000000)
  region size 1024K, 54 young (55296K), 5 survivors (5120K)
 Metaspace       used 61707K, committed 62080K, reserved 1114112K
  class space    used 7628K, committed 7808K, reserved 1048576K
}
Event: 8.598 GC heap after
{Heap after GC invocations=27 (full 0):
 garbage-first heap   total 115712K, used 54649K [0x0000000082e00000, 0x0000000100000000)
  region size 1024K, 5 young (5120K), 5 survivors (5120K)
 Metaspace       used 61707K, committed 62080K, reserved 1114112K
  class space    used 7628K, committed 7808K, reserved 1048576K
}
Event: 8.983 GC heap before
{Heap before GC invocations=27 (full 0):
 garbage-first heap   total 115712K, used 102777K [0x0000000082e00000, 0x0000000100000000)
  region size 1024K, 52 young (53248K), 5 survivors (5120K)
 Metaspace       used 63699K, committed 64192K, reserved 1114112K
  class space    used 7884K, committed 8128K, reserved 1048576K
}
Event: 8.987 GC heap after
{Heap after GC invocations=28 (full 0):
 garbage-first heap   total 139264K, used 58187K [0x0000000082e00000, 0x0000000100000000)
  region size 1024K, 6 young (6144K), 6 survivors (6144K)
 Metaspace       used 63699K, committed 64192K, reserved 1114112K
  class space    used 7884K, committed 8128K, reserved 1048576K
}

Dll operation events (11 events):
Event: 0.007 Loaded shared library C:\Program Files\Java\jdk-21\bin\java.dll
Event: 0.052 Loaded shared library C:\Program Files\Java\jdk-21\bin\jsvml.dll
Event: 0.136 Loaded shared library C:\Program Files\Java\jdk-21\bin\net.dll
Event: 0.138 Loaded shared library C:\Program Files\Java\jdk-21\bin\nio.dll
Event: 0.143 Loaded shared library C:\Program Files\Java\jdk-21\bin\zip.dll
Event: 0.209 Loaded shared library C:\Program Files\Java\jdk-21\bin\jimage.dll
Event: 0.227 Loaded shared library C:\Program Files\Java\jdk-21\bin\verify.dll
Event: 0.681 Loaded shared library C:\Program Files\Java\jdk-21\bin\management.dll
Event: 0.682 Loaded shared library C:\Program Files\Java\jdk-21\bin\management_ext.dll
Event: 3.963 Loaded shared library C:\Program Files\Java\jdk-21\bin\sunmscapi.dll
Event: 4.948 Loaded shared library C:\Program Files\Java\jdk-21\bin\extnet.dll

Deoptimization events (20 events):
Event: 9.751 Thread 0x000001d65827fa20 Uncommon trap: reason=class_check action=maybe_recompile pc=0x000001d607f9152c method=org.springframework.core.annotation.AnnotationsScanner.processMethodInheritedAnnotations(Ljava/lang/Object;Ljava/lang/reflect/Method;Lorg/springframework/core/annotation
Event: 9.751 Thread 0x000001d65dbafe20 Uncommon trap: reason=class_check action=maybe_recompile pc=0x000001d607f9152c method=org.springframework.core.annotation.AnnotationsScanner.processMethodInheritedAnnotations(Ljava/lang/Object;Ljava/lang/reflect/Method;Lorg/springframework/core/annotation
Event: 9.751 Thread 0x000001d65dbaf790 Uncommon trap: reason=class_check action=maybe_recompile pc=0x000001d607f9152c method=org.springframework.core.annotation.AnnotationsScanner.processMethodInheritedAnnotations(Ljava/lang/Object;Ljava/lang/reflect/Method;Lorg/springframework/core/annotation
Event: 9.751 Thread 0x000001d65827d950 Uncommon trap: trap_request=0xffffffde fr.pc=0x000001d607f9152c relative=0x00000000000004ec
Event: 9.751 Thread 0x000001d65827fa20 DEOPT PACKING pc=0x000001d607f9152c sp=0x0000005e828fd0c0
Event: 9.751 Thread 0x000001d65dbaea70 DEOPT PACKING pc=0x000001d607f9152c sp=0x0000005e82dfd310
Event: 9.751 Thread 0x000001d65dbb0b40 Uncommon trap: reason=class_check action=maybe_recompile pc=0x000001d607f9152c method=org.springframework.core.annotation.AnnotationsScanner.processMethodInheritedAnnotations(Ljava/lang/Object;Ljava/lang/reflect/Method;Lorg/springframework/core/annotation
Event: 9.751 Thread 0x000001d65827d950 Uncommon trap: reason=class_check action=maybe_recompile pc=0x000001d607f9152c method=org.springframework.core.annotation.AnnotationsScanner.processMethodInheritedAnnotations(Ljava/lang/Object;Ljava/lang/reflect/Method;Lorg/springframework/core/annotation
Event: 9.751 Thread 0x000001d65dbafe20 DEOPT PACKING pc=0x000001d607f9152c sp=0x0000005e82bfd410
Event: 9.751 Thread 0x000001d65827fa20 DEOPT UNPACKING pc=0x000001d6075846a2 sp=0x0000005e828fd038 mode 2
Event: 9.751 Thread 0x000001d65dbaea70 DEOPT UNPACKING pc=0x000001d6075846a2 sp=0x0000005e82dfd288 mode 2
Event: 9.751 Thread 0x000001d65dbafe20 DEOPT UNPACKING pc=0x000001d6075846a2 sp=0x0000005e82bfd388 mode 2
Event: 9.751 Thread 0x000001d65dbaf790 DEOPT PACKING pc=0x000001d607f9152c sp=0x0000005e82afd6d0
Event: 9.751 Thread 0x000001d65dbb0b40 DEOPT PACKING pc=0x000001d607f9152c sp=0x0000005e82cfcf80
Event: 9.751 Thread 0x000001d65dbaf790 DEOPT UNPACKING pc=0x000001d6075846a2 sp=0x0000005e82afd648 mode 2
Event: 9.751 Thread 0x000001d65dbb0b40 DEOPT UNPACKING pc=0x000001d6075846a2 sp=0x0000005e82cfcef8 mode 2
Event: 9.751 Thread 0x000001d65827d950 DEOPT PACKING pc=0x000001d607f9152c sp=0x0000005e825fd290
Event: 9.751 Thread 0x000001d65827d950 DEOPT UNPACKING pc=0x000001d6075846a2 sp=0x0000005e825fd208 mode 2
Event: 9.864 Thread 0x000001d65827d2c0 DEOPT PACKING pc=0x000001d601207e5a sp=0x0000005e824fea20
Event: 9.864 Thread 0x000001d65827d2c0 DEOPT UNPACKING pc=0x000001d607584e42 sp=0x0000005e824fdf60 mode 0

Classes loaded (20 events):
Event: 9.457 Loading class java/util/concurrent/locks/ReentrantReadWriteLock$Sync$HoldCounter
Event: 9.457 Loading class java/util/concurrent/locks/ReentrantReadWriteLock$Sync$HoldCounter done
Event: 9.522 Loading class java/time/format/DateTimeFormatterBuilder$ZoneTextPrinterParser
Event: 9.523 Loading class java/time/format/DateTimeFormatterBuilder$ZoneTextPrinterParser done
Event: 9.523 Loading class java/time/format/DateTimeFormatterBuilder$ReducedPrinterParser
Event: 9.523 Loading class java/time/format/DateTimeFormatterBuilder$ReducedPrinterParser done
Event: 9.635 Loading class java/util/OptionalLong
Event: 9.635 Loading class java/util/OptionalLong done
Event: 9.635 Loading class java/util/OptionalDouble
Event: 9.635 Loading class java/util/OptionalDouble done
Event: 9.653 Loading class org/w3c/dom/Document
Event: 9.654 Loading class org/w3c/dom/Document done
Event: 9.681 Loading class java/util/concurrent/atomic/AtomicReferenceArray
Event: 9.681 Loading class java/util/concurrent/atomic/AtomicReferenceArray done
Event: 9.681 Loading class java/lang/invoke/VarHandleReferences$Array
Event: 9.681 Loading class java/lang/invoke/VarHandleReferences$Array done
Event: 9.731 Loading class java/math/MathContext
Event: 9.732 Loading class java/math/MathContext done
Event: 9.734 Loading class java/math/BigDecimal$StringBuilderHelper
Event: 9.734 Loading class java/math/BigDecimal$StringBuilderHelper done

Classes unloaded (0 events):
No events

Classes redefined (0 events):
No events

Internal exceptions (20 events):
Event: 9.627 Thread 0x000001d65827fa20 Exception <a 'java/lang/NoSuchMethodError'{0x0000000088d884b8}: 'java.lang.Object java.lang.invoke.DirectMethodHandle$Holder.newInvokeSpecial(java.lang.Object, java.lang.Object, java.lang.Object, long)'> (0x0000000088d884b8) 
thrown [s\open\src\hotspot\share\interpreter\linkResolver.cpp, line 773]
Event: 9.627 Thread 0x000001d65dbb04b0 Exception <a 'java/lang/NoSuchMethodError'{0x0000000088d1ffc0}: 'java.lang.Object java.lang.invoke.DirectMethodHandle$Holder.newInvokeSpecial(java.lang.Object, java.lang.Object, java.lang.Object, long)'> (0x0000000088d1ffc0) 
thrown [s\open\src\hotspot\share\interpreter\linkResolver.cpp, line 773]
Event: 9.627 Thread 0x000001d65827fa20 Exception <a 'java/lang/NoSuchMethodError'{0x0000000088d8c5d0}: 'java.lang.Object java.lang.invoke.DirectMethodHandle$Holder.invokeSpecial(java.lang.Object, java.lang.Object, java.lang.Object, java.lang.Object, long)'> (0x0000000088d8c5d0) 
thrown [s\open\src\hotspot\share\interpreter\linkResolver.cpp, line 773]
Event: 9.627 Thread 0x000001d65dbb04b0 Exception <a 'java/lang/NoSuchMethodError'{0x0000000088d23ef0}: 'java.lang.Object java.lang.invoke.DirectMethodHandle$Holder.invokeSpecial(java.lang.Object, java.lang.Object, java.lang.Object, java.lang.Object, long)'> (0x0000000088d23ef0) 
thrown [s\open\src\hotspot\share\interpreter\linkResolver.cpp, line 773]
Event: 9.627 Thread 0x000001d65827f390 Exception <a 'java/lang/NoSuchMethodError'{0x0000000088ea55d0}: 'java.lang.Object java.lang.invoke.DirectMethodHandle$Holder.invokeSpecial(java.lang.Object, java.lang.Object, java.lang.Object, java.lang.Object, long)'> (0x0000000088ea55d0) 
thrown [s\open\src\hotspot\share\interpreter\linkResolver.cpp, line 773]
Event: 9.627 Thread 0x000001d65827c5a0 Exception <a 'java/lang/NoSuchMethodError'{0x0000000088c71ed0}: 'java.lang.Object java.lang.invoke.DirectMethodHandle$Holder.invokeSpecial(java.lang.Object, java.lang.Object, java.lang.Object, java.lang.Object, long)'> (0x0000000088c71ed0) 
thrown [s\open\src\hotspot\share\interpreter\linkResolver.cpp, line 773]
Event: 9.627 Thread 0x000001d65827d2c0 Exception <a 'java/lang/NoSuchMethodError'{0x0000000088def718}: 'java.lang.Object java.lang.invoke.DirectMethodHandle$Holder.invokeSpecial(java.lang.Object, java.lang.Object, java.lang.Object, java.lang.Object, long)'> (0x0000000088def718) 
thrown [s\open\src\hotspot\share\interpreter\linkResolver.cpp, line 773]
Event: 9.627 Thread 0x000001d65827d950 Exception <a 'java/lang/NoSuchMethodError'{0x0000000088c09828}: 'java.lang.Object java.lang.invoke.DirectMethodHandle$Holder.invokeSpecial(java.lang.Object, java.lang.Object, java.lang.Object, java.lang.Object, long)'> (0x0000000088c09828) 
thrown [s\open\src\hotspot\share\interpreter\linkResolver.cpp, line 773]
Event: 9.627 Thread 0x000001d65827fa20 Exception <a 'java/lang/NoSuchMethodError'{0x0000000088d90480}: 'java.lang.Object java.lang.invoke.Invokers$Holder.linkToTargetMethod(java.lang.Object, java.lang.Object, long, java.lang.Object)'> (0x0000000088d90480) 
thrown [s\open\src\hotspot\share\interpreter\linkResolver.cpp, line 773]
Event: 9.627 Thread 0x000001d65dbb04b0 Exception <a 'java/lang/NoSuchMethodError'{0x0000000088d27b60}: 'java.lang.Object java.lang.invoke.Invokers$Holder.linkToTargetMethod(java.lang.Object, java.lang.Object, long, java.lang.Object)'> (0x0000000088d27b60) 
thrown [s\open\src\hotspot\share\interpreter\linkResolver.cpp, line 773]
Event: 9.627 Thread 0x000001d65827f390 Exception <a 'java/lang/NoSuchMethodError'{0x0000000088ea8f70}: 'java.lang.Object java.lang.invoke.Invokers$Holder.linkToTargetMethod(java.lang.Object, java.lang.Object, long, java.lang.Object)'> (0x0000000088ea8f70) 
thrown [s\open\src\hotspot\share\interpreter\linkResolver.cpp, line 773]
Event: 9.627 Thread 0x000001d65827c5a0 Exception <a 'java/lang/NoSuchMethodError'{0x0000000088c75870}: 'java.lang.Object java.lang.invoke.Invokers$Holder.linkToTargetMethod(java.lang.Object, java.lang.Object, long, java.lang.Object)'> (0x0000000088c75870) 
thrown [s\open\src\hotspot\share\interpreter\linkResolver.cpp, line 773]
Event: 9.627 Thread 0x000001d65827d2c0 Exception <a 'java/lang/NoSuchMethodError'{0x0000000088df30b8}: 'java.lang.Object java.lang.invoke.Invokers$Holder.linkToTargetMethod(java.lang.Object, java.lang.Object, long, java.lang.Object)'> (0x0000000088df30b8) 
thrown [s\open\src\hotspot\share\interpreter\linkResolver.cpp, line 773]
Event: 9.627 Thread 0x000001d65827d950 Exception <a 'java/lang/NoSuchMethodError'{0x0000000088c0d1c8}: 'java.lang.Object java.lang.invoke.Invokers$Holder.linkToTargetMethod(java.lang.Object, java.lang.Object, long, java.lang.Object)'> (0x0000000088c0d1c8) 
thrown [s\open\src\hotspot\share\interpreter\linkResolver.cpp, line 773]
Event: 9.744 Thread 0x000001d65dbb04b0 Exception <a 'java/lang/NoSuchMethodError'{0x0000000088440000}: 'java.lang.Object java.lang.invoke.DirectMethodHandle$Holder.newInvokeSpecial(java.lang.Object, java.lang.Object, java.lang.Object, java.lang.Object, java.lang.Object, java.lang.Object, java.lang.Object)'> (0x0000000088440000) 
thrown [s\open\src\hotspot\share\interpreter\linkResolver.cpp, line 773]
Event: 9.744 Thread 0x000001d65827d2c0 Exception <a 'java/lang/NoSuchMethodError'{0x0000000088331d68}: 'java.lang.Object java.lang.invoke.DirectMethodHandle$Holder.newInvokeSpecial(java.lang.Object, java.lang.Object, java.lang.Object, java.lang.Object, java.lang.Object, java.lang.Object, java.lang.Object)'> (0x0000000088331d68) 
thrown [s\open\src\hotspot\share\interpreter\linkResolver.cpp, line 773]
Event: 9.744 Thread 0x000001d65827d950 Exception <a 'java/lang/NoSuchMethodError'{0x000000008849c290}: 'java.lang.Object java.lang.invoke.DirectMethodHandle$Holder.newInvokeSpecial(java.lang.Object, java.lang.Object, java.lang.Object, java.lang.Object, java.lang.Object, java.lang.Object, java.lang.Object)'> (0x000000008849c290) 
thrown [s\open\src\hotspot\share\interpreter\linkResolver.cpp, line 773]
Event: 9.744 Thread 0x000001d65827c5a0 Exception <a 'java/lang/NoSuchMethodError'{0x00000000885cac50}: 'java.lang.Object java.lang.invoke.DirectMethodHandle$Holder.newInvokeSpecial(java.lang.Object, java.lang.Object, java.lang.Object, java.lang.Object, java.lang.Object, java.lang.Object, java.lang.Object)'> (0x00000000885cac50) 
thrown [s\open\src\hotspot\share\interpreter\linkResolver.cpp, line 773]
Event: 9.744 Thread 0x000001d65827fa20 Exception <a 'java/lang/NoSuchMethodError'{0x00000000885613c8}: 'java.lang.Object java.lang.invoke.DirectMethodHandle$Holder.newInvokeSpecial(java.lang.Object, java.lang.Object, java.lang.Object, java.lang.Object, java.lang.Object, java.lang.Object, java.lang.Object)'> (0x00000000885613c8) 
thrown [s\open\src\hotspot\share\interpreter\linkResolver.cpp, line 773]
Event: 9.744 Thread 0x000001d65827f390 Exception <a 'java/lang/NoSuchMethodError'{0x00000000883723f8}: 'java.lang.Object java.lang.invoke.DirectMethodHandle$Holder.newInvokeSpecial(java.lang.Object, java.lang.Object, java.lang.Object, java.lang.Object, java.lang.Object, java.lang.Object, java.lang.Object)'> (0x00000000883723f8) 
thrown [s\open\src\hotspot\share\interpreter\linkResolver.cpp, line 773]

ZGC Phase Switch (0 events):
No events

VM Operations (20 events):
Event: 9.626 Executing VM operation: ICBufferFull
Event: 9.626 Executing VM operation: ICBufferFull done
Event: 9.632 Executing VM operation: HandshakeAllThreads (Deoptimize)
Event: 9.632 Executing VM operation: HandshakeAllThreads (Deoptimize) done
Event: 9.643 Executing VM operation: HandshakeAllThreads (Deoptimize)
Event: 9.643 Executing VM operation: HandshakeAllThreads (Deoptimize) done
Event: 9.699 Executing VM operation: HandshakeAllThreads (Deoptimize)
Event: 9.700 Executing VM operation: HandshakeAllThreads (Deoptimize) done
Event: 9.732 Executing VM operation: ICBufferFull
Event: 9.732 Executing VM operation: ICBufferFull done
Event: 9.732 Executing VM operation: ICBufferFull
Event: 9.732 Executing VM operation: ICBufferFull done
Event: 9.732 Executing VM operation: ICBufferFull
Event: 9.732 Executing VM operation: ICBufferFull done
Event: 9.732 Executing VM operation: ICBufferFull
Event: 9.732 Executing VM operation: ICBufferFull done
Event: 9.732 Executing VM operation: ICBufferFull
Event: 9.732 Executing VM operation: ICBufferFull done
Event: 9.732 Executing VM operation: ICBufferFull
Event: 9.732 Executing VM operation: ICBufferFull done

Events (20 events):
Event: 6.104 Thread 0x000001d67ef18f50 flushing nmethod 0x000001d607b7aa10
Event: 6.104 Thread 0x000001d67ef18f50 flushing nmethod 0x000001d607b87010
Event: 6.104 Thread 0x000001d67ef18f50 flushing nmethod 0x000001d607b72910
Event: 6.104 Thread 0x000001d67ef18f50 flushing nmethod 0x000001d607b63d10
Event: 6.104 Thread 0x000001d67ef18f50 flushing nmethod 0x000001d607ad5210
Event: 6.104 Thread 0x000001d67ef18f50 flushing nmethod 0x000001d607ad0010
Event: 9.294 Thread 0x000001d65827d2c0 Thread added: 0x000001d65827d2c0
Event: 9.294 Thread 0x000001d65827d950 Thread added: 0x000001d65827d950
Event: 9.294 Thread 0x000001d65827c5a0 Thread added: 0x000001d65827c5a0
Event: 9.294 Thread 0x000001d65827f390 Thread added: 0x000001d65827f390
Event: 9.294 Thread 0x000001d65827fa20 Thread added: 0x000001d65827fa20
Event: 9.294 Thread 0x000001d65dbb04b0 Thread added: 0x000001d65dbb04b0
Event: 9.294 Thread 0x000001d65dbaf790 Thread added: 0x000001d65dbaf790
Event: 9.294 Thread 0x000001d65dbafe20 Thread added: 0x000001d65dbafe20
Event: 9.295 Thread 0x000001d65dbb0b40 Thread added: 0x000001d65dbb0b40
Event: 9.295 Thread 0x000001d65dbaea70 Thread added: 0x000001d65dbaea70
Event: 9.310 Thread 0x000001d65dbb2580 Thread added: 0x000001d65dbb2580
Event: 9.311 Thread 0x000001d65dbb6090 Thread added: 0x000001d65dbb6090
Event: 9.415 Thread 0x000001d675151810 Thread exited: 0x000001d675151810
Event: 9.415 Thread 0x000001d65dbb2c10 Thread added: 0x000001d65dbb2c10


Dynamic libraries:
0x00007ff66feb0000 - 0x00007ff66fec0000 	C:\Program Files\Java\jdk-21\bin\java.exe
0x00007ffc88d10000 - 0x00007ffc88f27000 	C:\WINDOWS\SYSTEM32\ntdll.dll
0x00007ffc86a40000 - 0x00007ffc86b04000 	C:\WINDOWS\System32\KERNEL32.DLL
0x00007ffc86100000 - 0x00007ffc864ad000 	C:\WINDOWS\System32\KERNELBASE.dll
0x00007ffc864b0000 - 0x00007ffc865c1000 	C:\WINDOWS\System32\ucrtbase.dll
0x00007ffc7a190000 - 0x00007ffc7a1ab000 	C:\Program Files\Java\jdk-21\bin\VCRUNTIME140.dll
0x00007ffc74050000 - 0x00007ffc74069000 	C:\Program Files\Java\jdk-21\bin\jli.dll
0x00007ffc88710000 - 0x00007ffc887c2000 	C:\WINDOWS\System32\ADVAPI32.dll
0x00007ffc86b10000 - 0x00007ffc86bb7000 	C:\WINDOWS\System32\msvcrt.dll
0x00007ffc873e0000 - 0x00007ffc87489000 	C:\WINDOWS\System32\sechost.dll
0x00007ffc86030000 - 0x00007ffc86058000 	C:\WINDOWS\System32\bcrypt.dll
0x00007ffc87d50000 - 0x00007ffc87e64000 	C:\WINDOWS\System32\RPCRT4.dll
0x00007ffc88440000 - 0x00007ffc885ee000 	C:\WINDOWS\System32\USER32.dll
0x00007ffc860d0000 - 0x00007ffc860f6000 	C:\WINDOWS\System32\win32u.dll
0x00007ffc74e00000 - 0x00007ffc75093000 	C:\WINDOWS\WinSxS\amd64_microsoft.windows.common-controls_6595b64144ccf1df_6.0.22621.3672_none_2713b9d173822955\COMCTL32.dll
0x00007ffc86fd0000 - 0x00007ffc86ff9000 	C:\WINDOWS\System32\GDI32.dll
0x00007ffc86920000 - 0x00007ffc86a39000 	C:\WINDOWS\System32\gdi32full.dll
0x00007ffc86880000 - 0x00007ffc8691a000 	C:\WINDOWS\System32\msvcp_win.dll
0x00007ffc82020000 - 0x00007ffc8202a000 	C:\WINDOWS\SYSTEM32\VERSION.dll
0x00007ffc87230000 - 0x00007ffc87261000 	C:\WINDOWS\System32\IMM32.DLL
0x00007ffc78880000 - 0x00007ffc7888c000 	C:\Program Files\Java\jdk-21\bin\vcruntime140_1.dll
0x00007ffc6cd60000 - 0x00007ffc6cdee000 	C:\Program Files\Java\jdk-21\bin\msvcp140.dll
0x00007ffc273b0000 - 0x00007ffc280c7000 	C:\Program Files\Java\jdk-21\bin\server\jvm.dll
0x00007ffc871b0000 - 0x00007ffc87221000 	C:\WINDOWS\System32\WS2_32.dll
0x00007ffc854d0000 - 0x00007ffc8551d000 	C:\WINDOWS\SYSTEM32\POWRPROF.dll
0x00007ffc645b0000 - 0x00007ffc645e4000 	C:\WINDOWS\SYSTEM32\WINMM.dll
0x00007ffc853c0000 - 0x00007ffc853d3000 	C:\WINDOWS\SYSTEM32\UMPDC.dll
0x00007ffc85060000 - 0x00007ffc85078000 	C:\WINDOWS\SYSTEM32\kernel.appcore.dll
0x00007ffc74040000 - 0x00007ffc7404a000 	C:\Program Files\Java\jdk-21\bin\jimage.dll
0x00007ffc836c0000 - 0x00007ffc838f2000 	C:\WINDOWS\SYSTEM32\DBGHELP.DLL
0x00007ffc88910000 - 0x00007ffc88c9d000 	C:\WINDOWS\System32\combase.dll
0x00007ffc887d0000 - 0x00007ffc888a7000 	C:\WINDOWS\System32\OLEAUT32.dll
0x00007ffc81630000 - 0x00007ffc81662000 	C:\WINDOWS\SYSTEM32\dbgcore.DLL
0x00007ffc865d0000 - 0x00007ffc8664b000 	C:\WINDOWS\System32\bcryptPrimitives.dll
0x00007ffc719d0000 - 0x00007ffc719ef000 	C:\Program Files\Java\jdk-21\bin\java.dll
0x00007ffc874e0000 - 0x00007ffc87d48000 	C:\WINDOWS\System32\SHELL32.dll
0x00007ffc83f80000 - 0x00007ffc8487e000 	C:\WINDOWS\SYSTEM32\windows.storage.dll
0x00007ffc83e40000 - 0x00007ffc83f7f000 	C:\WINDOWS\SYSTEM32\wintypes.dll
0x00007ffc86bc0000 - 0x00007ffc86cb9000 	C:\WINDOWS\System32\SHCORE.dll
0x00007ffc86d50000 - 0x00007ffc86dae000 	C:\WINDOWS\System32\shlwapi.dll
0x00007ffc85f60000 - 0x00007ffc85f81000 	C:\WINDOWS\SYSTEM32\profapi.dll
0x00007ffc43e20000 - 0x00007ffc43ef7000 	C:\Program Files\Java\jdk-21\bin\jsvml.dll
0x00007ffc7a1b0000 - 0x00007ffc7a1c0000 	C:\Program Files\Java\jdk-21\bin\net.dll
0x00007ffc81ec0000 - 0x00007ffc81ff6000 	C:\WINDOWS\SYSTEM32\WINHTTP.dll
0x00007ffc855c0000 - 0x00007ffc85629000 	C:\WINDOWS\system32\mswsock.dll
0x00007ffc71780000 - 0x00007ffc71796000 	C:\Program Files\Java\jdk-21\bin\nio.dll
0x00007ffc6fdf0000 - 0x00007ffc6fe08000 	C:\Program Files\Java\jdk-21\bin\zip.dll
0x00007ffc73410000 - 0x00007ffc73420000 	C:\Program Files\Java\jdk-21\bin\verify.dll
0x00007ffc719c0000 - 0x00007ffc719ca000 	C:\Program Files\Java\jdk-21\bin\management.dll
0x00007ffc71770000 - 0x00007ffc7177b000 	C:\Program Files\Java\jdk-21\bin\management_ext.dll
0x00007ffc88420000 - 0x00007ffc88428000 	C:\WINDOWS\System32\PSAPI.DLL
0x00007ffc6ed00000 - 0x00007ffc6ed17000 	C:\WINDOWS\system32\napinsp.dll
0x00007ffc6ece0000 - 0x00007ffc6ecfb000 	C:\WINDOWS\system32\pnrpnsp.dll
0x00007ffc84b50000 - 0x00007ffc84c48000 	C:\WINDOWS\SYSTEM32\DNSAPI.dll
0x00007ffc84ae0000 - 0x00007ffc84b0d000 	C:\WINDOWS\SYSTEM32\IPHLPAPI.DLL
0x00007ffc873d0000 - 0x00007ffc873d9000 	C:\WINDOWS\System32\NSI.dll
0x00007ffc6ec30000 - 0x00007ffc6ec41000 	C:\WINDOWS\System32\winrnr.dll
0x00007ffc6ec10000 - 0x00007ffc6ec25000 	C:\WINDOWS\system32\wshbth.dll
0x00007ffc6ebe0000 - 0x00007ffc6ec07000 	C:\WINDOWS\system32\nlansp_c.dll
0x0000000057dd0000 - 0x0000000057df6000 	C:\Program Files\Bonjour\mdnsNSP.dll
0x00007ffc80120000 - 0x00007ffc8012a000 	C:\Windows\System32\rasadhlp.dll
0x00007ffc81b50000 - 0x00007ffc81bd3000 	C:\WINDOWS\System32\fwpuclnt.dll
0x00007ffc85820000 - 0x00007ffc8583b000 	C:\WINDOWS\SYSTEM32\CRYPTSP.dll
0x00007ffc84fc0000 - 0x00007ffc84ff5000 	C:\WINDOWS\system32\rsaenh.dll
0x00007ffc856c0000 - 0x00007ffc856e8000 	C:\WINDOWS\SYSTEM32\USERENV.dll
0x00007ffc85840000 - 0x00007ffc8584c000 	C:\WINDOWS\SYSTEM32\CRYPTBASE.dll
0x00007ffc6fde0000 - 0x00007ffc6fdee000 	C:\Program Files\Java\jdk-21\bin\sunmscapi.dll
0x00007ffc86710000 - 0x00007ffc86877000 	C:\WINDOWS\System32\CRYPT32.dll
0x00007ffc859c0000 - 0x00007ffc859ee000 	C:\WINDOWS\SYSTEM32\ncrypt.dll
0x00007ffc85980000 - 0x00007ffc859b7000 	C:\WINDOWS\SYSTEM32\NTASN1.dll
0x00007ffc6fd80000 - 0x00007ffc6fd89000 	C:\Program Files\Java\jdk-21\bin\extnet.dll
0x00007ffc224c0000 - 0x00007ffc224c8000 	C:\WINDOWS\system32\wshunix.dll

dbghelp: loaded successfully - version: 4.0.5 - missing functions: none
symbol engine: initialized successfully - sym options: 0x614 - pdb path: .;C:\Program Files\Java\jdk-21\bin;C:\WINDOWS\SYSTEM32;C:\WINDOWS\WinSxS\amd64_microsoft.windows.common-controls_6595b64144ccf1df_6.0.22621.3672_none_2713b9d173822955;C:\Program Files\Java\jdk-21\bin\server;C:\Program Files\Bonjour

VM Arguments:
jvm_args: -XX:+ShowCodeDetailsInExceptionMessages 
java_command: com.epmapat.erp_epmapat.ErpEpmapatApplication
java_class_path (initial): C:\EPMAPAT_SYSTEMS\erp_epmapat_be\target\classes;C:\Users\ADIKTA\.m2\repository\org\springframework\boot\spring-boot-starter-actuator\2.7.18\spring-boot-starter-actuator-2.7.18.jar;C:\Users\ADIKTA\.m2\repository\org\springframework\boot\spring-boot-starter\2.7.18\spring-boot-starter-2.7.18.jar;C:\Users\ADIKTA\.m2\repository\org\springframework\boot\spring-boot\2.7.18\spring-boot-2.7.18.jar;C:\Users\ADIKTA\.m2\repository\org\springframework\boot\spring-boot-autoconfigure\2.7.18\spring-boot-autoconfigure-2.7.18.jar;C:\Users\ADIKTA\.m2\repository\org\springframework\boot\spring-boot-starter-logging\2.7.18\spring-boot-starter-logging-2.7.18.jar;C:\Users\ADIKTA\.m2\repository\ch\qos\logback\logback-classic\1.2.12\logback-classic-1.2.12.jar;C:\Users\ADIKTA\.m2\repository\ch\qos\logback\logback-core\1.2.12\logback-core-1.2.12.jar;C:\Users\ADIKTA\.m2\repository\org\apache\logging\log4j\log4j-to-slf4j\2.17.2\log4j-to-slf4j-2.17.2.jar;C:\Users\ADIKTA\.m2\repository\org\apache\logging\log4j\log4j-api\2.17.2\log4j-api-2.17.2.jar;C:\Users\ADIKTA\.m2\repository\org\slf4j\jul-to-slf4j\1.7.36\jul-to-slf4j-1.7.36.jar;C:\Users\ADIKTA\.m2\repository\org\yaml\snakeyaml\1.30\snakeyaml-1.30.jar;C:\Users\ADIKTA\.m2\repository\org\springframework\boot\spring-boot-actuator-autoconfigure\2.7.18\spring-boot-actuator-autoconfigure-2.7.18.jar;C:\Users\ADIKTA\.m2\repository\org\springframework\boot\spring-boot-actuator\2.7.18\spring-boot-actuator-2.7.18.jar;C:\Users\ADIKTA\.m2\repository\com\fasterxml\jackson\datatype\jackson-datatype-jsr310\2.13.5\jackson-datatype-jsr310-2.13.5.jar;C:\Users\ADIKTA\.m2\repository\io\micrometer\micrometer-core\1.9.17\micrometer-core-1.9.17.jar;C:\Users\ADIKTA\.m2\repository\org\hdrhistogram\HdrHistogram\2.1.12\HdrHistogram-2.1.12.jar;C:\Users\ADIKTA\.m2\repository\org\latencyutils\LatencyUtils\2.0.3\LatencyUtils-2.0.3.jar;C:\Users\ADIKTA\.m2\repository\org\springframework\boot\spring-boot-starter-data-jpa\2.7.18\spring-boot-starter-data-jpa-2.7.18.jar;C:\Users\ADIKTA\.m2\repository\org\springframework\boot\spring-boot-starter-aop\2.7.18\spring-boot-starter-aop-2.7.18.jar;C:\Users\ADIKTA\.m2\repository\org\springframework\spring-aop\5.3.31\spring-aop-5.3.31.jar;C:\Users\ADIKTA\.m2\repository\org\aspectj\aspectjweaver\1.9.7\aspectjweaver-1.9.7.jar;C:\Users\ADIKTA\.m2\repository\org\springframework\boot\spring-boot-starter-jdbc\2.7.18\spring-boot-starter-jdbc-2.7.18.jar;C:\Users\ADIKTA\.m2\repository\com\zaxxer\HikariCP\4.0.3\HikariCP-4.0.3.jar;C:\Users\ADIKTA\.m2\repository\org\springframework\spring-jdbc\5.3.31\spring-jdbc-5.3.31.jar;C:\Users\ADIKTA\.m2\repository\jakarta\transaction\jakarta.transaction-api\1.3.3\jakarta.transaction-api-1.3.3.jar;C:\Users\ADIKTA\.m2\repository\jakarta\persistence\jakarta.persistence-api\2.2.3\jakarta.persistence-api-2.2.3.jar;C:\Users\ADIKTA\.m2\repository\org\hibernate\hibernate-core\5.6.15.Final\hibernate-core-5.6.15.Final.jar;C:\Users\ADIKTA\.m2\repository\org\jboss\logging\jboss-logging\3.4.3.Final\jboss-logging-3.4.3.Final.jar;C:\Users\ADIKTA\.m2\repository\net\bytebuddy\byte-buddy\1.12.23\byte-buddy-1.12.23.jar;C:\Users\ADIKTA\.m2\repository\antlr\antlr\2.7.7\antlr-2.7.7.jar;C:\Users\ADIKTA\.m2\repository\org\jboss\jandex\2.4.2.Final\jandex-2.4.2.Final.jar;C:\Users\ADIKTA\.m2\repository\com\fasterxml\classmate\1.5.1\classmate-1.5.1.jar;C:\Users\ADIKTA\.m2\repository\org\hibernate\common\hibernate-commons-annotations\5.1.2.Final\hibernate-commons-annotations-5.1.2.Final.jar;C:\Users\ADIKTA\.m2\repository\org\glassfish\jaxb\jaxb-runtime\2.3.9\jaxb-runtime-2.3.9.jar;C:\Users\ADIKTA\.m2\repository\org\glassfish\jaxb\txw2\2.3.9\txw2-2.3.9.jar;C:\Users\ADIKTA\.m2\repository\com\sun\istack\istack-commons-runtime\3.0.12\istack-commons-runtime-3.0.12.jar;C:\Users\ADIKTA\.m2\repository\com\sun\activation\jakarta.activation\1.2.2\jakarta.activation-1.2.2.jar;C:\Users\ADIKTA\.m2\repository\org\springframework\data\spring-data-jpa\2.7.18\spring-data-jpa-2.7.18.jar;C:\Users\ADIKTA\.m2\repository\org\springframework\data\spring-data-commons\2.7.18\spring-data-commons-2.7.18.jar;C:\Users\ADIKTA\.m2\repository\org\springframework\spring-orm\5.3.31\spring-orm-5.3.31.jar;C:\Users\ADIKTA\.m2\repository\org\springframework\spring-context\5.3.31\spring-context-5.3.31.jar;C:\Users\ADIKTA\.m2\repository\org\springframework\spring-tx\5.3.31\spring-tx-5.3.31.jar;C:\Users\ADIKTA\.m2\repository\org\springframework\spring-beans\5.3.31\spring-beans-5.3.31.jar;C:\Users\ADIKTA\.m2\repository\org\slf4j\slf4j-api\1.7.36\slf4j-api-1.7.36.jar;C:\Users\ADIKTA\.m2\repository\org\springframework\spring-aspects\5.3.31\spring-aspects-5.3.31.jar;C:\Users\ADIKTA\.m2\repository\org\springframework\boot\spring-boot-starter-web\2.7.18\spring-boot-starter-web-2.7.18.jar;C:\Users\ADIKTA\.m2\repository\org\springframework\boot\spring-boot-starter-json\2.7.18\spring-boot-starter-json-2.7.18.jar;C:\Users\ADIKTA\.m2\repository\com\fasterxml\jackson\datatype\jackson-datatype-jdk8\2.13.5\jackson-datatype-jdk8-2.13.5.jar;C:\Users\ADIKTA\.m2\repository\com\fasterxml\jackson\module\jackson-module-parameter-names\2.13.5\jackson-module-parameter-names-2.13.5.jar;C:\Users\ADIKTA\.m2\repository\org\springframework\spring-web\5.3.31\spring-web-5.3.31.jar;C:\Users\ADIKTA\.m2\repository\org\springframework\spring-webmvc\5.3.31\spring-webmvc-5.3.31.jar;C:\Users\ADIKTA\.m2\repository\org\springframework\spring-expression\5.3.31\spring-expression-5.3.31.jar;C:\Users\ADIKTA\.m2\repository\org\postgresql\postgresql\42.3.8\postgresql-42.3.8.jar;C:\Users\ADIKTA\.m2\repository\org\checkerframework\checker-qual\3.5.0\checker-qual-3.5.0.jar;C:\Users\ADIKTA\.m2\repository\jakarta\xml\bind\jakarta.xml.bind-api\2.3.3\jakarta.xml.bind-api-2.3.3.jar;C:\Users\ADIKTA\.m2\repository\jakarta\activation\jakarta.activation-api\1.2.2\jakarta.activation-api-1.2.2.jar;C:\Users\ADIKTA\.m2\repository\org\springframework\spring-core\5.3.31\spring-core-5.3.31.jar;C:\Users\ADIKTA\.m2\repository\org\springframework\spring-jcl\5.3.31\spring-jcl-5.3.31.jar;C:\Users\ADIKTA\.m2\repository\net\sf\jasperreports\jasperreports\6.21.2\jasperreports-6.21.2.jar;C:\Users\ADIKTA\.m2\repository\commons-beanutils\commons-beanutils\1.9.4\commons-beanutils-1.9.4.jar;C:\Users\ADIKTA\.m2\repository\commons-collections\commons-collections\3.2.2\commons-collections-3.2.2.jar;C:\Users\ADIKTA\.m2\repository\commons-digester\commons-digester\2.1\commons-digester-2.1.jar;C:\Users\ADIKTA\.m2\repository\commons-logging\commons-logging\1.1.1\commons-logging-1.1.1.jar;C:\Users\ADIKTA\.m2\repository\org\apache\commons\commons-collections4\4.2\commons-collections4-4.2.jar;C:\Users\ADIKTA\.m2\repository\com\github\librepdf\openpdf\1.3.32\openpdf-1.3.32.jar;C:\Users\ADIKTA\.m2\repository\org\jfree\jcommon\1.0.23\jcommon-1.0.23.jar;C:\Users\ADIKTA\.m2\repository\org\jfree\jfreechart\1.0.19\jfreechart-1.0.19.jar;C:\Users\ADIKTA\.m2\repository\org\eclipse\jdt\ecj\3.21.0\ecj-3.21.0.jar;C:\Users\ADIKTA\.m2\repository\com\fasterxml\jackson\core\jackson-core\2.13.5\jackson-core-2.13.5.jar;C:\Users\ADIKTA\.m2\repository\com\fasterxml\jackson\core\jackson-databind\2.13.5\jackson-databind-2.13.5.jar;C:\Users\ADIKTA\.m2\repository\com\fasterxml\jackson\core\jackson-annotations\2.13.5\jackson-annotations-2.13.5.jar;C:\Users\ADIKTA\.m2\repository\com\fasterxml\jackson\dataformat\jackson-dataformat-xml\2.13.5\jackson-dataformat-xml-2.13.5.jar;C:\Users\ADIKTA\.m2\repository\org\codehaus\woodstox\stax2-api\4.2.1\stax2-api-4.2.1.jar;C:\Users\ADIKTA\.m2\repository\com\fasterxml\woodstox\woodstox-core\6.4.0\woodstox-core-6.4.0.jar;C:\Users\ADIKTA\.m2\repository\org\springframework\boot\spring-boot-starter-tomcat\2.7.18\spring-boot-starter-tomcat-2.7.18.jar;C:\Users\ADIKTA\.m2\repository\jakarta\annotation\jakarta.annotation-api\1.3.5\jakarta.annotation-api-1.3.5.jar;C:\Users\ADIKTA\.m2\repository\org\apache\tomcat\embed\tomcat-embed-core\9.0.83\tomcat-embed-core-9.0.83.jar;C:\Users\ADIKTA\.m2\repository\org\apache\tomcat\embed\tomcat-embed-el\9.0.83\tomcat-embed-el-9.0.83.jar;C:\Users\ADIKTA\.m2\repository\org\apache\tomcat\embed\tomcat-embed-websocket\9.0.83\tomcat-embed-websocket-9.0.83.jar
Launcher Type: SUN_STANDARD

[Global flags]
     intx CICompilerCount                          = 4                                         {product} {ergonomic}
     uint ConcGCThreads                            = 3                                         {product} {ergonomic}
     uint G1ConcRefinementThreads                  = 10                                        {product} {ergonomic}
   size_t G1HeapRegionSize                         = 1048576                                   {product} {ergonomic}
    uintx GCDrainStackTargetSize                   = 64                                        {product} {ergonomic}
   size_t InitialHeapSize                          = 132120576                                 {product} {ergonomic}
   size_t MarkStackSize                            = 4194304                                   {product} {ergonomic}
   size_t MaxHeapSize                              = 2099249152                                {product} {ergonomic}
   size_t MaxNewSize                               = 1259339776                                {product} {ergonomic}
   size_t MinHeapDeltaBytes                        = 1048576                                   {product} {ergonomic}
   size_t MinHeapSize                              = 8388608                                   {product} {ergonomic}
    uintx NonNMethodCodeHeapSize                   = 5839372                                {pd product} {ergonomic}
    uintx NonProfiledCodeHeapSize                  = 122909434                              {pd product} {ergonomic}
    uintx ProfiledCodeHeapSize                     = 122909434                              {pd product} {ergonomic}
    uintx ReservedCodeCacheSize                    = 251658240                              {pd product} {ergonomic}
     bool SegmentedCodeCache                       = true                                      {product} {ergonomic}
     bool ShowCodeDetailsInExceptionMessages       = true                                   {manageable} {command line}
   size_t SoftMaxHeapSize                          = 2099249152                             {manageable} {ergonomic}
     bool UseCompressedOops                        = true                           {product lp64_product} {ergonomic}
     bool UseG1GC                                  = true                                      {product} {ergonomic}
     bool UseLargePagesIndividualAllocation        = false                                  {pd product} {ergonomic}

Logging:
Log output configuration:
 #0: stdout all=warning uptime,level,tags foldmultilines=false
 #1: stderr all=off uptime,level,tags foldmultilines=false

Environment Variables:
JAVA_HOME=C:\Program Files\Java\jdk-21
PATH=C:\Users\ADIKTA\bin;C:\Program Files\Git\mingw64\bin;C:\Program Files\Git\usr\local\bin;C:\Program Files\Git\usr\bin;C:\Program Files\Git\usr\bin;C:\Program Files\Git\mingw64\bin;C:\Program Files\Git\usr\bin;C:\Users\ADIKTA\bin;C:\Program Files (x86)\VMware\VMware Player\bin;C:\Program Files\Common Files\Oracle\Java\javapath;C:\Program Files (x86)\Common Files\Oracle\Java\java8path;C:\Program Files (x86)\Common Files\Oracle\Java\javapath;C:\WINDOWS\system32;C:\WINDOWS;C:\WINDOWS\System32\Wbem;C:\WINDOWS\System32\WindowsPowerShell\v1.0;C:\WINDOWS\System32\OpenSSH;C:\Program Files\nodejs;C:\Program Files\Git\cmd;C:\Program Files\dotnet;C:\Users\ADIKTA\.console-ninja\.bin;C:\Users\ADIKTA\AppData\Local\Programs\Python\Python312\Scripts;C:\Users\ADIKTA\AppData\Local\Programs\Python\Python312;C:\Users\ADIKTA\AppData\Local\Microsoft\WindowsApps;C:\Users\ADIKTA\AppData\Local\Programs\Microsoft VS Code\bin;C:\Program Files\Java\jdk-21\bin;C:\MAVEN\bin;C:\Users\ADIKTA\AppData\Roaming\npm;C:\Program Files\Git\usr\bin\vendor_perl;C:\Program Files\Git\usr\bin\core_perl
USERNAME=ADIKTA
SHELL=C:\Program Files\Git\usr\bin\bash.exe
DISPLAY=needs-to-be-defined
LANG=en_US.UTF-8
TERM=xterm-256color
TMPDIR=C:\Users\ADIKTA\AppData\Local\Temp
OS=Windows_NT
PROCESSOR_IDENTIFIER=Intel64 Family 6 Model 165 Stepping 3, GenuineIntel
TMP=C:\Users\ADIKTA\AppData\Local\Temp
TEMP=C:\Users\ADIKTA\AppData\Local\Temp




Periodic native trim disabled

---------------  S Y S T E M  ---------------

OS:
 Windows 11 , 64 bit Build 22621 (10.0.22621.3958)
OS uptime: 7 days 23:48 hours

CPU: total 12 (initial active 12) (6 cores per cpu, 2 threads per core) family 6 model 165 stepping 3 microcode 0xea, cx8, cmov, fxsr, ht, mmx, 3dnowpref, sse, sse2, sse3, ssse3, sse4.1, sse4.2, popcnt, lzcnt, tsc, tscinvbit, avx, avx2, aes, erms, clmul, bmi1, bmi2, adx, fma, vzeroupper, clflush, clflushopt, rdtscp, f16c
Processor Information for all 12 processors :
  Max Mhz: 2904, Current Mhz: 2904, Mhz Limit: 2904

Memory: 4k page, system-wide physical 8003M (359M free)
TotalPageFile size 32579M (AvailPageFile size 4M)
current process WorkingSet (physical memory assigned to process): 361M, peak: 367M
current process commit charge ("private bytes"): 403M, peak: 408M

vm_info: Java HotSpot(TM) 64-Bit Server VM (21.0.2+13-LTS-58) for windows-amd64 JRE (21.0.2+13-LTS-58), built on 2024-01-05T18:32:24Z by "mach5one" with MS VC++ 17.1 (VS2022)

END.
