#
# There is insufficient memory for the Java Runtime Environment to continue.
# Native memory allocation (malloc) failed to allocate 5756624 bytes. Error detail: Chunk::new
# Possible reasons:
#   The system is out of physical RAM or swap space
#   This process is running with CompressedOops enabled, and the Java Heap may be blocking the growth of the native heap
# Possible solutions:
#   Reduce memory load on the system
#   Increase physical memory or swap space
#   Check if swap backing store is full
#   Decrease Java heap size (-Xmx/-Xms)
#   Decrease number of Java threads
#   Decrease Java thread stack sizes (-Xss)
#   Set larger code cache with -XX:ReservedCodeCacheSize=
#   JVM is running with Unscaled Compressed Oops mode in which the Java heap is
#     placed in the first 4GB address space. The Java Heap base address is the
#     maximum limit for the native heap growth. Please use -XX:HeapBaseMinAddress
#     to set the Java Heap base and to place the Java Heap above 4GB virtual address.
# This output file may be truncated or incomplete.
#
#  Out of Memory Error (arena.cpp:168), pid=24984, tid=29224
#
# JRE version: OpenJDK Runtime Environment Temurin-21.0.7+6 (21.0.7+6) (build 21.0.7+6-LTS)
# Java VM: OpenJDK 64-Bit Server VM Temurin-21.0.7+6 (21.0.7+6-LTS, mixed mode, sharing, tiered, compressed oops, compressed class ptrs, parallel gc, windows-amd64)
# No core dump will be written. Minidumps are not enabled by default on client versions of Windows
#

---------------  S U M M A R Y ------------

Command Line: --add-modules=ALL-SYSTEM --add-opens=java.base/java.util=ALL-UNNAMED --add-opens=java.base/java.lang=ALL-UNNAMED --add-opens=java.base/sun.nio.fs=ALL-UNNAMED -Declipse.application=org.eclipse.jdt.ls.core.id1 -Dosgi.bundles.defaultStartLevel=4 -Declipse.product=org.eclipse.jdt.ls.core.product -Djava.import.generatesMetadataFilesAtProjectRoot=false -DDetectVMInstallationsJob.disabled=true -Dfile.encoding=utf8 -XX:+UseParallelGC -XX:GCTimeRatio=4 -XX:AdaptiveSizePolicyWeight=90 -Dsun.zip.disableMemoryMapping=true -Xmx1G -Xms100m -Xlog:disable -javaagent:c:\Users\ADIKTA\.vscode\extensions\redhat.java-1.42.0-win32-x64\lombok\lombok-1.18.36.jar -XX:+HeapDumpOnOutOfMemoryError -XX:HeapDumpPath=c:\Users\ADIKTA\AppData\Roaming\Code\User\workspaceStorage\310805df2fd27d5d184fb44a7eebb535\redhat.java -Daether.dependencyCollector.impl=bf c:\Users\ADIKTA\.vscode\extensions\redhat.java-1.42.0-win32-x64\server\plugins\org.eclipse.equinox.launcher_1.7.0.v20250424-1814.jar -configuration c:\Users\ADIKTA\AppData\Roaming\Code\User\globalStorage\redhat.java\1.42.0\config_win -data c:\Users\ADIKTA\AppData\Roaming\Code\User\workspaceStorage\310805df2fd27d5d184fb44a7eebb535\redhat.java\jdt_ws --pipe=\\.\pipe\lsp-97be9e04a8b3adcdb7989eacee4d1751-sock

Host: Intel(R) Core(TM) i5-10400 CPU @ 2.90GHz, 12 cores, 7G,  Windows 11 , 64 bit Build 26100 (10.0.26100.4202)
Time: Tue Jun  3 15:38:21 2025 SA Pacific Standard Time elapsed time: 40.842386 seconds (0d 0h 0m 40s)

---------------  T H R E A D  ---------------

Current thread (0x00000255f0d9d3c0):  JavaThread "C2 CompilerThread1" daemon [_thread_in_native, id=29224, stack(0x000000c159100000,0x000000c159200000) (1024K)]


Current CompileTask:
C2:40842 17718   !   4       lombok.core.FieldAugment$ReflectionFieldAugment::getAndSet (80 bytes)

Stack: [0x000000c159100000,0x000000c159200000]
Native frames: (J=compiled Java code, j=interpreted, Vv=VM code, C=native code)
V  [jvm.dll+0x6ce119]
V  [jvm.dll+0x8a84a1]
V  [jvm.dll+0x8aa9ce]
V  [jvm.dll+0x8ab0b3]
V  [jvm.dll+0x27f8a6]
V  [jvm.dll+0xc507d]
V  [jvm.dll+0xc55b3]
V  [jvm.dll+0x3b692c]
V  [jvm.dll+0x1e0029]
V  [jvm.dll+0x247c42]
V  [jvm.dll+0x2470cf]
V  [jvm.dll+0x1c760e]
V  [jvm.dll+0x25695a]
V  [jvm.dll+0x254efa]
V  [jvm.dll+0x3f03f6]
V  [jvm.dll+0x851f6b]
V  [jvm.dll+0x6cc7dd]
C  [ucrtbase.dll+0x37b0]
C  [KERNEL32.DLL+0x2e8d7]
C  [ntdll.dll+0x3c34c]


---------------  P R O C E S S  ---------------

Threads class SMR info:
_java_thread_list=0x00000255f04f9cf0, length=89, elements={
0x00000255d1c7dba0, 0x00000255d1d221a0, 0x00000255d1d23910, 0x00000255d1d27f40,
0x00000255d1d28b90, 0x00000255d1d2dd60, 0x00000255d1d35ef0, 0x00000255e9536fd0,
0x00000255e95381e0, 0x00000255d1d37fc0, 0x00000255d1d36c10, 0x00000255d1d35860,
0x00000255d1d36580, 0x00000255d1d37930, 0x00000255d1d38650, 0x00000255d1d351d0,
0x00000255e97e5070, 0x00000255e97e2910, 0x00000255e97e4350, 0x00000255e97e3cc0,
0x00000255e97e49e0, 0x00000255e97e1bf0, 0x00000255e97e2280, 0x00000255e97e8b80,
0x00000255e97e6ab0, 0x00000255e97e5700, 0x00000255e97e9210, 0x00000255e97e6420,
0x00000255e97e7140, 0x00000255e97e77d0, 0x00000255e97e7e60, 0x00000255e97e84f0,
0x00000255e97e5d90, 0x00000255ef9c94b0, 0x00000255ef9c8790, 0x00000255ef9c8100,
0x00000255ef9caef0, 0x00000255ef9cc2a0, 0x00000255ef9cb580, 0x00000255ef9cbc10,
0x00000255ef9c9b40, 0x00000255ef9c8e20, 0x00000255ef9cc930, 0x00000255ef9ccfc0,
0x00000255ef9cf720, 0x00000255ef9cdce0, 0x00000255ef9cea00, 0x00000255ef9ce370,
0x00000255ef9cf090, 0x00000255f19d26a0, 0x00000255f19d2010, 0x00000255f19d05d0,
0x00000255f19d2d30, 0x00000255f19cff40, 0x00000255f19d1980, 0x00000255f19d33c0,
0x00000255f19d3a50, 0x00000255f19d40e0, 0x00000255f19d0c60, 0x00000255f19d4770,
0x00000255f19d12f0, 0x00000255f19d4e00, 0x00000255f19d5b20, 0x00000255f19d61b0,
0x00000255f19d5490, 0x00000255f0d9d3c0, 0x00000255f19d6840, 0x00000255f19d7560,
0x00000255e97e3630, 0x00000255fae09db0, 0x00000255fae09090, 0x00000255fae0a440,
0x00000255fae06fc0, 0x00000255fae0aad0, 0x00000255fae07650, 0x00000255fae07ce0,
0x00000255fae08370, 0x00000255fc6723f0, 0x00000255fc6744c0, 0x00000255fc674b50,
0x00000255fc6751e0, 0x00000255fc675870, 0x00000255fc675f00, 0x00000255fc676590,
0x00000255fc676c20, 0x00000255fc6737a0, 0x00000255fc678cf0, 0x00000255fc678660,
0x00000255fc677fd0
}

Java Threads: ( => current thread )
  0x00000255d1c7dba0 JavaThread "main"                              [_thread_blocked, id=29148, stack(0x000000c157400000,0x000000c157500000) (1024K)]
  0x00000255d1d221a0 JavaThread "Reference Handler"          daemon [_thread_blocked, id=29508, stack(0x000000c157800000,0x000000c157900000) (1024K)]
  0x00000255d1d23910 JavaThread "Finalizer"                  daemon [_thread_blocked, id=32492, stack(0x000000c157900000,0x000000c157a00000) (1024K)]
  0x00000255d1d27f40 JavaThread "Signal Dispatcher"          daemon [_thread_blocked, id=6964, stack(0x000000c157a00000,0x000000c157b00000) (1024K)]
  0x00000255d1d28b90 JavaThread "Attach Listener"            daemon [_thread_blocked, id=26024, stack(0x000000c157b00000,0x000000c157c00000) (1024K)]
  0x00000255d1d2dd60 JavaThread "Service Thread"             daemon [_thread_blocked, id=30140, stack(0x000000c157c00000,0x000000c157d00000) (1024K)]
  0x00000255d1d35ef0 JavaThread "Monitor Deflation Thread"   daemon [_thread_blocked, id=3708, stack(0x000000c157d00000,0x000000c157e00000) (1024K)]
  0x00000255e9536fd0 JavaThread "C2 CompilerThread0"         daemon [_thread_in_native, id=18160, stack(0x000000c157e00000,0x000000c157f00000) (1024K)]
  0x00000255e95381e0 JavaThread "C1 CompilerThread0"         daemon [_thread_blocked, id=5584, stack(0x000000c157f00000,0x000000c158000000) (1024K)]
  0x00000255d1d37fc0 JavaThread "Common-Cleaner"             daemon [_thread_blocked, id=35532, stack(0x000000c158000000,0x000000c158100000) (1024K)]
  0x00000255d1d36c10 JavaThread "Notification Thread"        daemon [_thread_blocked, id=7820, stack(0x000000c158100000,0x000000c158200000) (1024K)]
  0x00000255d1d35860 JavaThread "Active Thread: Equinox Container: aeb1f9a1-9ac3-4e5e-8f45-69b7c14c4d73"        [_thread_blocked, id=24752, stack(0x000000c158800000,0x000000c158900000) (1024K)]
  0x00000255d1d36580 JavaThread "Refresh Thread: Equinox Container: aeb1f9a1-9ac3-4e5e-8f45-69b7c14c4d73" daemon [_thread_blocked, id=28728, stack(0x000000c158a00000,0x000000c158b00000) (1024K)]
  0x00000255d1d37930 JavaThread "Framework Event Dispatcher: Equinox Container: aeb1f9a1-9ac3-4e5e-8f45-69b7c14c4d73" daemon [_thread_blocked, id=38172, stack(0x000000c158b00000,0x000000c158c00000) (1024K)]
  0x00000255d1d38650 JavaThread "Start Level: Equinox Container: aeb1f9a1-9ac3-4e5e-8f45-69b7c14c4d73" daemon [_thread_blocked, id=38740, stack(0x000000c158c00000,0x000000c158d00000) (1024K)]
  0x00000255d1d351d0 JavaThread "Bundle File Closer"         daemon [_thread_blocked, id=27168, stack(0x000000c158f00000,0x000000c159000000) (1024K)]
  0x00000255e97e5070 JavaThread "SCR Component Actor"        daemon [_thread_blocked, id=27512, stack(0x000000c159000000,0x000000c159100000) (1024K)]
  0x00000255e97e2910 JavaThread "Worker-JM"                         [_thread_blocked, id=32628, stack(0x000000c159200000,0x000000c159300000) (1024K)]
  0x00000255e97e4350 JavaThread "JNA Cleaner"                daemon [_thread_blocked, id=35632, stack(0x000000c159300000,0x000000c159400000) (1024K)]
  0x00000255e97e3cc0 JavaThread "Worker-0"                          [_thread_blocked, id=25576, stack(0x000000c159400000,0x000000c159500000) (1024K)]
  0x00000255e97e49e0 JavaThread "Worker-1"                          [_thread_blocked, id=35756, stack(0x000000c159500000,0x000000c159600000) (1024K)]
  0x00000255e97e1bf0 JavaThread "Worker-2"                          [_thread_blocked, id=29688, stack(0x000000c159600000,0x000000c159700000) (1024K)]
  0x00000255e97e2280 JavaThread "Java indexing"              daemon [_thread_blocked, id=27668, stack(0x000000c159700000,0x000000c159800000) (1024K)]
  0x00000255e97e8b80 JavaThread "Worker-3"                          [_thread_blocked, id=37584, stack(0x000000c159c00000,0x000000c159d00000) (1024K)]
  0x00000255e97e6ab0 JavaThread "Worker-4"                          [_thread_blocked, id=35028, stack(0x000000c159d00000,0x000000c159e00000) (1024K)]
  0x00000255e97e5700 JavaThread "Thread-2"                   daemon [_thread_in_native, id=37308, stack(0x000000c159e00000,0x000000c159f00000) (1024K)]
  0x00000255e97e9210 JavaThread "Thread-3"                   daemon [_thread_in_native, id=15540, stack(0x000000c159f00000,0x000000c15a000000) (1024K)]
  0x00000255e97e6420 JavaThread "Thread-4"                   daemon [_thread_in_native, id=35364, stack(0x000000c15a000000,0x000000c15a100000) (1024K)]
  0x00000255e97e7140 JavaThread "Thread-5"                   daemon [_thread_in_native, id=28352, stack(0x000000c15a100000,0x000000c15a200000) (1024K)]
  0x00000255e97e77d0 JavaThread "Thread-6"                   daemon [_thread_in_native, id=10288, stack(0x000000c15a200000,0x000000c15a300000) (1024K)]
  0x00000255e97e7e60 JavaThread "Thread-7"                   daemon [_thread_in_native, id=10448, stack(0x000000c15a300000,0x000000c15a400000) (1024K)]
  0x00000255e97e84f0 JavaThread "Thread-8"                   daemon [_thread_in_native, id=3912, stack(0x000000c15a400000,0x000000c15a500000) (1024K)]
  0x00000255e97e5d90 JavaThread "Thread-9"                   daemon [_thread_in_native, id=25348, stack(0x000000c15a500000,0x000000c15a600000) (1024K)]
  0x00000255ef9c94b0 JavaThread "Thread-10"                  daemon [_thread_in_native, id=11236, stack(0x000000c15a600000,0x000000c15a700000) (1024K)]
  0x00000255ef9c8790 JavaThread "Thread-11"                  daemon [_thread_in_native, id=22116, stack(0x000000c15a700000,0x000000c15a800000) (1024K)]
  0x00000255ef9c8100 JavaThread "Thread-12"                  daemon [_thread_in_native, id=32276, stack(0x000000c15a800000,0x000000c15a900000) (1024K)]
  0x00000255ef9caef0 JavaThread "Thread-13"                  daemon [_thread_in_native, id=31628, stack(0x000000c15a900000,0x000000c15aa00000) (1024K)]
  0x00000255ef9cc2a0 JavaThread "Thread-14"                  daemon [_thread_in_native, id=35596, stack(0x000000c15aa00000,0x000000c15ab00000) (1024K)]
  0x00000255ef9cb580 JavaThread "pool-2-thread-1"                   [_thread_blocked, id=11092, stack(0x000000c15ab00000,0x000000c15ac00000) (1024K)]
  0x00000255ef9cbc10 JavaThread "Worker-5"                          [_thread_blocked, id=33040, stack(0x000000c15ac00000,0x000000c15ad00000) (1024K)]
  0x00000255ef9c9b40 JavaThread "WorkspaceEventsHandler"            [_thread_blocked, id=28356, stack(0x000000c15ad00000,0x000000c15ae00000) (1024K)]
  0x00000255ef9c8e20 JavaThread "pool-1-thread-1"                   [_thread_blocked, id=26904, stack(0x000000c15ae00000,0x000000c15af00000) (1024K)]
  0x00000255ef9cc930 JavaThread "Worker-6"                          [_thread_blocked, id=37984, stack(0x000000c15af00000,0x000000c15b000000) (1024K)]
  0x00000255ef9ccfc0 JavaThread "LocalFile Deleter"          daemon [_thread_blocked, id=14164, stack(0x000000c15b000000,0x000000c15b100000) (1024K)]
  0x00000255ef9cf720 JavaThread "LocalFile Deleter"          daemon [_thread_blocked, id=23364, stack(0x000000c15b100000,0x000000c15b200000) (1024K)]
  0x00000255ef9cdce0 JavaThread "LocalFile Deleter"          daemon [_thread_blocked, id=37608, stack(0x000000c15b200000,0x000000c15b300000) (1024K)]
  0x00000255ef9cea00 JavaThread "LocalFile Deleter"          daemon [_thread_blocked, id=15676, stack(0x000000c15b300000,0x000000c15b400000) (1024K)]
  0x00000255ef9ce370 JavaThread "LocalFile Deleter"          daemon [_thread_blocked, id=24948, stack(0x000000c15b400000,0x000000c15b500000) (1024K)]
  0x00000255ef9cf090 JavaThread "LocalFile Deleter"          daemon [_thread_blocked, id=15356, stack(0x000000c15b500000,0x000000c15b600000) (1024K)]
  0x00000255f19d26a0 JavaThread "LocalFile Deleter"          daemon [_thread_blocked, id=13620, stack(0x000000c15b600000,0x000000c15b700000) (1024K)]
  0x00000255f19d2010 JavaThread "LocalFile Deleter"          daemon [_thread_blocked, id=25388, stack(0x000000c15b700000,0x000000c15b800000) (1024K)]
  0x00000255f19d05d0 JavaThread "LocalFile Deleter"          daemon [_thread_blocked, id=14512, stack(0x000000c15b800000,0x000000c15b900000) (1024K)]
  0x00000255f19d2d30 JavaThread "LocalFile Deleter"          daemon [_thread_blocked, id=35880, stack(0x000000c15b900000,0x000000c15ba00000) (1024K)]
  0x00000255f19cff40 JavaThread "LocalFile Deleter"          daemon [_thread_blocked, id=35320, stack(0x000000c15ba00000,0x000000c15bb00000) (1024K)]
  0x00000255f19d1980 JavaThread "LocalFile Deleter"          daemon [_thread_blocked, id=25800, stack(0x000000c15bb00000,0x000000c15bc00000) (1024K)]
  0x00000255f19d33c0 JavaThread "Compiler Source File Reader" daemon [_thread_blocked, id=34408, stack(0x000000c15bc00000,0x000000c15bd00000) (1024K)]
  0x00000255f19d3a50 JavaThread "Compiler Source File Reader" daemon [_thread_blocked, id=25688, stack(0x000000c15bd00000,0x000000c15be00000) (1024K)]
  0x00000255f19d40e0 JavaThread "Compiler Source File Reader" daemon [_thread_blocked, id=36928, stack(0x000000c15be00000,0x000000c15bf00000) (1024K)]
  0x00000255f19d0c60 JavaThread "Compiler Source File Reader" daemon [_thread_blocked, id=30244, stack(0x000000c15bf00000,0x000000c15c000000) (1024K)]
  0x00000255f19d4770 JavaThread "Compiler Source File Reader" daemon [_thread_blocked, id=22724, stack(0x000000c15c000000,0x000000c15c100000) (1024K)]
  0x00000255f19d12f0 JavaThread "Compiler Source File Reader" daemon [_thread_blocked, id=32216, stack(0x000000c15c100000,0x000000c15c200000) (1024K)]
  0x00000255f19d4e00 JavaThread "Compiler Source File Reader" daemon [_thread_blocked, id=21500, stack(0x000000c15c200000,0x000000c15c300000) (1024K)]
  0x00000255f19d5b20 JavaThread "Compiler Source File Reader" daemon [_thread_blocked, id=28608, stack(0x000000c15c300000,0x000000c15c400000) (1024K)]
  0x00000255f19d61b0 JavaThread "Compiler Source File Reader" daemon [_thread_blocked, id=10096, stack(0x000000c15c400000,0x000000c15c500000) (1024K)]
  0x00000255f19d5490 JavaThread "Compiler Source File Reader" daemon [_thread_blocked, id=24892, stack(0x000000c15c500000,0x000000c15c600000) (1024K)]
=>0x00000255f0d9d3c0 JavaThread "C2 CompilerThread1"         daemon [_thread_in_native, id=29224, stack(0x000000c159100000,0x000000c159200000) (1024K)]
  0x00000255f19d6840 JavaThread "Compiler Processing Task"   daemon [_thread_blocked, id=21824, stack(0x000000c159800000,0x000000c159900000) (1024K)]
  0x00000255f19d7560 JavaThread "Compiler Class File Writer" daemon [_thread_blocked, id=7072, stack(0x000000c15c600000,0x000000c15c700000) (1024K)]
  0x00000255e97e3630 JavaThread "Compiler Class File Writer" daemon [_thread_blocked, id=32056, stack(0x000000c15c700000,0x000000c15c800000) (1024K)]
  0x00000255fae09db0 JavaThread "Compiler Class File Writer" daemon [_thread_blocked, id=22496, stack(0x000000c15c800000,0x000000c15c900000) (1024K)]
  0x00000255fae09090 JavaThread "Compiler Class File Writer" daemon [_thread_blocked, id=32332, stack(0x000000c15c900000,0x000000c15ca00000) (1024K)]
  0x00000255fae0a440 JavaThread "Compiler Class File Writer" daemon [_thread_blocked, id=26864, stack(0x000000c15ca00000,0x000000c15cb00000) (1024K)]
  0x00000255fae06fc0 JavaThread "Compiler Class File Writer" daemon [_thread_blocked, id=27012, stack(0x000000c15cb00000,0x000000c15cc00000) (1024K)]
  0x00000255fae0aad0 JavaThread "Compiler Class File Writer" daemon [_thread_blocked, id=26680, stack(0x000000c15cc00000,0x000000c15cd00000) (1024K)]
  0x00000255fae07650 JavaThread "Compiler Class File Writer" daemon [_thread_blocked, id=37156, stack(0x000000c15cd00000,0x000000c15ce00000) (1024K)]
  0x00000255fae07ce0 JavaThread "Compiler Class File Writer" daemon [_thread_blocked, id=24284, stack(0x000000c15ce00000,0x000000c15cf00000) (1024K)]
  0x00000255fae08370 JavaThread "Compiler Class File Writer" daemon [_thread_blocked, id=37108, stack(0x000000c15cf00000,0x000000c15d000000) (1024K)]
  0x00000255fc6723f0 JavaThread "ForkJoinPool.commonPool-worker-1" daemon [_thread_blocked, id=35192, stack(0x000000c15d000000,0x000000c15d100000) (1024K)]
  0x00000255fc6744c0 JavaThread "ForkJoinPool.commonPool-worker-2" daemon [_thread_blocked, id=38388, stack(0x000000c15d200000,0x000000c15d300000) (1024K)]
  0x00000255fc674b50 JavaThread "ForkJoinPool.commonPool-worker-3" daemon [_thread_blocked, id=34932, stack(0x000000c15d300000,0x000000c15d400000) (1024K)]
  0x00000255fc6751e0 JavaThread "ForkJoinPool.commonPool-worker-4" daemon [_thread_blocked, id=32112, stack(0x000000c15d400000,0x000000c15d500000) (1024K)]
  0x00000255fc675870 JavaThread "ForkJoinPool.commonPool-worker-5" daemon [_thread_blocked, id=38392, stack(0x000000c15d500000,0x000000c15d600000) (1024K)]
  0x00000255fc675f00 JavaThread "ForkJoinPool.commonPool-worker-6" daemon [_thread_blocked, id=35160, stack(0x000000c15d600000,0x000000c15d700000) (1024K)]
  0x00000255fc676590 JavaThread "Cleaner-0"                  daemon [_thread_blocked, id=21032, stack(0x000000c15d700000,0x000000c15d800000) (1024K)]
  0x00000255fc676c20 JavaThread "ForkJoinPool.commonPool-worker-8" daemon [_thread_blocked, id=13824, stack(0x000000c15d800000,0x000000c15d900000) (1024K)]
  0x00000255fc6737a0 JavaThread "ForkJoinPool.commonPool-worker-7" daemon [_thread_blocked, id=33372, stack(0x000000c15d900000,0x000000c15da00000) (1024K)]
  0x00000255fc678cf0 JavaThread "ForkJoinPool.commonPool-worker-10" daemon [_thread_blocked, id=25880, stack(0x000000c15da00000,0x000000c15db00000) (1024K)]
  0x00000255fc678660 JavaThread "ForkJoinPool.commonPool-worker-9" daemon [_thread_blocked, id=8592, stack(0x000000c15db00000,0x000000c15dc00000) (1024K)]
  0x00000255fc677fd0 JavaThread "ForkJoinPool.commonPool-worker-11" daemon [_thread_blocked, id=6668, stack(0x000000c15dc00000,0x000000c15dd00000) (1024K)]
Total: 89

Other Threads:
  0x00000255d1d21b50 VMThread "VM Thread"                           [id=15132, stack(0x000000c157700000,0x000000c157800000) (1024K)]
  0x00000255e7f7ba00 WatcherThread "VM Periodic Task Thread"        [id=28224, stack(0x000000c157600000,0x000000c157700000) (1024K)]
  0x00000255d1c9c2d0 WorkerThread "GC Thread#0"                     [id=36056, stack(0x000000c157500000,0x000000c157600000) (1024K)]
  0x00000255ea8283e0 WorkerThread "GC Thread#1"                     [id=37324, stack(0x000000c158200000,0x000000c158300000) (1024K)]
  0x00000255ea6df940 WorkerThread "GC Thread#2"                     [id=25188, stack(0x000000c158300000,0x000000c158400000) (1024K)]
  0x00000255ea6dfce0 WorkerThread "GC Thread#3"                     [id=23816, stack(0x000000c158400000,0x000000c158500000) (1024K)]
  0x00000255ea6e0080 WorkerThread "GC Thread#4"                     [id=33408, stack(0x000000c158500000,0x000000c158600000) (1024K)]
  0x00000255ea6e0420 WorkerThread "GC Thread#5"                     [id=38896, stack(0x000000c158600000,0x000000c158700000) (1024K)]
  0x00000255ea7c8740 WorkerThread "GC Thread#6"                     [id=36192, stack(0x000000c158700000,0x000000c158800000) (1024K)]
  0x00000255ea941510 WorkerThread "GC Thread#7"                     [id=14664, stack(0x000000c158900000,0x000000c158a00000) (1024K)]
  0x00000255ea90f800 WorkerThread "GC Thread#8"                     [id=25184, stack(0x000000c158d00000,0x000000c158e00000) (1024K)]
  0x00000255ef22ff20 WorkerThread "GC Thread#9"                     [id=16420, stack(0x000000c158e00000,0x000000c158f00000) (1024K)]
Total: 12

Threads with active compile tasks:
C2 CompilerThread0  40877 18198       4       org.eclipse.osgi.container.ModuleDatabase$Persistence::writeString (99 bytes)
C2 CompilerThread1  40877 17718   !   4       lombok.core.FieldAugment$ReflectionFieldAugment::getAndSet (80 bytes)
Total: 2

VM state: not at safepoint (normal execution)

VM Mutex/Monitor currently owned by a thread: None

Heap address: 0x00000000c0000000, size: 1024 MB, Compressed Oops mode: 32-bit

CDS archive(s) mapped at: [0x0000025580000000-0x0000025580ba0000-0x0000025580ba0000), size 12189696, SharedBaseAddress: 0x0000025580000000, ArchiveRelocationMode: 1.
Compressed class space mapped at: 0x0000025581000000-0x00000255c1000000, reserved size: 1073741824
Narrow klass base: 0x0000025580000000, Narrow klass shift: 0, Narrow klass range: 0x100000000

GC Precious Log:
 CardTable entry size: 512
 CPUs: 12 total, 12 available
 Memory: 8003M
 Large Page Support: Disabled
 NUMA Support: Disabled
 Compressed Oops: Enabled (32-bit)
 Alignments: Space 512K, Generation 512K, Heap 2M
 Heap Min Capacity: 100M
 Heap Initial Capacity: 100M
 Heap Max Capacity: 1G
 Pre-touch: Disabled
 Parallel Workers: 10

Heap:
 PSYoungGen      total 7168K, used 2842K [0x00000000eab00000, 0x00000000eb380000, 0x0000000100000000)
  eden space 6656K, 35% used [0x00000000eab00000,0x00000000ead4c628,0x00000000eb180000)
  from space 512K, 95% used [0x00000000eb280000,0x00000000eb2fa400,0x00000000eb300000)
  to   space 1024K, 0% used [0x00000000eb180000,0x00000000eb180000,0x00000000eb280000)
 ParOldGen       total 443392K, used 126540K [0x00000000c0000000, 0x00000000db100000, 0x00000000eab00000)
  object space 443392K, 28% used [0x00000000c0000000,0x00000000c7b93230,0x00000000db100000)
 Metaspace       used 74959K, committed 76672K, reserved 1179648K
  class space    used 7258K, committed 8064K, reserved 1048576K

Card table byte_map: [0x00000255e5910000,0x00000255e5b20000] _byte_map_base: 0x00000255e5310000

Marking Bits: (ParMarkBitMap*) 0x00007ffb9cd531f0
 Begin Bits: [0x00000255e5c80000, 0x00000255e6c80000)
 End Bits:   [0x00000255e6c80000, 0x00000255e7c80000)

Polling page: 0x00000255d1c00000

Metaspace:

Usage:
  Non-class:     66.11 MB used.
      Class:      7.09 MB used.
       Both:     73.20 MB used.

Virtual space:
  Non-class space:      128.00 MB reserved,      67.00 MB ( 52%) committed,  2 nodes.
      Class space:        1.00 GB reserved,       7.88 MB ( <1%) committed,  1 nodes.
             Both:        1.12 GB reserved,      74.88 MB (  6%) committed. 

Chunk freelists:
   Non-Class:  12.69 MB
       Class:  7.98 MB
        Both:  20.67 MB

MaxMetaspaceSize: unlimited
CompressedClassSpaceSize: 1.00 GB
Initial GC threshold: 21.00 MB
Current GC threshold: 124.50 MB
CDS: on
 - commit_granule_bytes: 65536.
 - commit_granule_words: 8192.
 - virtual_space_node_default_size: 8388608.
 - enlarge_chunks_in_place: 1.
 - use_allocation_guard: 0.


Internal statistics:

num_allocs_failed_limit: 11.
num_arena_births: 1452.
num_arena_deaths: 22.
num_vsnodes_births: 3.
num_vsnodes_deaths: 0.
num_space_committed: 1198.
num_space_uncommitted: 0.
num_chunks_returned_to_freelist: 37.
num_chunks_taken_from_freelist: 5156.
num_chunk_merges: 19.
num_chunk_splits: 3131.
num_chunks_enlarged: 1715.
num_inconsistent_stats: 0.

CodeHeap 'non-profiled nmethods': size=120000Kb used=10798Kb max_used=10798Kb free=109201Kb
 bounds [0x00000255de200000, 0x00000255dec90000, 0x00000255e5730000]
CodeHeap 'profiled nmethods': size=120000Kb used=41101Kb max_used=46612Kb free=78898Kb
 bounds [0x00000255d6730000, 0x00000255d94c0000, 0x00000255ddc60000]
CodeHeap 'non-nmethods': size=5760Kb used=1469Kb max_used=1573Kb free=4290Kb
 bounds [0x00000255ddc60000, 0x00000255dded0000, 0x00000255de200000]
 total_blobs=17946 nmethods=17162 adapters=687
 compilation: enabled
              stopped_count=0, restarted_count=0
 full_count=0

Compilation events (20 events):
Event: 36.042 Thread 0x00000255e9536fd0 nmethod 17969 0x00000255de715110 code [0x00000255de7152a0, 0x00000255de715388]
Event: 36.042 Thread 0x00000255e9536fd0 17771   !   4       org.eclipse.jdt.internal.core.NameLookup::getModuleDescription (232 bytes)
Event: 36.067 Thread 0x00000255e9536fd0 nmethod 17771 0x00000255de4f5c10 code [0x00000255de4f5f80, 0x00000255de4f7638]
Event: 36.067 Thread 0x00000255e9536fd0 17772       4       org.eclipse.jdt.internal.core.NameLookup$$Lambda/0x00000255817a2e78::<init> (10 bytes)
Event: 36.068 Thread 0x00000255e9536fd0 nmethod 17772 0x00000255de714e10 code [0x00000255de714fa0, 0x00000255de715040]
Event: 36.068 Thread 0x00000255e9536fd0 16603       4       java.nio.file.FileSystems::getDefault (14 bytes)
Event: 36.068 Thread 0x00000255e9536fd0 nmethod 16603 0x00000255de714b10 code [0x00000255de714ca0, 0x00000255de714d40]
Event: 36.068 Thread 0x00000255e9536fd0 19190       4       org.eclipse.jdt.internal.compiler.ast.ImportReference::getSimpleName (13 bytes)
Event: 36.068 Thread 0x00000255e9536fd0 nmethod 19190 0x00000255de714810 code [0x00000255de7149a0, 0x00000255de714a70]
Event: 36.068 Thread 0x00000255e9536fd0 16866       4       lombok.core.configuration.FileSystemSourceCache$1::parsed (13 bytes)
Event: 36.069 Thread 0x00000255e9536fd0 nmethod 16866 0x00000255de714490 code [0x00000255de714620, 0x00000255de714700]
Event: 36.069 Thread 0x00000255e9536fd0 17222       4       org.eclipse.jdt.internal.core.util.WeakHashSet$HashableWeakReference::<init> (15 bytes)
Event: 36.070 Thread 0x00000255e9536fd0 nmethod 17222 0x00000255de714090 code [0x00000255de714220, 0x00000255de714388]
Event: 36.070 Thread 0x00000255e9536fd0 18287       4       org.eclipse.jdt.internal.compiler.util.HashtableOfPackage::<init> (6 bytes)
Event: 36.072 Thread 0x00000255e9536fd0 nmethod 18287 0x00000255de713910 code [0x00000255de713ac0, 0x00000255de713ea8]
Event: 36.072 Thread 0x00000255e9536fd0 19001       4       java.lang.invoke.LambdaForm$MH/0x00000255811d6400::invoke (37 bytes)
Event: 36.073 Thread 0x00000255e9536fd0 nmethod 19001 0x00000255de4f5710 code [0x00000255de4f58a0, 0x00000255de4f5a40]
Event: 36.073 Thread 0x00000255e9536fd0 18221       4       org.eclipse.core.runtime.IPath::fromOSString (9 bytes)
Event: 37.129 Thread 0x00000255e9536fd0 nmethod 18221 0x00000255de4f2090 code [0x00000255de4f23e0, 0x00000255de4f4270]
Event: 37.129 Thread 0x00000255e9536fd0 16872       4       lombok.eclipse.EclipseAST::buildTree (10 bytes)

GC Heap History (20 events):
Event: 34.337 GC heap before
{Heap before GC invocations=1023 (full 4):
 PSYoungGen      total 7168K, used 7145K [0x00000000eab00000, 0x00000000eb380000, 0x0000000100000000)
  eden space 6656K, 100% used [0x00000000eab00000,0x00000000eb180000,0x00000000eb180000)
  from space 512K, 95% used [0x00000000eb280000,0x00000000eb2fa400,0x00000000eb300000)
  to   space 1024K, 0% used [0x00000000eb180000,0x00000000eb180000,0x00000000eb280000)
 ParOldGen       total 443392K, used 124843K [0x00000000c0000000, 0x00000000db100000, 0x00000000eab00000)
  object space 443392K, 28% used [0x00000000c0000000,0x00000000c79eaff8,0x00000000db100000)
 Metaspace       used 74899K, committed 76608K, reserved 1179648K
  class space    used 7258K, committed 8064K, reserved 1048576K
}
Event: 34.338 GC heap after
{Heap after GC invocations=1023 (full 4):
 PSYoungGen      total 7680K, used 713K [0x00000000eab00000, 0x00000000eb380000, 0x0000000100000000)
  eden space 6656K, 0% used [0x00000000eab00000,0x00000000eab00000,0x00000000eb180000)
  from space 1024K, 69% used [0x00000000eb180000,0x00000000eb232400,0x00000000eb280000)
  to   space 1024K, 0% used [0x00000000eb280000,0x00000000eb280000,0x00000000eb380000)
 ParOldGen       total 443392K, used 125276K [0x00000000c0000000, 0x00000000db100000, 0x00000000eab00000)
  object space 443392K, 28% used [0x00000000c0000000,0x00000000c7a573f8,0x00000000db100000)
 Metaspace       used 74899K, committed 76608K, reserved 1179648K
  class space    used 7258K, committed 8064K, reserved 1048576K
}
Event: 34.356 GC heap before
{Heap before GC invocations=1024 (full 4):
 PSYoungGen      total 7680K, used 7369K [0x00000000eab00000, 0x00000000eb380000, 0x0000000100000000)
  eden space 6656K, 100% used [0x00000000eab00000,0x00000000eb180000,0x00000000eb180000)
  from space 1024K, 69% used [0x00000000eb180000,0x00000000eb232400,0x00000000eb280000)
  to   space 1024K, 0% used [0x00000000eb280000,0x00000000eb280000,0x00000000eb380000)
 ParOldGen       total 443392K, used 125276K [0x00000000c0000000, 0x00000000db100000, 0x00000000eab00000)
  object space 443392K, 28% used [0x00000000c0000000,0x00000000c7a573f8,0x00000000db100000)
 Metaspace       used 74902K, committed 76608K, reserved 1179648K
  class space    used 7258K, committed 8064K, reserved 1048576K
}
Event: 34.356 GC heap after
{Heap after GC invocations=1024 (full 4):
 PSYoungGen      total 7168K, used 393K [0x00000000eab00000, 0x00000000eb300000, 0x0000000100000000)
  eden space 6656K, 0% used [0x00000000eab00000,0x00000000eab00000,0x00000000eb180000)
  from space 512K, 76% used [0x00000000eb280000,0x00000000eb2e2400,0x00000000eb300000)
  to   space 512K, 0% used [0x00000000eb200000,0x00000000eb200000,0x00000000eb280000)
 ParOldGen       total 443392K, used 125420K [0x00000000c0000000, 0x00000000db100000, 0x00000000eab00000)
  object space 443392K, 28% used [0x00000000c0000000,0x00000000c7a7b3f8,0x00000000db100000)
 Metaspace       used 74902K, committed 76608K, reserved 1179648K
  class space    used 7258K, committed 8064K, reserved 1048576K
}
Event: 34.374 GC heap before
{Heap before GC invocations=1025 (full 4):
 PSYoungGen      total 7168K, used 7049K [0x00000000eab00000, 0x00000000eb300000, 0x0000000100000000)
  eden space 6656K, 100% used [0x00000000eab00000,0x00000000eb180000,0x00000000eb180000)
  from space 512K, 76% used [0x00000000eb280000,0x00000000eb2e2400,0x00000000eb300000)
  to   space 512K, 0% used [0x00000000eb200000,0x00000000eb200000,0x00000000eb280000)
 ParOldGen       total 443392K, used 125420K [0x00000000c0000000, 0x00000000db100000, 0x00000000eab00000)
  object space 443392K, 28% used [0x00000000c0000000,0x00000000c7a7b3f8,0x00000000db100000)
 Metaspace       used 74905K, committed 76608K, reserved 1179648K
  class space    used 7258K, committed 8064K, reserved 1048576K
}
Event: 34.374 GC heap after
{Heap after GC invocations=1025 (full 4):
 PSYoungGen      total 7168K, used 489K [0x00000000eab00000, 0x00000000eb380000, 0x0000000100000000)
  eden space 6656K, 0% used [0x00000000eab00000,0x00000000eab00000,0x00000000eb180000)
  from space 512K, 95% used [0x00000000eb200000,0x00000000eb27a400,0x00000000eb280000)
  to   space 1024K, 0% used [0x00000000eb280000,0x00000000eb280000,0x00000000eb380000)
 ParOldGen       total 443392K, used 125505K [0x00000000c0000000, 0x00000000db100000, 0x00000000eab00000)
  object space 443392K, 28% used [0x00000000c0000000,0x00000000c7a90678,0x00000000db100000)
 Metaspace       used 74905K, committed 76608K, reserved 1179648K
  class space    used 7258K, committed 8064K, reserved 1048576K
}
Event: 34.403 GC heap before
{Heap before GC invocations=1026 (full 4):
 PSYoungGen      total 7168K, used 7145K [0x00000000eab00000, 0x00000000eb380000, 0x0000000100000000)
  eden space 6656K, 100% used [0x00000000eab00000,0x00000000eb180000,0x00000000eb180000)
  from space 512K, 95% used [0x00000000eb200000,0x00000000eb27a400,0x00000000eb280000)
  to   space 1024K, 0% used [0x00000000eb280000,0x00000000eb280000,0x00000000eb380000)
 ParOldGen       total 443392K, used 125505K [0x00000000c0000000, 0x00000000db100000, 0x00000000eab00000)
  object space 443392K, 28% used [0x00000000c0000000,0x00000000c7a90678,0x00000000db100000)
 Metaspace       used 74905K, committed 76608K, reserved 1179648K
  class space    used 7258K, committed 8064K, reserved 1048576K
}
Event: 34.404 GC heap after
{Heap after GC invocations=1026 (full 4):
 PSYoungGen      total 7680K, used 617K [0x00000000eab00000, 0x00000000eb380000, 0x0000000100000000)
  eden space 6656K, 0% used [0x00000000eab00000,0x00000000eab00000,0x00000000eb180000)
  from space 1024K, 60% used [0x00000000eb280000,0x00000000eb31a400,0x00000000eb380000)
  to   space 1024K, 0% used [0x00000000eb180000,0x00000000eb180000,0x00000000eb280000)
 ParOldGen       total 443392K, used 125986K [0x00000000c0000000, 0x00000000db100000, 0x00000000eab00000)
  object space 443392K, 28% used [0x00000000c0000000,0x00000000c7b08a88,0x00000000db100000)
 Metaspace       used 74905K, committed 76608K, reserved 1179648K
  class space    used 7258K, committed 8064K, reserved 1048576K
}
Event: 34.718 GC heap before
{Heap before GC invocations=1027 (full 4):
 PSYoungGen      total 7680K, used 7273K [0x00000000eab00000, 0x00000000eb380000, 0x0000000100000000)
  eden space 6656K, 100% used [0x00000000eab00000,0x00000000eb180000,0x00000000eb180000)
  from space 1024K, 60% used [0x00000000eb280000,0x00000000eb31a400,0x00000000eb380000)
  to   space 1024K, 0% used [0x00000000eb180000,0x00000000eb180000,0x00000000eb280000)
 ParOldGen       total 443392K, used 125986K [0x00000000c0000000, 0x00000000db100000, 0x00000000eab00000)
  object space 443392K, 28% used [0x00000000c0000000,0x00000000c7b08a88,0x00000000db100000)
 Metaspace       used 74953K, committed 76672K, reserved 1179648K
  class space    used 7258K, committed 8064K, reserved 1048576K
}
Event: 34.719 GC heap after
{Heap after GC invocations=1027 (full 4):
 PSYoungGen      total 7680K, used 361K [0x00000000eab00000, 0x00000000eb300000, 0x0000000100000000)
  eden space 6656K, 0% used [0x00000000eab00000,0x00000000eab00000,0x00000000eb180000)
  from space 1024K, 35% used [0x00000000eb180000,0x00000000eb1da400,0x00000000eb280000)
  to   space 512K, 0% used [0x00000000eb280000,0x00000000eb280000,0x00000000eb300000)
 ParOldGen       total 443392K, used 126058K [0x00000000c0000000, 0x00000000db100000, 0x00000000eab00000)
  object space 443392K, 28% used [0x00000000c0000000,0x00000000c7b1aa88,0x00000000db100000)
 Metaspace       used 74953K, committed 76672K, reserved 1179648K
  class space    used 7258K, committed 8064K, reserved 1048576K
}
Event: 34.780 GC heap before
{Heap before GC invocations=1028 (full 4):
 PSYoungGen      total 7680K, used 7017K [0x00000000eab00000, 0x00000000eb300000, 0x0000000100000000)
  eden space 6656K, 100% used [0x00000000eab00000,0x00000000eb180000,0x00000000eb180000)
  from space 1024K, 35% used [0x00000000eb180000,0x00000000eb1da400,0x00000000eb280000)
  to   space 512K, 0% used [0x00000000eb280000,0x00000000eb280000,0x00000000eb300000)
 ParOldGen       total 443392K, used 126058K [0x00000000c0000000, 0x00000000db100000, 0x00000000eab00000)
  object space 443392K, 28% used [0x00000000c0000000,0x00000000c7b1aa88,0x00000000db100000)
 Metaspace       used 74953K, committed 76672K, reserved 1179648K
  class space    used 7258K, committed 8064K, reserved 1048576K
}
Event: 34.784 GC heap after
{Heap after GC invocations=1028 (full 4):
 PSYoungGen      total 7168K, used 506K [0x00000000eab00000, 0x00000000eb380000, 0x0000000100000000)
  eden space 6656K, 0% used [0x00000000eab00000,0x00000000eab00000,0x00000000eb180000)
  from space 512K, 98% used [0x00000000eb280000,0x00000000eb2fea28,0x00000000eb300000)
  to   space 1024K, 0% used [0x00000000eb180000,0x00000000eb180000,0x00000000eb280000)
 ParOldGen       total 443392K, used 126146K [0x00000000c0000000, 0x00000000db100000, 0x00000000eab00000)
  object space 443392K, 28% used [0x00000000c0000000,0x00000000c7b30a88,0x00000000db100000)
 Metaspace       used 74953K, committed 76672K, reserved 1179648K
  class space    used 7258K, committed 8064K, reserved 1048576K
}
Event: 34.836 GC heap before
{Heap before GC invocations=1029 (full 4):
 PSYoungGen      total 7168K, used 7162K [0x00000000eab00000, 0x00000000eb380000, 0x0000000100000000)
  eden space 6656K, 100% used [0x00000000eab00000,0x00000000eb180000,0x00000000eb180000)
  from space 512K, 98% used [0x00000000eb280000,0x00000000eb2fea28,0x00000000eb300000)
  to   space 1024K, 0% used [0x00000000eb180000,0x00000000eb180000,0x00000000eb280000)
 ParOldGen       total 443392K, used 126146K [0x00000000c0000000, 0x00000000db100000, 0x00000000eab00000)
  object space 443392K, 28% used [0x00000000c0000000,0x00000000c7b30a88,0x00000000db100000)
 Metaspace       used 74953K, committed 76672K, reserved 1179648K
  class space    used 7258K, committed 8064K, reserved 1048576K
}
Event: 34.837 GC heap after
{Heap after GC invocations=1029 (full 4):
 PSYoungGen      total 7680K, used 445K [0x00000000eab00000, 0x00000000eb300000, 0x0000000100000000)
  eden space 6656K, 0% used [0x00000000eab00000,0x00000000eab00000,0x00000000eb180000)
  from space 1024K, 43% used [0x00000000eb180000,0x00000000eb1ef5f0,0x00000000eb280000)
  to   space 512K, 0% used [0x00000000eb280000,0x00000000eb280000,0x00000000eb300000)
 ParOldGen       total 443392K, used 126412K [0x00000000c0000000, 0x00000000db100000, 0x00000000eab00000)
  object space 443392K, 28% used [0x00000000c0000000,0x00000000c7b73368,0x00000000db100000)
 Metaspace       used 74953K, committed 76672K, reserved 1179648K
  class space    used 7258K, committed 8064K, reserved 1048576K
}
Event: 34.902 GC heap before
{Heap before GC invocations=1030 (full 4):
 PSYoungGen      total 7680K, used 7101K [0x00000000eab00000, 0x00000000eb300000, 0x0000000100000000)
  eden space 6656K, 100% used [0x00000000eab00000,0x00000000eb180000,0x00000000eb180000)
  from space 1024K, 43% used [0x00000000eb180000,0x00000000eb1ef5f0,0x00000000eb280000)
  to   space 512K, 0% used [0x00000000eb280000,0x00000000eb280000,0x00000000eb300000)
 ParOldGen       total 443392K, used 126412K [0x00000000c0000000, 0x00000000db100000, 0x00000000eab00000)
  object space 443392K, 28% used [0x00000000c0000000,0x00000000c7b73368,0x00000000db100000)
 Metaspace       used 74953K, committed 76672K, reserved 1179648K
  class space    used 7258K, committed 8064K, reserved 1048576K
}
Event: 34.904 GC heap after
{Heap after GC invocations=1030 (full 4):
 PSYoungGen      total 7168K, used 489K [0x00000000eab00000, 0x00000000eb380000, 0x0000000100000000)
  eden space 6656K, 0% used [0x00000000eab00000,0x00000000eab00000,0x00000000eb180000)
  from space 512K, 95% used [0x00000000eb280000,0x00000000eb2fa400,0x00000000eb300000)
  to   space 1024K, 0% used [0x00000000eb180000,0x00000000eb180000,0x00000000eb280000)
 ParOldGen       total 443392K, used 126444K [0x00000000c0000000, 0x00000000db100000, 0x00000000eab00000)
  object space 443392K, 28% used [0x00000000c0000000,0x00000000c7b7b368,0x00000000db100000)
 Metaspace       used 74953K, committed 76672K, reserved 1179648K
  class space    used 7258K, committed 8064K, reserved 1048576K
}
Event: 34.941 GC heap before
{Heap before GC invocations=1031 (full 4):
 PSYoungGen      total 7168K, used 7128K [0x00000000eab00000, 0x00000000eb380000, 0x0000000100000000)
  eden space 6656K, 99% used [0x00000000eab00000,0x00000000eb17be08,0x00000000eb180000)
  from space 512K, 95% used [0x00000000eb280000,0x00000000eb2fa400,0x00000000eb300000)
  to   space 1024K, 0% used [0x00000000eb180000,0x00000000eb180000,0x00000000eb280000)
 ParOldGen       total 443392K, used 126444K [0x00000000c0000000, 0x00000000db100000, 0x00000000eab00000)
  object space 443392K, 28% used [0x00000000c0000000,0x00000000c7b7b368,0x00000000db100000)
 Metaspace       used 74954K, committed 76672K, reserved 1179648K
  class space    used 7258K, committed 8064K, reserved 1048576K
}
Event: 34.941 GC heap after
{Heap after GC invocations=1031 (full 4):
 PSYoungGen      total 7680K, used 244K [0x00000000eab00000, 0x00000000eb300000, 0x0000000100000000)
  eden space 6656K, 0% used [0x00000000eab00000,0x00000000eab00000,0x00000000eb180000)
  from space 1024K, 23% used [0x00000000eb180000,0x00000000eb1bd200,0x00000000eb280000)
  to   space 512K, 0% used [0x00000000eb280000,0x00000000eb280000,0x00000000eb300000)
 ParOldGen       total 443392K, used 126516K [0x00000000c0000000, 0x00000000db100000, 0x00000000eab00000)
  object space 443392K, 28% used [0x00000000c0000000,0x00000000c7b8d230,0x00000000db100000)
 Metaspace       used 74954K, committed 76672K, reserved 1179648K
  class space    used 7258K, committed 8064K, reserved 1048576K
}
Event: 34.977 GC heap before
{Heap before GC invocations=1032 (full 4):
 PSYoungGen      total 7680K, used 6900K [0x00000000eab00000, 0x00000000eb300000, 0x0000000100000000)
  eden space 6656K, 100% used [0x00000000eab00000,0x00000000eb180000,0x00000000eb180000)
  from space 1024K, 23% used [0x00000000eb180000,0x00000000eb1bd200,0x00000000eb280000)
  to   space 512K, 0% used [0x00000000eb280000,0x00000000eb280000,0x00000000eb300000)
 ParOldGen       total 443392K, used 126516K [0x00000000c0000000, 0x00000000db100000, 0x00000000eab00000)
  object space 443392K, 28% used [0x00000000c0000000,0x00000000c7b8d230,0x00000000db100000)
 Metaspace       used 74957K, committed 76672K, reserved 1179648K
  class space    used 7258K, committed 8064K, reserved 1048576K
}
Event: 34.979 GC heap after
{Heap after GC invocations=1032 (full 4):
 PSYoungGen      total 7168K, used 489K [0x00000000eab00000, 0x00000000eb380000, 0x0000000100000000)
  eden space 6656K, 0% used [0x00000000eab00000,0x00000000eab00000,0x00000000eb180000)
  from space 512K, 95% used [0x00000000eb280000,0x00000000eb2fa400,0x00000000eb300000)
  to   space 1024K, 0% used [0x00000000eb180000,0x00000000eb180000,0x00000000eb280000)
 ParOldGen       total 443392K, used 126540K [0x00000000c0000000, 0x00000000db100000, 0x00000000eab00000)
  object space 443392K, 28% used [0x00000000c0000000,0x00000000c7b93230,0x00000000db100000)
 Metaspace       used 74957K, committed 76672K, reserved 1179648K
  class space    used 7258K, committed 8064K, reserved 1048576K
}

Dll operation events (10 events):
Event: 0.014 Loaded shared library c:\Users\ADIKTA\.vscode\extensions\redhat.java-1.42.0-win32-x64\jre\21.0.7-win32-x86_64\bin\java.dll
Event: 0.099 Loaded shared library c:\Users\ADIKTA\.vscode\extensions\redhat.java-1.42.0-win32-x64\jre\21.0.7-win32-x86_64\bin\zip.dll
Event: 0.124 Loaded shared library C:\Users\ADIKTA\.vscode\extensions\redhat.java-1.42.0-win32-x64\jre\21.0.7-win32-x86_64\bin\instrument.dll
Event: 0.130 Loaded shared library C:\Users\ADIKTA\.vscode\extensions\redhat.java-1.42.0-win32-x64\jre\21.0.7-win32-x86_64\bin\net.dll
Event: 0.133 Loaded shared library C:\Users\ADIKTA\.vscode\extensions\redhat.java-1.42.0-win32-x64\jre\21.0.7-win32-x86_64\bin\nio.dll
Event: 0.138 Loaded shared library C:\Users\ADIKTA\.vscode\extensions\redhat.java-1.42.0-win32-x64\jre\21.0.7-win32-x86_64\bin\zip.dll
Event: 0.160 Loaded shared library C:\Users\ADIKTA\.vscode\extensions\redhat.java-1.42.0-win32-x64\jre\21.0.7-win32-x86_64\bin\jimage.dll
Event: 0.252 Loaded shared library c:\Users\ADIKTA\.vscode\extensions\redhat.java-1.42.0-win32-x64\jre\21.0.7-win32-x86_64\bin\verify.dll
Event: 1.770 Loaded shared library C:\Users\ADIKTA\AppData\Roaming\Code\User\globalStorage\redhat.java\1.42.0\config_win\org.eclipse.equinox.launcher\org.eclipse.equinox.launcher.win32.win32.x86_64_1.2.1300.v20250331-1702\eclipse_11911.dll
Event: 11.079 Loaded shared library C:\Users\ADIKTA\AppData\Local\Temp\jna-1925943730\jna12892714503938579622.dll

Deoptimization events (20 events):
Event: 34.828 Thread 0x00000255fc677fd0 DEOPT PACKING pc=0x00000255d8e9742a sp=0x000000c15dcfddd0
Event: 34.828 Thread 0x00000255fc677fd0 DEOPT UNPACKING pc=0x00000255ddcb4242 sp=0x000000c15dcfd358 mode 0
Event: 34.846 Thread 0x00000255fc677fd0 DEOPT PACKING pc=0x00000255d909fc78 sp=0x000000c15dcfcc70
Event: 34.846 Thread 0x00000255fc677fd0 DEOPT UNPACKING pc=0x00000255ddcb4242 sp=0x000000c15dcfc0f8 mode 0
Event: 34.855 Thread 0x00000255fc677fd0 DEOPT PACKING pc=0x00000255d909fc78 sp=0x000000c15dcfe130
Event: 34.855 Thread 0x00000255fc677fd0 DEOPT UNPACKING pc=0x00000255ddcb4242 sp=0x000000c15dcfd5b8 mode 0
Event: 34.907 Thread 0x00000255fc677fd0 DEOPT PACKING pc=0x00000255d909fc78 sp=0x000000c15dcfc910
Event: 34.907 Thread 0x00000255fc677fd0 DEOPT UNPACKING pc=0x00000255ddcb4242 sp=0x000000c15dcfbd98 mode 0
Event: 34.919 Thread 0x00000255fc677fd0 DEOPT PACKING pc=0x00000255d8e9742a sp=0x000000c15dcfda40
Event: 34.919 Thread 0x00000255fc677fd0 DEOPT UNPACKING pc=0x00000255ddcb4242 sp=0x000000c15dcfcfc8 mode 0
Event: 34.930 Thread 0x00000255fc677fd0 DEOPT PACKING pc=0x00000255d909fc78 sp=0x000000c15dcfc910
Event: 34.930 Thread 0x00000255fc677fd0 DEOPT UNPACKING pc=0x00000255ddcb4242 sp=0x000000c15dcfbd98 mode 0
Event: 34.939 Thread 0x00000255fc677fd0 DEOPT PACKING pc=0x00000255d909fc78 sp=0x000000c15dcfd820
Event: 34.939 Thread 0x00000255fc677fd0 DEOPT UNPACKING pc=0x00000255ddcb4242 sp=0x000000c15dcfcca8 mode 0
Event: 34.953 Thread 0x00000255fc677fd0 DEOPT PACKING pc=0x00000255d909fc78 sp=0x000000c15dcfc910
Event: 34.953 Thread 0x00000255fc677fd0 DEOPT UNPACKING pc=0x00000255ddcb4242 sp=0x000000c15dcfbd98 mode 0
Event: 34.976 Thread 0x00000255fc677fd0 DEOPT PACKING pc=0x00000255d909fc78 sp=0x000000c15dcfc910
Event: 34.976 Thread 0x00000255fc677fd0 DEOPT UNPACKING pc=0x00000255ddcb4242 sp=0x000000c15dcfbd98 mode 0
Event: 34.987 Thread 0x00000255fc677fd0 DEOPT PACKING pc=0x00000255d909fc78 sp=0x000000c15dcfd820
Event: 34.987 Thread 0x00000255fc677fd0 DEOPT UNPACKING pc=0x00000255ddcb4242 sp=0x000000c15dcfcca8 mode 0

Classes loaded (20 events):
Event: 32.130 Loading class java/util/stream/ReduceOps$5
Event: 32.130 Loading class java/util/stream/ReduceOps$5 done
Event: 32.131 Loading class java/util/stream/ReduceOps$CountingSink$OfRef
Event: 32.131 Loading class java/util/stream/ReduceOps$CountingSink
Event: 32.131 Loading class java/util/stream/ReduceOps$CountingSink done
Event: 32.131 Loading class java/util/stream/ReduceOps$CountingSink$OfRef done
Event: 32.381 Loading class java/util/stream/ReduceOps$1
Event: 32.382 Loading class java/util/stream/ReduceOps$1 done
Event: 32.382 Loading class java/util/stream/ReduceOps$1ReducingSink
Event: 32.383 Loading class java/util/stream/ReduceOps$1ReducingSink done
Event: 32.933 Loading class org/xml/sax/SAXNotRecognizedException
Event: 32.934 Loading class org/xml/sax/SAXNotRecognizedException done
Event: 32.934 Loading class org/xml/sax/SAXNotSupportedException
Event: 32.934 Loading class org/xml/sax/SAXNotSupportedException done
Event: 32.935 Loading class com/sun/org/apache/xerces/internal/util/URI
Event: 32.936 Loading class com/sun/org/apache/xerces/internal/util/URI done
Event: 32.937 Loading class com/sun/org/apache/xerces/internal/xni/XNIException
Event: 32.938 Loading class com/sun/org/apache/xerces/internal/xni/XNIException done
Event: 32.957 Loading class com/sun/org/apache/xerces/internal/xni/parser/XMLParseException
Event: 32.957 Loading class com/sun/org/apache/xerces/internal/xni/parser/XMLParseException done

Classes unloaded (11 events):
Event: 11.601 Thread 0x00000255d1d21b50 Unloading class 0x000002558119cc00 'java/lang/invoke/LambdaForm$MH+0x000002558119cc00'
Event: 11.601 Thread 0x00000255d1d21b50 Unloading class 0x000002558119c800 'java/lang/invoke/LambdaForm$MH+0x000002558119c800'
Event: 11.601 Thread 0x00000255d1d21b50 Unloading class 0x000002558119c400 'java/lang/invoke/LambdaForm$MH+0x000002558119c400'
Event: 11.601 Thread 0x00000255d1d21b50 Unloading class 0x000002558119c000 'java/lang/invoke/LambdaForm$MH+0x000002558119c000'
Event: 11.601 Thread 0x00000255d1d21b50 Unloading class 0x000002558119bc00 'java/lang/invoke/LambdaForm$BMH+0x000002558119bc00'
Event: 11.601 Thread 0x00000255d1d21b50 Unloading class 0x000002558119b800 'java/lang/invoke/LambdaForm$DMH+0x000002558119b800'
Event: 11.601 Thread 0x00000255d1d21b50 Unloading class 0x000002558119a400 'java/lang/invoke/LambdaForm$DMH+0x000002558119a400'
Event: 33.256 Thread 0x00000255d1d21b50 Unloading class 0x00000255816ad000 'java/lang/invoke/LambdaForm$DMH+0x00000255816ad000'
Event: 33.256 Thread 0x00000255d1d21b50 Unloading class 0x00000255816ad400 'java/lang/invoke/LambdaForm$DMH+0x00000255816ad400'
Event: 33.256 Thread 0x00000255d1d21b50 Unloading class 0x00000255816acc00 'java/lang/invoke/LambdaForm$DMH+0x00000255816acc00'
Event: 33.256 Thread 0x00000255d1d21b50 Unloading class 0x00000255816ac800 'java/lang/invoke/LambdaForm$DMH+0x00000255816ac800'

Classes redefined (0 events):
No events

Internal exceptions (20 events):
Event: 32.227 Thread 0x00000255fc677fd0 Exception <a 'sun/nio/fs/WindowsException'{0x00000000eab8b318}> (0x00000000eab8b318) 
thrown [s\src\hotspot\share\prims\jni.cpp, line 520]
Event: 32.403 Thread 0x00000255e97e49e0 Exception <a 'java/lang/NoSuchMethodError'{0x00000000eaeed370}: 'java.lang.Object java.lang.invoke.DirectMethodHandle$Holder.invokeStatic(java.lang.Object, java.lang.Object, int, java.lang.Object)'> (0x00000000eaeed370) 
thrown [s\src\hotspot\share\interpreter\linkResolver.cpp, line 773]
Event: 32.463 Thread 0x00000255fc677fd0 Exception <a 'sun/nio/fs/WindowsException'{0x00000000eb07dce8}> (0x00000000eb07dce8) 
thrown [s\src\hotspot\share\prims\jni.cpp, line 520]
Event: 32.463 Thread 0x00000255fc677fd0 Exception <a 'sun/nio/fs/WindowsException'{0x00000000eb07e5c8}> (0x00000000eb07e5c8) 
thrown [s\src\hotspot\share\prims\jni.cpp, line 520]
Event: 32.565 Thread 0x00000255fc677fd0 Exception <a 'sun/nio/fs/WindowsException'{0x00000000eaf7f760}> (0x00000000eaf7f760) 
thrown [s\src\hotspot\share\prims\jni.cpp, line 520]
Event: 32.568 Thread 0x00000255fc677fd0 Exception <a 'sun/nio/fs/WindowsException'{0x00000000eab008f0}> (0x00000000eab008f0) 
thrown [s\src\hotspot\share\prims\jni.cpp, line 520]
Event: 32.592 Thread 0x00000255fc677fd0 Exception <a 'sun/nio/fs/WindowsException'{0x00000000eae6b288}> (0x00000000eae6b288) 
thrown [s\src\hotspot\share\prims\jni.cpp, line 520]
Event: 32.592 Thread 0x00000255fc677fd0 Exception <a 'sun/nio/fs/WindowsException'{0x00000000eae6bb68}> (0x00000000eae6bb68) 
thrown [s\src\hotspot\share\prims\jni.cpp, line 520]
Event: 33.791 Thread 0x00000255fc677fd0 Exception <a 'sun/nio/fs/WindowsException'{0x00000000eaeb6c80}> (0x00000000eaeb6c80) 
thrown [s\src\hotspot\share\prims\jni.cpp, line 520]
Event: 33.791 Thread 0x00000255fc677fd0 Exception <a 'sun/nio/fs/WindowsException'{0x00000000eaeb7560}> (0x00000000eaeb7560) 
thrown [s\src\hotspot\share\prims\jni.cpp, line 520]
Event: 33.913 Thread 0x00000255fc677fd0 Exception <a 'sun/nio/fs/WindowsException'{0x00000000eb0206e0}> (0x00000000eb0206e0) 
thrown [s\src\hotspot\share\prims\jni.cpp, line 520]
Event: 33.913 Thread 0x00000255fc677fd0 Exception <a 'sun/nio/fs/WindowsException'{0x00000000eb020fc0}> (0x00000000eb020fc0) 
thrown [s\src\hotspot\share\prims\jni.cpp, line 520]
Event: 33.937 Thread 0x00000255fc677fd0 Exception <a 'sun/nio/fs/WindowsException'{0x00000000eaffcf70}> (0x00000000eaffcf70) 
thrown [s\src\hotspot\share\prims\jni.cpp, line 520]
Event: 33.937 Thread 0x00000255fc677fd0 Exception <a 'sun/nio/fs/WindowsException'{0x00000000eaffd850}> (0x00000000eaffd850) 
thrown [s\src\hotspot\share\prims\jni.cpp, line 520]
Event: 34.018 Thread 0x00000255fc677fd0 Exception <a 'sun/nio/fs/WindowsException'{0x00000000eacd4018}> (0x00000000eacd4018) 
thrown [s\src\hotspot\share\prims\jni.cpp, line 520]
Event: 34.018 Thread 0x00000255fc677fd0 Exception <a 'sun/nio/fs/WindowsException'{0x00000000eacd48f8}> (0x00000000eacd48f8) 
thrown [s\src\hotspot\share\prims\jni.cpp, line 520]
Event: 34.430 Thread 0x00000255fc677fd0 Exception <a 'sun/nio/fs/WindowsException'{0x00000000eb062eb8}> (0x00000000eb062eb8) 
thrown [s\src\hotspot\share\prims\jni.cpp, line 520]
Event: 34.431 Thread 0x00000255fc677fd0 Exception <a 'sun/nio/fs/WindowsException'{0x00000000eb063798}> (0x00000000eb063798) 
thrown [s\src\hotspot\share\prims\jni.cpp, line 520]
Event: 34.991 Thread 0x00000255fc677fd0 Exception <a 'sun/nio/fs/WindowsException'{0x00000000ead070e0}> (0x00000000ead070e0) 
thrown [s\src\hotspot\share\prims\jni.cpp, line 520]
Event: 34.992 Thread 0x00000255fc677fd0 Exception <a 'sun/nio/fs/WindowsException'{0x00000000ead079c0}> (0x00000000ead079c0) 
thrown [s\src\hotspot\share\prims\jni.cpp, line 520]

ZGC Phase Switch (0 events):
No events

VM Operations (20 events):
Event: 34.356 Executing VM operation: ParallelGCFailedAllocation (Allocation Failure)
Event: 34.356 Executing VM operation: ParallelGCFailedAllocation (Allocation Failure) done
Event: 34.374 Executing VM operation: ParallelGCFailedAllocation (Allocation Failure)
Event: 34.374 Executing VM operation: ParallelGCFailedAllocation (Allocation Failure) done
Event: 34.402 Executing VM operation: ParallelGCFailedAllocation (Allocation Failure)
Event: 34.404 Executing VM operation: ParallelGCFailedAllocation (Allocation Failure) done
Event: 34.718 Executing VM operation: ParallelGCFailedAllocation (Allocation Failure)
Event: 34.719 Executing VM operation: ParallelGCFailedAllocation (Allocation Failure) done
Event: 34.779 Executing VM operation: ParallelGCFailedAllocation (Allocation Failure)
Event: 34.784 Executing VM operation: ParallelGCFailedAllocation (Allocation Failure) done
Event: 34.836 Executing VM operation: ParallelGCFailedAllocation (Allocation Failure)
Event: 34.837 Executing VM operation: ParallelGCFailedAllocation (Allocation Failure) done
Event: 34.902 Executing VM operation: ParallelGCFailedAllocation (Allocation Failure)
Event: 34.904 Executing VM operation: ParallelGCFailedAllocation (Allocation Failure) done
Event: 34.940 Executing VM operation: ParallelGCFailedAllocation (Allocation Failure)
Event: 34.941 Executing VM operation: ParallelGCFailedAllocation (Allocation Failure) done
Event: 34.977 Executing VM operation: ParallelGCFailedAllocation (Allocation Failure)
Event: 34.979 Executing VM operation: ParallelGCFailedAllocation (Allocation Failure) done
Event: 35.981 Executing VM operation: Cleanup
Event: 35.982 Executing VM operation: Cleanup done

Memory protections (0 events):
No events

Nmethod flushes (20 events):
Event: 33.307 Thread 0x00000255d1d21b50 flushing  nmethod 0x00000255d7d30d90
Event: 33.307 Thread 0x00000255d1d21b50 flushing  nmethod 0x00000255d7d4c990
Event: 33.307 Thread 0x00000255d1d21b50 flushing osr nmethod 0x00000255d7d51d90
Event: 33.307 Thread 0x00000255d1d21b50 flushing  nmethod 0x00000255d7de9310
Event: 33.307 Thread 0x00000255d1d21b50 flushing  nmethod 0x00000255d7dea390
Event: 33.307 Thread 0x00000255d1d21b50 flushing osr nmethod 0x00000255d7e36b90
Event: 33.307 Thread 0x00000255d1d21b50 flushing osr nmethod 0x00000255d7e81f90
Event: 33.307 Thread 0x00000255d1d21b50 flushing  nmethod 0x00000255d7eb2990
Event: 33.307 Thread 0x00000255d1d21b50 flushing  nmethod 0x00000255d7eb3d10
Event: 33.307 Thread 0x00000255d1d21b50 flushing  nmethod 0x00000255d7eb4b10
Event: 33.307 Thread 0x00000255d1d21b50 flushing  nmethod 0x00000255d7eb5390
Event: 33.307 Thread 0x00000255d1d21b50 flushing  nmethod 0x00000255d7eb5e10
Event: 33.307 Thread 0x00000255d1d21b50 flushing  nmethod 0x00000255d7eb6310
Event: 33.307 Thread 0x00000255d1d21b50 flushing  nmethod 0x00000255d7ecc990
Event: 33.307 Thread 0x00000255d1d21b50 flushing  nmethod 0x00000255d7ecdc90
Event: 33.307 Thread 0x00000255d1d21b50 flushing  nmethod 0x00000255d7ece890
Event: 33.307 Thread 0x00000255d1d21b50 flushing  nmethod 0x00000255d7ed3290
Event: 33.307 Thread 0x00000255d1d21b50 flushing  nmethod 0x00000255d7ed4510
Event: 33.307 Thread 0x00000255d1d21b50 flushing  nmethod 0x00000255d7ed5010
Event: 33.307 Thread 0x00000255d1d21b50 flushing  nmethod 0x00000255d7f0a290

Events (20 events):
Event: 27.892 Thread 0x00000255fc6723f0 Thread exited: 0x00000255fc6723f0
Event: 27.892 Thread 0x00000255fc6737a0 Thread exited: 0x00000255fc6737a0
Event: 29.110 Thread 0x00000255ef9c8e20 Thread added: 0x00000255fc6723f0
Event: 29.723 Thread 0x00000255e97e49e0 Thread added: 0x00000255fc673e30
Event: 29.725 Thread 0x00000255ef9c8e20 Thread added: 0x00000255fc6744c0
Event: 29.727 Thread 0x00000255ef9c8e20 Thread added: 0x00000255fc674b50
Event: 29.731 Thread 0x00000255ef9c8e20 Thread added: 0x00000255fc6751e0
Event: 29.731 Thread 0x00000255fc6751e0 Thread added: 0x00000255fc675870
Event: 31.138 Thread 0x00000255fc674b50 Thread added: 0x00000255fc675f00
Event: 31.225 Thread 0x00000255fc6723f0 Thread added: 0x00000255fc672a80
Event: 31.225 Thread 0x00000255fc672a80 Thread exited: 0x00000255fc672a80
Event: 31.665 Thread 0x00000255fc6744c0 Thread added: 0x00000255fc676590
Event: 32.133 Thread 0x00000255fc6751e0 Thread added: 0x00000255fc676c20
Event: 32.133 Thread 0x00000255fc675f00 Thread added: 0x00000255fc6737a0
Event: 32.133 Thread 0x00000255fc6737a0 Thread added: 0x00000255fc678cf0
Event: 32.133 Thread 0x00000255fc676c20 Thread added: 0x00000255fc678660
Event: 32.137 Thread 0x00000255fc678660 Thread added: 0x00000255fc677fd0
Event: 34.066 Thread 0x00000255fc677fd0 Thread added: 0x00000255fc677940
Event: 34.066 Thread 0x00000255fc677940 Thread exited: 0x00000255fc677940
Event: 34.753 Thread 0x00000255fc673e30 Thread exited: 0x00000255fc673e30


Dynamic libraries:
0x00007ff679980000 - 0x00007ff67998e000 	c:\Users\ADIKTA\.vscode\extensions\redhat.java-1.42.0-win32-x64\jre\21.0.7-win32-x86_64\bin\java.exe
0x00007ffc94a60000 - 0x00007ffc94cc5000 	C:\WINDOWS\SYSTEM32\ntdll.dll
0x00007ffc92900000 - 0x00007ffc929c9000 	C:\WINDOWS\System32\KERNEL32.DLL
0x00007ffc91fc0000 - 0x00007ffc923a8000 	C:\WINDOWS\System32\KERNELBASE.dll
0x00007ffc92480000 - 0x00007ffc925cb000 	C:\WINDOWS\System32\ucrtbase.dll
0x00007ffc8dca0000 - 0x00007ffc8dcb8000 	c:\Users\ADIKTA\.vscode\extensions\redhat.java-1.42.0-win32-x64\jre\21.0.7-win32-x86_64\bin\jli.dll
0x00007ffc8dc40000 - 0x00007ffc8dc5e000 	c:\Users\ADIKTA\.vscode\extensions\redhat.java-1.42.0-win32-x64\jre\21.0.7-win32-x86_64\bin\VCRUNTIME140.dll
0x00007ffc93a00000 - 0x00007ffc93bca000 	C:\WINDOWS\System32\USER32.dll
0x00007ffc83260000 - 0x00007ffc834fa000 	C:\WINDOWS\WinSxS\amd64_microsoft.windows.common-controls_6595b64144ccf1df_6.0.26100.4202_none_3e0698d4e335f517\COMCTL32.dll
0x00007ffc92450000 - 0x00007ffc92477000 	C:\WINDOWS\System32\win32u.dll
0x00007ffc92f00000 - 0x00007ffc92fa9000 	C:\WINDOWS\System32\msvcrt.dll
0x00007ffc929d0000 - 0x00007ffc929fb000 	C:\WINDOWS\System32\GDI32.dll
0x00007ffc92690000 - 0x00007ffc927c7000 	C:\WINDOWS\System32\gdi32full.dll
0x00007ffc91b80000 - 0x00007ffc91c23000 	C:\WINDOWS\System32\msvcp_win.dll
0x00007ffc927d0000 - 0x00007ffc92800000 	C:\WINDOWS\System32\IMM32.DLL
0x00007ffc8dcf0000 - 0x00007ffc8dcfc000 	c:\Users\ADIKTA\.vscode\extensions\redhat.java-1.42.0-win32-x64\jre\21.0.7-win32-x86_64\bin\vcruntime140_1.dll
0x00007ffc1a510000 - 0x00007ffc1a59d000 	c:\Users\ADIKTA\.vscode\extensions\redhat.java-1.42.0-win32-x64\jre\21.0.7-win32-x86_64\bin\msvcp140.dll
0x00007ffb9c0a0000 - 0x00007ffb9ce30000 	c:\Users\ADIKTA\.vscode\extensions\redhat.java-1.42.0-win32-x64\jre\21.0.7-win32-x86_64\bin\server\jvm.dll
0x00007ffc93940000 - 0x00007ffc939f3000 	C:\WINDOWS\System32\ADVAPI32.dll
0x00007ffc94540000 - 0x00007ffc945e6000 	C:\WINDOWS\System32\sechost.dll
0x00007ffc94190000 - 0x00007ffc942a5000 	C:\WINDOWS\System32\RPCRT4.dll
0x00007ffc94440000 - 0x00007ffc944b4000 	C:\WINDOWS\System32\WS2_32.dll
0x00007ffc919d0000 - 0x00007ffc91a2e000 	C:\WINDOWS\SYSTEM32\POWRPROF.dll
0x00007ffc83700000 - 0x00007ffc8370b000 	C:\WINDOWS\SYSTEM32\VERSION.dll
0x00007ffc836c0000 - 0x00007ffc836f5000 	C:\WINDOWS\SYSTEM32\WINMM.dll
0x00007ffc919b0000 - 0x00007ffc919c4000 	C:\WINDOWS\SYSTEM32\UMPDC.dll
0x00007ffc90900000 - 0x00007ffc9091b000 	C:\WINDOWS\SYSTEM32\kernel.appcore.dll
0x00007ffc8dc30000 - 0x00007ffc8dc3a000 	c:\Users\ADIKTA\.vscode\extensions\redhat.java-1.42.0-win32-x64\jre\21.0.7-win32-x86_64\bin\jimage.dll
0x00007ffc8f530000 - 0x00007ffc8f771000 	C:\WINDOWS\SYSTEM32\DBGHELP.DLL
0x00007ffc945f0000 - 0x00007ffc94975000 	C:\WINDOWS\System32\combase.dll
0x00007ffc92810000 - 0x00007ffc928f1000 	C:\WINDOWS\System32\OLEAUT32.dll
0x00007ffc816f0000 - 0x00007ffc81729000 	C:\WINDOWS\SYSTEM32\dbgcore.DLL
0x00007ffc923b0000 - 0x00007ffc92449000 	C:\WINDOWS\System32\bcryptPrimitives.dll
0x00007ffc8dd60000 - 0x00007ffc8dd6f000 	c:\Users\ADIKTA\.vscode\extensions\redhat.java-1.42.0-win32-x64\jre\21.0.7-win32-x86_64\bin\instrument.dll
0x00007ffc807b0000 - 0x00007ffc807cf000 	c:\Users\ADIKTA\.vscode\extensions\redhat.java-1.42.0-win32-x64\jre\21.0.7-win32-x86_64\bin\java.dll
0x00007ffc931f0000 - 0x00007ffc93932000 	C:\WINDOWS\System32\SHELL32.dll
0x00007ffc91c30000 - 0x00007ffc91da4000 	C:\WINDOWS\System32\wintypes.dll
0x00007ffc8f7b0000 - 0x00007ffc90007000 	C:\WINDOWS\SYSTEM32\windows.storage.dll
0x00007ffc942b0000 - 0x00007ffc943a1000 	C:\WINDOWS\System32\SHCORE.dll
0x00007ffc93c90000 - 0x00007ffc93cfa000 	C:\WINDOWS\System32\shlwapi.dll
0x00007ffc91a90000 - 0x00007ffc91abf000 	C:\WINDOWS\SYSTEM32\profapi.dll
0x00007ffc8dd00000 - 0x00007ffc8dd18000 	c:\Users\ADIKTA\.vscode\extensions\redhat.java-1.42.0-win32-x64\jre\21.0.7-win32-x86_64\bin\zip.dll
0x00007ffc855f0000 - 0x00007ffc85600000 	C:\Users\ADIKTA\.vscode\extensions\redhat.java-1.42.0-win32-x64\jre\21.0.7-win32-x86_64\bin\net.dll
0x00007ffc864c0000 - 0x00007ffc865de000 	C:\WINDOWS\SYSTEM32\WINHTTP.dll
0x00007ffc90e50000 - 0x00007ffc90eba000 	C:\WINDOWS\system32\mswsock.dll
0x00007ffc80840000 - 0x00007ffc80856000 	C:\Users\ADIKTA\.vscode\extensions\redhat.java-1.42.0-win32-x64\jre\21.0.7-win32-x86_64\bin\nio.dll
0x00007ffc8dd50000 - 0x00007ffc8dd60000 	c:\Users\ADIKTA\.vscode\extensions\redhat.java-1.42.0-win32-x64\jre\21.0.7-win32-x86_64\bin\verify.dll
0x00007ffc40fc0000 - 0x00007ffc41005000 	C:\Users\ADIKTA\AppData\Roaming\Code\User\globalStorage\redhat.java\1.42.0\config_win\org.eclipse.equinox.launcher\org.eclipse.equinox.launcher.win32.win32.x86_64_1.2.1300.v20250331-1702\eclipse_11911.dll
0x00007ffc93040000 - 0x00007ffc931de000 	C:\WINDOWS\System32\ole32.dll
0x00007ffc91230000 - 0x00007ffc9124b000 	C:\WINDOWS\SYSTEM32\CRYPTSP.dll
0x00007ffc90860000 - 0x00007ffc9089a000 	C:\WINDOWS\system32\rsaenh.dll
0x00007ffc90ef0000 - 0x00007ffc90f1b000 	C:\WINDOWS\SYSTEM32\USERENV.dll
0x00007ffc91a60000 - 0x00007ffc91a86000 	C:\WINDOWS\SYSTEM32\bcrypt.dll
0x00007ffc91090000 - 0x00007ffc9109c000 	C:\WINDOWS\SYSTEM32\CRYPTBASE.dll
0x00007ffc90300000 - 0x00007ffc90333000 	C:\WINDOWS\SYSTEM32\IPHLPAPI.DLL
0x00007ffc94980000 - 0x00007ffc9498a000 	C:\WINDOWS\System32\NSI.dll
0x00007ffc61710000 - 0x00007ffc61759000 	C:\Users\ADIKTA\AppData\Local\Temp\jna-1925943730\jna12892714503938579622.dll
0x00007ffc93c80000 - 0x00007ffc93c88000 	C:\WINDOWS\System32\PSAPI.DLL
0x00007ffc86400000 - 0x00007ffc8641f000 	C:\WINDOWS\SYSTEM32\dhcpcsvc6.DLL
0x00007ffc863d0000 - 0x00007ffc863f5000 	C:\WINDOWS\SYSTEM32\dhcpcsvc.DLL

dbghelp: loaded successfully - version: 4.0.5 - missing functions: none
symbol engine: initialized successfully - sym options: 0x614 - pdb path: .;c:\Users\ADIKTA\.vscode\extensions\redhat.java-1.42.0-win32-x64\jre\21.0.7-win32-x86_64\bin;C:\WINDOWS\SYSTEM32;C:\WINDOWS\WinSxS\amd64_microsoft.windows.common-controls_6595b64144ccf1df_6.0.26100.4202_none_3e0698d4e335f517;c:\Users\ADIKTA\.vscode\extensions\redhat.java-1.42.0-win32-x64\jre\21.0.7-win32-x86_64\bin\server;C:\Users\ADIKTA\AppData\Roaming\Code\User\globalStorage\redhat.java\1.42.0\config_win\org.eclipse.equinox.launcher\org.eclipse.equinox.launcher.win32.win32.x86_64_1.2.1300.v20250331-1702;C:\Users\ADIKTA\AppData\Local\Temp\jna-1925943730

VM Arguments:
jvm_args: --add-modules=ALL-SYSTEM --add-opens=java.base/java.util=ALL-UNNAMED --add-opens=java.base/java.lang=ALL-UNNAMED --add-opens=java.base/sun.nio.fs=ALL-UNNAMED -Declipse.application=org.eclipse.jdt.ls.core.id1 -Dosgi.bundles.defaultStartLevel=4 -Declipse.product=org.eclipse.jdt.ls.core.product -Djava.import.generatesMetadataFilesAtProjectRoot=false -DDetectVMInstallationsJob.disabled=true -Dfile.encoding=utf8 -XX:+UseParallelGC -XX:GCTimeRatio=4 -XX:AdaptiveSizePolicyWeight=90 -Dsun.zip.disableMemoryMapping=true -Xmx1G -Xms100m -Xlog:disable -javaagent:c:\Users\ADIKTA\.vscode\extensions\redhat.java-1.42.0-win32-x64\lombok\lombok-1.18.36.jar -XX:+HeapDumpOnOutOfMemoryError -XX:HeapDumpPath=c:\Users\ADIKTA\AppData\Roaming\Code\User\workspaceStorage\310805df2fd27d5d184fb44a7eebb535\redhat.java -Daether.dependencyCollector.impl=bf 
java_command: c:\Users\ADIKTA\.vscode\extensions\redhat.java-1.42.0-win32-x64\server\plugins\org.eclipse.equinox.launcher_1.7.0.v20250424-1814.jar -configuration c:\Users\ADIKTA\AppData\Roaming\Code\User\globalStorage\redhat.java\1.42.0\config_win -data c:\Users\ADIKTA\AppData\Roaming\Code\User\workspaceStorage\310805df2fd27d5d184fb44a7eebb535\redhat.java\jdt_ws --pipe=\\.\pipe\lsp-97be9e04a8b3adcdb7989eacee4d1751-sock
java_class_path (initial): c:\Users\ADIKTA\.vscode\extensions\redhat.java-1.42.0-win32-x64\server\plugins\org.eclipse.equinox.launcher_1.7.0.v20250424-1814.jar
Launcher Type: SUN_STANDARD

[Global flags]
    uintx AdaptiveSizePolicyWeight                 = 90                                        {product} {command line}
     intx CICompilerCount                          = 4                                         {product} {ergonomic}
    uintx GCTimeRatio                              = 4                                         {product} {command line}
     bool HeapDumpOnOutOfMemoryError               = true                                   {manageable} {command line}
    ccstr HeapDumpPath                             = c:\Users\ADIKTA\AppData\Roaming\Code\User\workspaceStorage\310805df2fd27d5d184fb44a7eebb535\redhat.java         {manageable} {command line}
   size_t InitialHeapSize                          = 104857600                                 {product} {command line}
   size_t MaxHeapSize                              = 1073741824                                {product} {command line}
   size_t MaxNewSize                               = 357564416                                 {product} {ergonomic}
   size_t MinHeapDeltaBytes                        = 524288                                    {product} {ergonomic}
   size_t MinHeapSize                              = 104857600                                 {product} {command line}
   size_t NewSize                                  = 34603008                                  {product} {ergonomic}
    uintx NonNMethodCodeHeapSize                   = 5839372                                {pd product} {ergonomic}
    uintx NonProfiledCodeHeapSize                  = 122909434                              {pd product} {ergonomic}
   size_t OldSize                                  = 70254592                                  {product} {ergonomic}
    uintx ProfiledCodeHeapSize                     = 122909434                              {pd product} {ergonomic}
    uintx ReservedCodeCacheSize                    = 251658240                              {pd product} {ergonomic}
     bool SegmentedCodeCache                       = true                                      {product} {ergonomic}
   size_t SoftMaxHeapSize                          = 1073741824                             {manageable} {ergonomic}
     bool UseCompressedOops                        = true                           {product lp64_product} {ergonomic}
     bool UseLargePagesIndividualAllocation        = false                                  {pd product} {ergonomic}
     bool UseParallelGC                            = true                                      {product} {command line}

Logging:
Log output configuration:
 #0: stdout all=off uptime,level,tags foldmultilines=false
 #1: stderr all=off uptime,level,tags foldmultilines=false

Environment Variables:
JAVA_HOME=C:\Program Files\Java\jdk-22
PATH=C:\Program Files\Microsoft MPI\Bin\;C:\Program Files (x86)\VMware\VMware Player\bin\;C:\Program Files\Common Files\Oracle\Java\javapath;C:\Program Files (x86)\Common Files\Oracle\Java\java8path;C:\Program Files (x86)\Common Files\Oracle\Java\javapath;C:\WINDOWS\system32;C:\WINDOWS;C:\WINDOWS\System32\Wbem;C:\WINDOWS\System32\WindowsPowerShell\v1.0\;C:\WINDOWS\System32\OpenSSH\;C:\Program Files\nodejs\;C:\Program Files\dotnet\;C:\Program Files\Microsoft Network Monitor 3\;C:\Program Files\Git\cmd;C:\Program Files\Docker\Docker\resources\bin;C:\Program Files (x86)\Microsoft SQL Server\160\Tools\Binn\;C:\Program Files\Microsoft SQL Server\160\Tools\Binn\;C:\Program Files\Microsoft SQL Server\Client SDK\ODBC\170\Tools\Binn\;C:\Program Files\Microsoft SQL Server\160\DTS\Binn\;C:\Program Files (x86)\Microsoft SQL Server\160\DTS\Binn\;C:\Users\ADIKTA\.console-ninja\.bin;C:\Users\ADIKTA\AppData\Local\Programs\Python\Python312\Scripts\;C:\Users\ADIKTA\AppData\Local\Programs\Python\Python312\;C:\Users\ADIKTA\AppData\Local\Microsoft\WindowsApps;C:\Users\ADIKTA\AppData\Local\Programs\Microsoft VS Code\bin;C:\Program Files\Java\jdk-21\bin;C:\MAVEN\bin;C:\Users\ADIKTA\AppData\Roaming\npm;C:\Program Files\JetBrains\IntelliJ IDEA Community Edition 2024.2.1\bin;C:\Users\ADIKTA\AppData\Local\Microsoft\WindowsApps;C:\Users\ADIKTA\AppData\Local\GitHubDesktop\bin;C:\Users\ADIKTA\flutter\bin;
USERNAME=ADIKTA
OS=Windows_NT
PROCESSOR_IDENTIFIER=Intel64 Family 6 Model 165 Stepping 3, GenuineIntel
TMP=C:\Users\ADIKTA\AppData\Local\Temp
TEMP=C:\Users\ADIKTA\AppData\Local\Temp




Periodic native trim disabled

---------------  S Y S T E M  ---------------

OS:
 Windows 11 , 64 bit Build 26100 (10.0.26100.4202)
OS uptime: 1 days 7:53 hours
Hyper-V role detected

CPU: total 12 (initial active 12) (6 cores per cpu, 2 threads per core) family 6 model 165 stepping 3 microcode 0xea, cx8, cmov, fxsr, ht, mmx, 3dnowpref, sse, sse2, sse3, ssse3, sse4.1, sse4.2, popcnt, lzcnt, tsc, tscinvbit, avx, avx2, aes, erms, clmul, bmi1, bmi2, adx, fma, vzeroupper, clflush, clflushopt, hv, rdtscp, f16c
Processor Information for the first 12 processors :
  Max Mhz: 2904, Current Mhz: 2904, Mhz Limit: 2904

Memory: 4k page, system-wide physical 8003M (97M free)
TotalPageFile size 32579M (AvailPageFile size 58M)
current process WorkingSet (physical memory assigned to process): 211M, peak: 716M
current process commit charge ("private bytes"): 789M, peak: 851M

vm_info: OpenJDK 64-Bit Server VM (21.0.7+6-LTS) for windows-amd64 JRE (21.0.7+6-LTS), built on 2025-04-15T00:00:00Z by "admin" with MS VC++ 17.7 (VS2022)

END.
