#
# There is insufficient memory for the Java Runtime Environment to continue.
# Native memory allocation (malloc) failed to allocate 1459696 bytes. Error detail: Chunk::new
# Possible reasons:
#   The system is out of physical RAM or swap space
#   This process is running with CompressedOops enabled, and the Java Heap may be blocking the growth of the native heap
# Possible solutions:
#   Reduce memory load on the system
#   Increase physical memory or swap space
#   Check if swap backing store is full
#   Decrease Java heap size (-Xmx/-Xms)
#   Decrease number of Java threads
#   Decrease Java thread stack sizes (-Xss)
#   Set larger code cache with -XX:ReservedCodeCacheSize=
#   JVM is running with Unscaled Compressed Oops mode in which the Java heap is
#     placed in the first 4GB address space. The Java Heap base address is the
#     maximum limit for the native heap growth. Please use -XX:HeapBaseMinAddress
#     to set the Java Heap base and to place the Java Heap above 4GB virtual address.
# This output file may be truncated or incomplete.
#
#  Out of Memory Error (arena.cpp:168), pid=19904, tid=364
#
# JRE version: OpenJDK Runtime Environment Temurin-21.0.7+6 (21.0.7+6) (build 21.0.7+6-LTS)
# Java VM: OpenJDK 64-Bit Server VM Temurin-21.0.7+6 (21.0.7+6-LTS, mixed mode, sharing, tiered, compressed oops, compressed class ptrs, parallel gc, windows-amd64)
# No core dump will be written. Minidumps are not enabled by default on client versions of Windows
#

---------------  S U M M A R Y ------------

Command Line: --add-modules=ALL-SYSTEM --add-opens=java.base/java.util=ALL-UNNAMED --add-opens=java.base/java.lang=ALL-UNNAMED --add-opens=java.base/sun.nio.fs=ALL-UNNAMED -Declipse.application=org.eclipse.jdt.ls.core.id1 -Dosgi.bundles.defaultStartLevel=4 -Declipse.product=org.eclipse.jdt.ls.core.product -Djava.import.generatesMetadataFilesAtProjectRoot=false -DDetectVMInstallationsJob.disabled=true -Dfile.encoding=utf8 -XX:+UseParallelGC -XX:GCTimeRatio=4 -XX:AdaptiveSizePolicyWeight=90 -Dsun.zip.disableMemoryMapping=true -Xmx1G -Xms100m -Xlog:disable -javaagent:c:\Users\ADIKTA\.vscode\extensions\redhat.java-1.42.0-win32-x64\lombok\lombok-1.18.36.jar -XX:+HeapDumpOnOutOfMemoryError -XX:HeapDumpPath=c:\Users\ADIKTA\AppData\Roaming\Code\User\workspaceStorage\310805df2fd27d5d184fb44a7eebb535\redhat.java -Daether.dependencyCollector.impl=bf c:\Users\ADIKTA\.vscode\extensions\redhat.java-1.42.0-win32-x64\server\plugins\org.eclipse.equinox.launcher_1.7.0.v20250424-1814.jar -configuration c:\Users\ADIKTA\AppData\Roaming\Code\User\globalStorage\redhat.java\1.42.0\config_win -data c:\Users\ADIKTA\AppData\Roaming\Code\User\workspaceStorage\310805df2fd27d5d184fb44a7eebb535\redhat.java\jdt_ws --pipe=\\.\pipe\lsp-cfbbaa270003cbdef4450bc5a4591bf4-sock

Host: Intel(R) Core(TM) i5-10400 CPU @ 2.90GHz, 12 cores, 7G,  Windows 11 , 64 bit Build 26100 (10.0.26100.4202)
Time: Thu Jun 12 13:58:42 2025 SA Pacific Standard Time elapsed time: 22718.437306 seconds (0d 6h 18m 38s)

---------------  T H R E A D  ---------------

Current thread (0x000001e32dc34f80):  JavaThread "C2 CompilerThread0" daemon [_thread_in_native, id=364, stack(0x0000001917800000,0x0000001917900000) (1024K)]


Current CompileTask:
C2:22718437 27696       4       lombok.eclipse.EclipseAST::buildTypes (53 bytes)

Stack: [0x0000001917800000,0x0000001917900000]
Native frames: (J=compiled Java code, j=interpreted, Vv=VM code, C=native code)
V  [jvm.dll+0x6ce119]
V  [jvm.dll+0x8a84a1]
V  [jvm.dll+0x8aa9ce]
V  [jvm.dll+0x8ab0b3]
V  [jvm.dll+0x27f8a6]
V  [jvm.dll+0xc507d]
V  [jvm.dll+0xc55b3]
V  [jvm.dll+0x2f2c6d]
V  [jvm.dll+0x5f6bca]
V  [jvm.dll+0x250cb2]
V  [jvm.dll+0x24975f]
V  [jvm.dll+0x246fc4]
V  [jvm.dll+0x1c760e]
V  [jvm.dll+0x25695a]
V  [jvm.dll+0x254efa]
V  [jvm.dll+0x3f03f6]
V  [jvm.dll+0x851f6b]
V  [jvm.dll+0x6cc7dd]
C  [ucrtbase.dll+0x37b0]
C  [KERNEL32.DLL+0x2e8d7]
C  [ntdll.dll+0x3c34c]


---------------  P R O C E S S  ---------------

Threads class SMR info:
_java_thread_list=0x000001e3981f1900, length=47, elements={
0x000001e32db7bd80, 0x000001e341f6dac0, 0x000001e32dc2a480, 0x000001e32dc2c190,
0x000001e32dc2cde0, 0x000001e32dc2da30, 0x000001e32dc30490, 0x000001e32dc34f80,
0x000001e32dc35d90, 0x000001e38454d160, 0x000001e3847a0fb0, 0x000001e385ba2dd0,
0x000001e3857dd040, 0x000001e3855e0840, 0x000001e3847ffa80, 0x000001e38a2b7b80,
0x000001e3858ce450, 0x000001e385a1c8b0, 0x000001e385a1d5d0, 0x000001e385a1f010,
0x000001e38cf615f0, 0x000001e38cf608d0, 0x000001e38cf629a0, 0x000001e38cf61c80,
0x000001e38cf63d50, 0x000001e38cf643e0, 0x000001e38cf62310, 0x000001e38cf60f60,
0x000001e38cf664b0, 0x000001e38cf66b40, 0x000001e38cf64a70, 0x000001e38cf65100,
0x000001e38cf65790, 0x000001e38cf636c0, 0x000001e38cf67ef0, 0x000001e38cf65e20,
0x000001e38eb43b20, 0x000001e38eb44ed0, 0x000001e38eb45560, 0x000001e38d106eb0,
0x000001e38a482de0, 0x000001e38bdd91b0, 0x000001e38a484820, 0x000001e38a484190,
0x000001e38bdd70e0, 0x000001e38bdd56a0, 0x000001e38bdd9840
}

Java Threads: ( => current thread )
  0x000001e32db7bd80 JavaThread "main"                              [_thread_blocked, id=12452, stack(0x0000001916e00000,0x0000001916f00000) (1024K)]
  0x000001e341f6dac0 JavaThread "Reference Handler"          daemon [_thread_blocked, id=17616, stack(0x0000001917200000,0x0000001917300000) (1024K)]
  0x000001e32dc2a480 JavaThread "Finalizer"                  daemon [_thread_blocked, id=9880, stack(0x0000001917300000,0x0000001917400000) (1024K)]
  0x000001e32dc2c190 JavaThread "Signal Dispatcher"          daemon [_thread_blocked, id=11812, stack(0x0000001917400000,0x0000001917500000) (1024K)]
  0x000001e32dc2cde0 JavaThread "Attach Listener"            daemon [_thread_blocked, id=17112, stack(0x0000001917500000,0x0000001917600000) (1024K)]
  0x000001e32dc2da30 JavaThread "Service Thread"             daemon [_thread_blocked, id=23776, stack(0x0000001917600000,0x0000001917700000) (1024K)]
  0x000001e32dc30490 JavaThread "Monitor Deflation Thread"   daemon [_thread_blocked, id=8068, stack(0x0000001917700000,0x0000001917800000) (1024K)]
=>0x000001e32dc34f80 JavaThread "C2 CompilerThread0"         daemon [_thread_in_native, id=364, stack(0x0000001917800000,0x0000001917900000) (1024K)]
  0x000001e32dc35d90 JavaThread "C1 CompilerThread0"         daemon [_thread_blocked, id=16700, stack(0x0000001917900000,0x0000001917a00000) (1024K)]
  0x000001e38454d160 JavaThread "Common-Cleaner"             daemon [_thread_blocked, id=14160, stack(0x0000001917a00000,0x0000001917b00000) (1024K)]
  0x000001e3847a0fb0 JavaThread "Notification Thread"        daemon [_thread_blocked, id=2880, stack(0x0000001917b00000,0x0000001917c00000) (1024K)]
  0x000001e385ba2dd0 JavaThread "Active Thread: Equinox Container: 5fc0ec80-4d11-495a-9089-88714851e187"        [_thread_blocked, id=2856, stack(0x0000001918300000,0x0000001918400000) (1024K)]
  0x000001e3857dd040 JavaThread "Refresh Thread: Equinox Container: 5fc0ec80-4d11-495a-9089-88714851e187" daemon [_thread_blocked, id=25760, stack(0x0000001917c00000,0x0000001917d00000) (1024K)]
  0x000001e3855e0840 JavaThread "Framework Event Dispatcher: Equinox Container: 5fc0ec80-4d11-495a-9089-88714851e187" daemon [_thread_blocked, id=15916, stack(0x0000001918500000,0x0000001918600000) (1024K)]
  0x000001e3847ffa80 JavaThread "Start Level: Equinox Container: 5fc0ec80-4d11-495a-9089-88714851e187" daemon [_thread_blocked, id=16456, stack(0x0000001918600000,0x0000001918700000) (1024K)]
  0x000001e38a2b7b80 JavaThread "Bundle File Closer"         daemon [_thread_blocked, id=26084, stack(0x0000001918a00000,0x0000001918b00000) (1024K)]
  0x000001e3858ce450 JavaThread "SCR Component Actor"        daemon [_thread_blocked, id=27364, stack(0x0000001916b00000,0x0000001916c00000) (1024K)]
  0x000001e385a1c8b0 JavaThread "Worker-JM"                         [_thread_blocked, id=27272, stack(0x0000001918d00000,0x0000001918e00000) (1024K)]
  0x000001e385a1d5d0 JavaThread "JNA Cleaner"                daemon [_thread_blocked, id=9824, stack(0x0000001918e00000,0x0000001918f00000) (1024K)]
  0x000001e385a1f010 JavaThread "Java indexing"              daemon [_thread_blocked, id=23920, stack(0x0000001919200000,0x0000001919300000) (1024K)]
  0x000001e38cf615f0 JavaThread "Thread-2"                   daemon [_thread_in_native, id=26880, stack(0x0000001919700000,0x0000001919800000) (1024K)]
  0x000001e38cf608d0 JavaThread "Thread-3"                   daemon [_thread_in_native, id=27060, stack(0x0000001919800000,0x0000001919900000) (1024K)]
  0x000001e38cf629a0 JavaThread "Thread-4"                   daemon [_thread_in_native, id=21044, stack(0x0000001919900000,0x0000001919a00000) (1024K)]
  0x000001e38cf61c80 JavaThread "Thread-5"                   daemon [_thread_in_native, id=1744, stack(0x0000001919a00000,0x0000001919b00000) (1024K)]
  0x000001e38cf63d50 JavaThread "Thread-6"                   daemon [_thread_in_native, id=26656, stack(0x0000001919b00000,0x0000001919c00000) (1024K)]
  0x000001e38cf643e0 JavaThread "Thread-7"                   daemon [_thread_in_native, id=8896, stack(0x0000001919c00000,0x0000001919d00000) (1024K)]
  0x000001e38cf62310 JavaThread "Thread-8"                   daemon [_thread_in_native, id=3320, stack(0x0000001919d00000,0x0000001919e00000) (1024K)]
  0x000001e38cf60f60 JavaThread "Thread-9"                   daemon [_thread_in_native, id=26252, stack(0x0000001919e00000,0x0000001919f00000) (1024K)]
  0x000001e38cf664b0 JavaThread "Thread-10"                  daemon [_thread_in_native, id=1828, stack(0x0000001919f00000,0x000000191a000000) (1024K)]
  0x000001e38cf66b40 JavaThread "Thread-11"                  daemon [_thread_in_native, id=26684, stack(0x000000191a000000,0x000000191a100000) (1024K)]
  0x000001e38cf64a70 JavaThread "Thread-12"                  daemon [_thread_in_native, id=9284, stack(0x000000191a100000,0x000000191a200000) (1024K)]
  0x000001e38cf65100 JavaThread "Thread-13"                  daemon [_thread_in_native, id=2036, stack(0x000000191a200000,0x000000191a300000) (1024K)]
  0x000001e38cf65790 JavaThread "Thread-14"                  daemon [_thread_in_native, id=26760, stack(0x000000191a300000,0x000000191a400000) (1024K)]
  0x000001e38cf636c0 JavaThread "pool-2-thread-1"                   [_thread_blocked, id=14528, stack(0x000000191a400000,0x000000191a500000) (1024K)]
  0x000001e38cf67ef0 JavaThread "WorkspaceEventsHandler"            [_thread_blocked, id=26676, stack(0x000000191a500000,0x000000191a600000) (1024K)]
  0x000001e38cf65e20 JavaThread "pool-1-thread-1"                   [_thread_blocked, id=5016, stack(0x000000191a600000,0x000000191a700000) (1024K)]
  0x000001e38eb43b20 JavaThread "Java Debug Server"          daemon [_thread_in_native, id=25912, stack(0x0000001919000000,0x0000001919100000) (1024K)]
  0x000001e38eb44ed0 JavaThread "RxSchedulerPurge-1"         daemon [_thread_blocked, id=8740, stack(0x0000001919400000,0x0000001919500000) (1024K)]
  0x000001e38eb45560 JavaThread "RxCachedWorkerPoolEvictor-1" daemon [_thread_blocked, id=11336, stack(0x0000001919500000,0x0000001919600000) (1024K)]
  0x000001e38d106eb0 JavaThread "Cleaner-0"                  daemon [_thread_blocked, id=17568, stack(0x000000191b000000,0x000000191b100000) (1024K)]
  0x000001e38a482de0 JavaThread "Worker-33"                         [_thread_blocked, id=29792, stack(0x000000191af00000,0x000000191b000000) (1024K)]
  0x000001e38bdd91b0 JavaThread "Worker-42"                         [_thread_blocked, id=14740, stack(0x0000001918c00000,0x0000001918d00000) (1024K)]
  0x000001e38a484820 JavaThread "pool-5-thread-3"                   [_thread_in_native, id=26080, stack(0x0000001918b00000,0x0000001918c00000) (1024K)]
  0x000001e38a484190 JavaThread "RxNewThreadScheduler-5"     daemon [_thread_blocked, id=11312, stack(0x0000001918f00000,0x0000001919000000) (1024K)]
  0x000001e38bdd70e0 JavaThread "process reaper (pid 26160)" daemon [_thread_in_native, id=29292, stack(0x0000001919100000,0x0000001919120000) (128K)]
  0x000001e38bdd56a0 JavaThread "ForkJoinPool.commonPool-worker-108" daemon [_thread_blocked, id=33940, stack(0x0000001916c00000,0x0000001916d00000) (1024K)]
  0x000001e38bdd9840 JavaThread "ForkJoinPool.commonPool-worker-109" daemon [_thread_blocked, id=29788, stack(0x0000001916d00000,0x0000001916e00000) (1024K)]
Total: 47

Other Threads:
  0x000001e341f54960 VMThread "VM Thread"                           [id=13860, stack(0x0000001917100000,0x0000001917200000) (1024K)]
  0x000001e341e4ca00 WatcherThread "VM Periodic Task Thread"        [id=21860, stack(0x0000001917000000,0x0000001917100000) (1024K)]
  0x000001e32db9a3e0 WorkerThread "GC Thread#0"                     [id=23900, stack(0x0000001916f00000,0x0000001917000000) (1024K)]
  0x000001e385bc7570 WorkerThread "GC Thread#1"                     [id=19828, stack(0x0000001917d00000,0x0000001917e00000) (1024K)]
  0x000001e3859d5c70 WorkerThread "GC Thread#2"                     [id=2940, stack(0x0000001917e00000,0x0000001917f00000) (1024K)]
  0x000001e38a018af0 WorkerThread "GC Thread#3"                     [id=3204, stack(0x0000001917f00000,0x0000001918000000) (1024K)]
  0x000001e3859e6950 WorkerThread "GC Thread#4"                     [id=19676, stack(0x0000001918000000,0x0000001918100000) (1024K)]
  0x000001e3859e6cf0 WorkerThread "GC Thread#5"                     [id=5836, stack(0x0000001918100000,0x0000001918200000) (1024K)]
  0x000001e3847f4480 WorkerThread "GC Thread#6"                     [id=9020, stack(0x0000001918200000,0x0000001918300000) (1024K)]
  0x000001e3857de050 WorkerThread "GC Thread#7"                     [id=26600, stack(0x0000001918400000,0x0000001918500000) (1024K)]
  0x000001e3845a61e0 WorkerThread "GC Thread#8"                     [id=25624, stack(0x0000001918800000,0x0000001918900000) (1024K)]
  0x000001e38a174fb0 WorkerThread "GC Thread#9"                     [id=26044, stack(0x0000001918900000,0x0000001918a00000) (1024K)]
Total: 12

Threads with active compile tasks:
C2 CompilerThread0  22718464 27696       4       lombok.eclipse.EclipseAST::buildTypes (53 bytes)
Total: 1

VM state: not at safepoint (normal execution)

VM Mutex/Monitor currently owned by a thread: None

Heap address: 0x00000000c0000000, size: 1024 MB, Compressed Oops mode: 32-bit

CDS archive(s) mapped at: [0x000001e342000000-0x000001e342ba0000-0x000001e342ba0000), size 12189696, SharedBaseAddress: 0x000001e342000000, ArchiveRelocationMode: 1.
Compressed class space mapped at: 0x000001e343000000-0x000001e383000000, reserved size: 1073741824
Narrow klass base: 0x000001e342000000, Narrow klass shift: 0, Narrow klass range: 0x100000000

GC Precious Log:
 CardTable entry size: 512
 CPUs: 12 total, 12 available
 Memory: 8003M
 Large Page Support: Disabled
 NUMA Support: Disabled
 Compressed Oops: Enabled (32-bit)
 Alignments: Space 512K, Generation 512K, Heap 2M
 Heap Min Capacity: 100M
 Heap Initial Capacity: 100M
 Heap Max Capacity: 1G
 Pre-touch: Disabled
 Parallel Workers: 10

Heap:
 PSYoungGen      total 16896K, used 4197K [0x00000000eab00000, 0x00000000ebd00000, 0x0000000100000000)
  eden space 15360K, 19% used [0x00000000eab00000,0x00000000eadfb268,0x00000000eba00000)
  from space 1536K, 74% used [0x00000000ebb80000,0x00000000ebc9e430,0x00000000ebd00000)
  to   space 1536K, 0% used [0x00000000eba00000,0x00000000eba00000,0x00000000ebb80000)
 ParOldGen       total 692224K, used 691788K [0x00000000c0000000, 0x00000000ea400000, 0x00000000eab00000)
  object space 692224K, 99% used [0x00000000c0000000,0x00000000ea393100,0x00000000ea400000)
 Metaspace       used 88838K, committed 90432K, reserved 1179648K
  class space    used 8703K, committed 9408K, reserved 1048576K

Card table byte_map: [0x000001e32d520000,0x000001e32d730000] _byte_map_base: 0x000001e32cf20000

Marking Bits: (ParMarkBitMap*) 0x00007ffac50f31f0
 Begin Bits: [0x000001e33fd70000, 0x000001e340d70000)
 End Bits:   [0x000001e340d70000, 0x000001e341d70000)

Polling page: 0x000001e32b980000

Metaspace:

Usage:
  Non-class:     78.26 MB used.
      Class:      8.50 MB used.
       Both:     86.76 MB used.

Virtual space:
  Non-class space:      128.00 MB reserved,      79.12 MB ( 62%) committed,  2 nodes.
      Class space:        1.00 GB reserved,       9.19 MB ( <1%) committed,  1 nodes.
             Both:        1.12 GB reserved,      88.31 MB (  8%) committed. 

Chunk freelists:
   Non-Class:  834.00 KB
       Class:  6.82 MB
        Both:  7.63 MB

MaxMetaspaceSize: unlimited
CompressedClassSpaceSize: 1.00 GB
Initial GC threshold: 21.00 MB
Current GC threshold: 142.44 MB
CDS: on
 - commit_granule_bytes: 65536.
 - commit_granule_words: 8192.
 - virtual_space_node_default_size: 8388608.
 - enlarge_chunks_in_place: 1.
 - use_allocation_guard: 0.


Internal statistics:

num_allocs_failed_limit: 9.
num_arena_births: 1956.
num_arena_deaths: 494.
num_vsnodes_births: 3.
num_vsnodes_deaths: 0.
num_space_committed: 1413.
num_space_uncommitted: 0.
num_chunks_returned_to_freelist: 606.
num_chunks_taken_from_freelist: 6605.
num_chunk_merges: 184.
num_chunk_splits: 3831.
num_chunks_enlarged: 2115.
num_inconsistent_stats: 0.

CodeHeap 'non-profiled nmethods': size=120000Kb used=27306Kb max_used=27306Kb free=92693Kb
 bounds [0x000001e338840000, 0x000001e33a2f0000, 0x000001e33fd70000]
CodeHeap 'profiled nmethods': size=120000Kb used=52083Kb max_used=52701Kb free=67916Kb
 bounds [0x000001e330d70000, 0x000001e334110000, 0x000001e3382a0000]
CodeHeap 'non-nmethods': size=5760Kb used=1507Kb max_used=1620Kb free=4252Kb
 bounds [0x000001e3382a0000, 0x000001e338510000, 0x000001e338840000]
 total_blobs=22615 nmethods=21788 adapters=726
 compilation: enabled
              stopped_count=0, restarted_count=0
 full_count=0

Compilation events (20 events):
Event: 18174.499 Thread 0x000001e32dc35d90 nmethod 27694 0x000001e332639090 code [0x000001e332639220, 0x000001e332639380]
Event: 22716.495 Thread 0x000001e32dc35d90 27695       3       org.eclipse.core.internal.resources.Resource::isVirtual (25 bytes)
Event: 22716.562 Thread 0x000001e32dc35d90 nmethod 27695 0x000001e332638890 code [0x000001e332638a60, 0x000001e332638ef8]
Event: 22716.791 Thread 0x000001e32dc34f80 27696       4       lombok.eclipse.EclipseAST::buildTypes (53 bytes)
Event: 22717.141 Thread 0x000001e32dc35d90 27697       3       org.eclipse.jdt.internal.compiler.ClassFile::generateMethodParameters (861 bytes)
Event: 22717.230 Thread 0x000001e32dc35d90 nmethod 27697 0x000001e3325b8010 code [0x000001e3325b8580, 0x000001e3325bb738]
Event: 22717.230 Thread 0x000001e32dc35d90 27698       3       org.eclipse.jdt.internal.compiler.ClassFile::add (57 bytes)
Event: 22717.234 Thread 0x000001e32dc35d90 nmethod 27698 0x000001e3325b7390 code [0x000001e3325b75c0, 0x000001e3325b7d90]
Event: 22717.234 Thread 0x000001e32dc35d90 27699       3       org.eclipse.jdt.ls.core.internal.text.correction.SourceAssistProcessor::hasFields (49 bytes)
Event: 22717.239 Thread 0x000001e32dc35d90 nmethod 27699 0x000001e3325b6b90 code [0x000001e3325b6d60, 0x000001e3325b70e8]
Event: 22717.245 Thread 0x000001e32dc35d90 27700   !   3       org.eclipse.jdt.ls.core.internal.text.correction.CodeActionUtility::hasMethod (31 bytes)
Event: 22717.262 Thread 0x000001e32dc35d90 nmethod 27700 0x000001e332637410 code [0x000001e3326376c0, 0x000001e3326382d8]
Event: 22717.262 Thread 0x000001e32dc35d90 27701       3       org.eclipse.jdt.ls.core.internal.text.correction.CodeActionUtility$$Lambda/0x000001e3438750d8::<init> (15 bytes)
Event: 22717.262 Thread 0x000001e32dc35d90 nmethod 27701 0x000001e332637010 code [0x000001e3326371c0, 0x000001e332637358]
Event: 22717.267 Thread 0x000001e32dc35d90 27702       3       org.eclipse.jdt.ls.core.internal.codemanipulation.PartialSortMembersOperation$2$$Lambda/0x000001e3438923b0::test (12 bytes)
Event: 22717.282 Thread 0x000001e32dc35d90 nmethod 27702 0x000001e331c24f90 code [0x000001e331c25160, 0x000001e331c254b0]
Event: 22717.282 Thread 0x000001e32dc35d90 27703       3       org.eclipse.jdt.ls.core.internal.codemanipulation.PartialSortMembersOperation$2::lambda$0 (11 bytes)
Event: 22717.282 Thread 0x000001e32dc35d90 nmethod 27703 0x000001e332636a90 code [0x000001e332636c40, 0x000001e332636e20]
Event: 22717.282 Thread 0x000001e32dc35d90 27704       3       org.eclipse.jdt.ls.core.internal.codemanipulation.PartialSortMembersOperation$2$$Lambda/0x000001e3438925f8::test (12 bytes)
Event: 22717.286 Thread 0x000001e32dc35d90 nmethod 27704 0x000001e331c24890 code [0x000001e331c24a60, 0x000001e331c24e18]

GC Heap History (20 events):
Event: 16279.785 GC heap before
{Heap before GC invocations=2106 (full 5):
 PSYoungGen      total 15872K, used 15865K [0x00000000eab00000, 0x00000000ebe80000, 0x0000000100000000)
  eden space 15360K, 100% used [0x00000000eab00000,0x00000000eba00000,0x00000000eba00000)
  from space 512K, 98% used [0x00000000ebe00000,0x00000000ebe7e410,0x00000000ebe80000)
  to   space 1024K, 0% used [0x00000000ebc80000,0x00000000ebc80000,0x00000000ebd80000)
 ParOldGen       total 685568K, used 685285K [0x00000000c0000000, 0x00000000e9d80000, 0x00000000eab00000)
  object space 685568K, 99% used [0x00000000c0000000,0x00000000e9d39438,0x00000000e9d80000)
 Metaspace       used 88816K, committed 90432K, reserved 1179648K
  class space    used 8703K, committed 9408K, reserved 1048576K
}
Event: 16280.019 GC heap after
{Heap after GC invocations=2106 (full 5):
 PSYoungGen      total 16384K, used 992K [0x00000000eab00000, 0x00000000ebe80000, 0x0000000100000000)
  eden space 15360K, 0% used [0x00000000eab00000,0x00000000eab00000,0x00000000eba00000)
  from space 1024K, 96% used [0x00000000ebc80000,0x00000000ebd78020,0x00000000ebd80000)
  to   space 1024K, 0% used [0x00000000ebd80000,0x00000000ebd80000,0x00000000ebe80000)
 ParOldGen       total 686080K, used 685774K [0x00000000c0000000, 0x00000000e9e00000, 0x00000000eab00000)
  object space 686080K, 99% used [0x00000000c0000000,0x00000000e9db3858,0x00000000e9e00000)
 Metaspace       used 88816K, committed 90432K, reserved 1179648K
  class space    used 8703K, committed 9408K, reserved 1048576K
}
Event: 16281.014 GC heap before
{Heap before GC invocations=2107 (full 5):
 PSYoungGen      total 16384K, used 16350K [0x00000000eab00000, 0x00000000ebe80000, 0x0000000100000000)
  eden space 15360K, 99% used [0x00000000eab00000,0x00000000eb9ff930,0x00000000eba00000)
  from space 1024K, 96% used [0x00000000ebc80000,0x00000000ebd78020,0x00000000ebd80000)
  to   space 1024K, 0% used [0x00000000ebd80000,0x00000000ebd80000,0x00000000ebe80000)
 ParOldGen       total 686080K, used 685774K [0x00000000c0000000, 0x00000000e9e00000, 0x00000000eab00000)
  object space 686080K, 99% used [0x00000000c0000000,0x00000000e9db3858,0x00000000e9e00000)
 Metaspace       used 88816K, committed 90432K, reserved 1179648K
  class space    used 8703K, committed 9408K, reserved 1048576K
}
Event: 16281.016 GC heap after
{Heap after GC invocations=2107 (full 5):
 PSYoungGen      total 15872K, used 320K [0x00000000eab00000, 0x00000000ebe00000, 0x0000000100000000)
  eden space 15360K, 0% used [0x00000000eab00000,0x00000000eab00000,0x00000000eba00000)
  from space 512K, 62% used [0x00000000ebd80000,0x00000000ebdd0000,0x00000000ebe00000)
  to   space 1024K, 0% used [0x00000000ebc00000,0x00000000ebc00000,0x00000000ebd00000)
 ParOldGen       total 687104K, used 686651K [0x00000000c0000000, 0x00000000e9f00000, 0x00000000eab00000)
  object space 687104K, 99% used [0x00000000c0000000,0x00000000e9e8ec10,0x00000000e9f00000)
 Metaspace       used 88816K, committed 90432K, reserved 1179648K
  class space    used 8703K, committed 9408K, reserved 1048576K
}
Event: 16303.263 GC heap before
{Heap before GC invocations=2108 (full 5):
 PSYoungGen      total 15872K, used 15657K [0x00000000eab00000, 0x00000000ebe00000, 0x0000000100000000)
  eden space 15360K, 99% used [0x00000000eab00000,0x00000000eb9fa6c0,0x00000000eba00000)
  from space 512K, 62% used [0x00000000ebd80000,0x00000000ebdd0000,0x00000000ebe00000)
  to   space 1024K, 0% used [0x00000000ebc00000,0x00000000ebc00000,0x00000000ebd00000)
 ParOldGen       total 687104K, used 686651K [0x00000000c0000000, 0x00000000e9f00000, 0x00000000eab00000)
  object space 687104K, 99% used [0x00000000c0000000,0x00000000e9e8ec10,0x00000000e9f00000)
 Metaspace       used 88827K, committed 90432K, reserved 1179648K
  class space    used 8703K, committed 9408K, reserved 1048576K
}
Event: 16303.268 GC heap after
{Heap after GC invocations=2108 (full 5):
 PSYoungGen      total 16384K, used 548K [0x00000000eab00000, 0x00000000ebe00000, 0x0000000100000000)
  eden space 15360K, 0% used [0x00000000eab00000,0x00000000eab00000,0x00000000eba00000)
  from space 1024K, 53% used [0x00000000ebc00000,0x00000000ebc89230,0x00000000ebd00000)
  to   space 1024K, 0% used [0x00000000ebd00000,0x00000000ebd00000,0x00000000ebe00000)
 ParOldGen       total 687104K, used 686739K [0x00000000c0000000, 0x00000000e9f00000, 0x00000000eab00000)
  object space 687104K, 99% used [0x00000000c0000000,0x00000000e9ea4c10,0x00000000e9f00000)
 Metaspace       used 88827K, committed 90432K, reserved 1179648K
  class space    used 8703K, committed 9408K, reserved 1048576K
}
Event: 16303.298 GC heap before
{Heap before GC invocations=2109 (full 5):
 PSYoungGen      total 16384K, used 15908K [0x00000000eab00000, 0x00000000ebe00000, 0x0000000100000000)
  eden space 15360K, 100% used [0x00000000eab00000,0x00000000eba00000,0x00000000eba00000)
  from space 1024K, 53% used [0x00000000ebc00000,0x00000000ebc89230,0x00000000ebd00000)
  to   space 1024K, 0% used [0x00000000ebd00000,0x00000000ebd00000,0x00000000ebe00000)
 ParOldGen       total 687104K, used 686739K [0x00000000c0000000, 0x00000000e9f00000, 0x00000000eab00000)
  object space 687104K, 99% used [0x00000000c0000000,0x00000000e9ea4c10,0x00000000e9f00000)
 Metaspace       used 88830K, committed 90432K, reserved 1179648K
  class space    used 8703K, committed 9408K, reserved 1048576K
}
Event: 16303.304 GC heap after
{Heap after GC invocations=2109 (full 5):
 PSYoungGen      total 16384K, used 1007K [0x00000000eab00000, 0x00000000ec000000, 0x0000000100000000)
  eden space 15360K, 0% used [0x00000000eab00000,0x00000000eab00000,0x00000000eba00000)
  from space 1024K, 98% used [0x00000000ebd00000,0x00000000ebdfbea0,0x00000000ebe00000)
  to   space 3072K, 0% used [0x00000000eba00000,0x00000000eba00000,0x00000000ebd00000)
 ParOldGen       total 688128K, used 688126K [0x00000000c0000000, 0x00000000ea000000, 0x00000000eab00000)
  object space 688128K, 99% used [0x00000000c0000000,0x00000000e9fffa58,0x00000000ea000000)
 Metaspace       used 88830K, committed 90432K, reserved 1179648K
  class space    used 8703K, committed 9408K, reserved 1048576K
}
Event: 16303.319 GC heap before
{Heap before GC invocations=2110 (full 5):
 PSYoungGen      total 16384K, used 16367K [0x00000000eab00000, 0x00000000ec000000, 0x0000000100000000)
  eden space 15360K, 100% used [0x00000000eab00000,0x00000000eba00000,0x00000000eba00000)
  from space 1024K, 98% used [0x00000000ebd00000,0x00000000ebdfbea0,0x00000000ebe00000)
  to   space 3072K, 0% used [0x00000000eba00000,0x00000000eba00000,0x00000000ebd00000)
 ParOldGen       total 688128K, used 688126K [0x00000000c0000000, 0x00000000ea000000, 0x00000000eab00000)
  object space 688128K, 99% used [0x00000000c0000000,0x00000000e9fffa58,0x00000000ea000000)
 Metaspace       used 88830K, committed 90432K, reserved 1179648K
  class space    used 8703K, committed 9408K, reserved 1048576K
}
Event: 16303.326 GC heap after
{Heap after GC invocations=2110 (full 5):
 PSYoungGen      total 16896K, used 1216K [0x00000000eab00000, 0x00000000ebe00000, 0x0000000100000000)
  eden space 15360K, 0% used [0x00000000eab00000,0x00000000eab00000,0x00000000eba00000)
  from space 1536K, 79% used [0x00000000eba00000,0x00000000ebb30000,0x00000000ebb80000)
  to   space 2048K, 0% used [0x00000000ebc00000,0x00000000ebc00000,0x00000000ebe00000)
 ParOldGen       total 689152K, used 689078K [0x00000000c0000000, 0x00000000ea100000, 0x00000000eab00000)
  object space 689152K, 99% used [0x00000000c0000000,0x00000000ea0ed8f8,0x00000000ea100000)
 Metaspace       used 88830K, committed 90432K, reserved 1179648K
  class space    used 8703K, committed 9408K, reserved 1048576K
}
Event: 16303.346 GC heap before
{Heap before GC invocations=2111 (full 5):
 PSYoungGen      total 16896K, used 16576K [0x00000000eab00000, 0x00000000ebe00000, 0x0000000100000000)
  eden space 15360K, 100% used [0x00000000eab00000,0x00000000eba00000,0x00000000eba00000)
  from space 1536K, 79% used [0x00000000eba00000,0x00000000ebb30000,0x00000000ebb80000)
  to   space 2048K, 0% used [0x00000000ebc00000,0x00000000ebc00000,0x00000000ebe00000)
 ParOldGen       total 689152K, used 689078K [0x00000000c0000000, 0x00000000ea100000, 0x00000000eab00000)
  object space 689152K, 99% used [0x00000000c0000000,0x00000000ea0ed8f8,0x00000000ea100000)
 Metaspace       used 88830K, committed 90432K, reserved 1179648K
  class space    used 8703K, committed 9408K, reserved 1048576K
}
Event: 16303.351 GC heap after
{Heap after GC invocations=2111 (full 5):
 PSYoungGen      total 16896K, used 1467K [0x00000000eab00000, 0x00000000ebd80000, 0x0000000100000000)
  eden space 15360K, 0% used [0x00000000eab00000,0x00000000eab00000,0x00000000eba00000)
  from space 1536K, 95% used [0x00000000ebc00000,0x00000000ebd6ec00,0x00000000ebd80000)
  to   space 1536K, 0% used [0x00000000eba00000,0x00000000eba00000,0x00000000ebb80000)
 ParOldGen       total 690176K, used 690094K [0x00000000c0000000, 0x00000000ea200000, 0x00000000eab00000)
  object space 690176K, 99% used [0x00000000c0000000,0x00000000ea1eb8f8,0x00000000ea200000)
 Metaspace       used 88830K, committed 90432K, reserved 1179648K
  class space    used 8703K, committed 9408K, reserved 1048576K
}
Event: 16303.363 GC heap before
{Heap before GC invocations=2112 (full 5):
 PSYoungGen      total 16896K, used 16827K [0x00000000eab00000, 0x00000000ebd80000, 0x0000000100000000)
  eden space 15360K, 100% used [0x00000000eab00000,0x00000000eba00000,0x00000000eba00000)
  from space 1536K, 95% used [0x00000000ebc00000,0x00000000ebd6ec00,0x00000000ebd80000)
  to   space 1536K, 0% used [0x00000000eba00000,0x00000000eba00000,0x00000000ebb80000)
 ParOldGen       total 690176K, used 690094K [0x00000000c0000000, 0x00000000ea200000, 0x00000000eab00000)
  object space 690176K, 99% used [0x00000000c0000000,0x00000000ea1eb8f8,0x00000000ea200000)
 Metaspace       used 88830K, committed 90432K, reserved 1179648K
  class space    used 8703K, committed 9408K, reserved 1048576K
}
Event: 16303.367 GC heap after
{Heap after GC invocations=2112 (full 5):
 PSYoungGen      total 16896K, used 681K [0x00000000eab00000, 0x00000000ebc80000, 0x0000000100000000)
  eden space 15360K, 0% used [0x00000000eab00000,0x00000000eab00000,0x00000000eba00000)
  from space 1536K, 44% used [0x00000000eba00000,0x00000000ebaaa400,0x00000000ebb80000)
  to   space 1024K, 0% used [0x00000000ebb80000,0x00000000ebb80000,0x00000000ebc80000)
 ParOldGen       total 690688K, used 690310K [0x00000000c0000000, 0x00000000ea280000, 0x00000000eab00000)
  object space 690688K, 99% used [0x00000000c0000000,0x00000000ea2218f8,0x00000000ea280000)
 Metaspace       used 88830K, committed 90432K, reserved 1179648K
  class space    used 8703K, committed 9408K, reserved 1048576K
}
Event: 18027.046 GC heap before
{Heap before GC invocations=2113 (full 5):
 PSYoungGen      total 16896K, used 16041K [0x00000000eab00000, 0x00000000ebc80000, 0x0000000100000000)
  eden space 15360K, 100% used [0x00000000eab00000,0x00000000eba00000,0x00000000eba00000)
  from space 1536K, 44% used [0x00000000eba00000,0x00000000ebaaa400,0x00000000ebb80000)
  to   space 1024K, 0% used [0x00000000ebb80000,0x00000000ebb80000,0x00000000ebc80000)
 ParOldGen       total 690688K, used 690310K [0x00000000c0000000, 0x00000000ea280000, 0x00000000eab00000)
  object space 690688K, 99% used [0x00000000c0000000,0x00000000ea2218f8,0x00000000ea280000)
 Metaspace       used 88833K, committed 90432K, reserved 1179648K
  class space    used 8703K, committed 9408K, reserved 1048576K
}
Event: 18027.217 GC heap after
{Heap after GC invocations=2113 (full 5):
 PSYoungGen      total 16384K, used 777K [0x00000000eab00000, 0x00000000ebc80000, 0x0000000100000000)
  eden space 15360K, 0% used [0x00000000eab00000,0x00000000eab00000,0x00000000eba00000)
  from space 1024K, 75% used [0x00000000ebb80000,0x00000000ebc42440,0x00000000ebc80000)
  to   space 1024K, 0% used [0x00000000eba80000,0x00000000eba80000,0x00000000ebb80000)
 ParOldGen       total 691200K, used 690702K [0x00000000c0000000, 0x00000000ea300000, 0x00000000eab00000)
  object space 691200K, 99% used [0x00000000c0000000,0x00000000ea2838f8,0x00000000ea300000)
 Metaspace       used 88833K, committed 90432K, reserved 1179648K
  class space    used 8703K, committed 9408K, reserved 1048576K
}
Event: 18053.635 GC heap before
{Heap before GC invocations=2114 (full 5):
 PSYoungGen      total 16384K, used 16137K [0x00000000eab00000, 0x00000000ebc80000, 0x0000000100000000)
  eden space 15360K, 100% used [0x00000000eab00000,0x00000000eba00000,0x00000000eba00000)
  from space 1024K, 75% used [0x00000000ebb80000,0x00000000ebc42440,0x00000000ebc80000)
  to   space 1024K, 0% used [0x00000000eba80000,0x00000000eba80000,0x00000000ebb80000)
 ParOldGen       total 691200K, used 690702K [0x00000000c0000000, 0x00000000ea300000, 0x00000000eab00000)
  object space 691200K, 99% used [0x00000000c0000000,0x00000000ea2838f8,0x00000000ea300000)
 Metaspace       used 88835K, committed 90432K, reserved 1179648K
  class space    used 8703K, committed 9408K, reserved 1048576K
}
Event: 18053.834 GC heap after
{Heap after GC invocations=2114 (full 5):
 PSYoungGen      total 16384K, used 1017K [0x00000000eab00000, 0x00000000ebd00000, 0x0000000100000000)
  eden space 15360K, 0% used [0x00000000eab00000,0x00000000eab00000,0x00000000eba00000)
  from space 1024K, 99% used [0x00000000eba80000,0x00000000ebb7e430,0x00000000ebb80000)
  to   space 1536K, 0% used [0x00000000ebb80000,0x00000000ebb80000,0x00000000ebd00000)
 ParOldGen       total 691200K, used 690954K [0x00000000c0000000, 0x00000000ea300000, 0x00000000eab00000)
  object space 691200K, 99% used [0x00000000c0000000,0x00000000ea2c2948,0x00000000ea300000)
 Metaspace       used 88835K, committed 90432K, reserved 1179648K
  class space    used 8703K, committed 9408K, reserved 1048576K
}
Event: 22716.800 GC heap before
{Heap before GC invocations=2115 (full 5):
 PSYoungGen      total 16384K, used 16377K [0x00000000eab00000, 0x00000000ebd00000, 0x0000000100000000)
  eden space 15360K, 100% used [0x00000000eab00000,0x00000000eba00000,0x00000000eba00000)
  from space 1024K, 99% used [0x00000000eba80000,0x00000000ebb7e430,0x00000000ebb80000)
  to   space 1536K, 0% used [0x00000000ebb80000,0x00000000ebb80000,0x00000000ebd00000)
 ParOldGen       total 691200K, used 690954K [0x00000000c0000000, 0x00000000ea300000, 0x00000000eab00000)
  object space 691200K, 99% used [0x00000000c0000000,0x00000000ea2c2948,0x00000000ea300000)
 Metaspace       used 88835K, committed 90432K, reserved 1179648K
  class space    used 8703K, committed 9408K, reserved 1048576K
}
Event: 22717.001 GC heap after
{Heap after GC invocations=2115 (full 5):
 PSYoungGen      total 16896K, used 1145K [0x00000000eab00000, 0x00000000ebd00000, 0x0000000100000000)
  eden space 15360K, 0% used [0x00000000eab00000,0x00000000eab00000,0x00000000eba00000)
  from space 1536K, 74% used [0x00000000ebb80000,0x00000000ebc9e430,0x00000000ebd00000)
  to   space 1536K, 0% used [0x00000000eba00000,0x00000000eba00000,0x00000000ebb80000)
 ParOldGen       total 692224K, used 691788K [0x00000000c0000000, 0x00000000ea400000, 0x00000000eab00000)
  object space 692224K, 99% used [0x00000000c0000000,0x00000000ea393100,0x00000000ea400000)
 Metaspace       used 88835K, committed 90432K, reserved 1179648K
  class space    used 8703K, committed 9408K, reserved 1048576K
}

Dll operation events (11 events):
Event: 0.025 Loaded shared library c:\Users\ADIKTA\.vscode\extensions\redhat.java-1.42.0-win32-x64\jre\21.0.7-win32-x86_64\bin\java.dll
Event: 0.147 Loaded shared library c:\Users\ADIKTA\.vscode\extensions\redhat.java-1.42.0-win32-x64\jre\21.0.7-win32-x86_64\bin\zip.dll
Event: 0.180 Loaded shared library C:\Users\ADIKTA\.vscode\extensions\redhat.java-1.42.0-win32-x64\jre\21.0.7-win32-x86_64\bin\instrument.dll
Event: 0.222 Loaded shared library C:\Users\ADIKTA\.vscode\extensions\redhat.java-1.42.0-win32-x64\jre\21.0.7-win32-x86_64\bin\net.dll
Event: 0.382 Loaded shared library C:\Users\ADIKTA\.vscode\extensions\redhat.java-1.42.0-win32-x64\jre\21.0.7-win32-x86_64\bin\nio.dll
Event: 0.387 Loaded shared library C:\Users\ADIKTA\.vscode\extensions\redhat.java-1.42.0-win32-x64\jre\21.0.7-win32-x86_64\bin\zip.dll
Event: 0.417 Loaded shared library C:\Users\ADIKTA\.vscode\extensions\redhat.java-1.42.0-win32-x64\jre\21.0.7-win32-x86_64\bin\jimage.dll
Event: 0.656 Loaded shared library c:\Users\ADIKTA\.vscode\extensions\redhat.java-1.42.0-win32-x64\jre\21.0.7-win32-x86_64\bin\verify.dll
Event: 14.067 Loaded shared library C:\Users\ADIKTA\AppData\Roaming\Code\User\globalStorage\redhat.java\1.42.0\config_win\org.eclipse.equinox.launcher\org.eclipse.equinox.launcher.win32.win32.x86_64_1.2.1300.v20250331-1702\eclipse_11911.dll
Event: 32.331 Loaded shared library C:\Users\ADIKTA\AppData\Local\Temp\jna-1925943730\jna2983721698611501215.dll
Event: 333.464 Loaded shared library C:\Users\ADIKTA\.vscode\extensions\redhat.java-1.42.0-win32-x64\jre\21.0.7-win32-x86_64\bin\extnet.dll

Deoptimization events (20 events):
Event: 14899.633 Thread 0x000001e38d10a330 Uncommon trap: trap_request=0xffffff45 fr.pc=0x000001e3397b0df8 relative=0x00000000000005d8
Event: 14899.634 Thread 0x000001e38d10a330 Uncommon trap: reason=unstable_if action=reinterpret pc=0x000001e3397b0df8 method=org.eclipse.core.runtime.SubMonitor.newChild(II)Lorg/eclipse/core/runtime/SubMonitor; @ 102 c2
Event: 14899.634 Thread 0x000001e38d10a330 DEOPT PACKING pc=0x000001e3397b0df8 sp=0x00000019187fe660
Event: 14899.634 Thread 0x000001e38d10a330 DEOPT UNPACKING pc=0x000001e3382f3aa2 sp=0x00000019187fe4f8 mode 2
Event: 14946.157 Thread 0x000001e38a47ec40 Uncommon trap: trap_request=0xffffff45 fr.pc=0x000001e338a4ed4c relative=0x000000000000162c
Event: 14946.157 Thread 0x000001e38a47ec40 Uncommon trap: reason=unstable_if action=reinterpret pc=0x000001e338a4ed4c method=org.eclipse.jdt.internal.compiler.ClassFile.generateMethodParameters(Lorg/eclipse/jdt/internal/compiler/lookup/MethodBinding;)I @ 738 c2
Event: 14946.157 Thread 0x000001e38a47ec40 DEOPT PACKING pc=0x000001e338a4ed4c sp=0x000000191abfe240
Event: 14946.158 Thread 0x000001e38a47ec40 DEOPT UNPACKING pc=0x000001e3382f3aa2 sp=0x000000191abfe1b0 mode 2
Event: 16278.942 Thread 0x000001e38a4813a0 Uncommon trap: trap_request=0xffffffc6 fr.pc=0x000001e33a26787c relative=0x000000000000123c
Event: 16278.943 Thread 0x000001e38a4813a0 Uncommon trap: reason=bimorphic_or_optimized_type_check action=maybe_recompile pc=0x000001e33a26787c method=org.eclipse.jdt.core.search.SearchPattern.findIndexMatches(Lorg/eclipse/jdt/internal/core/index/Index;Lorg/eclipse/jdt/internal/core/search/IndexQu
Event: 16278.944 Thread 0x000001e38a4813a0 DEOPT PACKING pc=0x000001e33a26787c sp=0x0000001916cff0e0
Event: 16278.947 Thread 0x000001e38a4813a0 DEOPT UNPACKING pc=0x000001e3382f3aa2 sp=0x0000001916cff048 mode 2
Event: 16303.328 Thread 0x000001e38bdd9840 Uncommon trap: trap_request=0xffffffcc fr.pc=0x000001e3394debd8 relative=0x0000000000001558
Event: 16303.328 Thread 0x000001e38bdd9840 Uncommon trap: reason=intrinsic_or_type_checked_inlining action=make_not_entrant pc=0x000001e3394debd8 method=org.eclipse.jdt.internal.compiler.parser.Parser.getTypeReferenceForGenericType(III)Lorg/eclipse/jdt/internal/compiler/ast/TypeReference; @ 236 c2
Event: 16303.329 Thread 0x000001e38bdd9840 DEOPT PACKING pc=0x000001e3394debd8 sp=0x00000019196fe230
Event: 16303.329 Thread 0x000001e38bdd9840 DEOPT UNPACKING pc=0x000001e3382f3aa2 sp=0x00000019196fe1d8 mode 2
Event: 16303.344 Thread 0x000001e38bdd9840 Uncommon trap: trap_request=0xffffff45 fr.pc=0x000001e339bf7ea0 relative=0x0000000000002300
Event: 16303.344 Thread 0x000001e38bdd9840 Uncommon trap: reason=unstable_if action=reinterpret pc=0x000001e339bf7ea0 method=org.eclipse.jdt.internal.core.SourceMapper.getUnqualifiedTypeSignature(Ljava/lang/String;IILjava/lang/StringBuilder;Z)I @ 31 c2
Event: 16303.344 Thread 0x000001e38bdd9840 DEOPT PACKING pc=0x000001e339bf7ea0 sp=0x00000019196fe5e0
Event: 16303.345 Thread 0x000001e38bdd9840 DEOPT UNPACKING pc=0x000001e3382f3aa2 sp=0x00000019196fe5a8 mode 2

Classes loaded (20 events):
Event: 783.198 Loading class jdk/internal/ref/CleanerImpl$InnocuousThreadFactory
Event: 783.204 Loading class jdk/internal/ref/CleanerImpl$InnocuousThreadFactory done
Event: 10242.726 Loading class java/io/CharArrayReader
Event: 10242.728 Loading class java/io/CharArrayReader done
Event: 10242.731 Loading class java/util/regex/Pattern$Bound
Event: 10242.731 Loading class java/util/regex/Pattern$Bound done
Event: 12568.463 Loading class java/util/Collections$EmptyListIterator
Event: 12568.467 Loading class java/util/Collections$EmptyListIterator done
Event: 12570.574 Loading class java/util/Spliterators$IntArraySpliterator
Event: 12570.575 Loading class java/util/Spliterators$IntArraySpliterator done
Event: 12574.031 Loading class jdk/internal/module/IllegalAccessLogger
Event: 12574.031 Loading class jdk/internal/module/IllegalAccessLogger done
Event: 12574.442 Loading class java/nio/BufferMismatch
Event: 12574.443 Loading class java/nio/BufferMismatch done
Event: 13153.276 Loading class java/util/stream/ReferencePipeline$15
Event: 13153.279 Loading class java/util/stream/ReferencePipeline$15 done
Event: 13153.290 Loading class java/util/stream/ReferencePipeline$15$1
Event: 13153.293 Loading class java/util/stream/ReferencePipeline$15$1 done
Event: 14949.943 Loading class java/nio/channels/CompletionHandler
Event: 14949.951 Loading class java/nio/channels/CompletionHandler done

Classes unloaded (20 events):
Event: 10387.476 Thread 0x000001e341f54960 Unloading class 0x000001e343014800 'java/lang/invoke/LambdaForm$MH+0x000001e343014800'
Event: 10387.476 Thread 0x000001e341f54960 Unloading class 0x000001e34300d800 'java/lang/invoke/LambdaForm$MH+0x000001e34300d800'
Event: 10387.476 Thread 0x000001e341f54960 Unloading class 0x000001e34300d400 'java/lang/invoke/LambdaForm$MH+0x000001e34300d400'
Event: 10387.476 Thread 0x000001e341f54960 Unloading class 0x000001e34300d000 'java/lang/invoke/LambdaForm$MH+0x000001e34300d000'
Event: 10387.476 Thread 0x000001e341f54960 Unloading class 0x000001e34300cc00 'java/lang/invoke/LambdaForm$MH+0x000001e34300cc00'
Event: 10387.476 Thread 0x000001e341f54960 Unloading class 0x000001e34300c800 'java/lang/invoke/LambdaForm$BMH+0x000001e34300c800'
Event: 10387.476 Thread 0x000001e341f54960 Unloading class 0x000001e34300c000 'java/lang/invoke/LambdaForm$DMH+0x000001e34300c000'
Event: 10387.476 Thread 0x000001e341f54960 Unloading class 0x000001e343008400 'java/lang/invoke/LambdaForm$MH+0x000001e343008400'
Event: 10387.476 Thread 0x000001e341f54960 Unloading class 0x000001e343008000 'java/lang/invoke/LambdaForm$MH+0x000001e343008000'
Event: 10387.476 Thread 0x000001e341f54960 Unloading class 0x000001e343007c00 'java/lang/invoke/LambdaForm$MH+0x000001e343007c00'
Event: 10387.476 Thread 0x000001e341f54960 Unloading class 0x000001e343006800 'java/lang/invoke/LambdaForm$MH+0x000001e343006800'
Event: 10387.476 Thread 0x000001e341f54960 Unloading class 0x000001e343006000 'java/lang/invoke/LambdaForm$MH+0x000001e343006000'
Event: 10387.476 Thread 0x000001e341f54960 Unloading class 0x000001e343005c00 'java/lang/invoke/LambdaForm$MH+0x000001e343005c00'
Event: 10387.476 Thread 0x000001e341f54960 Unloading class 0x000001e343005800 'java/lang/invoke/LambdaForm$MH+0x000001e343005800'
Event: 10387.476 Thread 0x000001e341f54960 Unloading class 0x000001e343005400 'java/lang/invoke/LambdaForm$BMH+0x000001e343005400'
Event: 10387.476 Thread 0x000001e341f54960 Unloading class 0x000001e343004000 'java/lang/invoke/LambdaForm$DMH+0x000001e343004000'
Event: 10387.476 Thread 0x000001e341f54960 Unloading class 0x000001e343002800 'java/lang/invoke/LambdaForm$MH+0x000001e343002800'
Event: 10387.476 Thread 0x000001e341f54960 Unloading class 0x000001e343002400 'java/lang/invoke/LambdaForm$MH+0x000001e343002400'
Event: 10387.476 Thread 0x000001e341f54960 Unloading class 0x000001e343002000 'java/lang/invoke/LambdaForm$MH+0x000001e343002000'
Event: 10387.476 Thread 0x000001e341f54960 Unloading class 0x000001e343001800 'java/lang/invoke/LambdaForm$MH+0x000001e343001800'

Classes redefined (0 events):
No events

Internal exceptions (20 events):
Event: 12678.231 Thread 0x000001e38a4813a0 Implicit null exception at 0x000001e338f5f4cd to 0x000001e338f5f678
Event: 12705.619 Thread 0x000001e38bddbfa0 Implicit null exception at 0x000001e339be93a2 to 0x000001e339be97b0
Event: 12705.621 Thread 0x000001e38bddbfa0 Exception <a 'java/lang/ClassNotFoundException'{0x00000000eafc3a68}: sun/net/www/protocol/jdt/Handler> (0x00000000eafc3a68) 
thrown [s\src\hotspot\share\classfile\systemDictionary.cpp, line 312]
Event: 13032.825 Thread 0x000001e38cf65e20 Exception <a 'java/lang/IncompatibleClassChangeError'{0x00000000eacf8ad0}: Found class java.lang.Object, but interface was expected> (0x00000000eacf8ad0) 
thrown [s\src\hotspot\share\interpreter\linkResolver.cpp, line 840]
Event: 13153.520 Thread 0x000001e38bddb280 Exception <a 'java/lang/ClassNotFoundException'{0x00000000eae65400}: sun/net/www/protocol/jdt/Handler> (0x00000000eae65400) 
thrown [s\src\hotspot\share\classfile\systemDictionary.cpp, line 312]
Event: 16279.192 Thread 0x000001e38a47e5b0 Exception <a 'sun/nio/fs/WindowsException'{0x00000000eb519030}> (0x00000000eb519030) 
thrown [s\src\hotspot\share\prims\jni.cpp, line 520]
Event: 16279.198 Thread 0x000001e38a47e5b0 Exception <a 'sun/nio/fs/WindowsException'{0x00000000eb519918}> (0x00000000eb519918) 
thrown [s\src\hotspot\share\prims\jni.cpp, line 520]
Event: 16279.207 Thread 0x000001e38a47e5b0 Exception <a 'sun/nio/fs/WindowsException'{0x00000000eb51aa78}> (0x00000000eb51aa78) 
thrown [s\src\hotspot\share\prims\jni.cpp, line 520]
Event: 16279.207 Thread 0x000001e38a47e5b0 Exception <a 'sun/nio/fs/WindowsException'{0x00000000eb51b340}> (0x00000000eb51b340) 
thrown [s\src\hotspot\share\prims\jni.cpp, line 520]
Event: 16279.220 Thread 0x000001e38a47e5b0 Exception <a 'sun/nio/fs/WindowsException'{0x00000000eb51cf50}> (0x00000000eb51cf50) 
thrown [s\src\hotspot\share\prims\jni.cpp, line 520]
Event: 16279.220 Thread 0x000001e38a47e5b0 Exception <a 'sun/nio/fs/WindowsException'{0x00000000eb51d568}> (0x00000000eb51d568) 
thrown [s\src\hotspot\share\prims\jni.cpp, line 520]
Event: 16279.458 Thread 0x000001e38a47e5b0 Exception <a 'sun/nio/fs/WindowsException'{0x00000000eb53c408}> (0x00000000eb53c408) 
thrown [s\src\hotspot\share\prims\jni.cpp, line 520]
Event: 16279.459 Thread 0x000001e38a47e5b0 Exception <a 'sun/nio/fs/WindowsException'{0x00000000eb53cf78}> (0x00000000eb53cf78) 
thrown [s\src\hotspot\share\prims\jni.cpp, line 520]
Event: 16281.365 Thread 0x000001e38a484190 Exception <a 'sun/nio/fs/WindowsException'{0x00000000eae81fc8}> (0x00000000eae81fc8) 
thrown [s\src\hotspot\share\prims\jni.cpp, line 520]
Event: 16281.365 Thread 0x000001e38a484190 Exception <a 'sun/nio/fs/WindowsException'{0x00000000eae826d8}> (0x00000000eae826d8) 
thrown [s\src\hotspot\share\prims\jni.cpp, line 520]
Event: 16281.438 Thread 0x000001e38bdd56a0 Exception <a 'sun/nio/fs/WindowsException'{0x00000000eae9cc50}> (0x00000000eae9cc50) 
thrown [s\src\hotspot\share\prims\jni.cpp, line 520]
Event: 16281.569 Thread 0x000001e38bdd56a0 Exception <a 'sun/nio/fs/WindowsException'{0x00000000eaead3a8}> (0x00000000eaead3a8) 
thrown [s\src\hotspot\share\prims\jni.cpp, line 520]
Event: 16281.722 Thread 0x000001e38bdd56a0 Exception <a 'sun/nio/fs/WindowsException'{0x00000000eaebe680}> (0x00000000eaebe680) 
thrown [s\src\hotspot\share\prims\jni.cpp, line 520]
Event: 16281.830 Thread 0x000001e38bdd56a0 Exception <a 'sun/nio/fs/WindowsException'{0x00000000eaecf548}> (0x00000000eaecf548) 
thrown [s\src\hotspot\share\prims\jni.cpp, line 520]
Event: 16281.963 Thread 0x000001e38bdd56a0 Exception <a 'sun/nio/fs/WindowsException'{0x00000000eaee2910}> (0x00000000eaee2910) 
thrown [s\src\hotspot\share\prims\jni.cpp, line 520]

ZGC Phase Switch (0 events):
No events

VM Operations (20 events):
Event: 22375.897 Executing VM operation: RendezvousGCThreads
Event: 22375.897 Executing VM operation: RendezvousGCThreads done
Event: 22436.102 Executing VM operation: HandshakeAllThreads (HandshakeForDeflation)
Event: 22436.102 Executing VM operation: HandshakeAllThreads (HandshakeForDeflation) done
Event: 22436.102 Executing VM operation: RendezvousGCThreads
Event: 22436.102 Executing VM operation: RendezvousGCThreads done
Event: 22496.248 Executing VM operation: HandshakeAllThreads (HandshakeForDeflation)
Event: 22496.248 Executing VM operation: HandshakeAllThreads (HandshakeForDeflation) done
Event: 22496.248 Executing VM operation: RendezvousGCThreads
Event: 22496.248 Executing VM operation: RendezvousGCThreads done
Event: 22616.608 Executing VM operation: HandshakeAllThreads (HandshakeForDeflation)
Event: 22616.611 Executing VM operation: HandshakeAllThreads (HandshakeForDeflation) done
Event: 22616.611 Executing VM operation: RendezvousGCThreads
Event: 22616.611 Executing VM operation: RendezvousGCThreads done
Event: 22676.826 Executing VM operation: HandshakeAllThreads (HandshakeForDeflation)
Event: 22676.831 Executing VM operation: HandshakeAllThreads (HandshakeForDeflation) done
Event: 22676.831 Executing VM operation: RendezvousGCThreads
Event: 22676.831 Executing VM operation: RendezvousGCThreads done
Event: 22716.795 Executing VM operation: ParallelGCFailedAllocation (Allocation Failure)
Event: 22717.001 Executing VM operation: ParallelGCFailedAllocation (Allocation Failure) done

Memory protections (0 events):
No events

Nmethod flushes (20 events):
Event: 10388.067 Thread 0x000001e341f54960 flushing  nmethod 0x000001e333838610
Event: 10388.067 Thread 0x000001e341f54960 flushing  nmethod 0x000001e333838f10
Event: 10388.067 Thread 0x000001e341f54960 flushing  nmethod 0x000001e333839d10
Event: 10388.067 Thread 0x000001e341f54960 flushing  nmethod 0x000001e33383a510
Event: 10388.067 Thread 0x000001e341f54960 flushing  nmethod 0x000001e33383b110
Event: 10388.067 Thread 0x000001e341f54960 flushing  nmethod 0x000001e33383c310
Event: 10388.067 Thread 0x000001e341f54960 flushing  nmethod 0x000001e33383f190
Event: 10388.067 Thread 0x000001e341f54960 flushing  nmethod 0x000001e33383f510
Event: 10388.067 Thread 0x000001e341f54960 flushing  nmethod 0x000001e333840d90
Event: 10388.067 Thread 0x000001e341f54960 flushing  nmethod 0x000001e333841110
Event: 10388.067 Thread 0x000001e341f54960 flushing  nmethod 0x000001e333841690
Event: 10388.067 Thread 0x000001e341f54960 flushing  nmethod 0x000001e333841a10
Event: 10388.067 Thread 0x000001e341f54960 flushing  nmethod 0x000001e333842090
Event: 10388.067 Thread 0x000001e341f54960 flushing  nmethod 0x000001e33384ee90
Event: 10388.067 Thread 0x000001e341f54960 flushing  nmethod 0x000001e33384f310
Event: 10388.067 Thread 0x000001e341f54960 flushing  nmethod 0x000001e33384ff10
Event: 10388.067 Thread 0x000001e341f54960 flushing  nmethod 0x000001e333850810
Event: 10388.067 Thread 0x000001e341f54960 flushing  nmethod 0x000001e333852210
Event: 10388.067 Thread 0x000001e341f54960 flushing  nmethod 0x000001e3338bbd10
Event: 10388.067 Thread 0x000001e341f54960 flushing  nmethod 0x000001e3338c1610

Events (20 events):
Event: 16543.557 Thread 0x000001e38a4813a0 Thread exited: 0x000001e38a4813a0
Event: 16603.555 Thread 0x000001e38bdd9840 Thread exited: 0x000001e38bdd9840
Event: 16663.560 Thread 0x000001e38bdd56a0 Thread exited: 0x000001e38bdd56a0
Event: 16723.575 Thread 0x000001e38a47ec40 Thread exited: 0x000001e38a47ec40
Event: 18026.737 Thread 0x000001e38cf65e20 Thread added: 0x000001e38bdd56a0
Event: 18026.758 Thread 0x000001e38cf65e20 Thread added: 0x000001e38bdd9840
Event: 18026.763 Thread 0x000001e38cf65e20 Thread added: 0x000001e38bdd63c0
Event: 18026.793 Thread 0x000001e38cf65e20 Thread added: 0x000001e38bddb280
Event: 18026.803 Thread 0x000001e38cf65e20 Thread added: 0x000001e38bddb910
Event: 18026.804 Thread 0x000001e38cf65e20 Thread added: 0x000001e38bdda560
Event: 18026.808 Thread 0x000001e38bdda560 Thread added: 0x000001e38bddbfa0
Event: 18114.495 Thread 0x000001e38bddb280 Thread exited: 0x000001e38bddb280
Event: 18174.497 Thread 0x000001e38bdd9840 Thread exited: 0x000001e38bdd9840
Event: 18234.498 Thread 0x000001e38bdda560 Thread exited: 0x000001e38bdda560
Event: 18294.499 Thread 0x000001e38bddbfa0 Thread exited: 0x000001e38bddbfa0
Event: 18354.500 Thread 0x000001e38bdd63c0 Thread exited: 0x000001e38bdd63c0
Event: 18414.500 Thread 0x000001e38bddb910 Thread exited: 0x000001e38bddb910
Event: 18474.512 Thread 0x000001e38bdd56a0 Thread exited: 0x000001e38bdd56a0
Event: 22715.933 Thread 0x000001e38cf65e20 Thread added: 0x000001e38bdd56a0
Event: 22716.341 Thread 0x000001e38bdd56a0 Thread added: 0x000001e38bdd9840


Dynamic libraries:
0x00007ff7351f0000 - 0x00007ff7351fe000 	c:\Users\ADIKTA\.vscode\extensions\redhat.java-1.42.0-win32-x64\jre\21.0.7-win32-x86_64\bin\java.exe
0x00007ffb78f00000 - 0x00007ffb79165000 	C:\WINDOWS\SYSTEM32\ntdll.dll
0x00007ffb78c00000 - 0x00007ffb78cc9000 	C:\WINDOWS\System32\KERNEL32.DLL
0x00007ffb76440000 - 0x00007ffb76828000 	C:\WINDOWS\System32\KERNELBASE.dll
0x00007ffb760f0000 - 0x00007ffb7623b000 	C:\WINDOWS\System32\ucrtbase.dll
0x00007ffb4d710000 - 0x00007ffb4d728000 	c:\Users\ADIKTA\.vscode\extensions\redhat.java-1.42.0-win32-x64\jre\21.0.7-win32-x86_64\bin\jli.dll
0x00007ffb76f00000 - 0x00007ffb770ca000 	C:\WINDOWS\System32\USER32.dll
0x00007ffb760c0000 - 0x00007ffb760e7000 	C:\WINDOWS\System32\win32u.dll
0x00007ffb76d50000 - 0x00007ffb76d7b000 	C:\WINDOWS\System32\GDI32.dll
0x00007ffb76b30000 - 0x00007ffb76c67000 	C:\WINDOWS\System32\gdi32full.dll
0x00007ffb76240000 - 0x00007ffb762e3000 	C:\WINDOWS\System32\msvcp_win.dll
0x00007ffb69130000 - 0x00007ffb693ca000 	C:\WINDOWS\WinSxS\amd64_microsoft.windows.common-controls_6595b64144ccf1df_6.0.26100.4202_none_3e0698d4e335f517\COMCTL32.dll
0x00007ffb77aa0000 - 0x00007ffb77b49000 	C:\WINDOWS\System32\msvcrt.dll
0x00007ffb4cb30000 - 0x00007ffb4cb4e000 	c:\Users\ADIKTA\.vscode\extensions\redhat.java-1.42.0-win32-x64\jre\21.0.7-win32-x86_64\bin\VCRUNTIME140.dll
0x00007ffb78a20000 - 0x00007ffb78a50000 	C:\WINDOWS\System32\IMM32.DLL
0x00007ffb624f0000 - 0x00007ffb624fc000 	c:\Users\ADIKTA\.vscode\extensions\redhat.java-1.42.0-win32-x64\jre\21.0.7-win32-x86_64\bin\vcruntime140_1.dll
0x00007ffb48cf0000 - 0x00007ffb48d7d000 	c:\Users\ADIKTA\.vscode\extensions\redhat.java-1.42.0-win32-x64\jre\21.0.7-win32-x86_64\bin\msvcp140.dll
0x00007ffac4440000 - 0x00007ffac51d0000 	c:\Users\ADIKTA\.vscode\extensions\redhat.java-1.42.0-win32-x64\jre\21.0.7-win32-x86_64\bin\server\jvm.dll
0x00007ffb78cd0000 - 0x00007ffb78d83000 	C:\WINDOWS\System32\ADVAPI32.dll
0x00007ffb78a60000 - 0x00007ffb78b06000 	C:\WINDOWS\System32\sechost.dll
0x00007ffb76de0000 - 0x00007ffb76ef5000 	C:\WINDOWS\System32\RPCRT4.dll
0x00007ffb770d0000 - 0x00007ffb77144000 	C:\WINDOWS\System32\WS2_32.dll
0x00007ffb75e70000 - 0x00007ffb75ece000 	C:\WINDOWS\SYSTEM32\POWRPROF.dll
0x00007ffb69410000 - 0x00007ffb69445000 	C:\WINDOWS\SYSTEM32\WINMM.dll
0x00007ffb69580000 - 0x00007ffb6958b000 	C:\WINDOWS\SYSTEM32\VERSION.dll
0x00007ffb75e50000 - 0x00007ffb75e64000 	C:\WINDOWS\SYSTEM32\UMPDC.dll
0x00007ffb74de0000 - 0x00007ffb74dfb000 	C:\WINDOWS\SYSTEM32\kernel.appcore.dll
0x00007ffb5e1e0000 - 0x00007ffb5e1ea000 	c:\Users\ADIKTA\.vscode\extensions\redhat.java-1.42.0-win32-x64\jre\21.0.7-win32-x86_64\bin\jimage.dll
0x00007ffb73a30000 - 0x00007ffb73c71000 	C:\WINDOWS\SYSTEM32\DBGHELP.DLL
0x00007ffb78680000 - 0x00007ffb78a05000 	C:\WINDOWS\System32\combase.dll
0x00007ffb78b10000 - 0x00007ffb78bf1000 	C:\WINDOWS\System32\OLEAUT32.dll
0x00007ffb6a750000 - 0x00007ffb6a789000 	C:\WINDOWS\SYSTEM32\dbgcore.DLL
0x00007ffb76020000 - 0x00007ffb760b9000 	C:\WINDOWS\System32\bcryptPrimitives.dll
0x00007ffb5e160000 - 0x00007ffb5e16f000 	c:\Users\ADIKTA\.vscode\extensions\redhat.java-1.42.0-win32-x64\jre\21.0.7-win32-x86_64\bin\instrument.dll
0x00007ffb49690000 - 0x00007ffb496af000 	c:\Users\ADIKTA\.vscode\extensions\redhat.java-1.42.0-win32-x64\jre\21.0.7-win32-x86_64\bin\java.dll
0x00007ffb77b50000 - 0x00007ffb78292000 	C:\WINDOWS\System32\SHELL32.dll
0x00007ffb769b0000 - 0x00007ffb76b24000 	C:\WINDOWS\System32\wintypes.dll
0x00007ffb73cb0000 - 0x00007ffb74508000 	C:\WINDOWS\SYSTEM32\windows.storage.dll
0x00007ffb77930000 - 0x00007ffb77a21000 	C:\WINDOWS\System32\SHCORE.dll
0x00007ffb77a30000 - 0x00007ffb77a9a000 	C:\WINDOWS\System32\shlwapi.dll
0x00007ffb75f30000 - 0x00007ffb75f5f000 	C:\WINDOWS\SYSTEM32\profapi.dll
0x00007ffb492c0000 - 0x00007ffb492d8000 	c:\Users\ADIKTA\.vscode\extensions\redhat.java-1.42.0-win32-x64\jre\21.0.7-win32-x86_64\bin\zip.dll
0x00007ffb5d770000 - 0x00007ffb5d780000 	C:\Users\ADIKTA\.vscode\extensions\redhat.java-1.42.0-win32-x64\jre\21.0.7-win32-x86_64\bin\net.dll
0x00007ffb6b260000 - 0x00007ffb6b37e000 	C:\WINDOWS\SYSTEM32\WINHTTP.dll
0x00007ffb75350000 - 0x00007ffb753ba000 	C:\WINDOWS\system32\mswsock.dll
0x00007ffb492a0000 - 0x00007ffb492b6000 	C:\Users\ADIKTA\.vscode\extensions\redhat.java-1.42.0-win32-x64\jre\21.0.7-win32-x86_64\bin\nio.dll
0x00007ffb58c00000 - 0x00007ffb58c10000 	c:\Users\ADIKTA\.vscode\extensions\redhat.java-1.42.0-win32-x64\jre\21.0.7-win32-x86_64\bin\verify.dll
0x00007ffb49c30000 - 0x00007ffb49c75000 	C:\Users\ADIKTA\AppData\Roaming\Code\User\globalStorage\redhat.java\1.42.0\config_win\org.eclipse.equinox.launcher\org.eclipse.equinox.launcher.win32.win32.x86_64_1.2.1300.v20250331-1702\eclipse_11911.dll
0x00007ffb783d0000 - 0x00007ffb7856e000 	C:\WINDOWS\System32\ole32.dll
0x00007ffb75600000 - 0x00007ffb7561b000 	C:\WINDOWS\SYSTEM32\CRYPTSP.dll
0x00007ffb74d40000 - 0x00007ffb74d7a000 	C:\WINDOWS\system32\rsaenh.dll
0x00007ffb753f0000 - 0x00007ffb7541b000 	C:\WINDOWS\SYSTEM32\USERENV.dll
0x00007ffb75f00000 - 0x00007ffb75f26000 	C:\WINDOWS\SYSTEM32\bcrypt.dll
0x00007ffb75620000 - 0x00007ffb7562c000 	C:\WINDOWS\SYSTEM32\CRYPTBASE.dll
0x00007ffb74850000 - 0x00007ffb74883000 	C:\WINDOWS\SYSTEM32\IPHLPAPI.DLL
0x00007ffb78e40000 - 0x00007ffb78e4a000 	C:\WINDOWS\System32\NSI.dll
0x00007ffb49320000 - 0x00007ffb49369000 	C:\Users\ADIKTA\AppData\Local\Temp\jna-1925943730\jna2983721698611501215.dll
0x00007ffb78e50000 - 0x00007ffb78e58000 	C:\WINDOWS\System32\PSAPI.DLL
0x00007ffb6e950000 - 0x00007ffb6e96f000 	C:\WINDOWS\SYSTEM32\dhcpcsvc6.DLL
0x00007ffb6e280000 - 0x00007ffb6e2a5000 	C:\WINDOWS\SYSTEM32\dhcpcsvc.DLL
0x00007ffb64ff0000 - 0x00007ffb64ff9000 	C:\Users\ADIKTA\.vscode\extensions\redhat.java-1.42.0-win32-x64\jre\21.0.7-win32-x86_64\bin\extnet.dll

dbghelp: loaded successfully - version: 4.0.5 - missing functions: none
symbol engine: initialized successfully - sym options: 0x614 - pdb path: .;c:\Users\ADIKTA\.vscode\extensions\redhat.java-1.42.0-win32-x64\jre\21.0.7-win32-x86_64\bin;C:\WINDOWS\SYSTEM32;C:\WINDOWS\WinSxS\amd64_microsoft.windows.common-controls_6595b64144ccf1df_6.0.26100.4202_none_3e0698d4e335f517;c:\Users\ADIKTA\.vscode\extensions\redhat.java-1.42.0-win32-x64\jre\21.0.7-win32-x86_64\bin\server;C:\Users\ADIKTA\AppData\Roaming\Code\User\globalStorage\redhat.java\1.42.0\config_win\org.eclipse.equinox.launcher\org.eclipse.equinox.launcher.win32.win32.x86_64_1.2.1300.v20250331-1702;C:\Users\ADIKTA\AppData\Local\Temp\jna-1925943730

VM Arguments:
jvm_args: --add-modules=ALL-SYSTEM --add-opens=java.base/java.util=ALL-UNNAMED --add-opens=java.base/java.lang=ALL-UNNAMED --add-opens=java.base/sun.nio.fs=ALL-UNNAMED -Declipse.application=org.eclipse.jdt.ls.core.id1 -Dosgi.bundles.defaultStartLevel=4 -Declipse.product=org.eclipse.jdt.ls.core.product -Djava.import.generatesMetadataFilesAtProjectRoot=false -DDetectVMInstallationsJob.disabled=true -Dfile.encoding=utf8 -XX:+UseParallelGC -XX:GCTimeRatio=4 -XX:AdaptiveSizePolicyWeight=90 -Dsun.zip.disableMemoryMapping=true -Xmx1G -Xms100m -Xlog:disable -javaagent:c:\Users\ADIKTA\.vscode\extensions\redhat.java-1.42.0-win32-x64\lombok\lombok-1.18.36.jar -XX:+HeapDumpOnOutOfMemoryError -XX:HeapDumpPath=c:\Users\ADIKTA\AppData\Roaming\Code\User\workspaceStorage\310805df2fd27d5d184fb44a7eebb535\redhat.java -Daether.dependencyCollector.impl=bf 
java_command: c:\Users\ADIKTA\.vscode\extensions\redhat.java-1.42.0-win32-x64\server\plugins\org.eclipse.equinox.launcher_1.7.0.v20250424-1814.jar -configuration c:\Users\ADIKTA\AppData\Roaming\Code\User\globalStorage\redhat.java\1.42.0\config_win -data c:\Users\ADIKTA\AppData\Roaming\Code\User\workspaceStorage\310805df2fd27d5d184fb44a7eebb535\redhat.java\jdt_ws --pipe=\\.\pipe\lsp-cfbbaa270003cbdef4450bc5a4591bf4-sock
java_class_path (initial): c:\Users\ADIKTA\.vscode\extensions\redhat.java-1.42.0-win32-x64\server\plugins\org.eclipse.equinox.launcher_1.7.0.v20250424-1814.jar
Launcher Type: SUN_STANDARD

[Global flags]
    uintx AdaptiveSizePolicyWeight                 = 90                                        {product} {command line}
     intx CICompilerCount                          = 4                                         {product} {ergonomic}
    uintx GCTimeRatio                              = 4                                         {product} {command line}
     bool HeapDumpOnOutOfMemoryError               = true                                   {manageable} {command line}
    ccstr HeapDumpPath                             = c:\Users\ADIKTA\AppData\Roaming\Code\User\workspaceStorage\310805df2fd27d5d184fb44a7eebb535\redhat.java         {manageable} {command line}
   size_t InitialHeapSize                          = 104857600                                 {product} {command line}
   size_t MaxHeapSize                              = 1073741824                                {product} {command line}
   size_t MaxNewSize                               = 357564416                                 {product} {ergonomic}
   size_t MinHeapDeltaBytes                        = 524288                                    {product} {ergonomic}
   size_t MinHeapSize                              = 104857600                                 {product} {command line}
   size_t NewSize                                  = 34603008                                  {product} {ergonomic}
    uintx NonNMethodCodeHeapSize                   = 5839372                                {pd product} {ergonomic}
    uintx NonProfiledCodeHeapSize                  = 122909434                              {pd product} {ergonomic}
   size_t OldSize                                  = 70254592                                  {product} {ergonomic}
    uintx ProfiledCodeHeapSize                     = 122909434                              {pd product} {ergonomic}
    uintx ReservedCodeCacheSize                    = 251658240                              {pd product} {ergonomic}
     bool SegmentedCodeCache                       = true                                      {product} {ergonomic}
   size_t SoftMaxHeapSize                          = 1073741824                             {manageable} {ergonomic}
     bool UseCompressedOops                        = true                           {product lp64_product} {ergonomic}
     bool UseLargePagesIndividualAllocation        = false                                  {pd product} {ergonomic}
     bool UseParallelGC                            = true                                      {product} {command line}

Logging:
Log output configuration:
 #0: stdout all=off uptime,level,tags foldmultilines=false
 #1: stderr all=off uptime,level,tags foldmultilines=false

Environment Variables:
JAVA_HOME=C:\Program Files\Java\jdk-22
PATH=C:\Program Files\Microsoft MPI\Bin\;C:\Program Files (x86)\VMware\VMware Player\bin\;C:\Program Files\Common Files\Oracle\Java\javapath;C:\Program Files (x86)\Common Files\Oracle\Java\java8path;C:\Program Files (x86)\Common Files\Oracle\Java\javapath;C:\WINDOWS\system32;C:\WINDOWS;C:\WINDOWS\System32\Wbem;C:\WINDOWS\System32\WindowsPowerShell\v1.0\;C:\WINDOWS\System32\OpenSSH\;C:\Program Files\nodejs\;C:\Program Files\dotnet\;C:\Program Files\Microsoft Network Monitor 3\;C:\Program Files\Git\cmd;C:\Program Files\Docker\Docker\resources\bin;C:\Program Files (x86)\Microsoft SQL Server\160\Tools\Binn\;C:\Program Files\Microsoft SQL Server\160\Tools\Binn\;C:\Program Files\Microsoft SQL Server\Client SDK\ODBC\170\Tools\Binn\;C:\Program Files\Microsoft SQL Server\160\DTS\Binn\;C:\Program Files (x86)\Microsoft SQL Server\160\DTS\Binn\;C:\Users\ADIKTA\.console-ninja\.bin;C:\Users\ADIKTA\AppData\Local\Programs\Python\Python312\Scripts\;C:\Users\ADIKTA\AppData\Local\Programs\Python\Python312\;C:\Users\ADIKTA\AppData\Local\Microsoft\WindowsApps;C:\Users\ADIKTA\AppData\Local\Programs\Microsoft VS Code\bin;C:\Program Files\Java\jdk-21\bin;C:\MAVEN\bin;C:\Users\ADIKTA\AppData\Roaming\npm;C:\Program Files\JetBrains\IntelliJ IDEA Community Edition 2024.2.1\bin;C:\Users\ADIKTA\AppData\Local\Microsoft\WindowsApps;C:\Users\ADIKTA\AppData\Local\GitHubDesktop\bin;C:\Users\ADIKTA\flutter\bin;
USERNAME=ADIKTA
OS=Windows_NT
PROCESSOR_IDENTIFIER=Intel64 Family 6 Model 165 Stepping 3, GenuineIntel
TMP=C:\Users\ADIKTA\AppData\Local\Temp
TEMP=C:\Users\ADIKTA\AppData\Local\Temp




Periodic native trim disabled

---------------  S Y S T E M  ---------------

OS:
 Windows 11 , 64 bit Build 26100 (10.0.26100.4202)
OS uptime: 0 days 13:45 hours

CPU: total 12 (initial active 12) (6 cores per cpu, 2 threads per core) family 6 model 165 stepping 3 microcode 0xea, cx8, cmov, fxsr, ht, mmx, 3dnowpref, sse, sse2, sse3, ssse3, sse4.1, sse4.2, popcnt, lzcnt, tsc, tscinvbit, avx, avx2, aes, erms, clmul, bmi1, bmi2, adx, fma, vzeroupper, clflush, clflushopt, rdtscp, f16c
Processor Information for the first 12 processors :
  Max Mhz: 2904, Current Mhz: 2904, Mhz Limit: 2904

Memory: 4k page, system-wide physical 8003M (542M free)
TotalPageFile size 32579M (AvailPageFile size 1M)
current process WorkingSet (physical memory assigned to process): 149M, peak: 652M
current process commit charge ("private bytes"): 1072M, peak: 1076M

vm_info: OpenJDK 64-Bit Server VM (21.0.7+6-LTS) for windows-amd64 JRE (21.0.7+6-LTS), built on 2025-04-15T00:00:00Z by "admin" with MS VC++ 17.7 (VS2022)

END.
