#
# There is insufficient memory for the Java Runtime Environment to continue.
# Native memory allocation (malloc) failed to allocate 1064464 bytes. Error detail: Chunk::new
# Possible reasons:
#   The system is out of physical RAM or swap space
#   This process is running with CompressedOops enabled, and the Java Heap may be blocking the growth of the native heap
# Possible solutions:
#   Reduce memory load on the system
#   Increase physical memory or swap space
#   Check if swap backing store is full
#   Decrease Java heap size (-Xmx/-Xms)
#   Decrease number of Java threads
#   Decrease Java thread stack sizes (-Xss)
#   Set larger code cache with -XX:ReservedCodeCacheSize=
#   JVM is running with Unscaled Compressed Oops mode in which the Java heap is
#     placed in the first 4GB address space. The Java Heap base address is the
#     maximum limit for the native heap growth. Please use -XX:HeapBaseMinAddress
#     to set the Java Heap base and to place the Java Heap above 4GB virtual address.
# This output file may be truncated or incomplete.
#
#  Out of Memory Error (arena.cpp:150), pid=18824, tid=6104
#
# JRE version: Java(TM) SE Runtime Environment (22.0.2+9) (build 22.0.2+9-70)
# Java VM: Java HotSpot(TM) 64-Bit Server VM (22.0.2+9-70, mixed mode, sharing, tiered, compressed oops, compressed class ptrs, g1 gc, windows-amd64)
# No core dump will be written. Minidumps are not enabled by default on client versions of Windows
#

---------------  S U M M A R Y ------------

Command Line: -XX:+ShowCodeDetailsInExceptionMessages -Dspring.jmx.enabled=true -Dmanagement.endpoints.jmx.exposure.include=* -Dspring.application.admin.enabled=true -Dspring.boot.project.name=erp_epmapat -Djava.rmi.server.hostname=localhost -Dcom.sun.management.jmxremote.port=45556 -Dcom.sun.management.jmxremote.authenticate=false -Dcom.sun.management.jmxremote.ssl=false com.epmapat.erp_epmapat.ErpEpmapatApplication

Host: Intel(R) Core(TM) i5-10400 CPU @ 2.90GHz, 12 cores, 7G,  Windows 11 , 64 bit Build 22621 (10.0.22621.3958)
Time: Fri Oct 18 14:00:19 2024 Hora est. Pacífico, Sudamérica elapsed time: 6114.021650 seconds (0d 1h 41m 54s)

---------------  T H R E A D  ---------------

Current thread (0x0000015b1ef944c0):  JavaThread "C2 CompilerThread0" daemon [_thread_in_native, id=6104, stack(0x0000000101400000,0x0000000101500000) (1024K)]


Current CompileTask:
C2:6114022 18602       4       org.springframework.boot.actuate.metrics.web.servlet.LongTaskTimingHandlerInterceptor::startAndAttachTimingContext (33 bytes)

Stack: [0x0000000101400000,0x0000000101500000]
Native frames: (J=compiled Java code, j=interpreted, Vv=VM code, C=native code)
V  [jvm.dll+0x6e26e9]  (no source info available)
V  [jvm.dll+0x875753]  (no source info available)
V  [jvm.dll+0x877b7e]  (no source info available)
V  [jvm.dll+0x878253]  (no source info available)
V  [jvm.dll+0x27fc86]  (no source info available)
V  [jvm.dll+0xc3d0f]  (no source info available)
V  [jvm.dll+0xc3f6b]  (no source info available)
V  [jvm.dll+0x3bb47c]  (no source info available)
V  [jvm.dll+0x387d4b]  (no source info available)
V  [jvm.dll+0x3871ba]  (no source info available)
V  [jvm.dll+0x2477f8]  (no source info available)
V  [jvm.dll+0x246e9f]  (no source info available)
V  [jvm.dll+0x1c4e80]  (no source info available)
V  [jvm.dll+0x2568f3]  (no source info available)
V  [jvm.dll+0x254baa]  (no source info available)
V  [jvm.dll+0x3f57a6]  (no source info available)
V  [jvm.dll+0x81dc0b]  (no source info available)
V  [jvm.dll+0x6e0d85]  (no source info available)
C  [ucrtbase.dll+0x29333]  (no source info available)
C  [KERNEL32.DLL+0x1257d]  (no source info available)
C  [ntdll.dll+0x5af08]  (no source info available)


---------------  P R O C E S S  ---------------

Threads class SMR info:
_java_thread_list=0x0000015b64869570, length=35, elements={
0x0000015b1ef85d10, 0x0000015b1ef88980, 0x0000015b1ef8bd70, 0x0000015b1ef8e7e0,
0x0000015b1ef8f240, 0x0000015b1ef8fca0, 0x0000015b1ef944c0, 0x0000015b64150c70,
0x0000015b64222590, 0x0000015b6434bf30, 0x0000015b654091b0, 0x0000015b653e8810,
0x0000015b64cd8040, 0x0000015b65474fb0, 0x0000015b655883c0, 0x0000015b64bdb640,
0x0000015b65a43d70, 0x0000015b65a43050, 0x0000015b65a436e0, 0x0000015b65a44400,
0x0000015b65a44a90, 0x0000015b667d1b10, 0x0000015b667d21a0, 0x0000015b667d2830,
0x0000015b667d00d0, 0x0000015b667ce000, 0x0000015b667d2ec0, 0x0000015b667cc5c0,
0x0000015b667cfa40, 0x0000015b667ccc50, 0x0000015b667cbf30, 0x0000015b667cd2e0,
0x0000015b667cd970, 0x0000015b667ce690, 0x0000015b667cb8a0
}

Java Threads: ( => current thread )
  0x0000015b1ef85d10 JavaThread "Reference Handler"          daemon [_thread_blocked, id=19084, stack(0x0000000100e00000,0x0000000100f00000) (1024K)]
  0x0000015b1ef88980 JavaThread "Finalizer"                  daemon [_thread_blocked, id=3180, stack(0x0000000100f00000,0x0000000101000000) (1024K)]
  0x0000015b1ef8bd70 JavaThread "Signal Dispatcher"          daemon [_thread_blocked, id=15400, stack(0x0000000101000000,0x0000000101100000) (1024K)]
  0x0000015b1ef8e7e0 JavaThread "Attach Listener"            daemon [_thread_blocked, id=12252, stack(0x0000000101100000,0x0000000101200000) (1024K)]
  0x0000015b1ef8f240 JavaThread "Service Thread"             daemon [_thread_blocked, id=11556, stack(0x0000000101200000,0x0000000101300000) (1024K)]
  0x0000015b1ef8fca0 JavaThread "Monitor Deflation Thread"   daemon [_thread_blocked, id=10436, stack(0x0000000101300000,0x0000000101400000) (1024K)]
=>0x0000015b1ef944c0 JavaThread "C2 CompilerThread0"         daemon [_thread_in_native, id=6104, stack(0x0000000101400000,0x0000000101500000) (1024K)]
  0x0000015b64150c70 JavaThread "C1 CompilerThread0"         daemon [_thread_blocked, id=17508, stack(0x0000000101500000,0x0000000101600000) (1024K)]
  0x0000015b64222590 JavaThread "Common-Cleaner"             daemon [_thread_blocked, id=10396, stack(0x0000000101600000,0x0000000101700000) (1024K)]
  0x0000015b6434bf30 JavaThread "Notification Thread"        daemon [_thread_blocked, id=2700, stack(0x0000000101800000,0x0000000101900000) (1024K)]
  0x0000015b654091b0 JavaThread "RMI TCP Accept-0"           daemon [_thread_in_native, id=4768, stack(0x0000000101900000,0x0000000101a00000) (1024K)]
  0x0000015b653e8810 JavaThread "RMI TCP Accept-45556"       daemon [_thread_in_native, id=5764, stack(0x0000000101a00000,0x0000000101b00000) (1024K)]
  0x0000015b64cd8040 JavaThread "RMI TCP Accept-0"           daemon [_thread_in_native, id=8880, stack(0x0000000101b00000,0x0000000101c00000) (1024K)]
  0x0000015b65474fb0 JavaThread "RMI Scheduler(0)"           daemon [_thread_blocked, id=13184, stack(0x0000000101d00000,0x0000000101e00000) (1024K)]
  0x0000015b655883c0 JavaThread "RMI TCP Connection(2)-127.0.0.1" daemon [_thread_in_native, id=8152, stack(0x0000000101e00000,0x0000000101f00000) (1024K)]
  0x0000015b64bdb640 JavaThread "JMX server connection timeout 37" daemon [_thread_blocked, id=3412, stack(0x0000000102800000,0x0000000102900000) (1024K)]
  0x0000015b65a43d70 JavaThread "WindowsStreamPump"          daemon [_thread_in_native, id=3368, stack(0x0000000102a00000,0x0000000102b00000) (1024K)]
  0x0000015b65a43050 JavaThread "Catalina-utility-1"                [_thread_blocked, id=8824, stack(0x0000000101700000,0x0000000101800000) (1024K)]
  0x0000015b65a436e0 JavaThread "Catalina-utility-2"                [_thread_blocked, id=17656, stack(0x0000000102c00000,0x0000000102d00000) (1024K)]
  0x0000015b65a44400 JavaThread "container-0"                       [_thread_blocked, id=6972, stack(0x0000000102d00000,0x0000000102e00000) (1024K)]
  0x0000015b65a44a90 JavaThread "HikariPool-1 housekeeper"   daemon [_thread_blocked, id=19108, stack(0x0000000102f00000,0x0000000103000000) (1024K)]
  0x0000015b667d1b10 JavaThread "http-nio-8080-exec-1"       daemon [_thread_in_Java, id=8552, stack(0x0000000103100000,0x0000000103200000) (1024K)]
  0x0000015b667d21a0 JavaThread "http-nio-8080-exec-2"       daemon [_thread_blocked, id=8560, stack(0x0000000103200000,0x0000000103300000) (1024K)]
  0x0000015b667d2830 JavaThread "http-nio-8080-exec-3"       daemon [_thread_blocked, id=15508, stack(0x0000000103300000,0x0000000103400000) (1024K)]
  0x0000015b667d00d0 JavaThread "http-nio-8080-exec-4"       daemon [_thread_blocked, id=15532, stack(0x0000000103400000,0x0000000103500000) (1024K)]
  0x0000015b667ce000 JavaThread "http-nio-8080-exec-5"       daemon [_thread_blocked, id=6724, stack(0x0000000103500000,0x0000000103600000) (1024K)]
  0x0000015b667d2ec0 JavaThread "http-nio-8080-exec-6"       daemon [_thread_blocked, id=15104, stack(0x0000000103600000,0x0000000103700000) (1024K)]
  0x0000015b667cc5c0 JavaThread "http-nio-8080-exec-7"       daemon [_thread_in_native, id=728, stack(0x0000000103700000,0x0000000103800000) (1024K)]
  0x0000015b667cfa40 JavaThread "http-nio-8080-exec-8"       daemon [_thread_blocked, id=8840, stack(0x0000000103800000,0x0000000103900000) (1024K)]
  0x0000015b667ccc50 JavaThread "http-nio-8080-exec-9"       daemon [_thread_blocked, id=12956, stack(0x0000000103900000,0x0000000103a00000) (1024K)]
  0x0000015b667cbf30 JavaThread "http-nio-8080-exec-10"      daemon [_thread_blocked, id=3204, stack(0x0000000103a00000,0x0000000103b00000) (1024K)]
  0x0000015b667cd2e0 JavaThread "http-nio-8080-Poller"       daemon [_thread_in_native, id=19392, stack(0x0000000103b00000,0x0000000103c00000) (1024K)]
  0x0000015b667cd970 JavaThread "http-nio-8080-Acceptor"     daemon [_thread_in_native, id=15556, stack(0x0000000103c00000,0x0000000103d00000) (1024K)]
  0x0000015b667ce690 JavaThread "DestroyJavaVM"                     [_thread_blocked, id=3240, stack(0x0000000100600000,0x0000000100700000) (1024K)]
  0x0000015b667cb8a0 JavaThread "HikariPool-1 connection adder" daemon [_thread_blocked, id=18836, stack(0x0000000100500000,0x0000000100600000) (1024K)]
Total: 35

Other Threads:
  0x0000015b1ef68dc0 VMThread "VM Thread"                           [id=12260, stack(0x0000000100d00000,0x0000000100e00000) (1024K)]
  0x0000015b1ef527b0 WatcherThread "VM Periodic Task Thread"        [id=17540, stack(0x0000000100c00000,0x0000000100d00000) (1024K)]
  0x0000015b004175e0 WorkerThread "GC Thread#0"                     [id=2040, stack(0x0000000100700000,0x0000000100800000) (1024K)]
  0x0000015b64bc5940 WorkerThread "GC Thread#1"                     [id=2020, stack(0x0000000101f00000,0x0000000102000000) (1024K)]
  0x0000015b64bc5cf0 WorkerThread "GC Thread#2"                     [id=18336, stack(0x0000000102000000,0x0000000102100000) (1024K)]
  0x0000015b64d18370 WorkerThread "GC Thread#3"                     [id=18740, stack(0x0000000102100000,0x0000000102200000) (1024K)]
  0x0000015b654742f0 WorkerThread "GC Thread#4"                     [id=15652, stack(0x0000000102200000,0x0000000102300000) (1024K)]
  0x0000015b654692f0 WorkerThread "GC Thread#5"                     [id=7948, stack(0x0000000102300000,0x0000000102400000) (1024K)]
  0x0000015b6546dac0 WorkerThread "GC Thread#6"                     [id=7360, stack(0x0000000102400000,0x0000000102500000) (1024K)]
  0x0000015b64cf0f40 WorkerThread "GC Thread#7"                     [id=13200, stack(0x0000000102500000,0x0000000102600000) (1024K)]
  0x0000015b64cf0b90 WorkerThread "GC Thread#8"                     [id=9344, stack(0x0000000102600000,0x0000000102700000) (1024K)]
  0x0000015b64cf21b0 WorkerThread "GC Thread#9"                     [id=6976, stack(0x0000000102700000,0x0000000102800000) (1024K)]
  0x0000015b00428960 ConcurrentGCThread "G1 Main Marker"            [id=10000, stack(0x0000000100800000,0x0000000100900000) (1024K)]
  0x0000015b00429470 WorkerThread "G1 Conc#0"                       [id=6608, stack(0x0000000100900000,0x0000000100a00000) (1024K)]
  0x0000015b64cf12f0 WorkerThread "G1 Conc#1"                       [id=18256, stack(0x0000000102900000,0x0000000102a00000) (1024K)]
  0x0000015b64cf1a50 WorkerThread "G1 Conc#2"                       [id=11176, stack(0x0000000102b00000,0x0000000102c00000) (1024K)]
  0x0000015b1ee205d0 ConcurrentGCThread "G1 Refine#0"               [id=5236, stack(0x0000000100a00000,0x0000000100b00000) (1024K)]
  0x0000015b1ee24730 ConcurrentGCThread "G1 Service"                [id=4016, stack(0x0000000100b00000,0x0000000100c00000) (1024K)]
Total: 18

Threads with active compile tasks:
C2 CompilerThread0  6114093 18602       4       org.springframework.boot.actuate.metrics.web.servlet.LongTaskTimingHandlerInterceptor::startAndAttachTimingContext (33 bytes)
Total: 1

VM state: not at safepoint (normal execution)

VM Mutex/Monitor currently owned by a thread: None

Heap address: 0x0000000082e00000, size: 2002 MB, Compressed Oops mode: 32-bit

CDS archive(s) mapped at: [0x0000015b1f000000-0x0000015b1fc60000-0x0000015b1fc60000), size 12976128, SharedBaseAddress: 0x0000015b1f000000, ArchiveRelocationMode: 1.
Compressed class space mapped at: 0x0000015b20000000-0x0000015b60000000, reserved size: 1073741824
Narrow klass base: 0x0000015b1f000000, Narrow klass shift: 0, Narrow klass range: 0x41000000

GC Precious Log:
 CardTable entry size: 512
 Card Set container configuration: InlinePtr #cards 5 size 8 Array Of Cards #cards 12 size 40 Howl #buckets 4 coarsen threshold 1843 Howl Bitmap #cards 512 size 80 coarsen threshold 460 Card regions per heap region 1 cards per card region 2048
 CPUs: 12 total, 12 available
 Memory: 8003M
 Large Page Support: Disabled
 NUMA Support: Disabled
 Compressed Oops: Enabled (32-bit)
 Heap Region Size: 1M
 Heap Min Capacity: 8M
 Heap Initial Capacity: 126M
 Heap Max Capacity: 2002M
 Pre-touch: Disabled
 Parallel Workers: 10
 Concurrent Workers: 3
 Concurrent Refinement Workers: 10
 Periodic GC: Disabled

Heap:
 garbage-first heap   total reserved 2050048K, committed 235520K, used 205301K [0x0000000082e00000, 0x0000000100000000)
  region size 1024K, 134 young (137216K), 1 survivors (1024K)
 Metaspace       used 77178K, committed 77760K, reserved 1179648K
  class space    used 9421K, committed 9728K, reserved 1048576K

Heap Regions: E=young(eden), S=young(survivor), O=old, HS=humongous(starts), HC=humongous(continues), CS=collection set, F=free, TAMS=top-at-mark-start, PB=parsable bottom
|   0|0x0000000082e00000, 0x0000000082f00000, 0x0000000082f00000|100%|HS|  |TAMS 0x0000000082e00000| PB 0x0000000082e00000| Complete |  0
|   1|0x0000000082f00000, 0x0000000083000000, 0x0000000083000000|100%| O|  |TAMS 0x0000000082f00000| PB 0x0000000082f00000| Untracked |  0
|   2|0x0000000083000000, 0x0000000083100000, 0x0000000083100000|100%| O|  |TAMS 0x0000000083000000| PB 0x0000000083000000| Untracked |  0
|   3|0x0000000083100000, 0x0000000083200000, 0x0000000083200000|100%| O|  |TAMS 0x0000000083100000| PB 0x0000000083100000| Untracked |  0
|   4|0x0000000083200000, 0x0000000083300000, 0x0000000083300000|100%| O|  |TAMS 0x0000000083200000| PB 0x0000000083200000| Untracked |  0
|   5|0x0000000083300000, 0x0000000083400000, 0x0000000083400000|100%| O|  |TAMS 0x0000000083300000| PB 0x0000000083300000| Untracked |  0
|   6|0x0000000083400000, 0x0000000083500000, 0x0000000083500000|100%| O|  |TAMS 0x0000000083400000| PB 0x0000000083400000| Untracked |  0
|   7|0x0000000083500000, 0x0000000083600000, 0x0000000083600000|100%| O|  |TAMS 0x0000000083500000| PB 0x0000000083500000| Untracked |  0
|   8|0x0000000083600000, 0x0000000083700000, 0x0000000083700000|100%| O|  |TAMS 0x0000000083600000| PB 0x0000000083600000| Untracked |  0
|   9|0x0000000083700000, 0x0000000083800000, 0x0000000083800000|100%| O|  |TAMS 0x0000000083700000| PB 0x0000000083700000| Untracked |  0
|  10|0x0000000083800000, 0x0000000083900000, 0x0000000083900000|100%| O|  |TAMS 0x0000000083800000| PB 0x0000000083800000| Untracked |  0
|  11|0x0000000083900000, 0x0000000083a00000, 0x0000000083a00000|100%| O|  |TAMS 0x0000000083900000| PB 0x0000000083900000| Untracked |  0
|  12|0x0000000083a00000, 0x0000000083b00000, 0x0000000083b00000|100%| O|  |TAMS 0x0000000083a00000| PB 0x0000000083a00000| Untracked |  0
|  13|0x0000000083b00000, 0x0000000083c00000, 0x0000000083c00000|100%| O|  |TAMS 0x0000000083b00000| PB 0x0000000083b00000| Untracked |  0
|  14|0x0000000083c00000, 0x0000000083d00000, 0x0000000083d00000|100%| O|  |TAMS 0x0000000083c00000| PB 0x0000000083c00000| Untracked |  0
|  15|0x0000000083d00000, 0x0000000083e00000, 0x0000000083e00000|100%| O|  |TAMS 0x0000000083d00000| PB 0x0000000083d00000| Untracked |  0
|  16|0x0000000083e00000, 0x0000000083f00000, 0x0000000083f00000|100%| O|  |TAMS 0x0000000083e00000| PB 0x0000000083e00000| Untracked |  0
|  17|0x0000000083f00000, 0x0000000084000000, 0x0000000084000000|100%| O|  |TAMS 0x0000000083f00000| PB 0x0000000083f00000| Untracked |  0
|  18|0x0000000084000000, 0x0000000084100000, 0x0000000084100000|100%| O|  |TAMS 0x0000000084000000| PB 0x0000000084000000| Untracked |  0
|  19|0x0000000084100000, 0x0000000084200000, 0x0000000084200000|100%| O|  |TAMS 0x0000000084100000| PB 0x0000000084100000| Untracked |  0
|  20|0x0000000084200000, 0x0000000084300000, 0x0000000084300000|100%| O|  |TAMS 0x0000000084200000| PB 0x0000000084200000| Untracked |  0
|  21|0x0000000084300000, 0x0000000084400000, 0x0000000084400000|100%| O|  |TAMS 0x0000000084300000| PB 0x0000000084300000| Untracked |  0
|  22|0x0000000084400000, 0x0000000084500000, 0x0000000084500000|100%| O|  |TAMS 0x0000000084400000| PB 0x0000000084400000| Untracked |  0
|  23|0x0000000084500000, 0x0000000084600000, 0x0000000084600000|100%| O|  |TAMS 0x0000000084500000| PB 0x0000000084500000| Untracked |  0
|  24|0x0000000084600000, 0x0000000084700000, 0x0000000084700000|100%| O|  |TAMS 0x0000000084600000| PB 0x0000000084600000| Untracked |  0
|  25|0x0000000084700000, 0x0000000084800000, 0x0000000084800000|100%| O|  |TAMS 0x0000000084700000| PB 0x0000000084700000| Untracked |  0
|  26|0x0000000084800000, 0x0000000084900000, 0x0000000084900000|100%| O|Cm|TAMS 0x0000000084800000| PB 0x0000000084800000| Complete |  0
|  27|0x0000000084900000, 0x0000000084a00000, 0x0000000084a00000|100%| O|Cm|TAMS 0x0000000084900000| PB 0x0000000084900000| Complete |  0
|  28|0x0000000084a00000, 0x0000000084b00000, 0x0000000084b00000|100%| O|  |TAMS 0x0000000084a00000| PB 0x0000000084a00000| Untracked |  0
|  29|0x0000000084b00000, 0x0000000084c00000, 0x0000000084c00000|100%| O|  |TAMS 0x0000000084b00000| PB 0x0000000084b00000| Untracked |  0
|  30|0x0000000084c00000, 0x0000000084d00000, 0x0000000084d00000|100%| O|  |TAMS 0x0000000084c00000| PB 0x0000000084c00000| Untracked |  0
|  31|0x0000000084d00000, 0x0000000084e00000, 0x0000000084e00000|100%| O|  |TAMS 0x0000000084d00000| PB 0x0000000084d00000| Untracked |  0
|  32|0x0000000084e00000, 0x0000000084f00000, 0x0000000084f00000|100%| O|Cm|TAMS 0x0000000084e00000| PB 0x0000000084e00000| Complete |  0
|  33|0x0000000084f00000, 0x0000000085000000, 0x0000000085000000|100%| O|  |TAMS 0x0000000084f00000| PB 0x0000000084f00000| Untracked |  0
|  34|0x0000000085000000, 0x0000000085100000, 0x0000000085100000|100%| O|  |TAMS 0x0000000085000000| PB 0x0000000085000000| Untracked |  0
|  35|0x0000000085100000, 0x0000000085200000, 0x0000000085200000|100%| O|  |TAMS 0x0000000085100000| PB 0x0000000085100000| Untracked |  0
|  36|0x0000000085200000, 0x0000000085300000, 0x0000000085300000|100%| O|  |TAMS 0x0000000085200000| PB 0x0000000085200000| Untracked |  0
|  37|0x0000000085300000, 0x0000000085400000, 0x0000000085400000|100%| O|  |TAMS 0x0000000085300000| PB 0x0000000085300000| Untracked |  0
|  38|0x0000000085400000, 0x0000000085500000, 0x0000000085500000|100%| O|  |TAMS 0x0000000085400000| PB 0x0000000085400000| Untracked |  0
|  39|0x0000000085500000, 0x0000000085600000, 0x0000000085600000|100%| O|  |TAMS 0x0000000085500000| PB 0x0000000085500000| Untracked |  0
|  40|0x0000000085600000, 0x0000000085700000, 0x0000000085700000|100%| O|  |TAMS 0x0000000085600000| PB 0x0000000085600000| Untracked |  0
|  41|0x0000000085700000, 0x0000000085800000, 0x0000000085800000|100%| O|  |TAMS 0x0000000085700000| PB 0x0000000085700000| Untracked |  0
|  42|0x0000000085800000, 0x0000000085900000, 0x0000000085900000|100%| O|Cm|TAMS 0x0000000085800000| PB 0x0000000085800000| Complete |  0
|  43|0x0000000085900000, 0x0000000085a00000, 0x0000000085a00000|100%| O|  |TAMS 0x0000000085900000| PB 0x0000000085900000| Untracked |  0
|  44|0x0000000085a00000, 0x0000000085b00000, 0x0000000085b00000|100%| O|  |TAMS 0x0000000085a00000| PB 0x0000000085a00000| Untracked |  0
|  45|0x0000000085b00000, 0x0000000085b00000, 0x0000000085c00000|  0%| F|  |TAMS 0x0000000085b00000| PB 0x0000000085b00000| Untracked |  0
|  46|0x0000000085c00000, 0x0000000085d00000, 0x0000000085d00000|100%| O|  |TAMS 0x0000000085c00000| PB 0x0000000085c00000| Untracked |  0
|  47|0x0000000085d00000, 0x0000000085d91600, 0x0000000085e00000| 56%| O|Cm|TAMS 0x0000000085d00000| PB 0x0000000085d00000| Complete |  0
|  48|0x0000000085e00000, 0x0000000085e00000, 0x0000000085f00000|  0%| F|  |TAMS 0x0000000085e00000| PB 0x0000000085e00000| Untracked |  0
|  49|0x0000000085f00000, 0x0000000085f00000, 0x0000000086000000|  0%| F|  |TAMS 0x0000000085f00000| PB 0x0000000085f00000| Untracked |  0
|  50|0x0000000086000000, 0x0000000086000000, 0x0000000086100000|  0%| F|  |TAMS 0x0000000086000000| PB 0x0000000086000000| Untracked |  0
|  51|0x0000000086100000, 0x0000000086100000, 0x0000000086200000|  0%| F|  |TAMS 0x0000000086100000| PB 0x0000000086100000| Untracked |  0
|  52|0x0000000086200000, 0x0000000086200000, 0x0000000086300000|  0%| F|  |TAMS 0x0000000086200000| PB 0x0000000086200000| Untracked |  0
|  53|0x0000000086300000, 0x0000000086400000, 0x0000000086400000|100%| O|  |TAMS 0x0000000086300000| PB 0x0000000086300000| Untracked |  0
|  54|0x0000000086400000, 0x0000000086500000, 0x0000000086500000|100%| O|  |TAMS 0x0000000086400000| PB 0x0000000086400000| Untracked |  0
|  55|0x0000000086500000, 0x0000000086600000, 0x0000000086600000|100%| O|  |TAMS 0x0000000086500000| PB 0x0000000086500000| Untracked |  0
|  56|0x0000000086600000, 0x0000000086700000, 0x0000000086700000|100%| O|  |TAMS 0x0000000086600000| PB 0x0000000086600000| Untracked |  0
|  57|0x0000000086700000, 0x0000000086800000, 0x0000000086800000|100%| O|  |TAMS 0x0000000086700000| PB 0x0000000086700000| Untracked |  0
|  58|0x0000000086800000, 0x0000000086800000, 0x0000000086900000|  0%| F|  |TAMS 0x0000000086800000| PB 0x0000000086800000| Untracked |  0
|  59|0x0000000086900000, 0x0000000086900000, 0x0000000086a00000|  0%| F|  |TAMS 0x0000000086900000| PB 0x0000000086900000| Untracked |  0
|  60|0x0000000086a00000, 0x0000000086a00000, 0x0000000086b00000|  0%| F|  |TAMS 0x0000000086a00000| PB 0x0000000086a00000| Untracked |  0
|  61|0x0000000086b00000, 0x0000000086b00000, 0x0000000086c00000|  0%| F|  |TAMS 0x0000000086b00000| PB 0x0000000086b00000| Untracked |  0
|  62|0x0000000086c00000, 0x0000000086d00000, 0x0000000086d00000|100%| O|  |TAMS 0x0000000086c00000| PB 0x0000000086c00000| Untracked |  0
|  63|0x0000000086d00000, 0x0000000086e00000, 0x0000000086e00000|100%| O|  |TAMS 0x0000000086d00000| PB 0x0000000086d00000| Untracked |  0
|  64|0x0000000086e00000, 0x0000000086f00000, 0x0000000086f00000|100%| O|  |TAMS 0x0000000086e00000| PB 0x0000000086e00000| Untracked |  0
|  65|0x0000000086f00000, 0x0000000087000000, 0x0000000087000000|100%| O|  |TAMS 0x0000000086f00000| PB 0x0000000086f00000| Untracked |  0
|  66|0x0000000087000000, 0x0000000087100000, 0x0000000087100000|100%| O|  |TAMS 0x0000000087000000| PB 0x0000000087000000| Untracked |  0
|  67|0x0000000087100000, 0x0000000087200000, 0x0000000087200000|100%| O|  |TAMS 0x0000000087100000| PB 0x0000000087100000| Untracked |  0
|  68|0x0000000087200000, 0x0000000087300000, 0x0000000087300000|100%| O|  |TAMS 0x0000000087200000| PB 0x0000000087200000| Untracked |  0
|  69|0x0000000087300000, 0x0000000087300000, 0x0000000087400000|  0%| F|  |TAMS 0x0000000087300000| PB 0x0000000087300000| Untracked |  0
|  70|0x0000000087400000, 0x0000000087400000, 0x0000000087500000|  0%| F|  |TAMS 0x0000000087400000| PB 0x0000000087400000| Untracked |  0
|  71|0x0000000087500000, 0x0000000087500000, 0x0000000087600000|  0%| F|  |TAMS 0x0000000087500000| PB 0x0000000087500000| Untracked |  0
|  72|0x0000000087600000, 0x0000000087600000, 0x0000000087700000|  0%| F|  |TAMS 0x0000000087600000| PB 0x0000000087600000| Untracked |  0
|  73|0x0000000087700000, 0x0000000087700000, 0x0000000087800000|  0%| F|  |TAMS 0x0000000087700000| PB 0x0000000087700000| Untracked |  0
|  74|0x0000000087800000, 0x0000000087800000, 0x0000000087900000|  0%| F|  |TAMS 0x0000000087800000| PB 0x0000000087800000| Untracked |  0
|  75|0x0000000087900000, 0x0000000087900000, 0x0000000087a00000|  0%| F|  |TAMS 0x0000000087900000| PB 0x0000000087900000| Untracked |  0
|  76|0x0000000087a00000, 0x0000000087a00000, 0x0000000087b00000|  0%| F|  |TAMS 0x0000000087a00000| PB 0x0000000087a00000| Untracked |  0
|  77|0x0000000087b00000, 0x0000000087c00000, 0x0000000087c00000|100%| O|  |TAMS 0x0000000087b00000| PB 0x0000000087b00000| Untracked |  0
|  78|0x0000000087c00000, 0x0000000087d00000, 0x0000000087d00000|100%| O|  |TAMS 0x0000000087c00000| PB 0x0000000087c00000| Untracked |  0
|  79|0x0000000087d00000, 0x0000000087e00000, 0x0000000087e00000|100%| O|  |TAMS 0x0000000087d00000| PB 0x0000000087d00000| Untracked |  0
|  80|0x0000000087e00000, 0x0000000087e00000, 0x0000000087f00000|  0%| F|  |TAMS 0x0000000087e00000| PB 0x0000000087e00000| Untracked |  0
|  81|0x0000000087f00000, 0x0000000087f00000, 0x0000000088000000|  0%| F|  |TAMS 0x0000000087f00000| PB 0x0000000087f00000| Untracked |  0
|  82|0x0000000088000000, 0x0000000088000000, 0x0000000088100000|  0%| F|  |TAMS 0x0000000088000000| PB 0x0000000088000000| Untracked |  0
|  83|0x0000000088100000, 0x0000000088100000, 0x0000000088200000|  0%| F|  |TAMS 0x0000000088100000| PB 0x0000000088100000| Untracked |  0
|  84|0x0000000088200000, 0x0000000088200000, 0x0000000088300000|  0%| F|  |TAMS 0x0000000088200000| PB 0x0000000088200000| Untracked |  0
|  85|0x0000000088300000, 0x0000000088300000, 0x0000000088400000|  0%| F|  |TAMS 0x0000000088300000| PB 0x0000000088300000| Untracked |  0
|  86|0x0000000088400000, 0x0000000088400000, 0x0000000088500000|  0%| F|  |TAMS 0x0000000088400000| PB 0x0000000088400000| Untracked |  0
|  87|0x0000000088500000, 0x0000000088500000, 0x0000000088600000|  0%| F|  |TAMS 0x0000000088500000| PB 0x0000000088500000| Untracked |  0
|  88|0x0000000088600000, 0x0000000088700000, 0x0000000088700000|100%| O|Cm|TAMS 0x0000000088600000| PB 0x0000000088600000| Complete |  0
|  89|0x0000000088700000, 0x0000000088800000, 0x0000000088800000|100%| O|Cm|TAMS 0x0000000088700000| PB 0x0000000088700000| Complete |  0
|  90|0x0000000088800000, 0x0000000088800000, 0x0000000088900000|  0%| F|  |TAMS 0x0000000088800000| PB 0x0000000088800000| Untracked |  0
|  91|0x0000000088900000, 0x0000000088900000, 0x0000000088a00000|  0%| F|  |TAMS 0x0000000088900000| PB 0x0000000088900000| Untracked |  0
|  92|0x0000000088a00000, 0x0000000088a964e0, 0x0000000088b00000| 58%| E|  |TAMS 0x0000000088a00000| PB 0x0000000088a00000| Complete |  0
|  93|0x0000000088b00000, 0x0000000088c00000, 0x0000000088c00000|100%| E|CS|TAMS 0x0000000088b00000| PB 0x0000000088b00000| Complete |  0
|  94|0x0000000088c00000, 0x0000000088d00000, 0x0000000088d00000|100%| E|CS|TAMS 0x0000000088c00000| PB 0x0000000088c00000| Complete |  0
|  95|0x0000000088d00000, 0x0000000088e00000, 0x0000000088e00000|100%| E|CS|TAMS 0x0000000088d00000| PB 0x0000000088d00000| Complete |  0
|  96|0x0000000088e00000, 0x0000000088f00000, 0x0000000088f00000|100%| E|CS|TAMS 0x0000000088e00000| PB 0x0000000088e00000| Complete |  0
|  97|0x0000000088f00000, 0x0000000089000000, 0x0000000089000000|100%| E|CS|TAMS 0x0000000088f00000| PB 0x0000000088f00000| Complete |  0
|  98|0x0000000089000000, 0x0000000089100000, 0x0000000089100000|100%| E|CS|TAMS 0x0000000089000000| PB 0x0000000089000000| Complete |  0
|  99|0x0000000089100000, 0x0000000089200000, 0x0000000089200000|100%| E|CS|TAMS 0x0000000089100000| PB 0x0000000089100000| Complete |  0
| 100|0x0000000089200000, 0x0000000089300000, 0x0000000089300000|100%| E|CS|TAMS 0x0000000089200000| PB 0x0000000089200000| Complete |  0
| 101|0x0000000089300000, 0x0000000089400000, 0x0000000089400000|100%| E|CS|TAMS 0x0000000089300000| PB 0x0000000089300000| Complete |  0
| 102|0x0000000089400000, 0x0000000089500000, 0x0000000089500000|100%| E|CS|TAMS 0x0000000089400000| PB 0x0000000089400000| Complete |  0
| 103|0x0000000089500000, 0x0000000089600000, 0x0000000089600000|100%| E|CS|TAMS 0x0000000089500000| PB 0x0000000089500000| Complete |  0
| 104|0x0000000089600000, 0x0000000089700000, 0x0000000089700000|100%| O|Cm|TAMS 0x0000000089600000| PB 0x0000000089600000| Complete |  0
| 105|0x0000000089700000, 0x0000000089800000, 0x0000000089800000|100%| E|CS|TAMS 0x0000000089700000| PB 0x0000000089700000| Complete |  0
| 106|0x0000000089800000, 0x0000000089900000, 0x0000000089900000|100%| E|CS|TAMS 0x0000000089800000| PB 0x0000000089800000| Complete |  0
| 107|0x0000000089900000, 0x0000000089a00000, 0x0000000089a00000|100%| E|CS|TAMS 0x0000000089900000| PB 0x0000000089900000| Complete |  0
| 108|0x0000000089a00000, 0x0000000089b00000, 0x0000000089b00000|100%| E|CS|TAMS 0x0000000089a00000| PB 0x0000000089a00000| Complete |  0
| 109|0x0000000089b00000, 0x0000000089c00000, 0x0000000089c00000|100%| E|CS|TAMS 0x0000000089b00000| PB 0x0000000089b00000| Complete |  0
| 110|0x0000000089c00000, 0x0000000089d00000, 0x0000000089d00000|100%| E|CS|TAMS 0x0000000089c00000| PB 0x0000000089c00000| Complete |  0
| 111|0x0000000089d00000, 0x0000000089e00000, 0x0000000089e00000|100%| E|CS|TAMS 0x0000000089d00000| PB 0x0000000089d00000| Complete |  0
| 112|0x0000000089e00000, 0x0000000089f00000, 0x0000000089f00000|100%| E|CS|TAMS 0x0000000089e00000| PB 0x0000000089e00000| Complete |  0
| 113|0x0000000089f00000, 0x000000008a000000, 0x000000008a000000|100%| E|CS|TAMS 0x0000000089f00000| PB 0x0000000089f00000| Complete |  0
| 114|0x000000008a000000, 0x000000008a100000, 0x000000008a100000|100%| E|CS|TAMS 0x000000008a000000| PB 0x000000008a000000| Complete |  0
| 115|0x000000008a100000, 0x000000008a200000, 0x000000008a200000|100%| E|CS|TAMS 0x000000008a100000| PB 0x000000008a100000| Complete |  0
| 116|0x000000008a200000, 0x000000008a2ec0a0, 0x000000008a300000| 92%| S|CS|TAMS 0x000000008a200000| PB 0x000000008a200000| Complete |  0
| 117|0x000000008a300000, 0x000000008a400000, 0x000000008a400000|100%| E|CS|TAMS 0x000000008a300000| PB 0x000000008a300000| Complete |  0
| 118|0x000000008a400000, 0x000000008a500000, 0x000000008a500000|100%| E|CS|TAMS 0x000000008a400000| PB 0x000000008a400000| Complete |  0
| 119|0x000000008a500000, 0x000000008a600000, 0x000000008a600000|100%| E|CS|TAMS 0x000000008a500000| PB 0x000000008a500000| Complete |  0
| 120|0x000000008a600000, 0x000000008a700000, 0x000000008a700000|100%| E|CS|TAMS 0x000000008a600000| PB 0x000000008a600000| Complete |  0
| 121|0x000000008a700000, 0x000000008a800000, 0x000000008a800000|100%| E|CS|TAMS 0x000000008a700000| PB 0x000000008a700000| Complete |  0
| 122|0x000000008a800000, 0x000000008a900000, 0x000000008a900000|100%| E|CS|TAMS 0x000000008a800000| PB 0x000000008a800000| Complete |  0
| 123|0x000000008a900000, 0x000000008aa00000, 0x000000008aa00000|100%| E|CS|TAMS 0x000000008a900000| PB 0x000000008a900000| Complete |  0
| 124|0x000000008aa00000, 0x000000008ab00000, 0x000000008ab00000|100%| E|CS|TAMS 0x000000008aa00000| PB 0x000000008aa00000| Complete |  0
| 125|0x000000008ab00000, 0x000000008ac00000, 0x000000008ac00000|100%| E|CS|TAMS 0x000000008ab00000| PB 0x000000008ab00000| Complete |  0
| 126|0x000000008ac00000, 0x000000008ad00000, 0x000000008ad00000|100%| E|CS|TAMS 0x000000008ac00000| PB 0x000000008ac00000| Complete |  0
| 127|0x000000008ad00000, 0x000000008ae00000, 0x000000008ae00000|100%| E|CS|TAMS 0x000000008ad00000| PB 0x000000008ad00000| Complete |  0
| 128|0x000000008ae00000, 0x000000008af00000, 0x000000008af00000|100%| E|CS|TAMS 0x000000008ae00000| PB 0x000000008ae00000| Complete |  0
| 129|0x000000008af00000, 0x000000008b000000, 0x000000008b000000|100%| E|CS|TAMS 0x000000008af00000| PB 0x000000008af00000| Complete |  0
| 130|0x000000008b000000, 0x000000008b100000, 0x000000008b100000|100%| E|CS|TAMS 0x000000008b000000| PB 0x000000008b000000| Complete |  0
| 131|0x000000008b100000, 0x000000008b200000, 0x000000008b200000|100%| E|CS|TAMS 0x000000008b100000| PB 0x000000008b100000| Complete |  0
| 132|0x000000008b200000, 0x000000008b300000, 0x000000008b300000|100%| E|CS|TAMS 0x000000008b200000| PB 0x000000008b200000| Complete |  0
| 133|0x000000008b300000, 0x000000008b400000, 0x000000008b400000|100%| E|CS|TAMS 0x000000008b300000| PB 0x000000008b300000| Complete |  0
| 134|0x000000008b400000, 0x000000008b500000, 0x000000008b500000|100%| E|CS|TAMS 0x000000008b400000| PB 0x000000008b400000| Complete |  0
| 135|0x000000008b500000, 0x000000008b600000, 0x000000008b600000|100%| E|CS|TAMS 0x000000008b500000| PB 0x000000008b500000| Complete |  0
| 136|0x000000008b600000, 0x000000008b700000, 0x000000008b700000|100%| E|CS|TAMS 0x000000008b600000| PB 0x000000008b600000| Complete |  0
| 137|0x000000008b700000, 0x000000008b800000, 0x000000008b800000|100%| E|CS|TAMS 0x000000008b700000| PB 0x000000008b700000| Complete |  0
| 138|0x000000008b800000, 0x000000008b900000, 0x000000008b900000|100%| E|CS|TAMS 0x000000008b800000| PB 0x000000008b800000| Complete |  0
| 139|0x000000008b900000, 0x000000008ba00000, 0x000000008ba00000|100%| E|CS|TAMS 0x000000008b900000| PB 0x000000008b900000| Complete |  0
| 140|0x000000008ba00000, 0x000000008bb00000, 0x000000008bb00000|100%| E|CS|TAMS 0x000000008ba00000| PB 0x000000008ba00000| Complete |  0
| 141|0x000000008bb00000, 0x000000008bc00000, 0x000000008bc00000|100%| E|CS|TAMS 0x000000008bb00000| PB 0x000000008bb00000| Complete |  0
| 142|0x000000008bc00000, 0x000000008bd00000, 0x000000008bd00000|100%| E|CS|TAMS 0x000000008bc00000| PB 0x000000008bc00000| Complete |  0
| 143|0x000000008bd00000, 0x000000008be00000, 0x000000008be00000|100%| E|CS|TAMS 0x000000008bd00000| PB 0x000000008bd00000| Complete |  0
| 144|0x000000008be00000, 0x000000008bf00000, 0x000000008bf00000|100%| E|CS|TAMS 0x000000008be00000| PB 0x000000008be00000| Complete |  0
| 145|0x000000008bf00000, 0x000000008c000000, 0x000000008c000000|100%| E|CS|TAMS 0x000000008bf00000| PB 0x000000008bf00000| Complete |  0
| 146|0x000000008c000000, 0x000000008c100000, 0x000000008c100000|100%| O|Cm|TAMS 0x000000008c000000| PB 0x000000008c000000| Complete |  0
| 147|0x000000008c100000, 0x000000008c200000, 0x000000008c200000|100%| O|Cm|TAMS 0x000000008c100000| PB 0x000000008c100000| Complete |  0
| 148|0x000000008c200000, 0x000000008c300000, 0x000000008c300000|100%| E|CS|TAMS 0x000000008c200000| PB 0x000000008c200000| Complete |  0
| 149|0x000000008c300000, 0x000000008c400000, 0x000000008c400000|100%| E|CS|TAMS 0x000000008c300000| PB 0x000000008c300000| Complete |  0
| 150|0x000000008c400000, 0x000000008c500000, 0x000000008c500000|100%| E|CS|TAMS 0x000000008c400000| PB 0x000000008c400000| Complete |  0
| 151|0x000000008c500000, 0x000000008c600000, 0x000000008c600000|100%| E|CS|TAMS 0x000000008c500000| PB 0x000000008c500000| Complete |  0
| 152|0x000000008c600000, 0x000000008c700000, 0x000000008c700000|100%| E|CS|TAMS 0x000000008c600000| PB 0x000000008c600000| Complete |  0
| 153|0x000000008c700000, 0x000000008c800000, 0x000000008c800000|100%| E|CS|TAMS 0x000000008c700000| PB 0x000000008c700000| Complete |  0
| 154|0x000000008c800000, 0x000000008c900000, 0x000000008c900000|100%| E|CS|TAMS 0x000000008c800000| PB 0x000000008c800000| Complete |  0
| 155|0x000000008c900000, 0x000000008ca00000, 0x000000008ca00000|100%| E|CS|TAMS 0x000000008c900000| PB 0x000000008c900000| Complete |  0
| 156|0x000000008ca00000, 0x000000008cb00000, 0x000000008cb00000|100%| E|CS|TAMS 0x000000008ca00000| PB 0x000000008ca00000| Complete |  0
| 157|0x000000008cb00000, 0x000000008cc00000, 0x000000008cc00000|100%| E|CS|TAMS 0x000000008cb00000| PB 0x000000008cb00000| Complete |  0
| 158|0x000000008cc00000, 0x000000008cd00000, 0x000000008cd00000|100%| E|CS|TAMS 0x000000008cc00000| PB 0x000000008cc00000| Complete |  0
| 159|0x000000008cd00000, 0x000000008ce00000, 0x000000008ce00000|100%| E|CS|TAMS 0x000000008cd00000| PB 0x000000008cd00000| Complete |  0
| 160|0x000000008ce00000, 0x000000008cf00000, 0x000000008cf00000|100%| E|CS|TAMS 0x000000008ce00000| PB 0x000000008ce00000| Complete |  0
| 161|0x000000008cf00000, 0x000000008d000000, 0x000000008d000000|100%| E|CS|TAMS 0x000000008cf00000| PB 0x000000008cf00000| Complete |  0
| 162|0x000000008d000000, 0x000000008d100000, 0x000000008d100000|100%| E|CS|TAMS 0x000000008d000000| PB 0x000000008d000000| Complete |  0
| 163|0x000000008d100000, 0x000000008d200000, 0x000000008d200000|100%| E|CS|TAMS 0x000000008d100000| PB 0x000000008d100000| Complete |  0
| 164|0x000000008d200000, 0x000000008d300000, 0x000000008d300000|100%| E|CS|TAMS 0x000000008d200000| PB 0x000000008d200000| Complete |  0
| 165|0x000000008d300000, 0x000000008d400000, 0x000000008d400000|100%| E|CS|TAMS 0x000000008d300000| PB 0x000000008d300000| Complete |  0
| 166|0x000000008d400000, 0x000000008d500000, 0x000000008d500000|100%| E|CS|TAMS 0x000000008d400000| PB 0x000000008d400000| Complete |  0
| 167|0x000000008d500000, 0x000000008d600000, 0x000000008d600000|100%| E|CS|TAMS 0x000000008d500000| PB 0x000000008d500000| Complete |  0
| 168|0x000000008d600000, 0x000000008d700000, 0x000000008d700000|100%| E|CS|TAMS 0x000000008d600000| PB 0x000000008d600000| Complete |  0
| 169|0x000000008d700000, 0x000000008d800000, 0x000000008d800000|100%| E|CS|TAMS 0x000000008d700000| PB 0x000000008d700000| Complete |  0
| 170|0x000000008d800000, 0x000000008d900000, 0x000000008d900000|100%| E|CS|TAMS 0x000000008d800000| PB 0x000000008d800000| Complete |  0
| 171|0x000000008d900000, 0x000000008da00000, 0x000000008da00000|100%| E|CS|TAMS 0x000000008d900000| PB 0x000000008d900000| Complete |  0
| 172|0x000000008da00000, 0x000000008db00000, 0x000000008db00000|100%| E|CS|TAMS 0x000000008da00000| PB 0x000000008da00000| Complete |  0
| 173|0x000000008db00000, 0x000000008dc00000, 0x000000008dc00000|100%| E|CS|TAMS 0x000000008db00000| PB 0x000000008db00000| Complete |  0
| 174|0x000000008dc00000, 0x000000008dd00000, 0x000000008dd00000|100%| E|CS|TAMS 0x000000008dc00000| PB 0x000000008dc00000| Complete |  0
| 175|0x000000008dd00000, 0x000000008de00000, 0x000000008de00000|100%| E|CS|TAMS 0x000000008dd00000| PB 0x000000008dd00000| Complete |  0
| 176|0x000000008de00000, 0x000000008df00000, 0x000000008df00000|100%| E|CS|TAMS 0x000000008de00000| PB 0x000000008de00000| Complete |  0
| 177|0x000000008df00000, 0x000000008e000000, 0x000000008e000000|100%| E|CS|TAMS 0x000000008df00000| PB 0x000000008df00000| Complete |  0
| 178|0x000000008e000000, 0x000000008e100000, 0x000000008e100000|100%| E|CS|TAMS 0x000000008e000000| PB 0x000000008e000000| Complete |  0
| 179|0x000000008e100000, 0x000000008e200000, 0x000000008e200000|100%| E|CS|TAMS 0x000000008e100000| PB 0x000000008e100000| Complete |  0
| 180|0x000000008e200000, 0x000000008e300000, 0x000000008e300000|100%| E|CS|TAMS 0x000000008e200000| PB 0x000000008e200000| Complete |  0
| 181|0x000000008e300000, 0x000000008e400000, 0x000000008e400000|100%| E|CS|TAMS 0x000000008e300000| PB 0x000000008e300000| Complete |  0
| 182|0x000000008e400000, 0x000000008e500000, 0x000000008e500000|100%| E|CS|TAMS 0x000000008e400000| PB 0x000000008e400000| Complete |  0
| 183|0x000000008e500000, 0x000000008e600000, 0x000000008e600000|100%| E|CS|TAMS 0x000000008e500000| PB 0x000000008e500000| Complete |  0
| 184|0x000000008e600000, 0x000000008e700000, 0x000000008e700000|100%| E|CS|TAMS 0x000000008e600000| PB 0x000000008e600000| Complete |  0
| 185|0x000000008e700000, 0x000000008e800000, 0x000000008e800000|100%| E|CS|TAMS 0x000000008e700000| PB 0x000000008e700000| Complete |  0
| 186|0x000000008e800000, 0x000000008e900000, 0x000000008e900000|100%| E|CS|TAMS 0x000000008e800000| PB 0x000000008e800000| Complete |  0
| 187|0x000000008e900000, 0x000000008ea00000, 0x000000008ea00000|100%| E|CS|TAMS 0x000000008e900000| PB 0x000000008e900000| Complete |  0
| 188|0x000000008ea00000, 0x000000008eb00000, 0x000000008eb00000|100%| E|CS|TAMS 0x000000008ea00000| PB 0x000000008ea00000| Complete |  0
| 189|0x000000008eb00000, 0x000000008ec00000, 0x000000008ec00000|100%| E|CS|TAMS 0x000000008eb00000| PB 0x000000008eb00000| Complete |  0
| 190|0x000000008ec00000, 0x000000008ed00000, 0x000000008ed00000|100%| E|CS|TAMS 0x000000008ec00000| PB 0x000000008ec00000| Complete |  0
| 191|0x000000008ed00000, 0x000000008ee00000, 0x000000008ee00000|100%| E|CS|TAMS 0x000000008ed00000| PB 0x000000008ed00000| Complete |  0
| 192|0x000000008ee00000, 0x000000008ef00000, 0x000000008ef00000|100%| E|CS|TAMS 0x000000008ee00000| PB 0x000000008ee00000| Complete |  0
| 193|0x000000008ef00000, 0x000000008f000000, 0x000000008f000000|100%| E|CS|TAMS 0x000000008ef00000| PB 0x000000008ef00000| Complete |  0
| 194|0x000000008f000000, 0x000000008f100000, 0x000000008f100000|100%| E|CS|TAMS 0x000000008f000000| PB 0x000000008f000000| Complete |  0
| 195|0x000000008f100000, 0x000000008f200000, 0x000000008f200000|100%| E|CS|TAMS 0x000000008f100000| PB 0x000000008f100000| Complete |  0
| 196|0x000000008f200000, 0x000000008f300000, 0x000000008f300000|100%| E|CS|TAMS 0x000000008f200000| PB 0x000000008f200000| Complete |  0
| 197|0x000000008f300000, 0x000000008f400000, 0x000000008f400000|100%| E|CS|TAMS 0x000000008f300000| PB 0x000000008f300000| Complete |  0
| 198|0x000000008f400000, 0x000000008f500000, 0x000000008f500000|100%| E|CS|TAMS 0x000000008f400000| PB 0x000000008f400000| Complete |  0
| 199|0x000000008f500000, 0x000000008f600000, 0x000000008f600000|100%| E|CS|TAMS 0x000000008f500000| PB 0x000000008f500000| Complete |  0
| 200|0x000000008f600000, 0x000000008f700000, 0x000000008f700000|100%| E|CS|TAMS 0x000000008f600000| PB 0x000000008f600000| Complete |  0
| 201|0x000000008f700000, 0x000000008f800000, 0x000000008f800000|100%| E|CS|TAMS 0x000000008f700000| PB 0x000000008f700000| Complete |  0
| 202|0x000000008f800000, 0x000000008f900000, 0x000000008f900000|100%| E|CS|TAMS 0x000000008f800000| PB 0x000000008f800000| Complete |  0
| 203|0x000000008f900000, 0x000000008fa00000, 0x000000008fa00000|100%| E|CS|TAMS 0x000000008f900000| PB 0x000000008f900000| Complete |  0
| 204|0x000000008fa00000, 0x000000008fb00000, 0x000000008fb00000|100%| E|CS|TAMS 0x000000008fa00000| PB 0x000000008fa00000| Complete |  0
| 205|0x000000008fb00000, 0x000000008fc00000, 0x000000008fc00000|100%| E|CS|TAMS 0x000000008fb00000| PB 0x000000008fb00000| Complete |  0
| 206|0x000000008fc00000, 0x000000008fd00000, 0x000000008fd00000|100%| E|CS|TAMS 0x000000008fc00000| PB 0x000000008fc00000| Complete |  0
| 207|0x000000008fd00000, 0x000000008fe00000, 0x000000008fe00000|100%| E|CS|TAMS 0x000000008fd00000| PB 0x000000008fd00000| Complete |  0
| 208|0x000000008fe00000, 0x000000008ff00000, 0x000000008ff00000|100%| E|CS|TAMS 0x000000008fe00000| PB 0x000000008fe00000| Complete |  0
| 209|0x000000008ff00000, 0x0000000090000000, 0x0000000090000000|100%| E|CS|TAMS 0x000000008ff00000| PB 0x000000008ff00000| Complete |  0
| 210|0x0000000090000000, 0x0000000090100000, 0x0000000090100000|100%| E|CS|TAMS 0x0000000090000000| PB 0x0000000090000000| Complete |  0
| 211|0x0000000090100000, 0x0000000090200000, 0x0000000090200000|100%| E|CS|TAMS 0x0000000090100000| PB 0x0000000090100000| Complete |  0
| 212|0x0000000090200000, 0x0000000090300000, 0x0000000090300000|100%| E|CS|TAMS 0x0000000090200000| PB 0x0000000090200000| Complete |  0
| 213|0x0000000090300000, 0x0000000090400000, 0x0000000090400000|100%| E|CS|TAMS 0x0000000090300000| PB 0x0000000090300000| Complete |  0
| 214|0x0000000090400000, 0x0000000090500000, 0x0000000090500000|100%| E|CS|TAMS 0x0000000090400000| PB 0x0000000090400000| Complete |  0
| 215|0x0000000090500000, 0x0000000090600000, 0x0000000090600000|100%| E|CS|TAMS 0x0000000090500000| PB 0x0000000090500000| Complete |  0
| 216|0x0000000090600000, 0x0000000090700000, 0x0000000090700000|100%| E|CS|TAMS 0x0000000090600000| PB 0x0000000090600000| Complete |  0
| 217|0x0000000090700000, 0x0000000090800000, 0x0000000090800000|100%| E|CS|TAMS 0x0000000090700000| PB 0x0000000090700000| Complete |  0
| 218|0x0000000090800000, 0x0000000090900000, 0x0000000090900000|100%| E|CS|TAMS 0x0000000090800000| PB 0x0000000090800000| Complete |  0
| 219|0x0000000090900000, 0x0000000090a00000, 0x0000000090a00000|100%| E|CS|TAMS 0x0000000090900000| PB 0x0000000090900000| Complete |  0
| 220|0x0000000090a00000, 0x0000000090b00000, 0x0000000090b00000|100%| E|CS|TAMS 0x0000000090a00000| PB 0x0000000090a00000| Complete |  0
| 221|0x0000000090b00000, 0x0000000090c00000, 0x0000000090c00000|100%| E|CS|TAMS 0x0000000090b00000| PB 0x0000000090b00000| Complete |  0
| 222|0x0000000090c00000, 0x0000000090d00000, 0x0000000090d00000|100%| E|CS|TAMS 0x0000000090c00000| PB 0x0000000090c00000| Complete |  0
| 223|0x0000000090d00000, 0x0000000090e00000, 0x0000000090e00000|100%| E|CS|TAMS 0x0000000090d00000| PB 0x0000000090d00000| Complete |  0
| 224|0x0000000090e00000, 0x0000000090f00000, 0x0000000090f00000|100%| E|CS|TAMS 0x0000000090e00000| PB 0x0000000090e00000| Complete |  0
|1996|0x00000000ffa00000, 0x00000000ffb00000, 0x00000000ffb00000|100%| O|  |TAMS 0x00000000ffa00000| PB 0x00000000ffa00000| Untracked |  0
|1998|0x00000000ffc00000, 0x00000000ffd00000, 0x00000000ffd00000|100%| E|CS|TAMS 0x00000000ffc00000| PB 0x00000000ffc00000| Complete |  0
|1999|0x00000000ffd00000, 0x00000000ffe00000, 0x00000000ffe00000|100%| E|CS|TAMS 0x00000000ffd00000| PB 0x00000000ffd00000| Complete |  0
|2000|0x00000000ffe00000, 0x00000000fff00000, 0x00000000fff00000|100%| E|CS|TAMS 0x00000000ffe00000| PB 0x00000000ffe00000| Complete |  0
|2001|0x00000000fff00000, 0x0000000100000000, 0x0000000100000000|100%| E|CS|TAMS 0x00000000fff00000| PB 0x00000000fff00000| Complete |  0

Card table byte_map: [0x0000015b19f50000,0x0000015b1a340000] _byte_map_base: 0x0000015b19b39000

Marking Bits: (CMBitMap*) 0x0000015b00417cf0
 Bits: [0x0000015b1a340000, 0x0000015b1c288000)

Polling page: 0x0000015b09eb0000

Metaspace:

Usage:
  Non-class:     66.17 MB used.
      Class:      9.20 MB used.
       Both:     75.37 MB used.

Virtual space:
  Non-class space:      128.00 MB reserved,      66.44 MB ( 52%) committed,  2 nodes.
      Class space:        1.00 GB reserved,       9.50 MB ( <1%) committed,  1 nodes.
             Both:        1.12 GB reserved,      75.94 MB (  7%) committed. 

Chunk freelists:
   Non-Class:  12.70 MB
       Class:  6.32 MB
        Both:  19.02 MB

MaxMetaspaceSize: unlimited
CompressedClassSpaceSize: 1.00 GB
Initial GC threshold: 21.00 MB
Current GC threshold: 126.56 MB
CDS: on
 - commit_granule_bytes: 65536.
 - commit_granule_words: 8192.
 - virtual_space_node_default_size: 8388608.
 - enlarge_chunks_in_place: 1.
 - use_allocation_guard: 0.


Internal statistics:

num_allocs_failed_limit: 9.
num_arena_births: 1452.
num_arena_deaths: 306.
num_vsnodes_births: 3.
num_vsnodes_deaths: 0.
num_space_committed: 1215.
num_space_uncommitted: 0.
num_chunks_returned_to_freelist: 356.
num_chunks_taken_from_freelist: 4626.
num_chunk_merges: 82.
num_chunk_splits: 3020.
num_chunks_enlarged: 2209.
num_inconsistent_stats: 0.

CodeHeap 'non-profiled nmethods': size=120000Kb used=9586Kb max_used=10478Kb free=110413Kb
 bounds [0x0000015b119a0000, 0x0000015b123e0000, 0x0000015b18ed0000]
CodeHeap 'profiled nmethods': size=120000Kb used=16816Kb max_used=23747Kb free=103183Kb
 bounds [0x0000015b09ed0000, 0x0000015b0b610000, 0x0000015b11400000]
CodeHeap 'non-nmethods': size=5760Kb used=1666Kb max_used=1774Kb free=4093Kb
 bounds [0x0000015b11400000, 0x0000015b11670000, 0x0000015b119a0000]
 total_blobs=9248 nmethods=8544 adapters=606
 compilation: enabled
              stopped_count=0, restarted_count=0
 full_count=0

Compilation events (20 events):
Event: 6113.833 Thread 0x0000015b1ef944c0 nmethod 18589 0x0000015b11d27210 code [0x0000015b11d273a0, 0x0000015b11d27448]
Event: 6113.840 Thread 0x0000015b1ef944c0 18591       4       java.util.regex.Pattern$Begin::match (62 bytes)
Event: 6113.846 Thread 0x0000015b1ef944c0 nmethod 18591 0x0000015b11f96310 code [0x0000015b11f96500, 0x0000015b11f96ad0]
Event: 6113.847 Thread 0x0000015b1ef944c0 18593       4       org.springframework.web.servlet.DispatcherServlet::getHandlerAdapter (83 bytes)
Event: 6113.849 Thread 0x0000015b1ef944c0 nmethod 18593 0x0000015b11d37490 code [0x0000015b11d37640, 0x0000015b11d37880]
Event: 6113.849 Thread 0x0000015b1ef944c0 18594       4       com.epmapat.erp_epmapat.modelo.Tpidentifica$HibernateProxy$rGIUZa9N::getUsumodi (20 bytes)
Event: 6113.850 Thread 0x0000015b1ef944c0 nmethod 18594 0x0000015b11f05810 code [0x0000015b11f059a0, 0x0000015b11f05b18]
Event: 6113.850 Thread 0x0000015b1ef944c0 18592       4       org.apache.tomcat.util.threads.ThreadPoolExecutor$Worker::unlock (7 bytes)
Event: 6113.851 Thread 0x0000015b1ef944c0 nmethod 18592 0x0000015b11f6e910 code [0x0000015b11f6eaa0, 0x0000015b11f6ec20]
Event: 6113.851 Thread 0x0000015b1ef944c0 18595       4       java.lang.invoke.LambdaForm$DMH/0x0000015b2094a000::newInvokeSpecial (27 bytes)
Event: 6113.852 Thread 0x0000015b1ef944c0 nmethod 18595 0x0000015b11f91d90 code [0x0000015b11f91f20, 0x0000015b11f92070]
Event: 6113.852 Thread 0x0000015b1ef944c0 18596   !   4       org.apache.tomcat.util.threads.ThreadPoolExecutor::getTask (177 bytes)
Event: 6113.866 Thread 0x0000015b64150c70 18600   !   3       java.nio.channels.spi.AbstractInterruptibleChannel::close (37 bytes)
Event: 6113.866 Thread 0x0000015b64150c70 nmethod 18600 0x0000015b09f54590 code [0x0000015b09f54740, 0x0000015b09f54ab0]
Event: 6113.874 Thread 0x0000015b1ef944c0 nmethod 18596 0x0000015b11b7a310 code [0x0000015b11b7a5c0, 0x0000015b11b7ba88]
Event: 6113.874 Thread 0x0000015b1ef944c0 18599   !   4       java.util.concurrent.LinkedBlockingQueue::take (91 bytes)
Event: 6113.896 Thread 0x0000015b1ef944c0 nmethod 18599 0x0000015b11c37b90 code [0x0000015b11c37e00, 0x0000015b11c38f88]
Event: 6113.896 Thread 0x0000015b1ef944c0 18597       4       org.springframework.core.MethodParameter::<init> (30 bytes)
Event: 6113.899 Thread 0x0000015b1ef944c0 nmethod 18597 0x0000015b11e78c90 code [0x0000015b11e78e40, 0x0000015b11e79120]
Event: 6113.899 Thread 0x0000015b1ef944c0 18602       4       org.springframework.boot.actuate.metrics.web.servlet.LongTaskTimingHandlerInterceptor::startAndAttachTimingContext (33 bytes)

GC Heap History (20 events):
Event: 6100.406 GC heap before
{Heap before GC invocations=37 (full 0):
 garbage-first heap   total reserved 2050048K, committed 129024K, used 109872K [0x0000000082e00000, 0x0000000100000000)
  region size 1024K, 39 young (39936K), 7 survivors (7168K)
 Metaspace       used 74933K, committed 75712K, reserved 1179648K
  class space    used 9312K, committed 9664K, reserved 1048576K
}
Event: 6100.430 GC heap after
{Heap after GC invocations=38 (full 0):
 garbage-first heap   total reserved 2050048K, committed 136192K, used 82944K [0x0000000082e00000, 0x0000000100000000)
  region size 1024K, 5 young (5120K), 5 survivors (5120K)
 Metaspace       used 74933K, committed 75712K, reserved 1179648K
  class space    used 9312K, committed 9664K, reserved 1048576K
}
Event: 6100.510 GC heap before
{Heap before GC invocations=38 (full 0):
 garbage-first heap   total reserved 2050048K, committed 136192K, used 111616K [0x0000000082e00000, 0x0000000100000000)
  region size 1024K, 33 young (33792K), 5 survivors (5120K)
 Metaspace       used 74960K, committed 75712K, reserved 1179648K
  class space    used 9313K, committed 9664K, reserved 1048576K
}
Event: 6100.535 GC heap after
{Heap after GC invocations=39 (full 0):
 garbage-first heap   total reserved 2050048K, committed 307200K, used 109056K [0x0000000082e00000, 0x0000000100000000)
  region size 1024K, 5 young (5120K), 5 survivors (5120K)
 Metaspace       used 74960K, committed 75712K, reserved 1179648K
  class space    used 9313K, committed 9664K, reserved 1048576K
}
Event: 6100.896 GC heap before
{Heap before GC invocations=39 (full 0):
 garbage-first heap   total reserved 2050048K, committed 307200K, used 250368K [0x0000000082e00000, 0x0000000100000000)
  region size 1024K, 143 young (146432K), 5 survivors (5120K)
 Metaspace       used 75024K, committed 75776K, reserved 1179648K
  class space    used 9315K, committed 9664K, reserved 1048576K
}
Event: 6100.926 GC heap after
{Heap after GC invocations=40 (full 0):
 garbage-first heap   total reserved 2050048K, committed 307200K, used 151040K [0x0000000082e00000, 0x0000000100000000)
  region size 1024K, 18 young (18432K), 18 survivors (18432K)
 Metaspace       used 75024K, committed 75776K, reserved 1179648K
  class space    used 9315K, committed 9664K, reserved 1048576K
}
Event: 6101.297 GC heap before
{Heap before GC invocations=41 (full 0):
 garbage-first heap   total reserved 2050048K, committed 307200K, used 221696K [0x0000000082e00000, 0x0000000100000000)
  region size 1024K, 87 young (89088K), 18 survivors (18432K)
 Metaspace       used 75005K, committed 75776K, reserved 1179648K
  class space    used 9308K, committed 9664K, reserved 1048576K
}
Event: 6101.318 GC heap after
{Heap after GC invocations=42 (full 0):
 garbage-first heap   total reserved 2050048K, committed 307200K, used 167424K [0x0000000082e00000, 0x0000000100000000)
  region size 1024K, 11 young (11264K), 11 survivors (11264K)
 Metaspace       used 75005K, committed 75776K, reserved 1179648K
  class space    used 9308K, committed 9664K, reserved 1048576K
}
Event: 6101.444 GC heap before
{Heap before GC invocations=42 (full 0):
 garbage-first heap   total reserved 2050048K, committed 307200K, used 244224K [0x0000000082e00000, 0x0000000100000000)
  region size 1024K, 86 young (88064K), 11 survivors (11264K)
 Metaspace       used 75009K, committed 75776K, reserved 1179648K
  class space    used 9308K, committed 9664K, reserved 1048576K
}
Event: 6101.459 GC heap after
{Heap after GC invocations=43 (full 0):
 garbage-first heap   total reserved 2050048K, committed 307200K, used 179712K [0x0000000082e00000, 0x0000000100000000)
  region size 1024K, 11 young (11264K), 11 survivors (11264K)
 Metaspace       used 75009K, committed 75776K, reserved 1179648K
  class space    used 9308K, committed 9664K, reserved 1048576K
}
Event: 6103.163 GC heap before
{Heap before GC invocations=43 (full 0):
 garbage-first heap   total reserved 2050048K, committed 307200K, used 253440K [0x0000000082e00000, 0x0000000100000000)
  region size 1024K, 83 young (84992K), 11 survivors (11264K)
 Metaspace       used 77120K, committed 77760K, reserved 1179648K
  class space    used 9415K, committed 9728K, reserved 1048576K
}
Event: 6103.170 GC heap after
{Heap after GC invocations=44 (full 0):
 garbage-first heap   total reserved 2050048K, committed 307200K, used 183296K [0x0000000082e00000, 0x0000000100000000)
  region size 1024K, 2 young (2048K), 2 survivors (2048K)
 Metaspace       used 77120K, committed 77760K, reserved 1179648K
  class space    used 9415K, committed 9728K, reserved 1048576K
}
Event: 6104.638 GC heap before
{Heap before GC invocations=45 (full 0):
 garbage-first heap   total reserved 2050048K, committed 307200K, used 223232K [0x0000000082e00000, 0x0000000100000000)
  region size 1024K, 80 young (81920K), 2 survivors (2048K)
 Metaspace       used 77145K, committed 77760K, reserved 1179648K
  class space    used 9415K, committed 9728K, reserved 1048576K
}
Event: 6104.639 GC heap after
{Heap after GC invocations=46 (full 0):
 garbage-first heap   total reserved 2050048K, committed 307200K, used 142336K [0x0000000082e00000, 0x0000000100000000)
  region size 1024K, 1 young (1024K), 1 survivors (1024K)
 Metaspace       used 77145K, committed 77760K, reserved 1179648K
  class space    used 9415K, committed 9728K, reserved 1048576K
}
Event: 6106.826 GC heap before
{Heap before GC invocations=46 (full 0):
 garbage-first heap   total reserved 2050048K, committed 307200K, used 256000K [0x0000000082e00000, 0x0000000100000000)
  region size 1024K, 112 young (114688K), 1 survivors (1024K)
 Metaspace       used 77153K, committed 77760K, reserved 1179648K
  class space    used 9416K, committed 9728K, reserved 1048576K
}
Event: 6106.829 GC heap after
{Heap after GC invocations=47 (full 0):
 garbage-first heap   total reserved 2050048K, committed 307200K, used 112591K [0x0000000082e00000, 0x0000000100000000)
  region size 1024K, 1 young (1024K), 1 survivors (1024K)
 Metaspace       used 77153K, committed 77760K, reserved 1179648K
  class space    used 9416K, committed 9728K, reserved 1048576K
}
Event: 6109.308 GC heap before
{Heap before GC invocations=47 (full 0):
 garbage-first heap   total reserved 2050048K, committed 307200K, used 251855K [0x0000000082e00000, 0x0000000100000000)
  region size 1024K, 138 young (141312K), 1 survivors (1024K)
 Metaspace       used 77158K, committed 77760K, reserved 1179648K
  class space    used 9418K, committed 9728K, reserved 1048576K
}
Event: 6109.316 GC heap after
{Heap after GC invocations=48 (full 0):
 garbage-first heap   total reserved 2050048K, committed 307200K, used 92651K [0x0000000082e00000, 0x0000000100000000)
  region size 1024K, 1 young (1024K), 1 survivors (1024K)
 Metaspace       used 77158K, committed 77760K, reserved 1179648K
  class space    used 9418K, committed 9728K, reserved 1048576K
}
Event: 6112.003 GC heap before
{Heap before GC invocations=48 (full 0):
 garbage-first heap   total reserved 2050048K, committed 307200K, used 255467K [0x0000000082e00000, 0x0000000100000000)
  region size 1024K, 160 young (163840K), 1 survivors (1024K)
 Metaspace       used 77171K, committed 77760K, reserved 1179648K
  class space    used 9421K, committed 9728K, reserved 1048576K
}
Event: 6112.005 GC heap after
{Heap after GC invocations=49 (full 0):
 garbage-first heap   total reserved 2050048K, committed 307200K, used 92661K [0x0000000082e00000, 0x0000000100000000)
  region size 1024K, 1 young (1024K), 1 survivors (1024K)
 Metaspace       used 77171K, committed 77760K, reserved 1179648K
  class space    used 9421K, committed 9728K, reserved 1048576K
}

Dll operation events (12 events):
Event: 0.019 Loaded shared library C:\Program Files\Java\jdk-22\bin\java.dll
Event: 0.080 Loaded shared library C:\Program Files\Java\jdk-22\bin\jsvml.dll
Event: 0.138 Loaded shared library C:\Program Files\Java\jdk-22\bin\jimage.dll
Event: 0.143 Loaded shared library C:\Program Files\Java\jdk-22\bin\net.dll
Event: 0.145 Loaded shared library C:\Program Files\Java\jdk-22\bin\nio.dll
Event: 0.147 Loaded shared library C:\Program Files\Java\jdk-22\bin\zip.dll
Event: 0.199 Loaded shared library C:\Program Files\Java\jdk-22\bin\management.dll
Event: 0.215 Loaded shared library C:\Program Files\Java\jdk-22\bin\management_ext.dll
Event: 0.484 Loaded shared library C:\Program Files\Java\jdk-22\bin\extnet.dll
Event: 0.548 Loaded shared library C:\Program Files\Java\jdk-22\bin\verify.dll
Event: 1.024 Loaded shared library C:\Program Files\Java\jdk-22\bin\le.dll
Event: 3.784 Loaded shared library C:\Program Files\Java\jdk-22\bin\sunmscapi.dll

Deoptimization events (20 events):
Event: 6111.522 Thread 0x0000015b667cc5c0 DEOPT PACKING pc=0x0000015b123a8ea8 sp=0x00000001037fcaf0
Event: 6111.522 Thread 0x0000015b667cfa40 DEOPT UNPACKING pc=0x0000015b114546a2 sp=0x00000001038fcaf8 mode 2
Event: 6111.522 Thread 0x0000015b667cc5c0 DEOPT UNPACKING pc=0x0000015b114546a2 sp=0x00000001037fcaa8 mode 2
Event: 6111.522 Thread 0x0000015b667d1b10 DEOPT PACKING pc=0x0000015b123a8ea8 sp=0x00000001031fcf10
Event: 6111.522 Thread 0x0000015b667d2ec0 DEOPT PACKING pc=0x0000015b123a8ea8 sp=0x00000001036fce10
Event: 6111.522 Thread 0x0000015b667d1b10 DEOPT UNPACKING pc=0x0000015b114546a2 sp=0x00000001031fcec8 mode 2
Event: 6111.522 Thread 0x0000015b667d2ec0 DEOPT UNPACKING pc=0x0000015b114546a2 sp=0x00000001036fcdc8 mode 2
Event: 6111.522 Thread 0x0000015b667cbf30 DEOPT UNPACKING pc=0x0000015b114546a2 sp=0x0000000103afca78 mode 2
Event: 6111.801 Thread 0x0000015b667d21a0 DEOPT PACKING pc=0x0000015b0a8fb189 sp=0x00000001032fe8c0
Event: 6111.801 Thread 0x0000015b667d21a0 DEOPT UNPACKING pc=0x0000015b11454e42 sp=0x00000001032fdce0 mode 0
Event: 6112.099 Thread 0x0000015b6434bf30 Uncommon trap: trap_request=0xffffff76 fr.pc=0x0000015b11ba2624 relative=0x0000000000000fc4
Event: 6112.100 Thread 0x0000015b6434bf30 Uncommon trap: reason=predicate action=maybe_recompile pc=0x0000015b11ba2624 method=java.util.ComparableTimSort.reverseRange([Ljava/lang/Object;II)V @ 5 c2
Event: 6112.100 Thread 0x0000015b6434bf30 DEOPT PACKING pc=0x0000015b11ba2624 sp=0x00000001018ff250
Event: 6112.100 Thread 0x0000015b6434bf30 DEOPT UNPACKING pc=0x0000015b114546a2 sp=0x00000001018ff098 mode 2
Event: 6112.700 Thread 0x0000015b667d1b10 DEOPT PACKING pc=0x0000015b09ed8fc3 sp=0x00000001031fe9d0
Event: 6112.700 Thread 0x0000015b667d1b10 DEOPT UNPACKING pc=0x0000015b11454e42 sp=0x00000001031fde38 mode 0
Event: 6113.942 Thread 0x0000015b667ccc50 Uncommon trap: trap_request=0xffffff45 fr.pc=0x0000015b123809a8 relative=0x0000000000002ec8
Event: 6113.942 Thread 0x0000015b667ccc50 Uncommon trap: reason=unstable_if action=reinterpret pc=0x0000015b123809a8 method=com.zaxxer.hikari.util.ConcurrentBag.requite(Lcom/zaxxer/hikari/util/ConcurrentBag$IConcurrentBagEntry;)V @ 16 c2
Event: 6113.943 Thread 0x0000015b667ccc50 DEOPT PACKING pc=0x0000015b123809a8 sp=0x00000001039fd2a0
Event: 6113.943 Thread 0x0000015b667ccc50 DEOPT UNPACKING pc=0x0000015b114546a2 sp=0x00000001039fcf38 mode 2

Classes loaded (20 events):
Event: 113.416 Loading class java/time/zone/ZoneRulesProvider$1
Event: 113.416 Loading class java/time/zone/ZoneRulesProvider$1 done
Event: 113.416 Loading class java/time/zone/TzdbZoneRulesProvider
Event: 113.416 Loading class java/time/zone/TzdbZoneRulesProvider done
Event: 113.422 Loading class java/time/zone/Ser
Event: 113.422 Loading class java/time/zone/Ser done
Event: 113.423 Loading class java/time/zone/ZoneOffsetTransition
Event: 113.423 Loading class java/time/zone/ZoneOffsetTransition done
Event: 222.819 Loading class sun/reflect/annotation/AnnotationInvocationHandler$1
Event: 222.820 Loading class sun/reflect/annotation/AnnotationInvocationHandler$1 done
Event: 241.113 Loading class java/time/ZonedDateTime$1
Event: 241.114 Loading class java/time/ZonedDateTime$1 done
Event: 275.141 Loading class java/text/CalendarBuilder
Event: 275.142 Loading class java/text/CalendarBuilder done
Event: 275.157 Loading class java/util/DateEditor
Event: 275.157 Loading class java/util/DateEditor done
Event: 6100.866 Loading class jdk/internal/math/FormattedFPDecimal
Event: 6100.871 Loading class jdk/internal/math/FormattedFPDecimal done
Event: 6109.562 Loading class sun/util/locale/LocaleExtensions
Event: 6109.563 Loading class sun/util/locale/LocaleExtensions done

Classes unloaded (20 events):
Event: 3623.760 Thread 0x0000015b1ef68dc0 Unloading class 0x0000015b20004400 'java/lang/invoke/LambdaForm$MH+0x0000015b20004400'
Event: 3623.760 Thread 0x0000015b1ef68dc0 Unloading class 0x0000015b20003c00 'java/lang/invoke/LambdaForm$MH+0x0000015b20003c00'
Event: 3623.760 Thread 0x0000015b1ef68dc0 Unloading class 0x0000015b20003000 'java/lang/invoke/LambdaForm$MH+0x0000015b20003000'
Event: 3623.760 Thread 0x0000015b1ef68dc0 Unloading class 0x0000015b20002800 'java/lang/invoke/LambdaForm$MH+0x0000015b20002800'
Event: 3623.760 Thread 0x0000015b1ef68dc0 Unloading class 0x0000015b20002000 'java/lang/invoke/LambdaForm$MH+0x0000015b20002000'
Event: 3623.760 Thread 0x0000015b1ef68dc0 Unloading class 0x0000015b20001800 'java/lang/invoke/LambdaForm$MH+0x0000015b20001800'
Event: 6101.015 Thread 0x0000015b1ef68dc0 Unloading class 0x0000015b20872800 'java/lang/invoke/LambdaForm$MH+0x0000015b20872800'
Event: 6101.015 Thread 0x0000015b1ef68dc0 Unloading class 0x0000015b20890400 'java/lang/invoke/LambdaForm$MH+0x0000015b20890400'
Event: 6101.015 Thread 0x0000015b1ef68dc0 Unloading class 0x0000015b20891800 'java/lang/invoke/LambdaForm$MH+0x0000015b20891800'
Event: 6101.015 Thread 0x0000015b1ef68dc0 Unloading class 0x0000015b2089cc00 'java/lang/invoke/LambdaForm$MH+0x0000015b2089cc00'
Event: 6101.015 Thread 0x0000015b1ef68dc0 Unloading class 0x0000015b2089e000 'java/lang/invoke/LambdaForm$MH+0x0000015b2089e000'
Event: 6101.015 Thread 0x0000015b1ef68dc0 Unloading class 0x0000015b2094b000 'java/lang/invoke/LambdaForm$DMH+0x0000015b2094b000'
Event: 6101.016 Thread 0x0000015b1ef68dc0 Unloading class 0x0000015b2094a400 'java/lang/invoke/LambdaForm$MH+0x0000015b2094a400'
Event: 6101.016 Thread 0x0000015b1ef68dc0 Unloading class 0x0000015b2094a000 'java/lang/invoke/LambdaForm$MH+0x0000015b2094a000'
Event: 6101.016 Thread 0x0000015b1ef68dc0 Unloading class 0x0000015b20949c00 'java/lang/invoke/LambdaForm$BMH+0x0000015b20949c00'
Event: 6101.016 Thread 0x0000015b1ef68dc0 Unloading class 0x0000015b20948c00 'java/lang/invoke/LambdaForm$MH+0x0000015b20948c00'
Event: 6101.016 Thread 0x0000015b1ef68dc0 Unloading class 0x0000015b20914c00 'java/lang/invoke/LambdaForm$MH+0x0000015b20914c00'
Event: 6101.016 Thread 0x0000015b1ef68dc0 Unloading class 0x0000015b20914800 'java/lang/invoke/LambdaForm$MH+0x0000015b20914800'
Event: 6101.016 Thread 0x0000015b1ef68dc0 Unloading class 0x0000015b2090d000 'java/lang/invoke/LambdaForm$MH+0x0000015b2090d000'
Event: 6101.016 Thread 0x0000015b1ef68dc0 Unloading class 0x0000015b20900c00 'java/lang/invoke/LambdaForm$MH+0x0000015b20900c00'

Classes redefined (0 events):
No events

Internal exceptions (20 events):
Event: 6049.370 Thread 0x0000015b667d21a0 Implicit null exception at 0x0000015b12015d6f to 0x0000015b12016908
Event: 6049.370 Thread 0x0000015b667d1b10 Implicit null exception at 0x0000015b12015d6f to 0x0000015b12016908
Event: 6049.377 Thread 0x0000015b667d21a0 Implicit null exception at 0x0000015b119baecb to 0x0000015b119bb210
Event: 6049.377 Thread 0x0000015b667d2ec0 Implicit null exception at 0x0000015b119baecb to 0x0000015b119bb210
Event: 6049.379 Thread 0x0000015b667d2ec0 Implicit null exception at 0x0000015b11f26fab to 0x0000015b11f2822c
Event: 6049.387 Thread 0x0000015b667d2ec0 Implicit null exception at 0x0000015b11a144bb to 0x0000015b11a14810
Event: 6049.388 Thread 0x0000015b667d2ec0 Implicit null exception at 0x0000015b11d68716 to 0x0000015b11d6b9d0
Event: 6049.403 Thread 0x0000015b667d2ec0 Implicit null exception at 0x0000015b11b83d59 to 0x0000015b11b875e0
Event: 6049.422 Thread 0x0000015b667d1b10 Implicit null exception at 0x0000015b11dacb9b to 0x0000015b11dacdf4
Event: 6049.426 Thread 0x0000015b667d21a0 Implicit null exception at 0x0000015b11ff2b4c to 0x0000015b11ff3068
Event: 6049.477 Thread 0x0000015b667d21a0 Implicit null exception at 0x0000015b11e2e020 to 0x0000015b11e3581c
Event: 6072.009 Thread 0x0000015b667cc5c0 Implicit null exception at 0x0000015b11dfe798 to 0x0000015b11dff05c
Event: 6072.024 Thread 0x0000015b667cc5c0 Implicit null exception at 0x0000015b11dff898 to 0x0000015b11e0015c
Event: 6100.473 Thread 0x0000015b667cfa40 Exception <a 'java/lang/ClassNotFoundException'{0x0000000088c290a8}: com/epmapat/erp_epmapat/interfaces/RepFacGlobalCustomizer> (0x0000000088c290a8) 
thrown [s\open\src\hotspot\share\classfile\systemDictionary.cpp, line 313]
Event: 6101.542 Thread 0x0000015b667ccc50 Implicit null exception at 0x0000015b11ac4deb to 0x0000015b11ac4e84
Event: 6101.545 Thread 0x0000015b667d1b10 Implicit null exception at 0x0000015b11f3c0eb to 0x0000015b11f3c3f0
Event: 6101.545 Thread 0x0000015b667d2ec0 Implicit null exception at 0x0000015b11f3c0eb to 0x0000015b11f3c3f0
Event: 6101.545 Thread 0x0000015b667ccc50 Implicit null exception at 0x0000015b11f3c0eb to 0x0000015b11f3c3f0
Event: 6101.547 Thread 0x0000015b667ccc50 Implicit null exception at 0x0000015b11b5f30b to 0x0000015b11b5fc94
Event: 6101.547 Thread 0x0000015b667d1b10 Implicit null exception at 0x0000015b11b5f30b to 0x0000015b11b5fc94

ZGC Phase Switch (0 events):
No events

VM Operations (20 events):
Event: 6106.826 Executing VM operation: G1CollectForAllocation (G1 Evacuation Pause)
Event: 6106.829 Executing VM operation: G1CollectForAllocation (G1 Evacuation Pause) done
Event: 6107.834 Executing VM operation: Cleanup
Event: 6107.834 Executing VM operation: Cleanup done
Event: 6108.843 Executing VM operation: Cleanup
Event: 6108.843 Executing VM operation: Cleanup done
Event: 6109.308 Executing VM operation: G1CollectForAllocation (G1 Evacuation Pause)
Event: 6109.316 Executing VM operation: G1CollectForAllocation (G1 Evacuation Pause) done
Event: 6110.316 Executing VM operation: Cleanup
Event: 6110.316 Executing VM operation: Cleanup done
Event: 6111.323 Executing VM operation: Cleanup
Event: 6111.323 Executing VM operation: Cleanup done
Event: 6112.002 Executing VM operation: G1CollectForAllocation (G1 Evacuation Pause)
Event: 6112.005 Executing VM operation: G1CollectForAllocation (G1 Evacuation Pause) done
Event: 6112.049 Executing VM operation: G1PauseRemark
Event: 6112.064 Executing VM operation: G1PauseRemark done
Event: 6112.098 Executing VM operation: G1PauseCleanup
Event: 6112.099 Executing VM operation: G1PauseCleanup done
Event: 6113.106 Executing VM operation: Cleanup
Event: 6113.106 Executing VM operation: Cleanup done

Memory protections (0 events):
No events

Nmethod flushes (20 events):
Event: 6112.063 Thread 0x0000015b1ef68dc0 flushing  nmethod 0x0000015b0b397910
Event: 6112.063 Thread 0x0000015b1ef68dc0 flushing  nmethod 0x0000015b0b3ed710
Event: 6112.063 Thread 0x0000015b1ef68dc0 flushing  nmethod 0x0000015b0b3f1410
Event: 6112.063 Thread 0x0000015b1ef68dc0 flushing  nmethod 0x0000015b0b3f3510
Event: 6112.063 Thread 0x0000015b1ef68dc0 flushing  nmethod 0x0000015b0b3f4510
Event: 6112.063 Thread 0x0000015b1ef68dc0 flushing  nmethod 0x0000015b0b3f7a10
Event: 6112.063 Thread 0x0000015b1ef68dc0 flushing  nmethod 0x0000015b0b3f8810
Event: 6112.063 Thread 0x0000015b1ef68dc0 flushing  nmethod 0x0000015b0b453090
Event: 6112.063 Thread 0x0000015b1ef68dc0 flushing  nmethod 0x0000015b0b453d90
Event: 6112.063 Thread 0x0000015b1ef68dc0 flushing  nmethod 0x0000015b0b454a90
Event: 6112.063 Thread 0x0000015b1ef68dc0 flushing  nmethod 0x0000015b0b455790
Event: 6112.063 Thread 0x0000015b1ef68dc0 flushing  nmethod 0x0000015b0b456510
Event: 6112.063 Thread 0x0000015b1ef68dc0 flushing  nmethod 0x0000015b0b457f10
Event: 6112.063 Thread 0x0000015b1ef68dc0 flushing  nmethod 0x0000015b0b4aa390
Event: 6112.063 Thread 0x0000015b1ef68dc0 flushing  nmethod 0x0000015b0b4ab690
Event: 6112.063 Thread 0x0000015b1ef68dc0 flushing  nmethod 0x0000015b0b4ff110
Event: 6112.063 Thread 0x0000015b1ef68dc0 flushing  nmethod 0x0000015b0b503210
Event: 6112.063 Thread 0x0000015b1ef68dc0 flushing  nmethod 0x0000015b0b534f10
Event: 6112.063 Thread 0x0000015b1ef68dc0 flushing  nmethod 0x0000015b0b5c2c10
Event: 6112.063 Thread 0x0000015b1ef68dc0 flushing  nmethod 0x0000015b0b5c5390

Events (20 events):
Event: 5350.632 Thread 0x0000015b65a44a90 Thread added: 0x0000015b64869fa0
Event: 5355.642 Thread 0x0000015b64868bf0 Thread exited: 0x0000015b64868bf0
Event: 5355.673 Thread 0x0000015b64869fa0 Thread exited: 0x0000015b64869fa0
Event: 5361.680 Thread 0x0000015b65a44a90 Thread added: 0x0000015b6486d420
Event: 5361.680 Thread 0x0000015b65a44a90 Thread added: 0x0000015b6486dab0
Event: 5366.686 Thread 0x0000015b6486d420 Thread exited: 0x0000015b6486d420
Event: 5366.717 Thread 0x0000015b6486dab0 Thread exited: 0x0000015b6486dab0
Event: 5374.219 Thread 0x0000015b65a44a90 Thread added: 0x0000015b64869fa0
Event: 5374.219 Thread 0x0000015b65a44a90 Thread added: 0x0000015b6486d420
Event: 5379.226 Thread 0x0000015b64869fa0 Thread exited: 0x0000015b64869fa0
Event: 5379.256 Thread 0x0000015b6486d420 Thread exited: 0x0000015b6486d420
Event: 6049.396 Thread 0x0000015b64150c70 Thread added: 0x0000015b65b5a410
Event: 6049.401 Thread 0x0000015b667d21a0 Thread added: 0x0000015b6486c070
Event: 6054.414 Thread 0x0000015b6486c070 Thread exited: 0x0000015b6486c070
Event: 6054.522 Thread 0x0000015b65b5a410 Thread exited: 0x0000015b65b5a410
Event: 6100.227 Thread 0x0000015b64150c70 Thread added: 0x0000015b6764a6d0
Event: 6100.240 Thread 0x0000015b6764a6d0 Thread added: 0x0000015b6576f000
Event: 6101.538 Thread 0x0000015b6576f000 Thread exited: 0x0000015b6576f000
Event: 6101.654 Thread 0x0000015b667ccc50 Thread added: 0x0000015b667cb8a0
Event: 6112.914 Thread 0x0000015b6764a6d0 Thread exited: 0x0000015b6764a6d0


Dynamic libraries:
0x00007ff7304f0000 - 0x00007ff730500000 	C:\Program Files\Java\jdk-22\bin\java.exe
0x00007ff95bdf0000 - 0x00007ff95c007000 	C:\WINDOWS\SYSTEM32\ntdll.dll
0x00007ff95abb0000 - 0x00007ff95ac74000 	C:\WINDOWS\System32\KERNEL32.DLL
0x00007ff959460000 - 0x00007ff959817000 	C:\WINDOWS\System32\KERNELBASE.dll
0x00007ff9591a0000 - 0x00007ff9592b1000 	C:\WINDOWS\System32\ucrtbase.dll
0x00007ff9540c0000 - 0x00007ff9540db000 	C:\Program Files\Java\jdk-22\bin\VCRUNTIME140.dll
0x00007ff93b320000 - 0x00007ff93b337000 	C:\Program Files\Java\jdk-22\bin\jli.dll
0x00007ff95a8a0000 - 0x00007ff95aa4f000 	C:\WINDOWS\System32\USER32.dll
0x00007ff9407e0000 - 0x00007ff940a73000 	C:\WINDOWS\WinSxS\amd64_microsoft.windows.common-controls_6595b64144ccf1df_6.0.22621.3672_none_2713b9d173822955\COMCTL32.dll
0x00007ff959430000 - 0x00007ff959456000 	C:\WINDOWS\System32\win32u.dll
0x00007ff95afe0000 - 0x00007ff95b087000 	C:\WINDOWS\System32\msvcrt.dll
0x00007ff95ab80000 - 0x00007ff95aba9000 	C:\WINDOWS\System32\GDI32.dll
0x00007ff959a00000 - 0x00007ff959b18000 	C:\WINDOWS\System32\gdi32full.dll
0x00007ff959960000 - 0x00007ff9599fa000 	C:\WINDOWS\System32\msvcp_win.dll
0x00007ff95a6b0000 - 0x00007ff95a6e1000 	C:\WINDOWS\System32\IMM32.DLL
0x00007ff9549b0000 - 0x00007ff9549bc000 	C:\Program Files\Java\jdk-22\bin\vcruntime140_1.dll
0x00007ff93b290000 - 0x00007ff93b31e000 	C:\Program Files\Java\jdk-22\bin\msvcp140.dll
0x00007ff91a500000 - 0x00007ff91b249000 	C:\Program Files\Java\jdk-22\bin\server\jvm.dll
0x00007ff95b1d0000 - 0x00007ff95b282000 	C:\WINDOWS\System32\ADVAPI32.dll
0x00007ff95b490000 - 0x00007ff95b538000 	C:\WINDOWS\System32\sechost.dll
0x00007ff959100000 - 0x00007ff959128000 	C:\WINDOWS\System32\bcrypt.dll
0x00007ff95ac80000 - 0x00007ff95ad94000 	C:\WINDOWS\System32\RPCRT4.dll
0x00007ff95ada0000 - 0x00007ff95ae11000 	C:\WINDOWS\System32\WS2_32.dll
0x00007ff958720000 - 0x00007ff95876d000 	C:\WINDOWS\SYSTEM32\POWRPROF.dll
0x00007ff937c70000 - 0x00007ff937ca4000 	C:\WINDOWS\SYSTEM32\WINMM.dll
0x00007ff955310000 - 0x00007ff95531a000 	C:\WINDOWS\SYSTEM32\VERSION.dll
0x00007ff958700000 - 0x00007ff958713000 	C:\WINDOWS\SYSTEM32\UMPDC.dll
0x00007ff958150000 - 0x00007ff958168000 	C:\WINDOWS\SYSTEM32\kernel.appcore.dll
0x00007ff9540b0000 - 0x00007ff9540ba000 	C:\Program Files\Java\jdk-22\bin\jimage.dll
0x00007ff9562a0000 - 0x00007ff9564d2000 	C:\WINDOWS\SYSTEM32\DBGHELP.DLL
0x00007ff95b540000 - 0x00007ff95b8ce000 	C:\WINDOWS\System32\combase.dll
0x00007ff95aa50000 - 0x00007ff95ab27000 	C:\WINDOWS\System32\OLEAUT32.dll
0x00007ff93ac10000 - 0x00007ff93ac42000 	C:\WINDOWS\SYSTEM32\dbgcore.DLL
0x00007ff959820000 - 0x00007ff95989b000 	C:\WINDOWS\System32\bcryptPrimitives.dll
0x00007ff93b270000 - 0x00007ff93b28e000 	C:\Program Files\Java\jdk-22\bin\java.dll
0x00007ff959e40000 - 0x00007ff95a6a9000 	C:\WINDOWS\System32\SHELL32.dll
0x00007ff95a6f0000 - 0x00007ff95a895000 	C:\WINDOWS\System32\ole32.dll
0x00007ff957070000 - 0x00007ff95796f000 	C:\WINDOWS\SYSTEM32\windows.storage.dll
0x00007ff956f30000 - 0x00007ff95706f000 	C:\WINDOWS\SYSTEM32\wintypes.dll
0x00007ff959b20000 - 0x00007ff959c19000 	C:\WINDOWS\System32\SHCORE.dll
0x00007ff959c80000 - 0x00007ff959cde000 	C:\WINDOWS\System32\shlwapi.dll
0x00007ff959030000 - 0x00007ff959057000 	C:\WINDOWS\SYSTEM32\profapi.dll
0x00007ff93b190000 - 0x00007ff93b267000 	C:\Program Files\Java\jdk-22\bin\jsvml.dll
0x00007ff93b180000 - 0x00007ff93b190000 	C:\Program Files\Java\jdk-22\bin\net.dll
0x00007ff958630000 - 0x00007ff958699000 	C:\WINDOWS\system32\mswsock.dll
0x00007ff93b160000 - 0x00007ff93b176000 	C:\Program Files\Java\jdk-22\bin\nio.dll
0x00007ff93b140000 - 0x00007ff93b157000 	C:\Program Files\Java\jdk-22\bin\zip.dll
0x00007ff93b130000 - 0x00007ff93b13a000 	C:\Program Files\Java\jdk-22\bin\management.dll
0x00007ff93b120000 - 0x00007ff93b12b000 	C:\Program Files\Java\jdk-22\bin\management_ext.dll
0x00007ff95ab30000 - 0x00007ff95ab38000 	C:\WINDOWS\System32\PSAPI.DLL
0x00007ff941df0000 - 0x00007ff941e07000 	C:\WINDOWS\system32\napinsp.dll
0x00007ff941dd0000 - 0x00007ff941deb000 	C:\WINDOWS\system32\pnrpnsp.dll
0x00007ff957c40000 - 0x00007ff957d42000 	C:\WINDOWS\SYSTEM32\DNSAPI.dll
0x00007ff957bd0000 - 0x00007ff957bfd000 	C:\WINDOWS\SYSTEM32\IPHLPAPI.DLL
0x00007ff95ab70000 - 0x00007ff95ab79000 	C:\WINDOWS\System32\NSI.dll
0x00007ff941d30000 - 0x00007ff941d41000 	C:\WINDOWS\System32\winrnr.dll
0x00007ff941ce0000 - 0x00007ff941cf5000 	C:\WINDOWS\system32\wshbth.dll
0x00007ff941c90000 - 0x00007ff941cb7000 	C:\WINDOWS\system32\nlansp_c.dll
0x000000006adf0000 - 0x000000006ae16000 	C:\Program Files\Bonjour\mdnsNSP.dll
0x00007ff953d40000 - 0x00007ff953d4a000 	C:\Windows\System32\rasadhlp.dll
0x00007ff954420000 - 0x00007ff9544a3000 	C:\WINDOWS\System32\fwpuclnt.dll
0x00007ff958900000 - 0x00007ff95891b000 	C:\WINDOWS\SYSTEM32\CRYPTSP.dll
0x00007ff9580b0000 - 0x00007ff9580e5000 	C:\WINDOWS\system32\rsaenh.dll
0x00007ff9587a0000 - 0x00007ff9587c8000 	C:\WINDOWS\SYSTEM32\USERENV.dll
0x00007ff958920000 - 0x00007ff95892c000 	C:\WINDOWS\SYSTEM32\CRYPTBASE.dll
0x00007ff93b110000 - 0x00007ff93b119000 	C:\Program Files\Java\jdk-22\bin\extnet.dll
0x00007ff93b100000 - 0x00007ff93b110000 	C:\Program Files\Java\jdk-22\bin\verify.dll
0x00007ff93b0e0000 - 0x00007ff93b0eb000 	C:\Program Files\Java\jdk-22\bin\le.dll
0x00007ff93b0d0000 - 0x00007ff93b0de000 	C:\Program Files\Java\jdk-22\bin\sunmscapi.dll
0x00007ff9592c0000 - 0x00007ff959426000 	C:\WINDOWS\System32\CRYPT32.dll
0x00007ff958aa0000 - 0x00007ff958acd000 	C:\WINDOWS\SYSTEM32\ncrypt.dll
0x00007ff958a60000 - 0x00007ff958a97000 	C:\WINDOWS\SYSTEM32\NTASN1.dll
0x00007ff92f9c0000 - 0x00007ff92f9c8000 	C:\WINDOWS\system32\wshunix.dll

dbghelp: loaded successfully - version: 4.0.5 - missing functions: none
symbol engine: initialized successfully - sym options: 0x614 - pdb path: .;C:\Program Files\Java\jdk-22\bin;C:\WINDOWS\SYSTEM32;C:\WINDOWS\WinSxS\amd64_microsoft.windows.common-controls_6595b64144ccf1df_6.0.22621.3672_none_2713b9d173822955;C:\Program Files\Java\jdk-22\bin\server;C:\Program Files\Bonjour

VM Arguments:
jvm_args: -XX:+ShowCodeDetailsInExceptionMessages -Dspring.jmx.enabled=true -Dmanagement.endpoints.jmx.exposure.include=* -Dspring.application.admin.enabled=true -Dspring.boot.project.name=erp_epmapat -Djava.rmi.server.hostname=localhost -Dcom.sun.management.jmxremote.port=45556 -Dcom.sun.management.jmxremote.authenticate=false -Dcom.sun.management.jmxremote.ssl=false 
java_command: com.epmapat.erp_epmapat.ErpEpmapatApplication
java_class_path (initial): C:\EPMAPAT_SYSTEMS\erp_epmapat_be\target\classes;C:\Users\ADIKTA\.m2\repository\org\springframework\boot\spring-boot-starter-actuator\2.7.18\spring-boot-starter-actuator-2.7.18.jar;C:\Users\ADIKTA\.m2\repository\org\springframework\boot\spring-boot-starter\2.7.18\spring-boot-starter-2.7.18.jar;C:\Users\ADIKTA\.m2\repository\org\springframework\boot\spring-boot\2.7.18\spring-boot-2.7.18.jar;C:\Users\ADIKTA\.m2\repository\org\springframework\boot\spring-boot-autoconfigure\2.7.18\spring-boot-autoconfigure-2.7.18.jar;C:\Users\ADIKTA\.m2\repository\org\springframework\boot\spring-boot-starter-logging\2.7.18\spring-boot-starter-logging-2.7.18.jar;C:\Users\ADIKTA\.m2\repository\ch\qos\logback\logback-classic\1.2.12\logback-classic-1.2.12.jar;C:\Users\ADIKTA\.m2\repository\ch\qos\logback\logback-core\1.2.12\logback-core-1.2.12.jar;C:\Users\ADIKTA\.m2\repository\org\apache\logging\log4j\log4j-to-slf4j\2.17.2\log4j-to-slf4j-2.17.2.jar;C:\Users\ADIKTA\.m2\repository\org\apache\logging\log4j\log4j-api\2.17.2\log4j-api-2.17.2.jar;C:\Users\ADIKTA\.m2\repository\org\slf4j\jul-to-slf4j\1.7.36\jul-to-slf4j-1.7.36.jar;C:\Users\ADIKTA\.m2\repository\org\yaml\snakeyaml\1.30\snakeyaml-1.30.jar;C:\Users\ADIKTA\.m2\repository\org\springframework\boot\spring-boot-actuator-autoconfigure\2.7.18\spring-boot-actuator-autoconfigure-2.7.18.jar;C:\Users\ADIKTA\.m2\repository\org\springframework\boot\spring-boot-actuator\2.7.18\spring-boot-actuator-2.7.18.jar;C:\Users\ADIKTA\.m2\repository\com\fasterxml\jackson\datatype\jackson-datatype-jsr310\2.13.5\jackson-datatype-jsr310-2.13.5.jar;C:\Users\ADIKTA\.m2\repository\io\micrometer\micrometer-core\1.9.17\micrometer-core-1.9.17.jar;C:\Users\ADIKTA\.m2\repository\org\hdrhistogram\HdrHistogram\2.1.12\HdrHistogram-2.1.12.jar;C:\Users\ADIKTA\.m2\repository\org\latencyutils\LatencyUtils\2.0.3\LatencyUtils-2.0.3.jar;C:\Users\ADIKTA\.m2\repository\org\springframework\boot\spring-boot-starter-data-jpa\2.7.18\spring-boot-starter-data-jpa-2.7.18.jar;C:\Users\ADIKTA\.m2\repository\org\springframework\boot\spring-boot-starter-aop\2.7.18\spring-boot-starter-aop-2.7.18.jar;C:\Users\ADIKTA\.m2\repository\org\springframework\spring-aop\5.3.31\spring-aop-5.3.31.jar;C:\Users\ADIKTA\.m2\repository\org\aspectj\aspectjweaver\1.9.7\aspectjweaver-1.9.7.jar;C:\Users\ADIKTA\.m2\repository\org\springframework\boot\spring-boot-starter-jdbc\2.7.18\spring-boot-starter-jdbc-2.7.18.jar;C:\Users\ADIKTA\.m2\repository\com\zaxxer\HikariCP\4.0.3\HikariCP-4.0.3.jar;C:\Users\ADIKTA\.m2\repository\org\springframework\spring-jdbc\5.3.31\spring-jdbc-5.3.31.jar;C:\Users\ADIKTA\.m2\repository\jakarta\transaction\jakarta.transaction-api\1.3.3\jakarta.transaction-api-1.3.3.jar;C:\Users\ADIKTA\.m2\repository\jakarta\persistence\jakarta.persistence-api\2.2.3\jakarta.persistence-api-2.2.3.jar;C:\Users\ADIKTA\.m2\repository\org\hibernate\hibernate-core\5.6.15.Final\hibernate-core-5.6.15.Final.jar;C:\Users\ADIKTA\.m2\repository\org\jboss\logging\jboss-logging\3.4.3.Final\jboss-logging-3.4.3.Final.jar;C:\Users\ADIKTA\.m2\repository\net\bytebuddy\byte-buddy\1.12.23\byte-buddy-1.12.23.jar;C:\Users\ADIKTA\.m2\repository\antlr\antlr\2.7.7\antlr-2.7.7.jar;C:\Users\ADIKTA\.m2\repository\org\jboss\jandex\2.4.2.Final\jandex-2.4.2.Final.jar;C:\Users\ADIKTA\.m2\repository\com\fasterxml\classmate\1.5.1\classmate-1.5.1.jar;C:\Users\ADIKTA\.m2\repository\org\hibernate\common\hibernate-commons-annotations\5.1.2.Final\hibernate-commons-annotations-5.1.2.Final.jar;C:\Users\ADIKTA\.m2\repository\org\glassfish\jaxb\jaxb-runtime\2.3.9\jaxb-runtime-2.3.9.jar;C:\Users\ADIKTA\.m2\repository\org\glassfish\jaxb\txw2\2.3.9\txw2-2.3.9.jar;C:\Users\ADIKTA\.m2\repository\com\sun\istack\istack-commons-runtime\3.0.12\istack-commons-runtime-3.0.12.jar;C:\Users\ADIKTA\.m2\repository\com\sun\activation\jakarta.activation\1.2.2\jakarta.activation-1.2.2.jar;C:\Users\ADIKTA\.m2\repository\org\springframework\data\spring-data-jpa\2.7.18\spring-data-jpa-2.7.18.jar;C:\Users\ADIKTA\.m2\repository\org\springframework\data\spring-data-commons\2.7.18\spring-data-commons-2.7.18.jar;C:\Users\ADIKTA\.m2\repository\org\springframework\spring-orm\5.3.31\spring-orm-5.3.31.jar;C:\Users\ADIKTA\.m2\repository\org\springframework\spring-context\5.3.31\spring-context-5.3.31.jar;C:\Users\ADIKTA\.m2\repository\org\springframework\spring-tx\5.3.31\spring-tx-5.3.31.jar;C:\Users\ADIKTA\.m2\repository\org\springframework\spring-beans\5.3.31\spring-beans-5.3.31.jar;C:\Users\ADIKTA\.m2\repository\org\slf4j\slf4j-api\1.7.36\slf4j-api-1.7.36.jar;C:\Users\ADIKTA\.m2\repository\org\springframework\spring-aspects\5.3.31\spring-aspects-5.3.31.jar;C:\Users\ADIKTA\.m2\repository\org\springframework\boot\spring-boot-starter-web\2.7.18\spring-boot-starter-web-2.7.18.jar;C:\Users\ADIKTA\.m2\repository\org\springframework\boot\spring-boot-starter-json\2.7.18\spring-boot-starter-json-2.7.18.jar;C:\Users\ADIKTA\.m2\repository\com\fasterxml\jackson\datatype\jackson-datatype-jdk8\2.13.5\jackson-datatype-jdk8-2.13.5.jar;C:\Users\ADIKTA\.m2\repository\com\fasterxml\jackson\module\jackson-module-parameter-names\2.13.5\jackson-module-parameter-names-2.13.5.jar;C:\Users\ADIKTA\.m2\repository\org\springframework\spring-web\5.3.31\spring-web-5.3.31.jar;C:\Users\ADIKTA\.m2\repository\org\springframework\spring-webmvc\5.3.31\spring-webmvc-5.3.31.jar;C:\Users\ADIKTA\.m2\repository\org\springframework\spring-expression\5.3.31\spring-expression-5.3.31.jar;C:\Users\ADIKTA\.m2\repository\org\postgresql\postgresql\42.3.8\postgresql-42.3.8.jar;C:\Users\ADIKTA\.m2\repository\org\checkerframework\checker-qual\3.5.0\checker-qual-3.5.0.jar;C:\Users\ADIKTA\.m2\repository\jakarta\xml\bind\jakarta.xml.bind-api\2.3.3\jakarta.xml.bind-api-2.3.3.jar;C:\Users\ADIKTA\.m2\repository\jakarta\activation\jakarta.activation-api\1.2.2\jakarta.activation-api-1.2.2.jar;C:\Users\ADIKTA\.m2\repository\org\springframework\spring-core\5.3.31\spring-core-5.3.31.jar;C:\Users\ADIKTA\.m2\repository\org\springframework\spring-jcl\5.3.31\spring-jcl-5.3.31.jar;C:\Users\ADIKTA\.m2\repository\net\sf\jasperreports\jasperreports\6.21.2\jasperreports-6.21.2.jar;C:\Users\ADIKTA\.m2\repository\commons-beanutils\commons-beanutils\1.9.4\commons-beanutils-1.9.4.jar;C:\Users\ADIKTA\.m2\repository\commons-collections\commons-collections\3.2.2\commons-collections-3.2.2.jar;C:\Users\ADIKTA\.m2\repository\commons-digester\commons-digester\2.1\commons-digester-2.1.jar;C:\Users\ADIKTA\.m2\repository\commons-logging\commons-logging\1.1.1\commons-logging-1.1.1.jar;C:\Users\ADIKTA\.m2\repository\org\apache\commons\commons-collections4\4.2\commons-collections4-4.2.jar;C:\Users\ADIKTA\.m2\repository\com\github\librepdf\openpdf\1.3.32\openpdf-1.3.32.jar;C:\Users\ADIKTA\.m2\repository\org\jfree\jcommon\1.0.23\jcommon-1.0.23.jar;C:\Users\ADIKTA\.m2\repository\org\jfree\jfreechart\1.0.19\jfreechart-1.0.19.jar;C:\Users\ADIKTA\.m2\repository\org\eclipse\jdt\ecj\3.21.0\ecj-3.21.0.jar;C:\Users\ADIKTA\.m2\repository\com\fasterxml\jackson\core\jackson-core\2.13.5\jackson-core-2.13.5.jar;C:\Users\ADIKTA\.m2\repository\com\fasterxml\jackson\core\jackson-databind\2.13.5\jackson-databind-2.13.5.jar;C:\Users\ADIKTA\.m2\repository\com\fasterxml\jackson\core\jackson-annotations\2.13.5\jackson-annotations-2.13.5.jar;C:\Users\ADIKTA\.m2\repository\com\fasterxml\jackson\dataformat\jackson-dataformat-xml\2.13.5\jackson-dataformat-xml-2.13.5.jar;C:\Users\ADIKTA\.m2\repository\org\codehaus\woodstox\stax2-api\4.2.1\stax2-api-4.2.1.jar;C:\Users\ADIKTA\.m2\repository\com\fasterxml\woodstox\woodstox-core\6.4.0\woodstox-core-6.4.0.jar;C:\Users\ADIKTA\.m2\repository\org\springframework\boot\spring-boot-starter-tomcat\2.7.18\spring-boot-starter-tomcat-2.7.18.jar;C:\Users\ADIKTA\.m2\repository\jakarta\annotation\jakarta.annotation-api\1.3.5\jakarta.annotation-api-1.3.5.jar;C:\Users\ADIKTA\.m2\repository\org\apache\tomcat\embed\tomcat-embed-core\9.0.83\tomcat-embed-core-9.0.83.jar;C:\Users\ADIKTA\.m2\repository\org\apache\tomcat\embed\tomcat-embed-el\9.0.83\tomcat-embed-el-9.0.83.jar;C:\Users\ADIKTA\.m2\repository\org\apache\tomcat\embed\tomcat-embed-websocket\9.0.83\tomcat-embed-websocket-9.0.83.jar
Launcher Type: SUN_STANDARD

[Global flags]
     intx CICompilerCount                          = 4                                         {product} {ergonomic}
     uint ConcGCThreads                            = 3                                         {product} {ergonomic}
     uint G1ConcRefinementThreads                  = 10                                        {product} {ergonomic}
   size_t G1HeapRegionSize                         = 1048576                                   {product} {ergonomic}
   size_t InitialHeapSize                          = 132120576                                 {product} {ergonomic}
     bool ManagementServer                         = true                                      {product} {command line}
   size_t MarkStackSize                            = 4194304                                   {product} {ergonomic}
   size_t MaxHeapSize                              = 2099249152                                {product} {ergonomic}
   size_t MaxNewSize                               = 1259339776                                {product} {ergonomic}
   size_t MinHeapDeltaBytes                        = 1048576                                   {product} {ergonomic}
   size_t MinHeapSize                              = 8388608                                   {product} {ergonomic}
    uintx NonNMethodCodeHeapSize                   = 5839372                                {pd product} {ergonomic}
    uintx NonProfiledCodeHeapSize                  = 122909434                              {pd product} {ergonomic}
    uintx ProfiledCodeHeapSize                     = 122909434                              {pd product} {ergonomic}
    uintx ReservedCodeCacheSize                    = 251658240                              {pd product} {ergonomic}
     bool SegmentedCodeCache                       = true                                      {product} {ergonomic}
     bool ShowCodeDetailsInExceptionMessages       = true                                   {manageable} {command line}
   size_t SoftMaxHeapSize                          = 2099249152                             {manageable} {ergonomic}
     bool UseCompressedOops                        = true                           {product lp64_product} {ergonomic}
     bool UseG1GC                                  = true                                      {product} {ergonomic}
     bool UseLargePagesIndividualAllocation        = false                                  {pd product} {ergonomic}

Logging:
Log output configuration:
 #0: stdout all=warning uptime,level,tags foldmultilines=false
 #1: stderr all=off uptime,level,tags foldmultilines=false

Environment Variables:
JAVA_HOME=C:\Program Files\Java\jdk-22
PATH=C:\Users\ADIKTA\bin;C:\Program Files\Git\mingw64\bin;C:\Program Files\Git\usr\local\bin;C:\Program Files\Git\usr\bin;C:\Program Files\Git\usr\bin;C:\Program Files\Git\mingw64\bin;C:\Program Files\Git\usr\bin;C:\Users\ADIKTA\bin;C:\Program Files (x86)\VMware\VMware Player\bin;C:\Program Files\Common Files\Oracle\Java\javapath;C:\Program Files (x86)\Common Files\Oracle\Java\java8path;C:\Program Files (x86)\Common Files\Oracle\Java\javapath;C:\WINDOWS\system32;C:\WINDOWS;C:\WINDOWS\System32\Wbem;C:\WINDOWS\System32\WindowsPowerShell\v1.0;C:\WINDOWS\System32\OpenSSH;C:\Program Files\nodejs;C:\Program Files\dotnet;C:\Program Files\Microsoft Network Monitor 3;C:\Program Files\Git\cmd;C:\Users\ADIKTA\AppData\Local\Programs\Python\Python312\Scripts;C:\Users\ADIKTA\AppData\Local\Programs\Python\Python312;C:\Users\ADIKTA\.console-ninja\.bin;C:\Users\ADIKTA\AppData\Local\Microsoft\WindowsApps;C:\Users\ADIKTA\AppData\Local\Programs\Microsoft VS Code\bin;C:\Program Files\Java\jdk-21\bin;C:\MAVEN\bin;C:\Users\ADIKTA\AppData\Roaming\npm;C:\Program Files\JetBrains\IntelliJ IDEA Community Edition 2024.2.1\bin;C:\Program Files\Git\usr\bin\vendor_perl;C:\Program Files\Git\usr\bin\core_perl
USERNAME=ADIKTA
SHELL=C:\Program Files\Git\usr\bin\bash.exe
DISPLAY=needs-to-be-defined
LANG=en_US.UTF-8
TERM=xterm-256color
TMPDIR=C:\Users\ADIKTA\AppData\Local\Temp
OS=Windows_NT
PROCESSOR_IDENTIFIER=Intel64 Family 6 Model 165 Stepping 3, GenuineIntel
TMP=C:\Users\ADIKTA\AppData\Local\Temp
TEMP=C:\Users\ADIKTA\AppData\Local\Temp




Periodic native trim disabled

---------------  S Y S T E M  ---------------

OS:
 Windows 11 , 64 bit Build 22621 (10.0.22621.3958)
OS uptime: 0 days 1:56 hours

CPU: total 12 (initial active 12) (6 cores per cpu, 2 threads per core) family 6 model 165 stepping 3 microcode 0xea, cx8, cmov, fxsr, ht, mmx, 3dnowpref, sse, sse2, sse3, ssse3, sse4.1, sse4.2, popcnt, lzcnt, tsc, tscinvbit, avx, avx2, aes, erms, clmul, bmi1, bmi2, adx, fma, vzeroupper, clflush, clflushopt, rdtscp, f16c
Processor Information for all 12 processors :
  Max Mhz: 2904, Current Mhz: 2904, Mhz Limit: 2904

Memory: 4k page, system-wide physical 8003M (343M free)
TotalPageFile size 32579M (AvailPageFile size 0M)
current process WorkingSet (physical memory assigned to process): 440M, peak: 538M
current process commit charge ("private bytes"): 530M, peak: 617M

vm_info: Java HotSpot(TM) 64-Bit Server VM (22.0.2+9-70) for windows-amd64 JRE (22.0.2+9-70), built on 2024-06-04T16:52:23Z by "mach5one" with MS VC++ 17.6 (VS2022)

END.
