#
# There is insufficient memory for the Java Runtime Environment to continue.
# Native memory allocation (malloc) failed to allocate 918736 bytes. Error detail: Chunk::new
# Possible reasons:
#   The system is out of physical RAM or swap space
#   This process is running with CompressedOops enabled, and the Java Heap may be blocking the growth of the native heap
# Possible solutions:
#   Reduce memory load on the system
#   Increase physical memory or swap space
#   Check if swap backing store is full
#   Decrease Java heap size (-Xmx/-Xms)
#   Decrease number of Java threads
#   Decrease Java thread stack sizes (-Xss)
#   Set larger code cache with -XX:ReservedCodeCacheSize=
#   JVM is running with Unscaled Compressed Oops mode in which the Java heap is
#     placed in the first 4GB address space. The Java Heap base address is the
#     maximum limit for the native heap growth. Please use -XX:HeapBaseMinAddress
#     to set the Java Heap base and to place the Java Heap above 4GB virtual address.
# This output file may be truncated or incomplete.
#
#  Out of Memory Error (arena.cpp:168), pid=36084, tid=9492
#
# JRE version: OpenJDK Runtime Environment Temurin-21.0.7+6 (21.0.7+6) (build 21.0.7+6-LTS)
# Java VM: OpenJDK 64-Bit Server VM Temurin-21.0.7+6 (21.0.7+6-LTS, mixed mode, sharing, tiered, compressed oops, compressed class ptrs, parallel gc, windows-amd64)
# No core dump will be written. Minidumps are not enabled by default on client versions of Windows
#

---------------  S U M M A R Y ------------

Command Line: --add-modules=ALL-SYSTEM --add-opens=java.base/java.util=ALL-UNNAMED --add-opens=java.base/java.lang=ALL-UNNAMED --add-opens=java.base/sun.nio.fs=ALL-UNNAMED -Declipse.application=org.eclipse.jdt.ls.core.id1 -Dosgi.bundles.defaultStartLevel=4 -Declipse.product=org.eclipse.jdt.ls.core.product -Djava.import.generatesMetadataFilesAtProjectRoot=false -DDetectVMInstallationsJob.disabled=true -Dfile.encoding=utf8 -XX:+UseParallelGC -XX:GCTimeRatio=4 -XX:AdaptiveSizePolicyWeight=90 -Dsun.zip.disableMemoryMapping=true -Xmx1G -Xms100m -Xlog:disable -javaagent:c:\Users\ADIKTA\.vscode\extensions\redhat.java-1.42.0-win32-x64\lombok\lombok-1.18.36.jar -XX:+HeapDumpOnOutOfMemoryError -XX:HeapDumpPath=c:\Users\ADIKTA\AppData\Roaming\Code\User\workspaceStorage\310805df2fd27d5d184fb44a7eebb535\redhat.java -Daether.dependencyCollector.impl=bf c:\Users\ADIKTA\.vscode\extensions\redhat.java-1.42.0-win32-x64\server\plugins\org.eclipse.equinox.launcher_1.7.0.v20250424-1814.jar -configuration c:\Users\ADIKTA\AppData\Roaming\Code\User\globalStorage\redhat.java\1.42.0\config_win -data c:\Users\ADIKTA\AppData\Roaming\Code\User\workspaceStorage\310805df2fd27d5d184fb44a7eebb535\redhat.java\jdt_ws --pipe=\\.\pipe\lsp-1ca4c63ee4d477094de2632d056ce0c2-sock

Host: Intel(R) Core(TM) i5-10400 CPU @ 2.90GHz, 12 cores, 7G,  Windows 11 , 64 bit Build 26100 (10.0.26100.4202)
Time: Tue Jun  3 15:37:40 2025 SA Pacific Standard Time elapsed time: 17.425332 seconds (0d 0h 0m 17s)

---------------  T H R E A D  ---------------

Current thread (0x000001fb30cfdaa0):  JavaThread "C2 CompilerThread0" daemon [_thread_in_native, id=9492, stack(0x000000b60aa00000,0x000000b60ab00000) (1024K)]


Current CompileTask:
C2:17425 9312 %     4       org.eclipse.jdt.internal.core.search.indexing.BinaryIndexer::extractReferenceFromConstantPool @ 155 (358 bytes)

Stack: [0x000000b60aa00000,0x000000b60ab00000]
Native frames: (J=compiled Java code, j=interpreted, Vv=VM code, C=native code)
V  [jvm.dll+0x6ce119]
V  [jvm.dll+0x8a84a1]
V  [jvm.dll+0x8aa9ce]
V  [jvm.dll+0x8ab0b3]
V  [jvm.dll+0x27f8a6]
V  [jvm.dll+0xc507d]
V  [jvm.dll+0xc55b3]
V  [jvm.dll+0x2f2c6d]
V  [jvm.dll+0x5f6bca]
V  [jvm.dll+0x250cb2]
V  [jvm.dll+0x25106f]
V  [jvm.dll+0x249934]
V  [jvm.dll+0x246fc4]
V  [jvm.dll+0x1c760e]
V  [jvm.dll+0x25695a]
V  [jvm.dll+0x254efa]
V  [jvm.dll+0x3f03f6]
V  [jvm.dll+0x851f6b]
V  [jvm.dll+0x6cc7dd]
C  [ucrtbase.dll+0x37b0]
C  [KERNEL32.DLL+0x2e8d7]
C  [ntdll.dll+0x3c34c]


---------------  P R O C E S S  ---------------

Threads class SMR info:
_java_thread_list=0x000001fb8fc2fb40, length=66, elements={
0x000001fb30c43330, 0x000001fb30ce7c10, 0x000001fb30ce8d30, 0x000001fb30cec4c0,
0x000001fb30ced110, 0x000001fb30cf1180, 0x000001fb30cf5200, 0x000001fb30cfdaa0,
0x000001fb87cf1fd0, 0x000001fb87e15910, 0x000001fb88053dd0, 0x000001fb8d5aa7c0,
0x000001fb8d920930, 0x000001fb8dc5ada0, 0x000001fb8d7460a0, 0x000001fb8ded7c50,
0x000001fb8dd6f880, 0x000001fb8df89930, 0x000001fb8df87ef0, 0x000001fb8df89fc0,
0x000001fb8df8a650, 0x000001fb8df8ace0, 0x000001fb8e3c1690, 0x000001fb8e3c3760,
0x000001fb8e3c30d0, 0x000001fb8e3c3df0, 0x000001fb8e3c1d20, 0x000001fb8e3c1000,
0x000001fb8e3c2a40, 0x000001fb8e3c0970, 0x000001fb8e3c4480, 0x000001fb8e3c4b10,
0x000001fb8e3c51a0, 0x000001fb8e3c5830, 0x000001fb8e3c23b0, 0x000001fb8e3c5ec0,
0x000001fb8e3c6550, 0x000001fb8e3c7f90, 0x000001fb8e3c6be0, 0x000001fb8e3c7270,
0x000001fb8e3c7900, 0x000001fb903ed8a0, 0x000001fb903eb7d0, 0x000001fb903eb140,
0x000001fb903eaab0, 0x000001fb903ea420, 0x000001fb903edf30, 0x000001fb903ef2e0,
0x000001fb903ee5c0, 0x000001fb903eec50, 0x000001fb903ef970, 0x000001fb903ed210,
0x000001fb903ec4f0, 0x000001fb903f0000, 0x000001fb903f1a40, 0x000001fb903f0d20,
0x000001fb903f0690, 0x000001fb903f13b0, 0x000001fb87ea3870, 0x000001fb87ea31e0,
0x000001fb87ea03f0, 0x000001fb87ea1110, 0x000001fb87ea3f00, 0x000001fb87ea0a80,
0x000001fb87ea24c0, 0x000001fb87ea4590
}

Java Threads: ( => current thread )
  0x000001fb30c43330 JavaThread "main"                              [_thread_blocked, id=26012, stack(0x000000b60a000000,0x000000b60a100000) (1024K)]
  0x000001fb30ce7c10 JavaThread "Reference Handler"          daemon [_thread_blocked, id=17284, stack(0x000000b60a400000,0x000000b60a500000) (1024K)]
  0x000001fb30ce8d30 JavaThread "Finalizer"                  daemon [_thread_blocked, id=35492, stack(0x000000b60a500000,0x000000b60a600000) (1024K)]
  0x000001fb30cec4c0 JavaThread "Signal Dispatcher"          daemon [_thread_blocked, id=33816, stack(0x000000b60a600000,0x000000b60a700000) (1024K)]
  0x000001fb30ced110 JavaThread "Attach Listener"            daemon [_thread_blocked, id=31792, stack(0x000000b60a700000,0x000000b60a800000) (1024K)]
  0x000001fb30cf1180 JavaThread "Service Thread"             daemon [_thread_blocked, id=34596, stack(0x000000b60a800000,0x000000b60a900000) (1024K)]
  0x000001fb30cf5200 JavaThread "Monitor Deflation Thread"   daemon [_thread_blocked, id=31608, stack(0x000000b60a900000,0x000000b60aa00000) (1024K)]
=>0x000001fb30cfdaa0 JavaThread "C2 CompilerThread0"         daemon [_thread_in_native, id=9492, stack(0x000000b60aa00000,0x000000b60ab00000) (1024K)]
  0x000001fb87cf1fd0 JavaThread "C1 CompilerThread0"         daemon [_thread_in_native, id=7064, stack(0x000000b60ab00000,0x000000b60ac00000) (1024K)]
  0x000001fb87e15910 JavaThread "Common-Cleaner"             daemon [_thread_blocked, id=11324, stack(0x000000b60ac00000,0x000000b60ad00000) (1024K)]
  0x000001fb88053dd0 JavaThread "Notification Thread"        daemon [_thread_blocked, id=21292, stack(0x000000b60ae00000,0x000000b60af00000) (1024K)]
  0x000001fb8d5aa7c0 JavaThread "Active Thread: Equinox Container: 6cd665fc-0328-45ec-b16f-4a32e3d68706"        [_thread_blocked, id=26736, stack(0x000000b60b500000,0x000000b60b600000) (1024K)]
  0x000001fb8d920930 JavaThread "Refresh Thread: Equinox Container: 6cd665fc-0328-45ec-b16f-4a32e3d68706" daemon [_thread_blocked, id=3620, stack(0x000000b60b600000,0x000000b60b700000) (1024K)]
  0x000001fb8dc5ada0 JavaThread "Framework Event Dispatcher: Equinox Container: 6cd665fc-0328-45ec-b16f-4a32e3d68706" daemon [_thread_blocked, id=34024, stack(0x000000b60b800000,0x000000b60b900000) (1024K)]
  0x000001fb8d7460a0 JavaThread "Start Level: Equinox Container: 6cd665fc-0328-45ec-b16f-4a32e3d68706" daemon [_thread_blocked, id=27116, stack(0x000000b60b900000,0x000000b60ba00000) (1024K)]
  0x000001fb8ded7c50 JavaThread "Bundle File Closer"         daemon [_thread_blocked, id=13168, stack(0x000000b60bc00000,0x000000b60bd00000) (1024K)]
  0x000001fb8dd6f880 JavaThread "SCR Component Actor"        daemon [_thread_blocked, id=3616, stack(0x000000b60bd00000,0x000000b60be00000) (1024K)]
  0x000001fb8df89930 JavaThread "Worker-JM"                         [_thread_blocked, id=4448, stack(0x000000b60ad00000,0x000000b60ae00000) (1024K)]
  0x000001fb8df87ef0 JavaThread "JNA Cleaner"                daemon [_thread_blocked, id=27172, stack(0x000000b60bf00000,0x000000b60c000000) (1024K)]
  0x000001fb8df89fc0 JavaThread "Worker-0: Building"                [_thread_in_Java, id=33308, stack(0x000000b60c000000,0x000000b60c100000) (1024K)]
  0x000001fb8df8a650 JavaThread "Worker-1"                          [_thread_blocked, id=12304, stack(0x000000b60c100000,0x000000b60c200000) (1024K)]
  0x000001fb8df8ace0 JavaThread "Worker-2"                          [_thread_blocked, id=32732, stack(0x000000b60c200000,0x000000b60c300000) (1024K)]
  0x000001fb8e3c1690 JavaThread "Java indexing"              daemon [_thread_in_Java, id=36588, stack(0x000000b60c300000,0x000000b60c400000) (1024K)]
  0x000001fb8e3c3760 JavaThread "Worker-3"                          [_thread_blocked, id=31676, stack(0x000000b60c400000,0x000000b60c500000) (1024K)]
  0x000001fb8e3c30d0 JavaThread "Worker-4"                          [_thread_blocked, id=33392, stack(0x000000b60c500000,0x000000b60c600000) (1024K)]
  0x000001fb8e3c3df0 JavaThread "Worker-5: Java indexing... "        [_thread_blocked, id=34332, stack(0x000000b60c800000,0x000000b60c900000) (1024K)]
  0x000001fb8e3c1d20 JavaThread "Worker-6"                          [_thread_blocked, id=28228, stack(0x000000b60c900000,0x000000b60ca00000) (1024K)]
  0x000001fb8e3c1000 JavaThread "Thread-2"                   daemon [_thread_in_native, id=35468, stack(0x000000b60ca00000,0x000000b60cb00000) (1024K)]
  0x000001fb8e3c2a40 JavaThread "Thread-3"                   daemon [_thread_in_native, id=24432, stack(0x000000b60cb00000,0x000000b60cc00000) (1024K)]
  0x000001fb8e3c0970 JavaThread "Thread-4"                   daemon [_thread_in_native, id=27656, stack(0x000000b60cc00000,0x000000b60cd00000) (1024K)]
  0x000001fb8e3c4480 JavaThread "Thread-5"                   daemon [_thread_in_native, id=30056, stack(0x000000b60cd00000,0x000000b60ce00000) (1024K)]
  0x000001fb8e3c4b10 JavaThread "Thread-6"                   daemon [_thread_in_native, id=28200, stack(0x000000b60ce00000,0x000000b60cf00000) (1024K)]
  0x000001fb8e3c51a0 JavaThread "Thread-7"                   daemon [_thread_in_native, id=31864, stack(0x000000b60cf00000,0x000000b60d000000) (1024K)]
  0x000001fb8e3c5830 JavaThread "Thread-8"                   daemon [_thread_in_native, id=34972, stack(0x000000b60d000000,0x000000b60d100000) (1024K)]
  0x000001fb8e3c23b0 JavaThread "Thread-9"                   daemon [_thread_in_native, id=27432, stack(0x000000b60d100000,0x000000b60d200000) (1024K)]
  0x000001fb8e3c5ec0 JavaThread "Thread-10"                  daemon [_thread_in_native, id=36548, stack(0x000000b60d200000,0x000000b60d300000) (1024K)]
  0x000001fb8e3c6550 JavaThread "Thread-11"                  daemon [_thread_in_native, id=28016, stack(0x000000b60d300000,0x000000b60d400000) (1024K)]
  0x000001fb8e3c7f90 JavaThread "Thread-12"                  daemon [_thread_in_native, id=38640, stack(0x000000b60d400000,0x000000b60d500000) (1024K)]
  0x000001fb8e3c6be0 JavaThread "Thread-13"                  daemon [_thread_in_native, id=9212, stack(0x000000b60d500000,0x000000b60d600000) (1024K)]
  0x000001fb8e3c7270 JavaThread "Thread-14"                  daemon [_thread_in_native, id=21112, stack(0x000000b60d600000,0x000000b60d700000) (1024K)]
  0x000001fb8e3c7900 JavaThread "pool-2-thread-1"                   [_thread_blocked, id=28048, stack(0x000000b60d700000,0x000000b60d800000) (1024K)]
  0x000001fb903ed8a0 JavaThread "Worker-7"                          [_thread_blocked, id=30224, stack(0x000000b60d800000,0x000000b60d900000) (1024K)]
  0x000001fb903eb7d0 JavaThread "WorkspaceEventsHandler"            [_thread_blocked, id=17968, stack(0x000000b60d900000,0x000000b60da00000) (1024K)]
  0x000001fb903eb140 JavaThread "pool-1-thread-1"                   [_thread_blocked, id=21800, stack(0x000000b60da00000,0x000000b60db00000) (1024K)]
  0x000001fb903eaab0 JavaThread "LocalFile Deleter"          daemon [_thread_blocked, id=38332, stack(0x000000b60db00000,0x000000b60dc00000) (1024K)]
  0x000001fb903ea420 JavaThread "LocalFile Deleter"          daemon [_thread_blocked, id=7688, stack(0x000000b60dc00000,0x000000b60dd00000) (1024K)]
  0x000001fb903edf30 JavaThread "LocalFile Deleter"          daemon [_thread_blocked, id=37336, stack(0x000000b60dd00000,0x000000b60de00000) (1024K)]
  0x000001fb903ef2e0 JavaThread "LocalFile Deleter"          daemon [_thread_blocked, id=15096, stack(0x000000b60de00000,0x000000b60df00000) (1024K)]
  0x000001fb903ee5c0 JavaThread "LocalFile Deleter"          daemon [_thread_blocked, id=7444, stack(0x000000b60df00000,0x000000b60e000000) (1024K)]
  0x000001fb903eec50 JavaThread "LocalFile Deleter"          daemon [_thread_blocked, id=31712, stack(0x000000b60e000000,0x000000b60e100000) (1024K)]
  0x000001fb903ef970 JavaThread "LocalFile Deleter"          daemon [_thread_blocked, id=24228, stack(0x000000b60e100000,0x000000b60e200000) (1024K)]
  0x000001fb903ed210 JavaThread "LocalFile Deleter"          daemon [_thread_blocked, id=8424, stack(0x000000b60e200000,0x000000b60e300000) (1024K)]
  0x000001fb903ec4f0 JavaThread "LocalFile Deleter"          daemon [_thread_blocked, id=24212, stack(0x000000b60e300000,0x000000b60e400000) (1024K)]
  0x000001fb903f0000 JavaThread "LocalFile Deleter"          daemon [_thread_blocked, id=35036, stack(0x000000b60e400000,0x000000b60e500000) (1024K)]
  0x000001fb903f1a40 JavaThread "LocalFile Deleter"          daemon [_thread_blocked, id=14732, stack(0x000000b60e500000,0x000000b60e600000) (1024K)]
  0x000001fb903f0d20 JavaThread "LocalFile Deleter"          daemon [_thread_blocked, id=21872, stack(0x000000b60e600000,0x000000b60e700000) (1024K)]
  0x000001fb903f0690 JavaThread "Compiler Source File Reader" daemon [_thread_blocked, id=21656, stack(0x000000b60e700000,0x000000b60e800000) (1024K)]
  0x000001fb903f13b0 JavaThread "Compiler Source File Reader" daemon [_thread_blocked, id=25064, stack(0x000000b60e800000,0x000000b60e900000) (1024K)]
  0x000001fb87ea3870 JavaThread "Compiler Source File Reader" daemon [_thread_blocked, id=28956, stack(0x000000b60e900000,0x000000b60ea00000) (1024K)]
  0x000001fb87ea31e0 JavaThread "Compiler Source File Reader" daemon [_thread_blocked, id=13908, stack(0x000000b60ea00000,0x000000b60eb00000) (1024K)]
  0x000001fb87ea03f0 JavaThread "Compiler Source File Reader" daemon [_thread_blocked, id=21472, stack(0x000000b60eb00000,0x000000b60ec00000) (1024K)]
  0x000001fb87ea1110 JavaThread "Compiler Source File Reader" daemon [_thread_blocked, id=31632, stack(0x000000b60ec00000,0x000000b60ed00000) (1024K)]
  0x000001fb87ea3f00 JavaThread "Compiler Source File Reader" daemon [_thread_blocked, id=23728, stack(0x000000b60ed00000,0x000000b60ee00000) (1024K)]
  0x000001fb87ea0a80 JavaThread "Compiler Source File Reader" daemon [_thread_blocked, id=25808, stack(0x000000b60ee00000,0x000000b60ef00000) (1024K)]
  0x000001fb87ea24c0 JavaThread "Compiler Source File Reader" daemon [_thread_blocked, id=24844, stack(0x000000b60ef00000,0x000000b60f000000) (1024K)]
  0x000001fb87ea4590 JavaThread "Compiler Source File Reader" daemon [_thread_blocked, id=11752, stack(0x000000b60f000000,0x000000b60f100000) (1024K)]
Total: 66

Other Threads:
  0x000001fb30cde9a0 VMThread "VM Thread"                           [id=34004, stack(0x000000b60a300000,0x000000b60a400000) (1024K)]
  0x000001fb456eca00 WatcherThread "VM Periodic Task Thread"        [id=27768, stack(0x000000b60a200000,0x000000b60a300000) (1024K)]
  0x000001fb30c617c0 WorkerThread "GC Thread#0"                     [id=30196, stack(0x000000b60a100000,0x000000b60a200000) (1024K)]
  0x000001fb8d48a2a0 WorkerThread "GC Thread#1"                     [id=24096, stack(0x000000b60af00000,0x000000b60b000000) (1024K)]
  0x000001fb8d4496f0 WorkerThread "GC Thread#2"                     [id=37252, stack(0x000000b60b000000,0x000000b60b100000) (1024K)]
  0x000001fb8d4856d0 WorkerThread "GC Thread#3"                     [id=416, stack(0x000000b60b100000,0x000000b60b200000) (1024K)]
  0x000001fb8d487e40 WorkerThread "GC Thread#4"                     [id=37704, stack(0x000000b60b200000,0x000000b60b300000) (1024K)]
  0x000001fb8d4b57c0 WorkerThread "GC Thread#5"                     [id=35140, stack(0x000000b60b300000,0x000000b60b400000) (1024K)]
  0x000001fb8d4b5b60 WorkerThread "GC Thread#6"                     [id=28264, stack(0x000000b60b400000,0x000000b60b500000) (1024K)]
  0x000001fb8d7972c0 WorkerThread "GC Thread#7"                     [id=6504, stack(0x000000b60b700000,0x000000b60b800000) (1024K)]
  0x000001fb8e019e80 WorkerThread "GC Thread#8"                     [id=38136, stack(0x000000b60ba00000,0x000000b60bb00000) (1024K)]
  0x000001fb8d95a330 WorkerThread "GC Thread#9"                     [id=15180, stack(0x000000b60bb00000,0x000000b60bc00000) (1024K)]
Total: 12

Threads with active compile tasks:
C2 CompilerThread0  17473 9312 %     4       org.eclipse.jdt.internal.core.search.indexing.BinaryIndexer::extractReferenceFromConstantPool @ 155 (358 bytes)
Total: 1

VM state: not at safepoint (normal execution)

VM Mutex/Monitor currently owned by a thread: None

Heap address: 0x00000000c0000000, size: 1024 MB, Compressed Oops mode: 32-bit

CDS archive(s) mapped at: [0x000001fb46000000-0x000001fb46ba0000-0x000001fb46ba0000), size 12189696, SharedBaseAddress: 0x000001fb46000000, ArchiveRelocationMode: 1.
Compressed class space mapped at: 0x000001fb47000000-0x000001fb87000000, reserved size: 1073741824
Narrow klass base: 0x000001fb46000000, Narrow klass shift: 0, Narrow klass range: 0x100000000

GC Precious Log:
 CardTable entry size: 512
 CPUs: 12 total, 12 available
 Memory: 8003M
 Large Page Support: Disabled
 NUMA Support: Disabled
 Compressed Oops: Enabled (32-bit)
 Alignments: Space 512K, Generation 512K, Heap 2M
 Heap Min Capacity: 100M
 Heap Initial Capacity: 100M
 Heap Max Capacity: 1G
 Pre-touch: Disabled
 Parallel Workers: 10

Heap:
 PSYoungGen      total 17408K, used 15224K [0x00000000eab00000, 0x00000000ec080000, 0x0000000100000000)
  eden space 15360K, 86% used [0x00000000eab00000,0x00000000eb800a60,0x00000000eba00000)
  from space 2048K, 93% used [0x00000000ebe00000,0x00000000ebfdd820,0x00000000ec000000)
  to   space 512K, 0% used [0x00000000ec000000,0x00000000ec000000,0x00000000ec080000)
 ParOldGen       total 97792K, used 97558K [0x00000000c0000000, 0x00000000c5f80000, 0x00000000eab00000)
  object space 97792K, 99% used [0x00000000c0000000,0x00000000c5f45970,0x00000000c5f80000)
 Metaspace       used 56603K, committed 58048K, reserved 1114112K
  class space    used 5827K, committed 6464K, reserved 1048576K

Card table byte_map: [0x000001fb430a0000,0x000001fb432b0000] _byte_map_base: 0x000001fb42aa0000

Marking Bits: (ParMarkBitMap*) 0x00007ffb9cd531f0
 Begin Bits: [0x000001fb43410000, 0x000001fb44410000)
 End Bits:   [0x000001fb44410000, 0x000001fb45410000)

Polling page: 0x000001fb2f420000

Metaspace:

Usage:
  Non-class:     49.59 MB used.
      Class:      5.69 MB used.
       Both:     55.28 MB used.

Virtual space:
  Non-class space:       64.00 MB reserved,      50.38 MB ( 79%) committed,  1 nodes.
      Class space:        1.00 GB reserved,       6.31 MB ( <1%) committed,  1 nodes.
             Both:        1.06 GB reserved,      56.69 MB (  5%) committed. 

Chunk freelists:
   Non-Class:  13.43 MB
       Class:  9.74 MB
        Both:  23.17 MB

MaxMetaspaceSize: unlimited
CompressedClassSpaceSize: 1.00 GB
Initial GC threshold: 21.00 MB
Current GC threshold: 58.38 MB
CDS: on
 - commit_granule_bytes: 65536.
 - commit_granule_words: 8192.
 - virtual_space_node_default_size: 8388608.
 - enlarge_chunks_in_place: 1.
 - use_allocation_guard: 0.


Internal statistics:

num_allocs_failed_limit: 6.
num_arena_births: 1082.
num_arena_deaths: 14.
num_vsnodes_births: 2.
num_vsnodes_deaths: 0.
num_space_committed: 907.
num_space_uncommitted: 0.
num_chunks_returned_to_freelist: 20.
num_chunks_taken_from_freelist: 3764.
num_chunk_merges: 9.
num_chunk_splits: 2287.
num_chunks_enlarged: 1213.
num_inconsistent_stats: 0.

CodeHeap 'non-profiled nmethods': size=120000Kb used=2885Kb max_used=2885Kb free=117114Kb
 bounds [0x000001fb3b990000, 0x000001fb3bc70000, 0x000001fb42ec0000]
CodeHeap 'profiled nmethods': size=120000Kb used=19637Kb max_used=19637Kb free=100362Kb
 bounds [0x000001fb33ec0000, 0x000001fb351f0000, 0x000001fb3b3f0000]
CodeHeap 'non-nmethods': size=5760Kb used=1396Kb max_used=1483Kb free=4364Kb
 bounds [0x000001fb3b3f0000, 0x000001fb3b660000, 0x000001fb3b990000]
 total_blobs=9453 nmethods=8751 adapters=608
 compilation: enabled
              stopped_count=0, restarted_count=0
 full_count=0

Compilation events (20 events):
Event: 15.430 Thread 0x000001fb87cf1fd0 nmethod 9439 0x000001fb351c5490 code [0x000001fb351c56a0, 0x000001fb351c5bb0]
Event: 15.430 Thread 0x000001fb87cf1fd0 9441       2       lombok.eclipse.handlers.EclipseHandlerUtil::toEclipseModifier (56 bytes)
Event: 15.431 Thread 0x000001fb87cf1fd0 nmethod 9441 0x000001fb351c5f10 code [0x000001fb351c60e0, 0x000001fb351c62e0]
Event: 15.431 Thread 0x000001fb87cf1fd0 9443       2       lombok.eclipse.handlers.EclipseHandlerUtil::injectMethod (250 bytes)
Event: 15.431 Thread 0x000001fb87cf1fd0 nmethod 9443 0x000001fb351c6410 code [0x000001fb351c6680, 0x000001fb351c7220]
Event: 15.431 Thread 0x000001fb87cf1fd0 9445 %     3       java.util.IdentityHashMap::resize @ 104 (153 bytes)
Event: 15.432 Thread 0x000001fb87cf1fd0 nmethod 9445% 0x000001fb351c7890 code [0x000001fb351c7b00, 0x000001fb351c8928]
Event: 15.432 Thread 0x000001fb87cf1fd0 9444       2       lombok.eclipse.handlers.EclipseHandlerUtil::generateQualifiedTypeRef (73 bytes)
Event: 15.432 Thread 0x000001fb87cf1fd0 nmethod 9444 0x000001fb351c8d90 code [0x000001fb351c8f60, 0x000001fb351c9288]
Event: 15.432 Thread 0x000001fb87cf1fd0 9442   !   2       lombok.eclipse.handlers.EclipseHandlerUtil::$SWITCH_TABLE$lombok$AccessLevel (101 bytes)
Event: 15.432 Thread 0x000001fb87cf1fd0 nmethod 9442 0x000001fb351c9490 code [0x000001fb351c9660, 0x000001fb351c9a30]
Event: 15.432 Thread 0x000001fb87cf1fd0 9447       2       lombok.eclipse.EclipseNode::getModifiers (98 bytes)
Event: 15.432 Thread 0x000001fb87cf1fd0 nmethod 9447 0x000001fb351c9e10 code [0x000001fb351ca020, 0x000001fb351ca6d8]
Event: 15.510 Thread 0x000001fb87cf1fd0 9449   !   2       java.lang.Thread::sleep (82 bytes)
Event: 15.510 Thread 0x000001fb87cf1fd0 nmethod 9449 0x000001fb351ca990 code [0x000001fb351cab80, 0x000001fb351caf60]
Event: 15.510 Thread 0x000001fb87cf1fd0 9450   !   2       java.lang.Thread::beforeSleep (33 bytes)
Event: 15.511 Thread 0x000001fb87cf1fd0 nmethod 9450 0x000001fb351cb210 code [0x000001fb351cb3a0, 0x000001fb351cb490]
Event: 15.511 Thread 0x000001fb87cf1fd0 9451       2       jdk.internal.event.ThreadSleepEvent::isTurnedOn (7 bytes)
Event: 15.511 Thread 0x000001fb87cf1fd0 nmethod 9451 0x000001fb351cb510 code [0x000001fb351cb6a0, 0x000001fb351cb788]
Event: 15.792 Thread 0x000001fb87cf1fd0 9452       2       org.eclipse.core.internal.events.AutoBuildJob::belongsTo (11 bytes)

GC Heap History (20 events):
Event: 12.586 GC heap before
{Heap before GC invocations=51 (full 2):
 PSYoungGen      total 17920K, used 17848K [0x00000000eab00000, 0x00000000ec080000, 0x0000000100000000)
  eden space 15360K, 100% used [0x00000000eab00000,0x00000000eba00000,0x00000000eba00000)
  from space 2560K, 97% used [0x00000000ebe00000,0x00000000ec06e140,0x00000000ec080000)
  to   space 3072K, 0% used [0x00000000eba80000,0x00000000eba80000,0x00000000ebd80000)
 ParOldGen       total 81408K, used 81230K [0x00000000c0000000, 0x00000000c4f80000, 0x00000000eab00000)
  object space 81408K, 99% used [0x00000000c0000000,0x00000000c4f53a70,0x00000000c4f80000)
 Metaspace       used 55155K, committed 56512K, reserved 1114112K
  class space    used 5737K, committed 6336K, reserved 1048576K
}
Event: 12.589 GC heap after
{Heap after GC invocations=51 (full 2):
 PSYoungGen      total 17408K, used 1662K [0x00000000eab00000, 0x00000000ebe80000, 0x0000000100000000)
  eden space 15360K, 0% used [0x00000000eab00000,0x00000000eab00000,0x00000000eba00000)
  from space 2048K, 81% used [0x00000000eba80000,0x00000000ebc1f9d8,0x00000000ebc80000)
  to   space 2048K, 0% used [0x00000000ebc80000,0x00000000ebc80000,0x00000000ebe80000)
 ParOldGen       total 82944K, used 82697K [0x00000000c0000000, 0x00000000c5100000, 0x00000000eab00000)
  object space 82944K, 99% used [0x00000000c0000000,0x00000000c50c26d0,0x00000000c5100000)
 Metaspace       used 55155K, committed 56512K, reserved 1114112K
  class space    used 5737K, committed 6336K, reserved 1048576K
}
Event: 12.624 GC heap before
{Heap before GC invocations=52 (full 2):
 PSYoungGen      total 17408K, used 17022K [0x00000000eab00000, 0x00000000ebe80000, 0x0000000100000000)
  eden space 15360K, 100% used [0x00000000eab00000,0x00000000eba00000,0x00000000eba00000)
  from space 2048K, 81% used [0x00000000eba80000,0x00000000ebc1f9d8,0x00000000ebc80000)
  to   space 2048K, 0% used [0x00000000ebc80000,0x00000000ebc80000,0x00000000ebe80000)
 ParOldGen       total 82944K, used 82697K [0x00000000c0000000, 0x00000000c5100000, 0x00000000eab00000)
  object space 82944K, 99% used [0x00000000c0000000,0x00000000c50c26d0,0x00000000c5100000)
 Metaspace       used 55159K, committed 56512K, reserved 1114112K
  class space    used 5737K, committed 6336K, reserved 1048576K
}
Event: 12.626 GC heap after
{Heap after GC invocations=52 (full 2):
 PSYoungGen      total 16896K, used 1526K [0x00000000eab00000, 0x00000000ebe00000, 0x0000000100000000)
  eden space 15360K, 0% used [0x00000000eab00000,0x00000000eab00000,0x00000000eba00000)
  from space 1536K, 99% used [0x00000000ebc80000,0x00000000ebdfd800,0x00000000ebe00000)
  to   space 2048K, 0% used [0x00000000eba00000,0x00000000eba00000,0x00000000ebc00000)
 ParOldGen       total 83456K, used 83327K [0x00000000c0000000, 0x00000000c5180000, 0x00000000eab00000)
  object space 83456K, 99% used [0x00000000c0000000,0x00000000c515fed8,0x00000000c5180000)
 Metaspace       used 55159K, committed 56512K, reserved 1114112K
  class space    used 5737K, committed 6336K, reserved 1048576K
}
Event: 12.669 GC heap before
{Heap before GC invocations=53 (full 2):
 PSYoungGen      total 16896K, used 16886K [0x00000000eab00000, 0x00000000ebe00000, 0x0000000100000000)
  eden space 15360K, 100% used [0x00000000eab00000,0x00000000eba00000,0x00000000eba00000)
  from space 1536K, 99% used [0x00000000ebc80000,0x00000000ebdfd800,0x00000000ebe00000)
  to   space 2048K, 0% used [0x00000000eba00000,0x00000000eba00000,0x00000000ebc00000)
 ParOldGen       total 83456K, used 83327K [0x00000000c0000000, 0x00000000c5180000, 0x00000000eab00000)
  object space 83456K, 99% used [0x00000000c0000000,0x00000000c515fed8,0x00000000c5180000)
 Metaspace       used 55329K, committed 56640K, reserved 1114112K
  class space    used 5739K, committed 6336K, reserved 1048576K
}
Event: 12.671 GC heap after
{Heap after GC invocations=53 (full 2):
 PSYoungGen      total 16384K, used 812K [0x00000000eab00000, 0x00000000ebd00000, 0x0000000100000000)
  eden space 15360K, 0% used [0x00000000eab00000,0x00000000eab00000,0x00000000eba00000)
  from space 1024K, 79% used [0x00000000eba00000,0x00000000ebacb008,0x00000000ebb00000)
  to   space 1536K, 0% used [0x00000000ebb80000,0x00000000ebb80000,0x00000000ebd00000)
 ParOldGen       total 83968K, used 83967K [0x00000000c0000000, 0x00000000c5200000, 0x00000000eab00000)
  object space 83968K, 99% used [0x00000000c0000000,0x00000000c51ffed8,0x00000000c5200000)
 Metaspace       used 55329K, committed 56640K, reserved 1114112K
  class space    used 5739K, committed 6336K, reserved 1048576K
}
Event: 12.755 GC heap before
{Heap before GC invocations=54 (full 2):
 PSYoungGen      total 16384K, used 16171K [0x00000000eab00000, 0x00000000ebd00000, 0x0000000100000000)
  eden space 15360K, 99% used [0x00000000eab00000,0x00000000eb9ffc08,0x00000000eba00000)
  from space 1024K, 79% used [0x00000000eba00000,0x00000000ebacb008,0x00000000ebb00000)
  to   space 1536K, 0% used [0x00000000ebb80000,0x00000000ebb80000,0x00000000ebd00000)
 ParOldGen       total 83968K, used 83967K [0x00000000c0000000, 0x00000000c5200000, 0x00000000eab00000)
  object space 83968K, 99% used [0x00000000c0000000,0x00000000c51ffed8,0x00000000c5200000)
 Metaspace       used 56160K, committed 57472K, reserved 1114112K
  class space    used 5820K, committed 6400K, reserved 1048576K
}
Event: 12.757 GC heap after
{Heap after GC invocations=54 (full 2):
 PSYoungGen      total 16896K, used 1376K [0x00000000eab00000, 0x00000000ebd00000, 0x0000000100000000)
  eden space 15360K, 0% used [0x00000000eab00000,0x00000000eab00000,0x00000000eba00000)
  from space 1536K, 89% used [0x00000000ebb80000,0x00000000ebcd8000,0x00000000ebd00000)
  to   space 1536K, 0% used [0x00000000eba00000,0x00000000eba00000,0x00000000ebb80000)
 ParOldGen       total 84992K, used 84603K [0x00000000c0000000, 0x00000000c5300000, 0x00000000eab00000)
  object space 84992K, 99% used [0x00000000c0000000,0x00000000c529eee0,0x00000000c5300000)
 Metaspace       used 56160K, committed 57472K, reserved 1114112K
  class space    used 5820K, committed 6400K, reserved 1048576K
}
Event: 13.857 GC heap before
{Heap before GC invocations=55 (full 2):
 PSYoungGen      total 16896K, used 16736K [0x00000000eab00000, 0x00000000ebd00000, 0x0000000100000000)
  eden space 15360K, 100% used [0x00000000eab00000,0x00000000eba00000,0x00000000eba00000)
  from space 1536K, 89% used [0x00000000ebb80000,0x00000000ebcd8000,0x00000000ebd00000)
  to   space 1536K, 0% used [0x00000000eba00000,0x00000000eba00000,0x00000000ebb80000)
 ParOldGen       total 84992K, used 84603K [0x00000000c0000000, 0x00000000c5300000, 0x00000000eab00000)
  object space 84992K, 99% used [0x00000000c0000000,0x00000000c529eee0,0x00000000c5300000)
 Metaspace       used 56244K, committed 57536K, reserved 1114112K
  class space    used 5821K, committed 6400K, reserved 1048576K
}
Event: 13.860 GC heap after
{Heap after GC invocations=55 (full 2):
 PSYoungGen      total 16896K, used 1512K [0x00000000eab00000, 0x00000000ec100000, 0x0000000100000000)
  eden space 15360K, 0% used [0x00000000eab00000,0x00000000eab00000,0x00000000eba00000)
  from space 1536K, 98% used [0x00000000eba00000,0x00000000ebb7a280,0x00000000ebb80000)
  to   space 3584K, 0% used [0x00000000ebd80000,0x00000000ebd80000,0x00000000ec100000)
 ParOldGen       total 86528K, used 86193K [0x00000000c0000000, 0x00000000c5480000, 0x00000000eab00000)
  object space 86528K, 99% used [0x00000000c0000000,0x00000000c542c4f0,0x00000000c5480000)
 Metaspace       used 56244K, committed 57536K, reserved 1114112K
  class space    used 5821K, committed 6400K, reserved 1048576K
}
Event: 13.984 GC heap before
{Heap before GC invocations=56 (full 2):
 PSYoungGen      total 16896K, used 16872K [0x00000000eab00000, 0x00000000ec100000, 0x0000000100000000)
  eden space 15360K, 100% used [0x00000000eab00000,0x00000000eba00000,0x00000000eba00000)
  from space 1536K, 98% used [0x00000000eba00000,0x00000000ebb7a280,0x00000000ebb80000)
  to   space 3584K, 0% used [0x00000000ebd80000,0x00000000ebd80000,0x00000000ec100000)
 ParOldGen       total 86528K, used 86193K [0x00000000c0000000, 0x00000000c5480000, 0x00000000eab00000)
  object space 86528K, 99% used [0x00000000c0000000,0x00000000c542c4f0,0x00000000c5480000)
 Metaspace       used 56289K, committed 57600K, reserved 1114112K
  class space    used 5821K, committed 6400K, reserved 1048576K
}
Event: 13.987 GC heap after
{Heap after GC invocations=56 (full 2):
 PSYoungGen      total 17920K, used 2387K [0x00000000eab00000, 0x00000000ec000000, 0x0000000100000000)
  eden space 15360K, 0% used [0x00000000eab00000,0x00000000eab00000,0x00000000eba00000)
  from space 2560K, 93% used [0x00000000ebd80000,0x00000000ebfd4f50,0x00000000ec000000)
  to   space 3072K, 0% used [0x00000000eba00000,0x00000000eba00000,0x00000000ebd00000)
 ParOldGen       total 88064K, used 87658K [0x00000000c0000000, 0x00000000c5600000, 0x00000000eab00000)
  object space 88064K, 99% used [0x00000000c0000000,0x00000000c559abf8,0x00000000c5600000)
 Metaspace       used 56289K, committed 57600K, reserved 1114112K
  class space    used 5821K, committed 6400K, reserved 1048576K
}
Event: 14.051 GC heap before
{Heap before GC invocations=57 (full 2):
 PSYoungGen      total 17920K, used 17741K [0x00000000eab00000, 0x00000000ec000000, 0x0000000100000000)
  eden space 15360K, 99% used [0x00000000eab00000,0x00000000eb9fe4b0,0x00000000eba00000)
  from space 2560K, 93% used [0x00000000ebd80000,0x00000000ebfd4f50,0x00000000ec000000)
  to   space 3072K, 0% used [0x00000000eba00000,0x00000000eba00000,0x00000000ebd00000)
 ParOldGen       total 88064K, used 87658K [0x00000000c0000000, 0x00000000c5600000, 0x00000000eab00000)
  object space 88064K, 99% used [0x00000000c0000000,0x00000000c559abf8,0x00000000c5600000)
 Metaspace       used 56333K, committed 57664K, reserved 1114112K
  class space    used 5821K, committed 6464K, reserved 1048576K
}
Event: 14.053 GC heap after
{Heap after GC invocations=57 (full 2):
 PSYoungGen      total 17920K, used 2176K [0x00000000eab00000, 0x00000000ebf00000, 0x0000000100000000)
  eden space 15360K, 0% used [0x00000000eab00000,0x00000000eab00000,0x00000000eba00000)
  from space 2560K, 85% used [0x00000000eba00000,0x00000000ebc20000,0x00000000ebc80000)
  to   space 2560K, 0% used [0x00000000ebc80000,0x00000000ebc80000,0x00000000ebf00000)
 ParOldGen       total 90112K, used 89767K [0x00000000c0000000, 0x00000000c5800000, 0x00000000eab00000)
  object space 90112K, 99% used [0x00000000c0000000,0x00000000c57a9ef0,0x00000000c5800000)
 Metaspace       used 56333K, committed 57664K, reserved 1114112K
  class space    used 5821K, committed 6464K, reserved 1048576K
}
Event: 14.120 GC heap before
{Heap before GC invocations=58 (full 2):
 PSYoungGen      total 17920K, used 17536K [0x00000000eab00000, 0x00000000ebf00000, 0x0000000100000000)
  eden space 15360K, 100% used [0x00000000eab00000,0x00000000eba00000,0x00000000eba00000)
  from space 2560K, 85% used [0x00000000eba00000,0x00000000ebc20000,0x00000000ebc80000)
  to   space 2560K, 0% used [0x00000000ebc80000,0x00000000ebc80000,0x00000000ebf00000)
 ParOldGen       total 90112K, used 89767K [0x00000000c0000000, 0x00000000c5800000, 0x00000000eab00000)
  object space 90112K, 99% used [0x00000000c0000000,0x00000000c57a9ef0,0x00000000c5800000)
 Metaspace       used 56379K, committed 57728K, reserved 1114112K
  class space    used 5821K, committed 6464K, reserved 1048576K
}
Event: 14.123 GC heap after
{Heap after GC invocations=58 (full 2):
 PSYoungGen      total 17920K, used 2144K [0x00000000eab00000, 0x00000000ebf00000, 0x0000000100000000)
  eden space 15360K, 0% used [0x00000000eab00000,0x00000000eab00000,0x00000000eba00000)
  from space 2560K, 83% used [0x00000000ebc80000,0x00000000ebe98000,0x00000000ebf00000)
  to   space 2560K, 0% used [0x00000000eba00000,0x00000000eba00000,0x00000000ebc80000)
 ParOldGen       total 92160K, used 91756K [0x00000000c0000000, 0x00000000c5a00000, 0x00000000eab00000)
  object space 92160K, 99% used [0x00000000c0000000,0x00000000c599b120,0x00000000c5a00000)
 Metaspace       used 56379K, committed 57728K, reserved 1114112K
  class space    used 5821K, committed 6464K, reserved 1048576K
}
Event: 14.214 GC heap before
{Heap before GC invocations=59 (full 2):
 PSYoungGen      total 17920K, used 17500K [0x00000000eab00000, 0x00000000ebf00000, 0x0000000100000000)
  eden space 15360K, 99% used [0x00000000eab00000,0x00000000eb9ff0e8,0x00000000eba00000)
  from space 2560K, 83% used [0x00000000ebc80000,0x00000000ebe98000,0x00000000ebf00000)
  to   space 2560K, 0% used [0x00000000eba00000,0x00000000eba00000,0x00000000ebc80000)
 ParOldGen       total 92160K, used 91756K [0x00000000c0000000, 0x00000000c5a00000, 0x00000000eab00000)
  object space 92160K, 99% used [0x00000000c0000000,0x00000000c599b120,0x00000000c5a00000)
 Metaspace       used 56446K, committed 57792K, reserved 1114112K
  class space    used 5823K, committed 6464K, reserved 1048576K
}
Event: 15.231 GC heap after
{Heap after GC invocations=59 (full 2):
 PSYoungGen      total 17920K, used 2352K [0x00000000eab00000, 0x00000000ec280000, 0x0000000100000000)
  eden space 15360K, 0% used [0x00000000eab00000,0x00000000eab00000,0x00000000eba00000)
  from space 2560K, 91% used [0x00000000eba00000,0x00000000ebc4c008,0x00000000ebc80000)
  to   space 2560K, 0% used [0x00000000ec000000,0x00000000ec000000,0x00000000ec280000)
 ParOldGen       total 94208K, used 93709K [0x00000000c0000000, 0x00000000c5c00000, 0x00000000eab00000)
  object space 94208K, 99% used [0x00000000c0000000,0x00000000c5b83580,0x00000000c5c00000)
 Metaspace       used 56446K, committed 57792K, reserved 1114112K
  class space    used 5823K, committed 6464K, reserved 1048576K
}
Event: 15.298 GC heap before
{Heap before GC invocations=60 (full 2):
 PSYoungGen      total 17920K, used 17712K [0x00000000eab00000, 0x00000000ec280000, 0x0000000100000000)
  eden space 15360K, 100% used [0x00000000eab00000,0x00000000eba00000,0x00000000eba00000)
  from space 2560K, 91% used [0x00000000eba00000,0x00000000ebc4c008,0x00000000ebc80000)
  to   space 2560K, 0% used [0x00000000ec000000,0x00000000ec000000,0x00000000ec280000)
 ParOldGen       total 94208K, used 93709K [0x00000000c0000000, 0x00000000c5c00000, 0x00000000eab00000)
  object space 94208K, 99% used [0x00000000c0000000,0x00000000c5b83580,0x00000000c5c00000)
 Metaspace       used 56509K, committed 57856K, reserved 1114112K
  class space    used 5826K, committed 6464K, reserved 1048576K
}
Event: 15.301 GC heap after
{Heap after GC invocations=60 (full 2):
 PSYoungGen      total 17408K, used 1760K [0x00000000eab00000, 0x00000000ec200000, 0x0000000100000000)
  eden space 15360K, 0% used [0x00000000eab00000,0x00000000eab00000,0x00000000eba00000)
  from space 2048K, 85% used [0x00000000ec000000,0x00000000ec1b8000,0x00000000ec200000)
  to   space 2048K, 0% used [0x00000000ebe00000,0x00000000ebe00000,0x00000000ec000000)
 ParOldGen       total 96256K, used 95941K [0x00000000c0000000, 0x00000000c5e00000, 0x00000000eab00000)
  object space 96256K, 99% used [0x00000000c0000000,0x00000000c5db1718,0x00000000c5e00000)
 Metaspace       used 56509K, committed 57856K, reserved 1114112K
  class space    used 5826K, committed 6464K, reserved 1048576K
}

Dll operation events (10 events):
Event: 0.011 Loaded shared library c:\Users\ADIKTA\.vscode\extensions\redhat.java-1.42.0-win32-x64\jre\21.0.7-win32-x86_64\bin\java.dll
Event: 0.088 Loaded shared library c:\Users\ADIKTA\.vscode\extensions\redhat.java-1.42.0-win32-x64\jre\21.0.7-win32-x86_64\bin\zip.dll
Event: 0.108 Loaded shared library C:\Users\ADIKTA\.vscode\extensions\redhat.java-1.42.0-win32-x64\jre\21.0.7-win32-x86_64\bin\instrument.dll
Event: 0.115 Loaded shared library C:\Users\ADIKTA\.vscode\extensions\redhat.java-1.42.0-win32-x64\jre\21.0.7-win32-x86_64\bin\net.dll
Event: 0.119 Loaded shared library C:\Users\ADIKTA\.vscode\extensions\redhat.java-1.42.0-win32-x64\jre\21.0.7-win32-x86_64\bin\nio.dll
Event: 0.124 Loaded shared library C:\Users\ADIKTA\.vscode\extensions\redhat.java-1.42.0-win32-x64\jre\21.0.7-win32-x86_64\bin\zip.dll
Event: 0.146 Loaded shared library C:\Users\ADIKTA\.vscode\extensions\redhat.java-1.42.0-win32-x64\jre\21.0.7-win32-x86_64\bin\jimage.dll
Event: 0.246 Loaded shared library c:\Users\ADIKTA\.vscode\extensions\redhat.java-1.42.0-win32-x64\jre\21.0.7-win32-x86_64\bin\verify.dll
Event: 1.699 Loaded shared library C:\Users\ADIKTA\AppData\Roaming\Code\User\globalStorage\redhat.java\1.42.0\config_win\org.eclipse.equinox.launcher\org.eclipse.equinox.launcher.win32.win32.x86_64_1.2.1300.v20250331-1702\eclipse_11911.dll
Event: 5.244 Loaded shared library C:\Users\ADIKTA\AppData\Local\Temp\jna-1925943730\jna629961474184045368.dll

Deoptimization events (20 events):
Event: 13.926 Thread 0x000001fb8e3c1690 DEOPT PACKING pc=0x000001fb34dac257 sp=0x000000b60c3fe6a0
Event: 13.926 Thread 0x000001fb8e3c1690 DEOPT UNPACKING pc=0x000001fb3b444242 sp=0x000000b60c3fdb08 mode 0
Event: 13.926 Thread 0x000001fb8e3c1690 DEOPT PACKING pc=0x000001fb34def3f6 sp=0x000000b60c3fe5f0
Event: 13.926 Thread 0x000001fb8e3c1690 DEOPT UNPACKING pc=0x000001fb3b444242 sp=0x000000b60c3fdae8 mode 0
Event: 14.021 Thread 0x000001fb8df89fc0 DEOPT PACKING pc=0x000001fb340cd9c6 sp=0x000000b60c0fd3c0
Event: 14.021 Thread 0x000001fb8df89fc0 DEOPT UNPACKING pc=0x000001fb3b444242 sp=0x000000b60c0fc940 mode 0
Event: 14.106 Thread 0x000001fb87ea3f00 DEOPT PACKING pc=0x000001fb340cd9c6 sp=0x000000b60edfebf0
Event: 14.106 Thread 0x000001fb87ea3f00 DEOPT UNPACKING pc=0x000001fb3b444242 sp=0x000000b60edfe170 mode 0
Event: 14.185 Thread 0x000001fb87ea4590 DEOPT PACKING pc=0x000001fb340cd9c6 sp=0x000000b60f0fe6a0
Event: 14.185 Thread 0x000001fb87ea4590 DEOPT UNPACKING pc=0x000001fb3b444242 sp=0x000000b60f0fdc20 mode 0
Event: 15.274 Thread 0x000001fb8e3c1690 DEOPT PACKING pc=0x000001fb34bec7d3 sp=0x000000b60c3fe950
Event: 15.274 Thread 0x000001fb8e3c1690 DEOPT UNPACKING pc=0x000001fb3b444242 sp=0x000000b60c3fdeb8 mode 0
Event: 15.293 Thread 0x000001fb87ea3f00 DEOPT PACKING pc=0x000001fb340cd9c6 sp=0x000000b60edfebf0
Event: 15.293 Thread 0x000001fb87ea3f00 DEOPT UNPACKING pc=0x000001fb3b444242 sp=0x000000b60edfe170 mode 0
Event: 15.353 Thread 0x000001fb8df89fc0 DEOPT PACKING pc=0x000001fb34f5ac60 sp=0x000000b60c0fd790
Event: 15.353 Thread 0x000001fb8df89fc0 DEOPT UNPACKING pc=0x000001fb3b444242 sp=0x000000b60c0fcc98 mode 0
Event: 15.422 Thread 0x000001fb8e3c1690 DEOPT PACKING pc=0x000001fb34bec7d3 sp=0x000000b60c3fe950
Event: 15.422 Thread 0x000001fb8e3c1690 DEOPT UNPACKING pc=0x000001fb3b444242 sp=0x000000b60c3fdeb8 mode 0
Event: 15.433 Thread 0x000001fb8df89fc0 DEOPT PACKING pc=0x000001fb34502439 sp=0x000000b60c0f81c0
Event: 15.433 Thread 0x000001fb8df89fc0 DEOPT UNPACKING pc=0x000001fb3b444242 sp=0x000000b60c0f76c0 mode 0

Classes loaded (20 events):
Event: 9.815 Loading class sun/security/provider/MD5
Event: 9.815 Loading class sun/security/provider/MD5 done
Event: 9.816 Loading class sun/security/provider/ByteArrayAccess$LE
Event: 9.816 Loading class sun/security/provider/ByteArrayAccess$LE done
Event: 9.818 Loading class java/util/WeakHashMap$KeyIterator
Event: 9.819 Loading class java/util/WeakHashMap$KeyIterator done
Event: 10.111 Loading class java/lang/invoke/MethodHandleImpl$CountingWrapper$1
Event: 10.112 Loading class java/lang/invoke/MethodHandleImpl$CountingWrapper$1 done
Event: 10.560 Loading class jdk/internal/math/FormattedFPDecimal
Event: 10.560 Loading class jdk/internal/math/FormattedFPDecimal done
Event: 10.615 Loading class java/util/concurrent/ForkJoinTask$AdaptedCallable
Event: 10.615 Loading class java/util/concurrent/ForkJoinTask$AdaptedCallable done
Event: 11.192 Loading class java/util/Vector$1
Event: 11.192 Loading class java/util/Vector$1 done
Event: 11.861 Loading class java/util/regex/Pattern$Caret
Event: 11.862 Loading class java/util/regex/Pattern$Caret done
Event: 11.945 Loading class java/util/regex/Pattern$LazyLoop
Event: 11.945 Loading class java/util/regex/Pattern$LazyLoop done
Event: 12.427 Loading class sun/nio/fs/WindowsFileCopy
Event: 12.428 Loading class sun/nio/fs/WindowsFileCopy done

Classes unloaded (7 events):
Event: 6.049 Thread 0x000001fb30cde9a0 Unloading class 0x000001fb4719d400 'java/lang/invoke/LambdaForm$MH+0x000001fb4719d400'
Event: 6.049 Thread 0x000001fb30cde9a0 Unloading class 0x000001fb4719d000 'java/lang/invoke/LambdaForm$MH+0x000001fb4719d000'
Event: 6.049 Thread 0x000001fb30cde9a0 Unloading class 0x000001fb4719cc00 'java/lang/invoke/LambdaForm$MH+0x000001fb4719cc00'
Event: 6.049 Thread 0x000001fb30cde9a0 Unloading class 0x000001fb4719c800 'java/lang/invoke/LambdaForm$MH+0x000001fb4719c800'
Event: 6.049 Thread 0x000001fb30cde9a0 Unloading class 0x000001fb4719c400 'java/lang/invoke/LambdaForm$BMH+0x000001fb4719c400'
Event: 6.049 Thread 0x000001fb30cde9a0 Unloading class 0x000001fb4719c000 'java/lang/invoke/LambdaForm$DMH+0x000001fb4719c000'
Event: 6.049 Thread 0x000001fb30cde9a0 Unloading class 0x000001fb4719ac00 'java/lang/invoke/LambdaForm$DMH+0x000001fb4719ac00'

Classes redefined (0 events):
No events

Internal exceptions (20 events):
Event: 10.653 Thread 0x000001fb903ef970 Exception <a 'sun/nio/fs/WindowsException'{0x00000000eae5fe30}> (0x00000000eae5fe30) 
thrown [s\src\hotspot\share\prims\jni.cpp, line 520]
Event: 10.654 Thread 0x000001fb903f0d20 Exception <a 'sun/nio/fs/WindowsException'{0x00000000eae25bc0}> (0x00000000eae25bc0) 
thrown [s\src\hotspot\share\prims\jni.cpp, line 520]
Event: 10.654 Thread 0x000001fb903f0000 Exception <a 'sun/nio/fs/WindowsException'{0x00000000eadc8cf0}> (0x00000000eadc8cf0) 
thrown [s\src\hotspot\share\prims\jni.cpp, line 520]
Event: 10.656 Thread 0x000001fb903eec50 Exception <a 'sun/nio/fs/WindowsException'{0x00000000eae42038}> (0x00000000eae42038) 
thrown [s\src\hotspot\share\prims\jni.cpp, line 520]
Event: 10.656 Thread 0x000001fb903ef2e0 Exception <a 'sun/nio/fs/WindowsException'{0x00000000ead58098}> (0x00000000ead58098) 
thrown [s\src\hotspot\share\prims\jni.cpp, line 520]
Event: 10.657 Thread 0x000001fb903f0000 Exception <a 'sun/nio/fs/WindowsException'{0x00000000eadcab38}> (0x00000000eadcab38) 
thrown [s\src\hotspot\share\prims\jni.cpp, line 520]
Event: 10.657 Thread 0x000001fb903ef970 Exception <a 'sun/nio/fs/WindowsException'{0x00000000eae62130}> (0x00000000eae62130) 
thrown [s\src\hotspot\share\prims\jni.cpp, line 520]
Event: 10.658 Thread 0x000001fb903ee5c0 Exception <a 'sun/nio/fs/WindowsException'{0x00000000eada2538}> (0x00000000eada2538) 
thrown [s\src\hotspot\share\prims\jni.cpp, line 520]
Event: 10.659 Thread 0x000001fb903eec50 Exception <a 'sun/nio/fs/WindowsException'{0x00000000eae443d0}> (0x00000000eae443d0) 
thrown [s\src\hotspot\share\prims\jni.cpp, line 520]
Event: 10.659 Thread 0x000001fb903ed210 Exception <a 'sun/nio/fs/WindowsException'{0x00000000eae77f10}> (0x00000000eae77f10) 
thrown [s\src\hotspot\share\prims\jni.cpp, line 520]
Event: 10.677 Thread 0x000001fb903ec4f0 Exception <a 'sun/nio/fs/WindowsException'{0x00000000eaf201e0}> (0x00000000eaf201e0) 
thrown [s\src\hotspot\share\prims\jni.cpp, line 520]
Event: 10.678 Thread 0x000001fb903f0d20 Exception <a 'sun/nio/fs/WindowsException'{0x00000000eaf086d0}> (0x00000000eaf086d0) 
thrown [s\src\hotspot\share\prims\jni.cpp, line 520]
Event: 10.681 Thread 0x000001fb903ed210 Exception <a 'sun/nio/fs/WindowsException'{0x00000000eaefead8}> (0x00000000eaefead8) 
thrown [s\src\hotspot\share\prims\jni.cpp, line 520]
Event: 10.683 Thread 0x000001fb903edf30 Exception <a 'sun/nio/fs/WindowsException'{0x00000000eae72790}> (0x00000000eae72790) 
thrown [s\src\hotspot\share\prims\jni.cpp, line 520]
Event: 10.683 Thread 0x000001fb903ed210 Exception <a 'sun/nio/fs/WindowsException'{0x00000000eaf006a8}> (0x00000000eaf006a8) 
thrown [s\src\hotspot\share\prims\jni.cpp, line 520]
Event: 10.694 Thread 0x000001fb8df89fc0 Exception <a 'sun/nio/fs/WindowsException'{0x00000000eaf94b28}> (0x00000000eaf94b28) 
thrown [s\src\hotspot\share\prims\jni.cpp, line 520]
Event: 12.160 Thread 0x000001fb8df89fc0 Exception <a 'java/lang/NoSuchMethodError'{0x00000000eb59ed68}: 'java.lang.Object java.lang.invoke.DirectMethodHandle$Holder.invokeStatic(java.lang.Object, java.lang.Object, int, int)'> (0x00000000eb59ed68) 
thrown [s\src\hotspot\share\interpreter\linkResolver.cpp, line 773]
Event: 12.161 Thread 0x000001fb8df89fc0 Exception <a 'java/lang/NoSuchMethodError'{0x00000000eb5a3168}: 'java.lang.Object java.lang.invoke.DirectMethodHandle$Holder.invokeSpecial(java.lang.Object, java.lang.Object, java.lang.Object, int, int)'> (0x00000000eb5a3168) 
thrown [s\src\hotspot\share\interpreter\linkResolver.cpp, line 773]
Event: 12.429 Thread 0x000001fb8e3c1690 Exception <a 'sun/nio/fs/WindowsException'{0x00000000eabbcd08}> (0x00000000eabbcd08) 
thrown [s\src\hotspot\share\prims\jni.cpp, line 520]
Event: 12.473 Thread 0x000001fb8e3c1690 Exception <a 'sun/nio/fs/WindowsException'{0x00000000eae36350}> (0x00000000eae36350) 
thrown [s\src\hotspot\share\prims\jni.cpp, line 520]

ZGC Phase Switch (0 events):
No events

VM Operations (20 events):
Event: 12.624 Executing VM operation: ParallelGCFailedAllocation (Allocation Failure)
Event: 12.626 Executing VM operation: ParallelGCFailedAllocation (Allocation Failure) done
Event: 12.664 Executing VM operation: ParallelGCFailedAllocation (Allocation Failure)
Event: 12.671 Executing VM operation: ParallelGCFailedAllocation (Allocation Failure) done
Event: 12.755 Executing VM operation: ParallelGCFailedAllocation (Allocation Failure)
Event: 12.757 Executing VM operation: ParallelGCFailedAllocation (Allocation Failure) done
Event: 12.860 Executing VM operation: ParallelGCFailedAllocation (Allocation Failure)
Event: 13.860 Executing VM operation: ParallelGCFailedAllocation (Allocation Failure) done
Event: 13.984 Executing VM operation: ParallelGCFailedAllocation (Allocation Failure)
Event: 13.987 Executing VM operation: ParallelGCFailedAllocation (Allocation Failure) done
Event: 14.051 Executing VM operation: ParallelGCFailedAllocation (Allocation Failure)
Event: 14.053 Executing VM operation: ParallelGCFailedAllocation (Allocation Failure) done
Event: 14.120 Executing VM operation: ParallelGCFailedAllocation (Allocation Failure)
Event: 14.123 Executing VM operation: ParallelGCFailedAllocation (Allocation Failure) done
Event: 14.214 Executing VM operation: ParallelGCFailedAllocation (Allocation Failure)
Event: 15.231 Executing VM operation: ParallelGCFailedAllocation (Allocation Failure) done
Event: 15.298 Executing VM operation: ParallelGCFailedAllocation (Allocation Failure)
Event: 15.301 Executing VM operation: ParallelGCFailedAllocation (Allocation Failure) done
Event: 16.309 Executing VM operation: Cleanup
Event: 16.309 Executing VM operation: Cleanup done

Memory protections (0 events):
No events

Nmethod flushes (20 events):
Event: 7.983 Thread 0x000001fb30cde9a0 flushing  nmethod 0x000001fb3457be10
Event: 7.983 Thread 0x000001fb30cde9a0 flushing  nmethod 0x000001fb3457c110
Event: 7.983 Thread 0x000001fb30cde9a0 flushing  nmethod 0x000001fb34591590
Event: 7.983 Thread 0x000001fb30cde9a0 flushing  nmethod 0x000001fb345b1c10
Event: 7.983 Thread 0x000001fb30cde9a0 flushing  nmethod 0x000001fb345b2010
Event: 7.983 Thread 0x000001fb30cde9a0 flushing  nmethod 0x000001fb345b2910
Event: 7.983 Thread 0x000001fb30cde9a0 flushing  nmethod 0x000001fb345b3b10
Event: 7.983 Thread 0x000001fb30cde9a0 flushing  nmethod 0x000001fb345c4410
Event: 7.983 Thread 0x000001fb30cde9a0 flushing  nmethod 0x000001fb345c4910
Event: 7.983 Thread 0x000001fb30cde9a0 flushing  nmethod 0x000001fb345d8c90
Event: 7.983 Thread 0x000001fb30cde9a0 flushing  nmethod 0x000001fb345dff90
Event: 7.983 Thread 0x000001fb30cde9a0 flushing  nmethod 0x000001fb345ec290
Event: 7.983 Thread 0x000001fb30cde9a0 flushing  nmethod 0x000001fb345ef990
Event: 7.983 Thread 0x000001fb30cde9a0 flushing  nmethod 0x000001fb34615d10
Event: 7.983 Thread 0x000001fb30cde9a0 flushing  nmethod 0x000001fb34616210
Event: 7.983 Thread 0x000001fb30cde9a0 flushing  nmethod 0x000001fb3464ec90
Event: 7.983 Thread 0x000001fb30cde9a0 flushing  nmethod 0x000001fb3464f090
Event: 7.983 Thread 0x000001fb30cde9a0 flushing  nmethod 0x000001fb34681c90
Event: 7.983 Thread 0x000001fb30cde9a0 flushing  nmethod 0x000001fb3469c610
Event: 7.983 Thread 0x000001fb30cde9a0 flushing  nmethod 0x000001fb3469ca90

Events (20 events):
Event: 10.629 Thread 0x000001fb903ea420 Thread added: 0x000001fb903ef2e0
Event: 10.629 Thread 0x000001fb903ef2e0 Thread added: 0x000001fb903ee5c0
Event: 10.631 Thread 0x000001fb903edf30 Thread added: 0x000001fb903eec50
Event: 10.632 Thread 0x000001fb903ea420 Thread added: 0x000001fb903ef970
Event: 10.632 Thread 0x000001fb903eec50 Thread added: 0x000001fb903ed210
Event: 10.633 Thread 0x000001fb903edf30 Thread added: 0x000001fb903ec4f0
Event: 10.633 Thread 0x000001fb903eec50 Thread added: 0x000001fb903f0000
Event: 10.633 Thread 0x000001fb903ef2e0 Thread added: 0x000001fb903f1a40
Event: 10.633 Thread 0x000001fb903ed210 Thread added: 0x000001fb903f0d20
Event: 10.818 Thread 0x000001fb8df89fc0 Thread added: 0x000001fb903f0690
Event: 10.818 Thread 0x000001fb8df89fc0 Thread added: 0x000001fb903f13b0
Event: 10.819 Thread 0x000001fb8df89fc0 Thread added: 0x000001fb87ea3870
Event: 10.819 Thread 0x000001fb8df89fc0 Thread added: 0x000001fb87ea31e0
Event: 10.819 Thread 0x000001fb8df89fc0 Thread added: 0x000001fb87ea03f0
Event: 10.819 Thread 0x000001fb8df89fc0 Thread added: 0x000001fb87ea1110
Event: 10.819 Thread 0x000001fb8df89fc0 Thread added: 0x000001fb87ea3f00
Event: 10.819 Thread 0x000001fb8df89fc0 Thread added: 0x000001fb87ea0a80
Event: 10.819 Thread 0x000001fb8df89fc0 Thread added: 0x000001fb87ea24c0
Event: 10.820 Thread 0x000001fb87ea0a80 Thread added: 0x000001fb87ea4590
Event: 11.231 Thread 0x000001fb8df892a0 Thread exited: 0x000001fb8df892a0


Dynamic libraries:
0x00007ff679980000 - 0x00007ff67998e000 	c:\Users\ADIKTA\.vscode\extensions\redhat.java-1.42.0-win32-x64\jre\21.0.7-win32-x86_64\bin\java.exe
0x00007ffc94a60000 - 0x00007ffc94cc5000 	C:\WINDOWS\SYSTEM32\ntdll.dll
0x00007ffc92900000 - 0x00007ffc929c9000 	C:\WINDOWS\System32\KERNEL32.DLL
0x00007ffc91fc0000 - 0x00007ffc923a8000 	C:\WINDOWS\System32\KERNELBASE.dll
0x00007ffc92480000 - 0x00007ffc925cb000 	C:\WINDOWS\System32\ucrtbase.dll
0x00007ffc8dca0000 - 0x00007ffc8dcb8000 	c:\Users\ADIKTA\.vscode\extensions\redhat.java-1.42.0-win32-x64\jre\21.0.7-win32-x86_64\bin\jli.dll
0x00007ffc8dc40000 - 0x00007ffc8dc5e000 	c:\Users\ADIKTA\.vscode\extensions\redhat.java-1.42.0-win32-x64\jre\21.0.7-win32-x86_64\bin\VCRUNTIME140.dll
0x00007ffc93a00000 - 0x00007ffc93bca000 	C:\WINDOWS\System32\USER32.dll
0x00007ffc92450000 - 0x00007ffc92477000 	C:\WINDOWS\System32\win32u.dll
0x00007ffc83260000 - 0x00007ffc834fa000 	C:\WINDOWS\WinSxS\amd64_microsoft.windows.common-controls_6595b64144ccf1df_6.0.26100.4202_none_3e0698d4e335f517\COMCTL32.dll
0x00007ffc929d0000 - 0x00007ffc929fb000 	C:\WINDOWS\System32\GDI32.dll
0x00007ffc92f00000 - 0x00007ffc92fa9000 	C:\WINDOWS\System32\msvcrt.dll
0x00007ffc92690000 - 0x00007ffc927c7000 	C:\WINDOWS\System32\gdi32full.dll
0x00007ffc91b80000 - 0x00007ffc91c23000 	C:\WINDOWS\System32\msvcp_win.dll
0x00007ffc927d0000 - 0x00007ffc92800000 	C:\WINDOWS\System32\IMM32.DLL
0x00007ffc8dcf0000 - 0x00007ffc8dcfc000 	c:\Users\ADIKTA\.vscode\extensions\redhat.java-1.42.0-win32-x64\jre\21.0.7-win32-x86_64\bin\vcruntime140_1.dll
0x00007ffc1a510000 - 0x00007ffc1a59d000 	c:\Users\ADIKTA\.vscode\extensions\redhat.java-1.42.0-win32-x64\jre\21.0.7-win32-x86_64\bin\msvcp140.dll
0x00007ffb9c0a0000 - 0x00007ffb9ce30000 	c:\Users\ADIKTA\.vscode\extensions\redhat.java-1.42.0-win32-x64\jre\21.0.7-win32-x86_64\bin\server\jvm.dll
0x00007ffc93940000 - 0x00007ffc939f3000 	C:\WINDOWS\System32\ADVAPI32.dll
0x00007ffc94540000 - 0x00007ffc945e6000 	C:\WINDOWS\System32\sechost.dll
0x00007ffc94190000 - 0x00007ffc942a5000 	C:\WINDOWS\System32\RPCRT4.dll
0x00007ffc94440000 - 0x00007ffc944b4000 	C:\WINDOWS\System32\WS2_32.dll
0x00007ffc919d0000 - 0x00007ffc91a2e000 	C:\WINDOWS\SYSTEM32\POWRPROF.dll
0x00007ffc83700000 - 0x00007ffc8370b000 	C:\WINDOWS\SYSTEM32\VERSION.dll
0x00007ffc836c0000 - 0x00007ffc836f5000 	C:\WINDOWS\SYSTEM32\WINMM.dll
0x00007ffc919b0000 - 0x00007ffc919c4000 	C:\WINDOWS\SYSTEM32\UMPDC.dll
0x00007ffc90900000 - 0x00007ffc9091b000 	C:\WINDOWS\SYSTEM32\kernel.appcore.dll
0x00007ffc8dc30000 - 0x00007ffc8dc3a000 	c:\Users\ADIKTA\.vscode\extensions\redhat.java-1.42.0-win32-x64\jre\21.0.7-win32-x86_64\bin\jimage.dll
0x00007ffc8f530000 - 0x00007ffc8f771000 	C:\WINDOWS\SYSTEM32\DBGHELP.DLL
0x00007ffc945f0000 - 0x00007ffc94975000 	C:\WINDOWS\System32\combase.dll
0x00007ffc92810000 - 0x00007ffc928f1000 	C:\WINDOWS\System32\OLEAUT32.dll
0x00007ffc816f0000 - 0x00007ffc81729000 	C:\WINDOWS\SYSTEM32\dbgcore.DLL
0x00007ffc923b0000 - 0x00007ffc92449000 	C:\WINDOWS\System32\bcryptPrimitives.dll
0x00007ffc8dd60000 - 0x00007ffc8dd6f000 	c:\Users\ADIKTA\.vscode\extensions\redhat.java-1.42.0-win32-x64\jre\21.0.7-win32-x86_64\bin\instrument.dll
0x00007ffc807b0000 - 0x00007ffc807cf000 	c:\Users\ADIKTA\.vscode\extensions\redhat.java-1.42.0-win32-x64\jre\21.0.7-win32-x86_64\bin\java.dll
0x00007ffc931f0000 - 0x00007ffc93932000 	C:\WINDOWS\System32\SHELL32.dll
0x00007ffc91c30000 - 0x00007ffc91da4000 	C:\WINDOWS\System32\wintypes.dll
0x00007ffc8f7b0000 - 0x00007ffc90007000 	C:\WINDOWS\SYSTEM32\windows.storage.dll
0x00007ffc942b0000 - 0x00007ffc943a1000 	C:\WINDOWS\System32\SHCORE.dll
0x00007ffc93c90000 - 0x00007ffc93cfa000 	C:\WINDOWS\System32\shlwapi.dll
0x00007ffc91a90000 - 0x00007ffc91abf000 	C:\WINDOWS\SYSTEM32\profapi.dll
0x00007ffc8dd00000 - 0x00007ffc8dd18000 	c:\Users\ADIKTA\.vscode\extensions\redhat.java-1.42.0-win32-x64\jre\21.0.7-win32-x86_64\bin\zip.dll
0x00007ffc855f0000 - 0x00007ffc85600000 	C:\Users\ADIKTA\.vscode\extensions\redhat.java-1.42.0-win32-x64\jre\21.0.7-win32-x86_64\bin\net.dll
0x00007ffc864c0000 - 0x00007ffc865de000 	C:\WINDOWS\SYSTEM32\WINHTTP.dll
0x00007ffc90e50000 - 0x00007ffc90eba000 	C:\WINDOWS\system32\mswsock.dll
0x00007ffc80840000 - 0x00007ffc80856000 	C:\Users\ADIKTA\.vscode\extensions\redhat.java-1.42.0-win32-x64\jre\21.0.7-win32-x86_64\bin\nio.dll
0x00007ffc8dd50000 - 0x00007ffc8dd60000 	c:\Users\ADIKTA\.vscode\extensions\redhat.java-1.42.0-win32-x64\jre\21.0.7-win32-x86_64\bin\verify.dll
0x00007ffc61710000 - 0x00007ffc61755000 	C:\Users\ADIKTA\AppData\Roaming\Code\User\globalStorage\redhat.java\1.42.0\config_win\org.eclipse.equinox.launcher\org.eclipse.equinox.launcher.win32.win32.x86_64_1.2.1300.v20250331-1702\eclipse_11911.dll
0x00007ffc93040000 - 0x00007ffc931de000 	C:\WINDOWS\System32\ole32.dll
0x00007ffc91230000 - 0x00007ffc9124b000 	C:\WINDOWS\SYSTEM32\CRYPTSP.dll
0x00007ffc90860000 - 0x00007ffc9089a000 	C:\WINDOWS\system32\rsaenh.dll
0x00007ffc90ef0000 - 0x00007ffc90f1b000 	C:\WINDOWS\SYSTEM32\USERENV.dll
0x00007ffc91a60000 - 0x00007ffc91a86000 	C:\WINDOWS\SYSTEM32\bcrypt.dll
0x00007ffc91090000 - 0x00007ffc9109c000 	C:\WINDOWS\SYSTEM32\CRYPTBASE.dll
0x00007ffc90300000 - 0x00007ffc90333000 	C:\WINDOWS\SYSTEM32\IPHLPAPI.DLL
0x00007ffc94980000 - 0x00007ffc9498a000 	C:\WINDOWS\System32\NSI.dll
0x00007ffc40fc0000 - 0x00007ffc41009000 	C:\Users\ADIKTA\AppData\Local\Temp\jna-1925943730\jna629961474184045368.dll
0x00007ffc93c80000 - 0x00007ffc93c88000 	C:\WINDOWS\System32\PSAPI.DLL
0x00007ffc86400000 - 0x00007ffc8641f000 	C:\WINDOWS\SYSTEM32\dhcpcsvc6.DLL
0x00007ffc863d0000 - 0x00007ffc863f5000 	C:\WINDOWS\SYSTEM32\dhcpcsvc.DLL

dbghelp: loaded successfully - version: 4.0.5 - missing functions: none
symbol engine: initialized successfully - sym options: 0x614 - pdb path: .;c:\Users\ADIKTA\.vscode\extensions\redhat.java-1.42.0-win32-x64\jre\21.0.7-win32-x86_64\bin;C:\WINDOWS\SYSTEM32;C:\WINDOWS\WinSxS\amd64_microsoft.windows.common-controls_6595b64144ccf1df_6.0.26100.4202_none_3e0698d4e335f517;c:\Users\ADIKTA\.vscode\extensions\redhat.java-1.42.0-win32-x64\jre\21.0.7-win32-x86_64\bin\server;C:\Users\ADIKTA\AppData\Roaming\Code\User\globalStorage\redhat.java\1.42.0\config_win\org.eclipse.equinox.launcher\org.eclipse.equinox.launcher.win32.win32.x86_64_1.2.1300.v20250331-1702;C:\Users\ADIKTA\AppData\Local\Temp\jna-1925943730

VM Arguments:
jvm_args: --add-modules=ALL-SYSTEM --add-opens=java.base/java.util=ALL-UNNAMED --add-opens=java.base/java.lang=ALL-UNNAMED --add-opens=java.base/sun.nio.fs=ALL-UNNAMED -Declipse.application=org.eclipse.jdt.ls.core.id1 -Dosgi.bundles.defaultStartLevel=4 -Declipse.product=org.eclipse.jdt.ls.core.product -Djava.import.generatesMetadataFilesAtProjectRoot=false -DDetectVMInstallationsJob.disabled=true -Dfile.encoding=utf8 -XX:+UseParallelGC -XX:GCTimeRatio=4 -XX:AdaptiveSizePolicyWeight=90 -Dsun.zip.disableMemoryMapping=true -Xmx1G -Xms100m -Xlog:disable -javaagent:c:\Users\ADIKTA\.vscode\extensions\redhat.java-1.42.0-win32-x64\lombok\lombok-1.18.36.jar -XX:+HeapDumpOnOutOfMemoryError -XX:HeapDumpPath=c:\Users\ADIKTA\AppData\Roaming\Code\User\workspaceStorage\310805df2fd27d5d184fb44a7eebb535\redhat.java -Daether.dependencyCollector.impl=bf 
java_command: c:\Users\ADIKTA\.vscode\extensions\redhat.java-1.42.0-win32-x64\server\plugins\org.eclipse.equinox.launcher_1.7.0.v20250424-1814.jar -configuration c:\Users\ADIKTA\AppData\Roaming\Code\User\globalStorage\redhat.java\1.42.0\config_win -data c:\Users\ADIKTA\AppData\Roaming\Code\User\workspaceStorage\310805df2fd27d5d184fb44a7eebb535\redhat.java\jdt_ws --pipe=\\.\pipe\lsp-1ca4c63ee4d477094de2632d056ce0c2-sock
java_class_path (initial): c:\Users\ADIKTA\.vscode\extensions\redhat.java-1.42.0-win32-x64\server\plugins\org.eclipse.equinox.launcher_1.7.0.v20250424-1814.jar
Launcher Type: SUN_STANDARD

[Global flags]
    uintx AdaptiveSizePolicyWeight                 = 90                                        {product} {command line}
     intx CICompilerCount                          = 4                                         {product} {ergonomic}
    uintx GCTimeRatio                              = 4                                         {product} {command line}
     bool HeapDumpOnOutOfMemoryError               = true                                   {manageable} {command line}
    ccstr HeapDumpPath                             = c:\Users\ADIKTA\AppData\Roaming\Code\User\workspaceStorage\310805df2fd27d5d184fb44a7eebb535\redhat.java         {manageable} {command line}
   size_t InitialHeapSize                          = 104857600                                 {product} {command line}
   size_t MaxHeapSize                              = 1073741824                                {product} {command line}
   size_t MaxNewSize                               = 357564416                                 {product} {ergonomic}
   size_t MinHeapDeltaBytes                        = 524288                                    {product} {ergonomic}
   size_t MinHeapSize                              = 104857600                                 {product} {command line}
   size_t NewSize                                  = 34603008                                  {product} {ergonomic}
    uintx NonNMethodCodeHeapSize                   = 5839372                                {pd product} {ergonomic}
    uintx NonProfiledCodeHeapSize                  = 122909434                              {pd product} {ergonomic}
   size_t OldSize                                  = 70254592                                  {product} {ergonomic}
    uintx ProfiledCodeHeapSize                     = 122909434                              {pd product} {ergonomic}
    uintx ReservedCodeCacheSize                    = 251658240                              {pd product} {ergonomic}
     bool SegmentedCodeCache                       = true                                      {product} {ergonomic}
   size_t SoftMaxHeapSize                          = 1073741824                             {manageable} {ergonomic}
     bool UseCompressedOops                        = true                           {product lp64_product} {ergonomic}
     bool UseLargePagesIndividualAllocation        = false                                  {pd product} {ergonomic}
     bool UseParallelGC                            = true                                      {product} {command line}

Logging:
Log output configuration:
 #0: stdout all=off uptime,level,tags foldmultilines=false
 #1: stderr all=off uptime,level,tags foldmultilines=false

Environment Variables:
JAVA_HOME=C:\Program Files\Java\jdk-22
PATH=C:\Program Files\Microsoft MPI\Bin\;C:\Program Files (x86)\VMware\VMware Player\bin\;C:\Program Files\Common Files\Oracle\Java\javapath;C:\Program Files (x86)\Common Files\Oracle\Java\java8path;C:\Program Files (x86)\Common Files\Oracle\Java\javapath;C:\WINDOWS\system32;C:\WINDOWS;C:\WINDOWS\System32\Wbem;C:\WINDOWS\System32\WindowsPowerShell\v1.0\;C:\WINDOWS\System32\OpenSSH\;C:\Program Files\nodejs\;C:\Program Files\dotnet\;C:\Program Files\Microsoft Network Monitor 3\;C:\Program Files\Git\cmd;C:\Program Files\Docker\Docker\resources\bin;C:\Program Files (x86)\Microsoft SQL Server\160\Tools\Binn\;C:\Program Files\Microsoft SQL Server\160\Tools\Binn\;C:\Program Files\Microsoft SQL Server\Client SDK\ODBC\170\Tools\Binn\;C:\Program Files\Microsoft SQL Server\160\DTS\Binn\;C:\Program Files (x86)\Microsoft SQL Server\160\DTS\Binn\;C:\Users\ADIKTA\.console-ninja\.bin;C:\Users\ADIKTA\AppData\Local\Programs\Python\Python312\Scripts\;C:\Users\ADIKTA\AppData\Local\Programs\Python\Python312\;C:\Users\ADIKTA\AppData\Local\Microsoft\WindowsApps;C:\Users\ADIKTA\AppData\Local\Programs\Microsoft VS Code\bin;C:\Program Files\Java\jdk-21\bin;C:\MAVEN\bin;C:\Users\ADIKTA\AppData\Roaming\npm;C:\Program Files\JetBrains\IntelliJ IDEA Community Edition 2024.2.1\bin;C:\Users\ADIKTA\AppData\Local\Microsoft\WindowsApps;C:\Users\ADIKTA\AppData\Local\GitHubDesktop\bin;C:\Users\ADIKTA\flutter\bin;
USERNAME=ADIKTA
OS=Windows_NT
PROCESSOR_IDENTIFIER=Intel64 Family 6 Model 165 Stepping 3, GenuineIntel
TMP=C:\Users\ADIKTA\AppData\Local\Temp
TEMP=C:\Users\ADIKTA\AppData\Local\Temp




Periodic native trim disabled

---------------  S Y S T E M  ---------------

OS:
 Windows 11 , 64 bit Build 26100 (10.0.26100.4202)
OS uptime: 1 days 7:52 hours
Hyper-V role detected

CPU: total 12 (initial active 12) (6 cores per cpu, 2 threads per core) family 6 model 165 stepping 3 microcode 0xea, cx8, cmov, fxsr, ht, mmx, 3dnowpref, sse, sse2, sse3, ssse3, sse4.1, sse4.2, popcnt, lzcnt, tsc, tscinvbit, avx, avx2, aes, erms, clmul, bmi1, bmi2, adx, fma, vzeroupper, clflush, clflushopt, hv, rdtscp, f16c
Processor Information for the first 12 processors :
  Max Mhz: 2904, Current Mhz: 2904, Mhz Limit: 2904

Memory: 4k page, system-wide physical 8003M (63M free)
TotalPageFile size 32579M (AvailPageFile size 36M)
current process WorkingSet (physical memory assigned to process): 204M, peak: 288M
current process commit charge ("private bytes"): 337M, peak: 353M

vm_info: OpenJDK 64-Bit Server VM (21.0.7+6-LTS) for windows-amd64 JRE (21.0.7+6-LTS), built on 2025-04-15T00:00:00Z by "admin" with MS VC++ 17.7 (VS2022)

END.
