#
# There is insufficient memory for the Java Runtime Environment to continue.
# Native memory allocation (malloc) failed to allocate 399712 bytes. Error detail: Chunk::new
# Possible reasons:
#   The system is out of physical RAM or swap space
#   This process is running with CompressedOops enabled, and the Java Heap may be blocking the growth of the native heap
# Possible solutions:
#   Reduce memory load on the system
#   Increase physical memory or swap space
#   Check if swap backing store is full
#   Decrease Java heap size (-Xmx/-Xms)
#   Decrease number of Java threads
#   Decrease Java thread stack sizes (-Xss)
#   Set larger code cache with -XX:ReservedCodeCacheSize=
#   JVM is running with Unscaled Compressed Oops mode in which the Java heap is
#     placed in the first 4GB address space. The Java Heap base address is the
#     maximum limit for the native heap growth. Please use -XX:HeapBaseMinAddress
#     to set the Java Heap base and to place the Java Heap above 4GB virtual address.
# This output file may be truncated or incomplete.
#
#  Out of Memory Error (arena.cpp:150), pid=11192, tid=5052
#
# JRE version: Java(TM) SE Runtime Environment (22.0.2+9) (build 22.0.2+9-70)
# Java VM: Java HotSpot(TM) 64-Bit Server VM (22.0.2+9-70, mixed mode, sharing, tiered, compressed oops, compressed class ptrs, g1 gc, windows-amd64)
# No core dump will be written. Minidumps are not enabled by default on client versions of Windows
#

---------------  S U M M A R Y ------------

Command Line: -XX:+ShowCodeDetailsInExceptionMessages -Dspring.jmx.enabled=true -Dmanagement.endpoints.jmx.exposure.include=* -Dspring.application.admin.enabled=true -Dspring.boot.project.name=erp_epmapat -Djava.rmi.server.hostname=localhost -Dcom.sun.management.jmxremote.port=45557 -Dcom.sun.management.jmxremote.authenticate=false -Dcom.sun.management.jmxremote.ssl=false com.epmapat.erp_epmapat.ErpEpmapatApplication

Host: Intel(R) Core(TM) i5-10400 CPU @ 2.90GHz, 12 cores, 7G,  Windows 11 , 64 bit Build 22621 (10.0.22621.4391)
Time: Mon Nov 11 15:14:53 2024 Hora est. Pacífico, Sudamérica elapsed time: 400.893495 seconds (0d 0h 6m 40s)

---------------  T H R E A D  ---------------

Current thread (0x0000027ecc559a70):  JavaThread "C2 CompilerThread0" daemon [_thread_in_native, id=5052, stack(0x000000a80d700000,0x000000a80d800000) (1024K)]


Current CompileTask:
C2:400893 18050   !   4       org.apache.tomcat.util.net.AbstractEndpoint::processSocket (149 bytes)

Stack: [0x000000a80d700000,0x000000a80d800000]
Native frames: (J=compiled Java code, j=interpreted, Vv=VM code, C=native code)
V  [jvm.dll+0x6e26e9]  (no source info available)
V  [jvm.dll+0x875753]  (no source info available)
V  [jvm.dll+0x877b7e]  (no source info available)
V  [jvm.dll+0x878253]  (no source info available)
V  [jvm.dll+0x27fc86]  (no source info available)
V  [jvm.dll+0xc3d0f]  (no source info available)
V  [jvm.dll+0xc3f6b]  (no source info available)
V  [jvm.dll+0x3bb47c]  (no source info available)
V  [jvm.dll+0x1df6ae]  (no source info available)
V  [jvm.dll+0x24793c]  (no source info available)
V  [jvm.dll+0x246e9f]  (no source info available)
V  [jvm.dll+0x1c4e80]  (no source info available)
V  [jvm.dll+0x2568f3]  (no source info available)
V  [jvm.dll+0x254baa]  (no source info available)
V  [jvm.dll+0x3f57a6]  (no source info available)
V  [jvm.dll+0x81dc0b]  (no source info available)
V  [jvm.dll+0x6e0d85]  (no source info available)
C  [ucrtbase.dll+0x29333]  (no source info available)
C  [KERNEL32.DLL+0x1259d]  (no source info available)
C  [ntdll.dll+0x5af38]  (no source info available)


---------------  P R O C E S S  ---------------

Threads class SMR info:
_java_thread_list=0x0000027f13d13340, length=35, elements={
0x0000027ecbb8f900, 0x0000027ecbb90820, 0x0000027ecbb95880, 0x0000027ecc550300,
0x0000027ecc550d60, 0x0000027ecc5517c0, 0x0000027ecc559a70, 0x0000027ecc55a520,
0x0000027ecc63f800, 0x0000027ecc766be0, 0x0000027f1297c520, 0x0000027f129810d0,
0x0000027f1262bb70, 0x0000027f126c1450, 0x0000027f128e2b60, 0x0000027f126756b0,
0x0000027f12e337f0, 0x0000027f12e31db0, 0x0000027f12e33e80, 0x0000027f12e33160,
0x0000027f175f6b30, 0x0000027f175fc080, 0x0000027f175f9fb0, 0x0000027f175fb9f0,
0x0000027f175fc710, 0x0000027f175f8570, 0x0000027f175f64a0, 0x0000027f175f8c00,
0x0000027f175f5780, 0x0000027f175f9290, 0x0000027f175f9920, 0x0000027f175fcda0,
0x0000027f175fa640, 0x0000027f175facd0, 0x0000027f12e31090
}

Java Threads: ( => current thread )
  0x0000027ecbb8f900 JavaThread "Reference Handler"          daemon [_thread_blocked, id=20748, stack(0x000000a80d100000,0x000000a80d200000) (1024K)]
  0x0000027ecbb90820 JavaThread "Finalizer"                  daemon [_thread_blocked, id=5004, stack(0x000000a80d200000,0x000000a80d300000) (1024K)]
  0x0000027ecbb95880 JavaThread "Signal Dispatcher"          daemon [_thread_blocked, id=11312, stack(0x000000a80d300000,0x000000a80d400000) (1024K)]
  0x0000027ecc550300 JavaThread "Attach Listener"            daemon [_thread_blocked, id=21344, stack(0x000000a80d400000,0x000000a80d500000) (1024K)]
  0x0000027ecc550d60 JavaThread "Service Thread"             daemon [_thread_blocked, id=15676, stack(0x000000a80d500000,0x000000a80d600000) (1024K)]
  0x0000027ecc5517c0 JavaThread "Monitor Deflation Thread"   daemon [_thread_blocked, id=20808, stack(0x000000a80d600000,0x000000a80d700000) (1024K)]
=>0x0000027ecc559a70 JavaThread "C2 CompilerThread0"         daemon [_thread_in_native, id=5052, stack(0x000000a80d700000,0x000000a80d800000) (1024K)]
  0x0000027ecc55a520 JavaThread "C1 CompilerThread0"         daemon [_thread_blocked, id=12584, stack(0x000000a80d800000,0x000000a80d900000) (1024K)]
  0x0000027ecc63f800 JavaThread "Common-Cleaner"             daemon [_thread_blocked, id=11480, stack(0x000000a80d900000,0x000000a80da00000) (1024K)]
  0x0000027ecc766be0 JavaThread "Notification Thread"        daemon [_thread_blocked, id=15364, stack(0x000000a80db00000,0x000000a80dc00000) (1024K)]
  0x0000027f1297c520 JavaThread "RMI TCP Accept-0"           daemon [_thread_in_native, id=20732, stack(0x000000a80dd00000,0x000000a80de00000) (1024K)]
  0x0000027f129810d0 JavaThread "RMI TCP Accept-45557"       daemon [_thread_in_native, id=7364, stack(0x000000a80de00000,0x000000a80df00000) (1024K)]
  0x0000027f1262bb70 JavaThread "RMI TCP Accept-0"           daemon [_thread_in_native, id=21436, stack(0x000000a80df00000,0x000000a80e000000) (1024K)]
  0x0000027f126c1450 JavaThread "RMI Scheduler(0)"           daemon [_thread_blocked, id=3860, stack(0x000000a80e100000,0x000000a80e200000) (1024K)]
  0x0000027f128e2b60 JavaThread "RMI TCP Connection(2)-127.0.0.1" daemon [_thread_in_native, id=18728, stack(0x000000a80e200000,0x000000a80e300000) (1024K)]
  0x0000027f126756b0 JavaThread "JMX server connection timeout 37" daemon [_thread_blocked, id=11964, stack(0x000000a80ec00000,0x000000a80ed00000) (1024K)]
  0x0000027f12e337f0 JavaThread "WindowsStreamPump"          daemon [_thread_in_native, id=3408, stack(0x000000a80ee00000,0x000000a80ef00000) (1024K)]
  0x0000027f12e31db0 JavaThread "Catalina-utility-1"                [_thread_blocked, id=2216, stack(0x000000a80f000000,0x000000a80f100000) (1024K)]
  0x0000027f12e33e80 JavaThread "Catalina-utility-2"                [_thread_blocked, id=14028, stack(0x000000a80f100000,0x000000a80f200000) (1024K)]
  0x0000027f12e33160 JavaThread "container-0"                       [_thread_blocked, id=6344, stack(0x000000a80f200000,0x000000a80f300000) (1024K)]
  0x0000027f175f6b30 JavaThread "HikariPool-1 housekeeper"   daemon [_thread_blocked, id=10648, stack(0x000000a80f400000,0x000000a80f500000) (1024K)]
  0x0000027f175fc080 JavaThread "http-nio-8080-exec-1"       daemon [_thread_in_native, id=12472, stack(0x000000a80f600000,0x000000a80f700000) (1024K)]
  0x0000027f175f9fb0 JavaThread "http-nio-8080-exec-2"       daemon [_thread_in_Java, id=17248, stack(0x000000a80f700000,0x000000a80f800000) (1024K)]
  0x0000027f175fb9f0 JavaThread "http-nio-8080-exec-3"       daemon [_thread_in_native, id=3764, stack(0x000000a80f800000,0x000000a80f900000) (1024K)]
  0x0000027f175fc710 JavaThread "http-nio-8080-exec-4"       daemon [_thread_blocked, id=10732, stack(0x000000a80f900000,0x000000a80fa00000) (1024K)]
  0x0000027f175f8570 JavaThread "http-nio-8080-exec-5"       daemon [_thread_blocked, id=15768, stack(0x000000a80fa00000,0x000000a80fb00000) (1024K)]
  0x0000027f175f64a0 JavaThread "http-nio-8080-exec-6"       daemon [_thread_in_Java, id=11044, stack(0x000000a80fb00000,0x000000a80fc00000) (1024K)]
  0x0000027f175f8c00 JavaThread "http-nio-8080-exec-7"       daemon [_thread_in_native, id=9980, stack(0x000000a80fc00000,0x000000a80fd00000) (1024K)]
  0x0000027f175f5780 JavaThread "http-nio-8080-exec-8"       daemon [_thread_blocked, id=1956, stack(0x000000a80fd00000,0x000000a80fe00000) (1024K)]
  0x0000027f175f9290 JavaThread "http-nio-8080-exec-9"       daemon [_thread_in_Java, id=21300, stack(0x000000a80fe00000,0x000000a80ff00000) (1024K)]
  0x0000027f175f9920 JavaThread "http-nio-8080-exec-10"      daemon [_thread_blocked, id=8060, stack(0x000000a80ff00000,0x000000a810000000) (1024K)]
  0x0000027f175fcda0 JavaThread "http-nio-8080-Poller"       daemon [_thread_in_native, id=17240, stack(0x000000a810000000,0x000000a810100000) (1024K)]
  0x0000027f175fa640 JavaThread "http-nio-8080-Acceptor"     daemon [_thread_in_native, id=18384, stack(0x000000a810100000,0x000000a810200000) (1024K)]
  0x0000027f175facd0 JavaThread "DestroyJavaVM"                     [_thread_blocked, id=10636, stack(0x000000a80c900000,0x000000a80ca00000) (1024K)]
  0x0000027f12e31090 JavaThread "HikariPool-1 connection adder" daemon [_thread_blocked, id=21356, stack(0x000000a80da00000,0x000000a80db00000) (1024K)]
Total: 35

Other Threads:
  0x0000027ecbb6f8d0 VMThread "VM Thread"                           [id=19496, stack(0x000000a80d000000,0x000000a80d100000) (1024K)]
  0x0000027ecbb59a50 WatcherThread "VM Periodic Task Thread"        [id=17068, stack(0x000000a80cf00000,0x000000a80d000000) (1024K)]
  0x0000027eaf824900 WorkerThread "GC Thread#0"                     [id=5572, stack(0x000000a80ca00000,0x000000a80cb00000) (1024K)]
  0x0000027f126c1e20 WorkerThread "GC Thread#1"                     [id=17152, stack(0x000000a80e300000,0x000000a80e400000) (1024K)]
  0x0000027f129ccf40 WorkerThread "GC Thread#2"                     [id=17188, stack(0x000000a80e400000,0x000000a80e500000) (1024K)]
  0x0000027f128d50d0 WorkerThread "GC Thread#3"                     [id=19748, stack(0x000000a80e500000,0x000000a80e600000) (1024K)]
  0x0000027f12a0dfc0 WorkerThread "GC Thread#4"                     [id=21152, stack(0x000000a80e600000,0x000000a80e700000) (1024K)]
  0x0000027f12a0e370 WorkerThread "GC Thread#5"                     [id=13872, stack(0x000000a80e700000,0x000000a80e800000) (1024K)]
  0x0000027f12a0e720 WorkerThread "GC Thread#6"                     [id=18184, stack(0x000000a80e800000,0x000000a80e900000) (1024K)]
  0x0000027f12a0ead0 WorkerThread "GC Thread#7"                     [id=8356, stack(0x000000a80e900000,0x000000a80ea00000) (1024K)]
  0x0000027f12a0ee80 WorkerThread "GC Thread#8"                     [id=17900, stack(0x000000a80ea00000,0x000000a80eb00000) (1024K)]
  0x0000027f12a0f230 WorkerThread "GC Thread#9"                     [id=19844, stack(0x000000a80eb00000,0x000000a80ec00000) (1024K)]
  0x0000027eaf8354e0 ConcurrentGCThread "G1 Main Marker"            [id=20824, stack(0x000000a80cb00000,0x000000a80cc00000) (1024K)]
  0x0000027eaf836790 WorkerThread "G1 Conc#0"                       [id=16948, stack(0x000000a80cc00000,0x000000a80cd00000) (1024K)]
  0x0000027f1332ae10 WorkerThread "G1 Conc#1"                       [id=6120, stack(0x000000a80ed00000,0x000000a80ee00000) (1024K)]
  0x0000027f1332a6b0 WorkerThread "G1 Conc#2"                       [id=9384, stack(0x000000a80ef00000,0x000000a80f000000) (1024K)]
  0x0000027ecba2a4e0 ConcurrentGCThread "G1 Refine#0"               [id=11380, stack(0x000000a80cd00000,0x000000a80ce00000) (1024K)]
  0x0000027ecba2af00 ConcurrentGCThread "G1 Service"                [id=3552, stack(0x000000a80ce00000,0x000000a80cf00000) (1024K)]
Total: 18

Threads with active compile tasks:
C2 CompilerThread0  400967 18050   !   4       org.apache.tomcat.util.net.AbstractEndpoint::processSocket (149 bytes)
Total: 1

VM state: not at safepoint (normal execution)

VM Mutex/Monitor currently owned by a thread: None

Heap address: 0x0000000082e00000, size: 2002 MB, Compressed Oops mode: 32-bit

CDS archive(s) mapped at: [0x0000027ecd000000-0x0000027ecdc60000-0x0000027ecdc60000), size 12976128, SharedBaseAddress: 0x0000027ecd000000, ArchiveRelocationMode: 1.
Compressed class space mapped at: 0x0000027ece000000-0x0000027f0e000000, reserved size: 1073741824
Narrow klass base: 0x0000027ecd000000, Narrow klass shift: 0, Narrow klass range: 0x41000000

GC Precious Log:
 CardTable entry size: 512
 Card Set container configuration: InlinePtr #cards 5 size 8 Array Of Cards #cards 12 size 40 Howl #buckets 4 coarsen threshold 1843 Howl Bitmap #cards 512 size 80 coarsen threshold 460 Card regions per heap region 1 cards per card region 2048
 CPUs: 12 total, 12 available
 Memory: 8003M
 Large Page Support: Disabled
 NUMA Support: Disabled
 Compressed Oops: Enabled (32-bit)
 Heap Region Size: 1M
 Heap Min Capacity: 8M
 Heap Initial Capacity: 126M
 Heap Max Capacity: 2002M
 Pre-touch: Disabled
 Parallel Workers: 10
 Concurrent Workers: 3
 Concurrent Refinement Workers: 10
 Periodic GC: Disabled

Heap:
 garbage-first heap   total reserved 2050048K, committed 158720K, used 113512K [0x0000000082e00000, 0x0000000100000000)
  region size 1024K, 52 young (53248K), 2 survivors (2048K)
 Metaspace       used 80699K, committed 81536K, reserved 1179648K
  class space    used 9895K, committed 10304K, reserved 1048576K

Heap Regions: E=young(eden), S=young(survivor), O=old, HS=humongous(starts), HC=humongous(continues), CS=collection set, F=free, TAMS=top-at-mark-start, PB=parsable bottom
|   0|0x0000000082e00000, 0x0000000082f00000, 0x0000000082f00000|100%|HS|  |TAMS 0x0000000082e00000| PB 0x0000000082e00000| Complete |  0
|   1|0x0000000082f00000, 0x0000000083000000, 0x0000000083000000|100%| O|  |TAMS 0x0000000082f00000| PB 0x0000000082f00000| Untracked |  0
|   2|0x0000000083000000, 0x0000000083100000, 0x0000000083100000|100%| O|  |TAMS 0x0000000083000000| PB 0x0000000083000000| Untracked |  0
|   3|0x0000000083100000, 0x0000000083200000, 0x0000000083200000|100%| O|  |TAMS 0x0000000083100000| PB 0x0000000083100000| Untracked |  0
|   4|0x0000000083200000, 0x0000000083300000, 0x0000000083300000|100%| O|  |TAMS 0x0000000083200000| PB 0x0000000083200000| Untracked |  0
|   5|0x0000000083300000, 0x0000000083400000, 0x0000000083400000|100%| O|  |TAMS 0x0000000083300000| PB 0x0000000083300000| Untracked |  0
|   6|0x0000000083400000, 0x0000000083500000, 0x0000000083500000|100%| O|  |TAMS 0x0000000083400000| PB 0x0000000083400000| Untracked |  0
|   7|0x0000000083500000, 0x0000000083600000, 0x0000000083600000|100%| O|  |TAMS 0x0000000083500000| PB 0x0000000083500000| Untracked |  0
|   8|0x0000000083600000, 0x0000000083637ef0, 0x0000000083700000| 21%| O|  |TAMS 0x0000000083600000| PB 0x0000000083600000| Untracked |  0
|   9|0x0000000083700000, 0x0000000083800000, 0x0000000083800000|100%| O|  |TAMS 0x0000000083700000| PB 0x0000000083700000| Untracked |  0
|  10|0x0000000083800000, 0x0000000083900000, 0x0000000083900000|100%| O|  |TAMS 0x0000000083800000| PB 0x0000000083800000| Untracked |  0
|  11|0x0000000083900000, 0x0000000083a00000, 0x0000000083a00000|100%| O|  |TAMS 0x0000000083900000| PB 0x0000000083900000| Untracked |  0
|  12|0x0000000083a00000, 0x0000000083b00000, 0x0000000083b00000|100%| O|  |TAMS 0x0000000083a00000| PB 0x0000000083a00000| Untracked |  0
|  13|0x0000000083b00000, 0x0000000083c00000, 0x0000000083c00000|100%| O|  |TAMS 0x0000000083b00000| PB 0x0000000083b00000| Untracked |  0
|  14|0x0000000083c00000, 0x0000000083c00000, 0x0000000083d00000|  0%| F|  |TAMS 0x0000000083c00000| PB 0x0000000083c00000| Untracked |  0
|  15|0x0000000083d00000, 0x0000000083e00000, 0x0000000083e00000|100%| O|  |TAMS 0x0000000083d00000| PB 0x0000000083d00000| Untracked |  0
|  16|0x0000000083e00000, 0x0000000083f00000, 0x0000000083f00000|100%| O|  |TAMS 0x0000000083e00000| PB 0x0000000083e00000| Untracked |  0
|  17|0x0000000083f00000, 0x0000000084000000, 0x0000000084000000|100%| O|  |TAMS 0x0000000083f00000| PB 0x0000000083f00000| Untracked |  0
|  18|0x0000000084000000, 0x0000000084100000, 0x0000000084100000|100%| O|  |TAMS 0x0000000084000000| PB 0x0000000084000000| Untracked |  0
|  19|0x0000000084100000, 0x0000000084100000, 0x0000000084200000|  0%| F|  |TAMS 0x0000000084100000| PB 0x0000000084100000| Untracked |  0
|  20|0x0000000084200000, 0x0000000084300000, 0x0000000084300000|100%| O|  |TAMS 0x0000000084200000| PB 0x0000000084200000| Untracked |  0
|  21|0x0000000084300000, 0x0000000084400000, 0x0000000084400000|100%| O|  |TAMS 0x0000000084300000| PB 0x0000000084300000| Untracked |  0
|  22|0x0000000084400000, 0x0000000084400000, 0x0000000084500000|  0%| F|  |TAMS 0x0000000084400000| PB 0x0000000084400000| Untracked |  0
|  23|0x0000000084500000, 0x0000000084600000, 0x0000000084600000|100%| O|  |TAMS 0x0000000084500000| PB 0x0000000084500000| Untracked |  0
|  24|0x0000000084600000, 0x0000000084700000, 0x0000000084700000|100%| O|  |TAMS 0x0000000084600000| PB 0x0000000084600000| Untracked |  0
|  25|0x0000000084700000, 0x0000000084800000, 0x0000000084800000|100%| O|  |TAMS 0x0000000084700000| PB 0x0000000084700000| Untracked |  0
|  26|0x0000000084800000, 0x0000000084900000, 0x0000000084900000|100%| O|  |TAMS 0x0000000084800000| PB 0x0000000084800000| Untracked |  0
|  27|0x0000000084900000, 0x0000000084a00000, 0x0000000084a00000|100%| O|  |TAMS 0x0000000084900000| PB 0x0000000084900000| Untracked |  0
|  28|0x0000000084a00000, 0x0000000084b00000, 0x0000000084b00000|100%| O|  |TAMS 0x0000000084a00000| PB 0x0000000084a00000| Untracked |  0
|  29|0x0000000084b00000, 0x0000000084c00000, 0x0000000084c00000|100%| O|  |TAMS 0x0000000084b00000| PB 0x0000000084b00000| Untracked |  0
|  30|0x0000000084c00000, 0x0000000084d00000, 0x0000000084d00000|100%| O|  |TAMS 0x0000000084c00000| PB 0x0000000084c00000| Untracked |  0
|  31|0x0000000084d00000, 0x0000000084e00000, 0x0000000084e00000|100%| O|  |TAMS 0x0000000084d00000| PB 0x0000000084d00000| Untracked |  0
|  32|0x0000000084e00000, 0x0000000084f00000, 0x0000000084f00000|100%| O|  |TAMS 0x0000000084e00000| PB 0x0000000084e00000| Untracked |  0
|  33|0x0000000084f00000, 0x0000000085000000, 0x0000000085000000|100%| O|  |TAMS 0x0000000084f00000| PB 0x0000000084f00000| Untracked |  0
|  34|0x0000000085000000, 0x0000000085100000, 0x0000000085100000|100%| O|  |TAMS 0x0000000085000000| PB 0x0000000085000000| Untracked |  0
|  35|0x0000000085100000, 0x0000000085200000, 0x0000000085200000|100%| O|  |TAMS 0x0000000085100000| PB 0x0000000085100000| Untracked |  0
|  36|0x0000000085200000, 0x0000000085300000, 0x0000000085300000|100%| O|  |TAMS 0x0000000085200000| PB 0x0000000085200000| Untracked |  0
|  37|0x0000000085300000, 0x0000000085300000, 0x0000000085400000|  0%| F|  |TAMS 0x0000000085300000| PB 0x0000000085300000| Untracked |  0
|  38|0x0000000085400000, 0x0000000085500000, 0x0000000085500000|100%| O|  |TAMS 0x0000000085400000| PB 0x0000000085400000| Untracked |  0
|  39|0x0000000085500000, 0x0000000085600000, 0x0000000085600000|100%| O|  |TAMS 0x0000000085500000| PB 0x0000000085500000| Untracked |  0
|  40|0x0000000085600000, 0x0000000085700000, 0x0000000085700000|100%| O|  |TAMS 0x0000000085600000| PB 0x0000000085600000| Untracked |  0
|  41|0x0000000085700000, 0x0000000085800000, 0x0000000085800000|100%| O|  |TAMS 0x0000000085700000| PB 0x0000000085700000| Untracked |  0
|  42|0x0000000085800000, 0x0000000085900000, 0x0000000085900000|100%| O|  |TAMS 0x0000000085800000| PB 0x0000000085800000| Untracked |  0
|  43|0x0000000085900000, 0x0000000085a00000, 0x0000000085a00000|100%| O|  |TAMS 0x0000000085900000| PB 0x0000000085900000| Untracked |  0
|  44|0x0000000085a00000, 0x0000000085b00000, 0x0000000085b00000|100%| O|  |TAMS 0x0000000085a00000| PB 0x0000000085a00000| Untracked |  0
|  45|0x0000000085b00000, 0x0000000085c00000, 0x0000000085c00000|100%| O|  |TAMS 0x0000000085b00000| PB 0x0000000085b00000| Untracked |  0
|  46|0x0000000085c00000, 0x0000000085d00000, 0x0000000085d00000|100%| O|  |TAMS 0x0000000085c00000| PB 0x0000000085c00000| Untracked |  0
|  47|0x0000000085d00000, 0x0000000085e00000, 0x0000000085e00000|100%| O|  |TAMS 0x0000000085d00000| PB 0x0000000085d00000| Untracked |  0
|  48|0x0000000085e00000, 0x0000000085f00000, 0x0000000085f00000|100%| O|  |TAMS 0x0000000085e00000| PB 0x0000000085e00000| Untracked |  0
|  49|0x0000000085f00000, 0x0000000086000000, 0x0000000086000000|100%| O|  |TAMS 0x0000000085f00000| PB 0x0000000085f00000| Untracked |  0
|  50|0x0000000086000000, 0x0000000086100000, 0x0000000086100000|100%| O|  |TAMS 0x0000000086000000| PB 0x0000000086000000| Untracked |  0
|  51|0x0000000086100000, 0x0000000086100000, 0x0000000086200000|  0%| F|  |TAMS 0x0000000086100000| PB 0x0000000086100000| Untracked |  0
|  52|0x0000000086200000, 0x0000000086300000, 0x0000000086300000|100%| O|  |TAMS 0x0000000086200000| PB 0x0000000086200000| Untracked |  0
|  53|0x0000000086300000, 0x0000000086400000, 0x0000000086400000|100%| O|  |TAMS 0x0000000086300000| PB 0x0000000086300000| Untracked |  0
|  54|0x0000000086400000, 0x0000000086500000, 0x0000000086500000|100%| O|  |TAMS 0x0000000086400000| PB 0x0000000086400000| Untracked |  0
|  55|0x0000000086500000, 0x0000000086600000, 0x0000000086600000|100%| O|  |TAMS 0x0000000086500000| PB 0x0000000086500000| Untracked |  0
|  56|0x0000000086600000, 0x0000000086700000, 0x0000000086700000|100%| O|  |TAMS 0x0000000086600000| PB 0x0000000086600000| Untracked |  0
|  57|0x0000000086700000, 0x0000000086800000, 0x0000000086800000|100%| O|  |TAMS 0x0000000086700000| PB 0x0000000086700000| Untracked |  0
|  58|0x0000000086800000, 0x0000000086900000, 0x0000000086900000|100%| O|  |TAMS 0x0000000086800000| PB 0x0000000086800000| Untracked |  0
|  59|0x0000000086900000, 0x0000000086a00000, 0x0000000086a00000|100%| O|  |TAMS 0x0000000086900000| PB 0x0000000086900000| Untracked |  0
|  60|0x0000000086a00000, 0x0000000086b00000, 0x0000000086b00000|100%| O|  |TAMS 0x0000000086a00000| PB 0x0000000086a00000| Untracked |  0
|  61|0x0000000086b00000, 0x0000000086b00000, 0x0000000086c00000|  0%| F|  |TAMS 0x0000000086b00000| PB 0x0000000086b00000| Untracked |  0
|  62|0x0000000086c00000, 0x0000000086c00000, 0x0000000086d00000|  0%| F|  |TAMS 0x0000000086c00000| PB 0x0000000086c00000| Untracked |  0
|  63|0x0000000086d00000, 0x0000000086e00000, 0x0000000086e00000|100%| O|  |TAMS 0x0000000086d00000| PB 0x0000000086d00000| Untracked |  0
|  64|0x0000000086e00000, 0x0000000086f00000, 0x0000000086f00000|100%| O|  |TAMS 0x0000000086e00000| PB 0x0000000086e00000| Untracked |  0
|  65|0x0000000086f00000, 0x0000000086f00000, 0x0000000087000000|  0%| F|  |TAMS 0x0000000086f00000| PB 0x0000000086f00000| Untracked |  0
|  66|0x0000000087000000, 0x0000000087100000, 0x0000000087100000|100%| O|  |TAMS 0x0000000087000000| PB 0x0000000087000000| Untracked |  0
|  67|0x0000000087100000, 0x0000000087200000, 0x0000000087200000|100%| O|  |TAMS 0x0000000087100000| PB 0x0000000087100000| Untracked |  0
|  68|0x0000000087200000, 0x0000000087300000, 0x0000000087300000|100%| O|  |TAMS 0x0000000087200000| PB 0x0000000087200000| Untracked |  0
|  69|0x0000000087300000, 0x0000000087300000, 0x0000000087400000|  0%| F|  |TAMS 0x0000000087300000| PB 0x0000000087300000| Untracked |  0
|  70|0x0000000087400000, 0x0000000087400000, 0x0000000087500000|  0%| F|  |TAMS 0x0000000087400000| PB 0x0000000087400000| Untracked |  0
|  71|0x0000000087500000, 0x00000000875a22b8, 0x0000000087600000| 63%| S|CS|TAMS 0x0000000087500000| PB 0x0000000087500000| Complete |  0
|  72|0x0000000087600000, 0x0000000087700000, 0x0000000087700000|100%| S|CS|TAMS 0x0000000087600000| PB 0x0000000087600000| Complete |  0
|  73|0x0000000087700000, 0x0000000087700000, 0x0000000087800000|  0%| F|  |TAMS 0x0000000087700000| PB 0x0000000087700000| Untracked |  0
|  74|0x0000000087800000, 0x0000000087800000, 0x0000000087900000|  0%| F|  |TAMS 0x0000000087800000| PB 0x0000000087800000| Untracked |  0
|  75|0x0000000087900000, 0x0000000087900000, 0x0000000087a00000|  0%| F|  |TAMS 0x0000000087900000| PB 0x0000000087900000| Untracked |  0
|  76|0x0000000087a00000, 0x0000000087a00000, 0x0000000087b00000|  0%| F|  |TAMS 0x0000000087a00000| PB 0x0000000087a00000| Untracked |  0
|  77|0x0000000087b00000, 0x0000000087b00000, 0x0000000087c00000|  0%| F|  |TAMS 0x0000000087b00000| PB 0x0000000087b00000| Untracked |  0
|  78|0x0000000087c00000, 0x0000000087c00000, 0x0000000087d00000|  0%| F|  |TAMS 0x0000000087c00000| PB 0x0000000087c00000| Untracked |  0
|  79|0x0000000087d00000, 0x0000000087d00000, 0x0000000087e00000|  0%| F|  |TAMS 0x0000000087d00000| PB 0x0000000087d00000| Untracked |  0
|  80|0x0000000087e00000, 0x0000000087e00000, 0x0000000087f00000|  0%| F|  |TAMS 0x0000000087e00000| PB 0x0000000087e00000| Untracked |  0
|  81|0x0000000087f00000, 0x0000000087f00000, 0x0000000088000000|  0%| F|  |TAMS 0x0000000087f00000| PB 0x0000000087f00000| Untracked |  0
|  82|0x0000000088000000, 0x0000000088000000, 0x0000000088100000|  0%| F|  |TAMS 0x0000000088000000| PB 0x0000000088000000| Untracked |  0
|  83|0x0000000088100000, 0x0000000088100000, 0x0000000088200000|  0%| F|  |TAMS 0x0000000088100000| PB 0x0000000088100000| Untracked |  0
|  84|0x0000000088200000, 0x0000000088200000, 0x0000000088300000|  0%| F|  |TAMS 0x0000000088200000| PB 0x0000000088200000| Untracked |  0
|  85|0x0000000088300000, 0x0000000088300000, 0x0000000088400000|  0%| F|  |TAMS 0x0000000088300000| PB 0x0000000088300000| Untracked |  0
|  86|0x0000000088400000, 0x0000000088400000, 0x0000000088500000|  0%| F|  |TAMS 0x0000000088400000| PB 0x0000000088400000| Untracked |  0
|  87|0x0000000088500000, 0x0000000088500000, 0x0000000088600000|  0%| F|  |TAMS 0x0000000088500000| PB 0x0000000088500000| Untracked |  0
|  88|0x0000000088600000, 0x0000000088600000, 0x0000000088700000|  0%| F|  |TAMS 0x0000000088600000| PB 0x0000000088600000| Untracked |  0
|  89|0x0000000088700000, 0x0000000088700000, 0x0000000088800000|  0%| F|  |TAMS 0x0000000088700000| PB 0x0000000088700000| Untracked |  0
|  90|0x0000000088800000, 0x0000000088800000, 0x0000000088900000|  0%| F|  |TAMS 0x0000000088800000| PB 0x0000000088800000| Untracked |  0
|  91|0x0000000088900000, 0x0000000088900000, 0x0000000088a00000|  0%| F|  |TAMS 0x0000000088900000| PB 0x0000000088900000| Untracked |  0
|  92|0x0000000088a00000, 0x0000000088a00000, 0x0000000088b00000|  0%| F|  |TAMS 0x0000000088a00000| PB 0x0000000088a00000| Untracked |  0
|  93|0x0000000088b00000, 0x0000000088b00000, 0x0000000088c00000|  0%| F|  |TAMS 0x0000000088b00000| PB 0x0000000088b00000| Untracked |  0
|  94|0x0000000088c00000, 0x0000000088c00000, 0x0000000088d00000|  0%| F|  |TAMS 0x0000000088c00000| PB 0x0000000088c00000| Untracked |  0
|  95|0x0000000088d00000, 0x0000000088d00000, 0x0000000088e00000|  0%| F|  |TAMS 0x0000000088d00000| PB 0x0000000088d00000| Untracked |  0
|  96|0x0000000088e00000, 0x0000000088e00000, 0x0000000088f00000|  0%| F|  |TAMS 0x0000000088e00000| PB 0x0000000088e00000| Untracked |  0
|  97|0x0000000088f00000, 0x0000000088f00000, 0x0000000089000000|  0%| F|  |TAMS 0x0000000088f00000| PB 0x0000000088f00000| Untracked |  0
|  98|0x0000000089000000, 0x0000000089000000, 0x0000000089100000|  0%| F|  |TAMS 0x0000000089000000| PB 0x0000000089000000| Untracked |  0
|  99|0x0000000089100000, 0x0000000089100000, 0x0000000089200000|  0%| F|  |TAMS 0x0000000089100000| PB 0x0000000089100000| Untracked |  0
| 100|0x0000000089200000, 0x0000000089200000, 0x0000000089300000|  0%| F|  |TAMS 0x0000000089200000| PB 0x0000000089200000| Untracked |  0
| 101|0x0000000089300000, 0x0000000089300000, 0x0000000089400000|  0%| F|  |TAMS 0x0000000089300000| PB 0x0000000089300000| Untracked |  0
| 102|0x0000000089400000, 0x0000000089400000, 0x0000000089500000|  0%| F|  |TAMS 0x0000000089400000| PB 0x0000000089400000| Untracked |  0
| 103|0x0000000089500000, 0x0000000089500000, 0x0000000089600000|  0%| F|  |TAMS 0x0000000089500000| PB 0x0000000089500000| Untracked |  0
| 104|0x0000000089600000, 0x0000000089600000, 0x0000000089700000|  0%| F|  |TAMS 0x0000000089600000| PB 0x0000000089600000| Untracked |  0
| 105|0x0000000089700000, 0x0000000089775aa8, 0x0000000089800000| 45%| E|  |TAMS 0x0000000089700000| PB 0x0000000089700000| Complete |  0
| 106|0x0000000089800000, 0x0000000089900000, 0x0000000089900000|100%| E|CS|TAMS 0x0000000089800000| PB 0x0000000089800000| Complete |  0
| 107|0x0000000089900000, 0x0000000089a00000, 0x0000000089a00000|100%| E|CS|TAMS 0x0000000089900000| PB 0x0000000089900000| Complete |  0
| 108|0x0000000089a00000, 0x0000000089b00000, 0x0000000089b00000|100%| E|CS|TAMS 0x0000000089a00000| PB 0x0000000089a00000| Complete |  0
| 109|0x0000000089b00000, 0x0000000089c00000, 0x0000000089c00000|100%| E|CS|TAMS 0x0000000089b00000| PB 0x0000000089b00000| Complete |  0
| 110|0x0000000089c00000, 0x0000000089d00000, 0x0000000089d00000|100%| E|CS|TAMS 0x0000000089c00000| PB 0x0000000089c00000| Complete |  0
| 111|0x0000000089d00000, 0x0000000089e00000, 0x0000000089e00000|100%| E|CS|TAMS 0x0000000089d00000| PB 0x0000000089d00000| Complete |  0
| 112|0x0000000089e00000, 0x0000000089f00000, 0x0000000089f00000|100%| E|CS|TAMS 0x0000000089e00000| PB 0x0000000089e00000| Complete |  0
| 113|0x0000000089f00000, 0x000000008a000000, 0x000000008a000000|100%| E|CS|TAMS 0x0000000089f00000| PB 0x0000000089f00000| Complete |  0
| 114|0x000000008a000000, 0x000000008a100000, 0x000000008a100000|100%| E|CS|TAMS 0x000000008a000000| PB 0x000000008a000000| Complete |  0
| 115|0x000000008a100000, 0x000000008a200000, 0x000000008a200000|100%| E|CS|TAMS 0x000000008a100000| PB 0x000000008a100000| Complete |  0
| 116|0x000000008a200000, 0x000000008a300000, 0x000000008a300000|100%| E|CS|TAMS 0x000000008a200000| PB 0x000000008a200000| Complete |  0
| 117|0x000000008a300000, 0x000000008a400000, 0x000000008a400000|100%| E|CS|TAMS 0x000000008a300000| PB 0x000000008a300000| Complete |  0
| 118|0x000000008a400000, 0x000000008a500000, 0x000000008a500000|100%| E|CS|TAMS 0x000000008a400000| PB 0x000000008a400000| Complete |  0
| 119|0x000000008a500000, 0x000000008a600000, 0x000000008a600000|100%| E|CS|TAMS 0x000000008a500000| PB 0x000000008a500000| Complete |  0
| 120|0x000000008a600000, 0x000000008a700000, 0x000000008a700000|100%| E|CS|TAMS 0x000000008a600000| PB 0x000000008a600000| Complete |  0
| 121|0x000000008a700000, 0x000000008a800000, 0x000000008a800000|100%| E|CS|TAMS 0x000000008a700000| PB 0x000000008a700000| Complete |  0
| 122|0x000000008a800000, 0x000000008a900000, 0x000000008a900000|100%| E|CS|TAMS 0x000000008a800000| PB 0x000000008a800000| Complete |  0
| 123|0x000000008a900000, 0x000000008aa00000, 0x000000008aa00000|100%| E|CS|TAMS 0x000000008a900000| PB 0x000000008a900000| Complete |  0
| 124|0x000000008aa00000, 0x000000008ab00000, 0x000000008ab00000|100%| E|CS|TAMS 0x000000008aa00000| PB 0x000000008aa00000| Complete |  0
| 125|0x000000008ab00000, 0x000000008ac00000, 0x000000008ac00000|100%| E|CS|TAMS 0x000000008ab00000| PB 0x000000008ab00000| Complete |  0
| 126|0x000000008ac00000, 0x000000008ad00000, 0x000000008ad00000|100%| E|CS|TAMS 0x000000008ac00000| PB 0x000000008ac00000| Complete |  0
| 127|0x000000008ad00000, 0x000000008ae00000, 0x000000008ae00000|100%| E|CS|TAMS 0x000000008ad00000| PB 0x000000008ad00000| Complete |  0
| 128|0x000000008ae00000, 0x000000008af00000, 0x000000008af00000|100%| E|CS|TAMS 0x000000008ae00000| PB 0x000000008ae00000| Complete |  0
| 129|0x000000008af00000, 0x000000008b000000, 0x000000008b000000|100%| E|CS|TAMS 0x000000008af00000| PB 0x000000008af00000| Complete |  0
| 130|0x000000008b000000, 0x000000008b100000, 0x000000008b100000|100%| E|CS|TAMS 0x000000008b000000| PB 0x000000008b000000| Complete |  0
| 131|0x000000008b100000, 0x000000008b200000, 0x000000008b200000|100%| E|CS|TAMS 0x000000008b100000| PB 0x000000008b100000| Complete |  0
| 132|0x000000008b200000, 0x000000008b300000, 0x000000008b300000|100%| E|CS|TAMS 0x000000008b200000| PB 0x000000008b200000| Complete |  0
| 133|0x000000008b300000, 0x000000008b400000, 0x000000008b400000|100%| E|CS|TAMS 0x000000008b300000| PB 0x000000008b300000| Complete |  0
| 134|0x000000008b400000, 0x000000008b500000, 0x000000008b500000|100%| E|CS|TAMS 0x000000008b400000| PB 0x000000008b400000| Complete |  0
| 135|0x000000008b500000, 0x000000008b600000, 0x000000008b600000|100%| E|CS|TAMS 0x000000008b500000| PB 0x000000008b500000| Complete |  0
| 136|0x000000008b600000, 0x000000008b700000, 0x000000008b700000|100%| E|CS|TAMS 0x000000008b600000| PB 0x000000008b600000| Complete |  0
| 137|0x000000008b700000, 0x000000008b800000, 0x000000008b800000|100%| E|CS|TAMS 0x000000008b700000| PB 0x000000008b700000| Complete |  0
| 138|0x000000008b800000, 0x000000008b900000, 0x000000008b900000|100%| E|CS|TAMS 0x000000008b800000| PB 0x000000008b800000| Complete |  0
| 139|0x000000008b900000, 0x000000008ba00000, 0x000000008ba00000|100%| E|CS|TAMS 0x000000008b900000| PB 0x000000008b900000| Complete |  0
| 140|0x000000008ba00000, 0x000000008bb00000, 0x000000008bb00000|100%| E|CS|TAMS 0x000000008ba00000| PB 0x000000008ba00000| Complete |  0
| 141|0x000000008bb00000, 0x000000008bc00000, 0x000000008bc00000|100%| E|CS|TAMS 0x000000008bb00000| PB 0x000000008bb00000| Complete |  0
| 142|0x000000008bc00000, 0x000000008bd00000, 0x000000008bd00000|100%| E|CS|TAMS 0x000000008bc00000| PB 0x000000008bc00000| Complete |  0
| 143|0x000000008bd00000, 0x000000008be00000, 0x000000008be00000|100%| E|CS|TAMS 0x000000008bd00000| PB 0x000000008bd00000| Complete |  0
| 144|0x000000008be00000, 0x000000008bf00000, 0x000000008bf00000|100%| E|CS|TAMS 0x000000008be00000| PB 0x000000008be00000| Complete |  0
| 145|0x000000008bf00000, 0x000000008c000000, 0x000000008c000000|100%| E|CS|TAMS 0x000000008bf00000| PB 0x000000008bf00000| Complete |  0
| 146|0x000000008c000000, 0x000000008c100000, 0x000000008c100000|100%| E|CS|TAMS 0x000000008c000000| PB 0x000000008c000000| Complete |  0
| 147|0x000000008c100000, 0x000000008c200000, 0x000000008c200000|100%| E|CS|TAMS 0x000000008c100000| PB 0x000000008c100000| Complete |  0
|1995|0x00000000ff900000, 0x00000000ffa00000, 0x00000000ffa00000|100%| E|CS|TAMS 0x00000000ff900000| PB 0x00000000ff900000| Complete |  0
|1996|0x00000000ffa00000, 0x00000000ffb00000, 0x00000000ffb00000|100%| E|CS|TAMS 0x00000000ffa00000| PB 0x00000000ffa00000| Complete |  0
|1997|0x00000000ffb00000, 0x00000000ffc00000, 0x00000000ffc00000|100%| E|CS|TAMS 0x00000000ffb00000| PB 0x00000000ffb00000| Complete |  0
|1998|0x00000000ffc00000, 0x00000000ffd00000, 0x00000000ffd00000|100%| E|CS|TAMS 0x00000000ffc00000| PB 0x00000000ffc00000| Complete |  0
|1999|0x00000000ffd00000, 0x00000000ffe00000, 0x00000000ffe00000|100%| E|CS|TAMS 0x00000000ffd00000| PB 0x00000000ffd00000| Complete |  0
|2000|0x00000000ffe00000, 0x00000000fff00000, 0x00000000fff00000|100%| E|CS|TAMS 0x00000000ffe00000| PB 0x00000000ffe00000| Complete |  0
|2001|0x00000000fff00000, 0x0000000100000000, 0x0000000100000000|100%| E|CS|TAMS 0x00000000fff00000| PB 0x00000000fff00000| Complete |  0

Card table byte_map: [0x0000027ec7440000,0x0000027ec7830000] _byte_map_base: 0x0000027ec7029000

Marking Bits: (CMBitMap*) 0x0000027eaf825010
 Bits: [0x0000027ec7830000, 0x0000027ec9778000)

Polling page: 0x0000027ead730000

Metaspace:

Usage:
  Non-class:     69.14 MB used.
      Class:      9.66 MB used.
       Both:     78.81 MB used.

Virtual space:
  Non-class space:      128.00 MB reserved,      69.56 MB ( 54%) committed,  2 nodes.
      Class space:        1.00 GB reserved,      10.06 MB ( <1%) committed,  1 nodes.
             Both:        1.12 GB reserved,      79.62 MB (  7%) committed. 

Chunk freelists:
   Non-Class:  10.17 MB
       Class:  5.94 MB
        Both:  16.12 MB

MaxMetaspaceSize: unlimited
CompressedClassSpaceSize: 1.00 GB
Initial GC threshold: 21.00 MB
Current GC threshold: 132.75 MB
CDS: on
 - commit_granule_bytes: 65536.
 - commit_granule_words: 8192.
 - virtual_space_node_default_size: 8388608.
 - enlarge_chunks_in_place: 1.
 - use_allocation_guard: 0.


Internal statistics:

num_allocs_failed_limit: 6.
num_arena_births: 1334.
num_arena_deaths: 0.
num_vsnodes_births: 3.
num_vsnodes_deaths: 0.
num_space_committed: 1274.
num_space_uncommitted: 0.
num_chunks_returned_to_freelist: 6.
num_chunks_taken_from_freelist: 4366.
num_chunk_merges: 6.
num_chunk_splits: 2984.
num_chunks_enlarged: 2193.
num_inconsistent_stats: 0.

CodeHeap 'non-profiled nmethods': size=120000Kb used=11467Kb max_used=11467Kb free=108532Kb
 bounds [0x0000027ebf5d0000, 0x0000027ec0110000, 0x0000027ec6b00000]
CodeHeap 'profiled nmethods': size=120000Kb used=25972Kb max_used=26842Kb free=94027Kb
 bounds [0x0000027eb7b00000, 0x0000027eb9540000, 0x0000027ebf030000]
CodeHeap 'non-nmethods': size=5760Kb used=1724Kb max_used=1830Kb free=4035Kb
 bounds [0x0000027ebf030000, 0x0000027ebf2a0000, 0x0000027ebf5d0000]
 total_blobs=12710 nmethods=11970 adapters=642
 compilation: enabled
              stopped_count=0, restarted_count=0
 full_count=0

Compilation events (20 events):
Event: 400.277 Thread 0x0000027ecc559a70 nmethod 18040 0x0000027ec00f4d10 code [0x0000027ec00f4ec0, 0x0000027ec00f5060]
Event: 400.279 Thread 0x0000027ecc559a70 18041       4       jdk.internal.misc.Unsafe::checkPrimitivePointer (19 bytes)
Event: 400.281 Thread 0x0000027ecc559a70 nmethod 18041 0x0000027ec00f5210 code [0x0000027ec00f53a0, 0x0000027ec00f54e8]
Event: 400.286 Thread 0x0000027ecc559a70 18042       4       io.micrometer.core.instrument.Tags::of (105 bytes)
Event: 400.287 Thread 0x0000027ecc559a70 nmethod 18042 0x0000027ec00f5610 code [0x0000027ec00f57a0, 0x0000027ec00f5890]
Event: 400.300 Thread 0x0000027ecc559a70 18043   !   4       org.springframework.beans.TypeConverterSupport::convertIfNecessary (58 bytes)
Event: 400.301 Thread 0x0000027ecc559a70 nmethod 18043 0x0000027ec00f5990 code [0x0000027ec00f5b20, 0x0000027ec00f5ca0]
Event: 400.311 Thread 0x0000027ecc559a70 18044       4       io.micrometer.core.instrument.Tags::and (52 bytes)
Event: 400.314 Thread 0x0000027ecc559a70 nmethod 18044 0x0000027ec00f5d90 code [0x0000027ec00f5f60, 0x0000027ec00f6248]
Event: 400.315 Thread 0x0000027ecc559a70 18045       4       java.util.concurrent.locks.ReentrantReadWriteLock$Sync$ThreadLocalHoldCounter::initialValue (5 bytes)
Event: 400.316 Thread 0x0000027ecc559a70 nmethod 18045 0x0000027ec00f6490 code [0x0000027ec00f6620, 0x0000027ec00f6718]
Event: 400.484 Thread 0x0000027ecc559a70 18046   !   4       jdk.proxy2.$Proxy118::toString (29 bytes)
Event: 400.485 Thread 0x0000027ecc559a70 nmethod 18046 0x0000027ec00f6810 code [0x0000027ec00f69c0, 0x0000027ec00f6b60]
Event: 400.505 Thread 0x0000027ecc559a70 18047       4       java.lang.invoke.LambdaForm$MH/0x0000027ece865000::invoke (43 bytes)
Event: 400.819 Thread 0x0000027ecc559a70 nmethod 18047 0x0000027ec00f6d10 code [0x0000027ec00f7720, 0x0000027ec00fd178]
Event: 400.821 Thread 0x0000027ecc559a70 18048       4       org.hibernate.event.spi.LoadEvent::<init> (16 bytes)
Event: 400.829 Thread 0x0000027ecc559a70 nmethod 18048 0x0000027ec0101d90 code [0x0000027ec0101f40, 0x0000027ec0102740]
Event: 400.829 Thread 0x0000027ecc559a70 18049       4       org.springframework.http.server.ServletServerHttpResponse::getBody (19 bytes)
Event: 400.831 Thread 0x0000027ecc559a70 nmethod 18049 0x0000027ec0102910 code [0x0000027ec0102ac0, 0x0000027ec0102c78]
Event: 400.832 Thread 0x0000027ecc559a70 18050   !   4       org.apache.tomcat.util.net.AbstractEndpoint::processSocket (149 bytes)

GC Heap History (20 events):
Event: 387.050 GC heap before
{Heap before GC invocations=45 (full 0):
 garbage-first heap   total reserved 2050048K, committed 141312K, used 120404K [0x0000000082e00000, 0x0000000100000000)
  region size 1024K, 37 young (37888K), 6 survivors (6144K)
 Metaspace       used 76673K, committed 77312K, reserved 1179648K
  class space    used 9653K, committed 9984K, reserved 1048576K
}
Event: 387.060 GC heap after
{Heap after GC invocations=46 (full 0):
 garbage-first heap   total reserved 2050048K, committed 141312K, used 93738K [0x0000000082e00000, 0x0000000100000000)
  region size 1024K, 5 young (5120K), 5 survivors (5120K)
 Metaspace       used 76673K, committed 77312K, reserved 1179648K
  class space    used 9653K, committed 9984K, reserved 1048576K
}
Event: 388.013 GC heap before
{Heap before GC invocations=46 (full 0):
 garbage-first heap   total reserved 2050048K, committed 141312K, used 123434K [0x0000000082e00000, 0x0000000100000000)
  region size 1024K, 34 young (34816K), 5 survivors (5120K)
 Metaspace       used 78878K, committed 79680K, reserved 1179648K
  class space    used 9853K, committed 10240K, reserved 1048576K
}
Event: 388.019 GC heap after
{Heap after GC invocations=47 (full 0):
 garbage-first heap   total reserved 2050048K, committed 141312K, used 97049K [0x0000000082e00000, 0x0000000100000000)
  region size 1024K, 3 young (3072K), 3 survivors (3072K)
 Metaspace       used 78878K, committed 79680K, reserved 1179648K
  class space    used 9853K, committed 10240K, reserved 1048576K
}
Event: 389.323 GC heap before
{Heap before GC invocations=48 (full 0):
 garbage-first heap   total reserved 2050048K, committed 158720K, used 122649K [0x0000000082e00000, 0x0000000100000000)
  region size 1024K, 31 young (31744K), 3 survivors (3072K)
 Metaspace       used 79567K, committed 80448K, reserved 1179648K
  class space    used 9888K, committed 10304K, reserved 1048576K
}
Event: 389.326 GC heap after
{Heap after GC invocations=49 (full 0):
 garbage-first heap   total reserved 2050048K, committed 158720K, used 93477K [0x0000000082e00000, 0x0000000100000000)
  region size 1024K, 2 young (2048K), 2 survivors (2048K)
 Metaspace       used 79567K, committed 80448K, reserved 1179648K
  class space    used 9888K, committed 10304K, reserved 1048576K
}
Event: 391.029 GC heap before
{Heap before GC invocations=49 (full 0):
 garbage-first heap   total reserved 2050048K, committed 158720K, used 138533K [0x0000000082e00000, 0x0000000100000000)
  region size 1024K, 46 young (47104K), 2 survivors (2048K)
 Metaspace       used 80612K, committed 81408K, reserved 1179648K
  class space    used 9890K, committed 10304K, reserved 1048576K
}
Event: 391.034 GC heap after
{Heap after GC invocations=50 (full 0):
 garbage-first heap   total reserved 2050048K, committed 158720K, used 79397K [0x0000000082e00000, 0x0000000100000000)
  region size 1024K, 2 young (2048K), 2 survivors (2048K)
 Metaspace       used 80612K, committed 81408K, reserved 1179648K
  class space    used 9890K, committed 10304K, reserved 1048576K
}
Event: 392.444 GC heap before
{Heap before GC invocations=50 (full 0):
 garbage-first heap   total reserved 2050048K, committed 158720K, used 137765K [0x0000000082e00000, 0x0000000100000000)
  region size 1024K, 59 young (60416K), 2 survivors (2048K)
 Metaspace       used 80662K, committed 81472K, reserved 1179648K
  class space    used 9890K, committed 10304K, reserved 1048576K
}
Event: 392.449 GC heap after
{Heap after GC invocations=51 (full 0):
 garbage-first heap   total reserved 2050048K, committed 158720K, used 76305K [0x0000000082e00000, 0x0000000100000000)
  region size 1024K, 2 young (2048K), 2 survivors (2048K)
 Metaspace       used 80662K, committed 81472K, reserved 1179648K
  class space    used 9890K, committed 10304K, reserved 1048576K
}
Event: 393.928 GC heap before
{Heap before GC invocations=51 (full 0):
 garbage-first heap   total reserved 2050048K, committed 158720K, used 139793K [0x0000000082e00000, 0x0000000100000000)
  region size 1024K, 64 young (65536K), 2 survivors (2048K)
 Metaspace       used 80669K, committed 81472K, reserved 1179648K
  class space    used 9891K, committed 10304K, reserved 1048576K
}
Event: 393.930 GC heap after
{Heap after GC invocations=52 (full 0):
 garbage-first heap   total reserved 2050048K, committed 158720K, used 76314K [0x0000000082e00000, 0x0000000100000000)
  region size 1024K, 2 young (2048K), 2 survivors (2048K)
 Metaspace       used 80669K, committed 81472K, reserved 1179648K
  class space    used 9891K, committed 10304K, reserved 1048576K
}
Event: 395.276 GC heap before
{Heap before GC invocations=52 (full 0):
 garbage-first heap   total reserved 2050048K, committed 158720K, used 142874K [0x0000000082e00000, 0x0000000100000000)
  region size 1024K, 67 young (68608K), 2 survivors (2048K)
 Metaspace       used 80672K, committed 81472K, reserved 1179648K
  class space    used 9893K, committed 10304K, reserved 1048576K
}
Event: 395.279 GC heap after
{Heap after GC invocations=53 (full 0):
 garbage-first heap   total reserved 2050048K, committed 158720K, used 76389K [0x0000000082e00000, 0x0000000100000000)
  region size 1024K, 2 young (2048K), 2 survivors (2048K)
 Metaspace       used 80672K, committed 81472K, reserved 1179648K
  class space    used 9893K, committed 10304K, reserved 1048576K
}
Event: 396.393 GC heap before
{Heap before GC invocations=53 (full 0):
 garbage-first heap   total reserved 2050048K, committed 158720K, used 144997K [0x0000000082e00000, 0x0000000100000000)
  region size 1024K, 69 young (70656K), 2 survivors (2048K)
 Metaspace       used 80696K, committed 81536K, reserved 1179648K
  class space    used 9894K, committed 10304K, reserved 1048576K
}
Event: 396.396 GC heap after
{Heap after GC invocations=54 (full 0):
 garbage-first heap   total reserved 2050048K, committed 158720K, used 76322K [0x0000000082e00000, 0x0000000100000000)
  region size 1024K, 2 young (2048K), 2 survivors (2048K)
 Metaspace       used 80696K, committed 81536K, reserved 1179648K
  class space    used 9894K, committed 10304K, reserved 1048576K
}
Event: 397.855 GC heap before
{Heap before GC invocations=55 (full 0):
 garbage-first heap   total reserved 2050048K, committed 158720K, used 139810K [0x0000000082e00000, 0x0000000100000000)
  region size 1024K, 71 young (72704K), 2 survivors (2048K)
 Metaspace       used 80697K, committed 81536K, reserved 1179648K
  class space    used 9894K, committed 10304K, reserved 1048576K
}
Event: 397.857 GC heap after
{Heap after GC invocations=56 (full 0):
 garbage-first heap   total reserved 2050048K, committed 158720K, used 69119K [0x0000000082e00000, 0x0000000100000000)
  region size 1024K, 2 young (2048K), 2 survivors (2048K)
 Metaspace       used 80697K, committed 81536K, reserved 1179648K
  class space    used 9894K, committed 10304K, reserved 1048576K
}
Event: 399.720 GC heap before
{Heap before GC invocations=56 (full 0):
 garbage-first heap   total reserved 2050048K, committed 158720K, used 146943K [0x0000000082e00000, 0x0000000100000000)
  region size 1024K, 78 young (79872K), 2 survivors (2048K)
 Metaspace       used 80697K, committed 81536K, reserved 1179648K
  class space    used 9895K, committed 10304K, reserved 1048576K
}
Event: 399.723 GC heap after
{Heap after GC invocations=57 (full 0):
 garbage-first heap   total reserved 2050048K, committed 158720K, used 63336K [0x0000000082e00000, 0x0000000100000000)
  region size 1024K, 2 young (2048K), 2 survivors (2048K)
 Metaspace       used 80697K, committed 81536K, reserved 1179648K
  class space    used 9895K, committed 10304K, reserved 1048576K
}

Dll operation events (12 events):
Event: 0.006 Loaded shared library C:\Program Files\Java\jdk-22\bin\java.dll
Event: 0.032 Loaded shared library C:\Program Files\Java\jdk-22\bin\jsvml.dll
Event: 0.095 Loaded shared library C:\Program Files\Java\jdk-22\bin\jimage.dll
Event: 0.102 Loaded shared library C:\Program Files\Java\jdk-22\bin\net.dll
Event: 0.104 Loaded shared library C:\Program Files\Java\jdk-22\bin\nio.dll
Event: 0.107 Loaded shared library C:\Program Files\Java\jdk-22\bin\zip.dll
Event: 0.167 Loaded shared library C:\Program Files\Java\jdk-22\bin\management.dll
Event: 0.176 Loaded shared library C:\Program Files\Java\jdk-22\bin\management_ext.dll
Event: 0.383 Loaded shared library C:\Program Files\Java\jdk-22\bin\extnet.dll
Event: 0.425 Loaded shared library C:\Program Files\Java\jdk-22\bin\verify.dll
Event: 0.887 Loaded shared library C:\Program Files\Java\jdk-22\bin\le.dll
Event: 3.340 Loaded shared library C:\Program Files\Java\jdk-22\bin\sunmscapi.dll

Deoptimization events (20 events):
Event: 398.519 Thread 0x0000027f175fb9f0 Uncommon trap: trap_request=0xffffffd6 fr.pc=0x0000027ebf70df78 relative=0x0000000000004598
Event: 398.519 Thread 0x0000027f175fc710 Uncommon trap: trap_request=0xffffffd6 fr.pc=0x0000027ebf70df78 relative=0x0000000000004598
Event: 398.519 Thread 0x0000027f175fb9f0 Uncommon trap: reason=array_check action=maybe_recompile pc=0x0000027ebf70df78 method=org.apache.coyote.http11.Http11OutputBuffer.addActiveFilter(Lorg/apache/coyote/http11/OutputFilter;)V @ 79 c2
Event: 398.519 Thread 0x0000027f175fc710 Uncommon trap: reason=array_check action=maybe_recompile pc=0x0000027ebf70df78 method=org.apache.coyote.http11.Http11OutputBuffer.addActiveFilter(Lorg/apache/coyote/http11/OutputFilter;)V @ 79 c2
Event: 398.519 Thread 0x0000027f175fb9f0 DEOPT PACKING pc=0x0000027ebf70df78 sp=0x000000a80f8fc690
Event: 398.519 Thread 0x0000027f175fc710 DEOPT PACKING pc=0x0000027ebf70df78 sp=0x000000a80f9fcac0
Event: 398.519 Thread 0x0000027f175fb9f0 DEOPT UNPACKING pc=0x0000027ebf0846a2 sp=0x000000a80f8fc5f8 mode 2
Event: 398.519 Thread 0x0000027f175fc710 DEOPT UNPACKING pc=0x0000027ebf0846a2 sp=0x000000a80f9fca28 mode 2
Event: 398.521 Thread 0x0000027f175f9290 Uncommon trap: trap_request=0xffffffd6 fr.pc=0x0000027ebf70df78 relative=0x0000000000004598
Event: 398.521 Thread 0x0000027f175f9fb0 Uncommon trap: trap_request=0xffffffd6 fr.pc=0x0000027ebf70df78 relative=0x0000000000004598
Event: 398.521 Thread 0x0000027f175fc080 Uncommon trap: trap_request=0xffffffd6 fr.pc=0x0000027ebf70df78 relative=0x0000000000004598
Event: 398.521 Thread 0x0000027f175f9fb0 Uncommon trap: reason=array_check action=maybe_recompile pc=0x0000027ebf70df78 method=org.apache.coyote.http11.Http11OutputBuffer.addActiveFilter(Lorg/apache/coyote/http11/OutputFilter;)V @ 79 c2
Event: 398.521 Thread 0x0000027f175f9290 Uncommon trap: reason=array_check action=maybe_recompile pc=0x0000027ebf70df78 method=org.apache.coyote.http11.Http11OutputBuffer.addActiveFilter(Lorg/apache/coyote/http11/OutputFilter;)V @ 79 c2
Event: 398.521 Thread 0x0000027f175fc080 Uncommon trap: reason=array_check action=maybe_recompile pc=0x0000027ebf70df78 method=org.apache.coyote.http11.Http11OutputBuffer.addActiveFilter(Lorg/apache/coyote/http11/OutputFilter;)V @ 79 c2
Event: 398.521 Thread 0x0000027f175fc080 DEOPT PACKING pc=0x0000027ebf70df78 sp=0x000000a80f6fc4f0
Event: 398.521 Thread 0x0000027f175f9290 DEOPT PACKING pc=0x0000027ebf70df78 sp=0x000000a80fefc890
Event: 398.521 Thread 0x0000027f175f9fb0 DEOPT PACKING pc=0x0000027ebf70df78 sp=0x000000a80f7fc610
Event: 398.521 Thread 0x0000027f175fc080 DEOPT UNPACKING pc=0x0000027ebf0846a2 sp=0x000000a80f6fc458 mode 2
Event: 398.521 Thread 0x0000027f175f9290 DEOPT UNPACKING pc=0x0000027ebf0846a2 sp=0x000000a80fefc7f8 mode 2
Event: 398.521 Thread 0x0000027f175f9fb0 DEOPT UNPACKING pc=0x0000027ebf0846a2 sp=0x000000a80f7fc578 mode 2

Classes loaded (20 events):
Event: 29.092 Loading class java/time/format/Parsed
Event: 29.093 Loading class java/time/format/Parsed done
Event: 29.093 Loading class sun/reflect/annotation/AnnotationInvocationHandler$1
Event: 29.093 Loading class sun/reflect/annotation/AnnotationInvocationHandler$1 done
Event: 32.424 Loading class jdk/internal/math/FDBigInteger
Event: 32.425 Loading class jdk/internal/math/FDBigInteger done
Event: 32.439 Loading class java/util/concurrent/atomic/AtomicReferenceArray
Event: 32.439 Loading class java/util/concurrent/atomic/AtomicReferenceArray done
Event: 32.439 Loading class java/lang/invoke/VarHandleReferences$Array
Event: 32.439 Loading class java/lang/invoke/VarHandleReferences$Array done
Event: 386.763 Loading class java/math/MathContext
Event: 386.765 Loading class java/math/MathContext done
Event: 386.768 Loading class java/math/BigDecimal$StringBuilderHelper
Event: 386.769 Loading class java/math/BigDecimal$StringBuilderHelper done
Event: 387.105 Loading class java/util/concurrent/locks/ReentrantReadWriteLock$Sync$HoldCounter
Event: 387.107 Loading class java/util/concurrent/locks/ReentrantReadWriteLock$Sync$HoldCounter done
Event: 389.751 Loading class jdk/internal/math/FormattedFPDecimal
Event: 389.760 Loading class jdk/internal/math/FormattedFPDecimal done
Event: 395.687 Loading class sun/util/locale/LocaleExtensions
Event: 395.689 Loading class sun/util/locale/LocaleExtensions done

Classes unloaded (0 events):
No events

Classes redefined (0 events):
No events

Internal exceptions (20 events):
Event: 10.076 Thread 0x0000027f128e2b60 Exception <a 'java/lang/NoSuchMethodError'{0x000000008ad0a228}: 'double java.lang.invoke.DirectMethodHandle$Holder.invokeInterface(java.lang.Object, java.lang.Object)'> (0x000000008ad0a228) 
thrown [s\open\src\hotspot\share\interpreter\linkResolver.cpp, line 774]
Event: 32.431 Thread 0x0000027f175fc080 Exception <a 'java/lang/NoSuchMethodError'{0x000000008a452a58}: 'java.lang.Object java.lang.invoke.DirectMethodHandle$Holder.newInvokeSpecial(java.lang.Object, java.lang.Object, java.lang.Object, long)'> (0x000000008a452a58) 
thrown [s\open\src\hotspot\share\interpreter\linkResolver.cpp, line 774]
Event: 32.431 Thread 0x0000027f175fc080 Exception <a 'java/lang/NoSuchMethodError'{0x000000008a457000}: 'java.lang.Object java.lang.invoke.DirectMethodHandle$Holder.invokeSpecial(java.lang.Object, java.lang.Object, java.lang.Object, java.lang.Object, long)'> (0x000000008a457000) 
thrown [s\open\src\hotspot\share\interpreter\linkResolver.cpp, line 774]
Event: 32.431 Thread 0x0000027f175fc080 Exception <a 'java/lang/NoSuchMethodError'{0x000000008a45abb8}: 'java.lang.Object java.lang.invoke.Invokers$Holder.linkToTargetMethod(java.lang.Object, java.lang.Object, long, java.lang.Object)'> (0x000000008a45abb8) 
thrown [s\open\src\hotspot\share\interpreter\linkResolver.cpp, line 774]
Event: 32.450 Thread 0x0000027f175fc080 Exception <a 'java/lang/NoSuchMethodError'{0x000000008a30cae8}: 'java.lang.Object java.lang.invoke.DirectMethodHandle$Holder.newInvokeSpecial(java.lang.Object, java.lang.Object, java.lang.Object, java.lang.Object, java.lang.Object, java.lang.Object, java.lang.Object)'> (0x000000008a30cae8) 
thrown [s\open\src\hotspot\share\interpreter\linkResolver.cpp, line 774]
Event: 385.312 Thread 0x0000027f175f8570 Exception <a 'java/lang/NoSuchMethodError'{0x000000008a059d48}: 'java.lang.Object java.lang.invoke.DirectMethodHandle$Holder.invokeInterface(java.lang.Object, java.lang.Object, java.lang.Object, java.lang.Object)'> (0x000000008a059d48) 
thrown [s\open\src\hotspot\share\interpreter\linkResolver.cpp, line 774]
Event: 386.762 Thread 0x0000027f175f8570 Exception <a 'java/lang/ClassNotFoundException'{0x000000008a0869a0}: com/epmapat/erp_epmapat/interfaces/RepFacGlobalCustomizer> (0x000000008a0869a0) 
thrown [s\open\src\hotspot\share\classfile\systemDictionary.cpp, line 313]
Event: 387.203 Thread 0x0000027f175f9290 Implicit null exception at 0x0000027ebfda48ab to 0x0000027ebfda4d6d
Event: 387.203 Thread 0x0000027f175fc080 Implicit null exception at 0x0000027ebfda48ab to 0x0000027ebfda4d6d
Event: 387.203 Thread 0x0000027f175f8c00 Implicit null exception at 0x0000027ebfda48ab to 0x0000027ebfda4d6d
Event: 387.203 Thread 0x0000027f175f64a0 Implicit null exception at 0x0000027ebfda48ab to 0x0000027ebfda4d6d
Event: 387.203 Thread 0x0000027f175f9920 Implicit null exception at 0x0000027ebfda48ab to 0x0000027ebfda4d6d
Event: 387.203 Thread 0x0000027f175f5780 Implicit null exception at 0x0000027ebfda48ab to 0x0000027ebfda4d6d
Event: 387.206 Thread 0x0000027f175f8c00 Implicit null exception at 0x0000027ebfda7620 to 0x0000027ebfda7a60
Event: 387.206 Thread 0x0000027f175f9920 Implicit null exception at 0x0000027ebfda7620 to 0x0000027ebfda7a60
Event: 387.210 Thread 0x0000027f175fc080 Exception <a 'java/lang/NoSuchMethodError'{0x000000008ac50f58}: 'java.lang.Object java.lang.invoke.DirectMethodHandle$Holder.invokeStaticInit(java.lang.Object, java.lang.Object, java.lang.Object, java.lang.Object, java.lang.Object, java.lang.Object)'> (0x000000008ac50f58) 
thrown [s\open\src\hotspot\share\interpreter\linkResolver.cpp, line 774]
Event: 387.263 Thread 0x0000027f175fc080 Implicit null exception at 0x0000027ebfda54a0 to 0x0000027ebfda5915
Event: 387.263 Thread 0x0000027f175f64a0 Implicit null exception at 0x0000027ebfda54a0 to 0x0000027ebfda5915
Event: 387.263 Thread 0x0000027f175f5780 Implicit null exception at 0x0000027ebfda54a0 to 0x0000027ebfda5915
Event: 387.263 Thread 0x0000027f175f8c00 Implicit null exception at 0x0000027ebfda54a0 to 0x0000027ebfda5915

ZGC Phase Switch (0 events):
No events

VM Operations (20 events):
Event: 395.276 Executing VM operation: G1CollectForAllocation (G1 Evacuation Pause)
Event: 395.279 Executing VM operation: G1CollectForAllocation (G1 Evacuation Pause) done
Event: 396.293 Executing VM operation: Cleanup
Event: 396.293 Executing VM operation: Cleanup done
Event: 396.393 Executing VM operation: G1CollectForAllocation (G1 Evacuation Pause)
Event: 396.396 Executing VM operation: G1CollectForAllocation (G1 Evacuation Pause) done
Event: 396.434 Executing VM operation: G1PauseRemark
Event: 396.441 Executing VM operation: G1PauseRemark done
Event: 396.462 Executing VM operation: G1PauseCleanup
Event: 396.462 Executing VM operation: G1PauseCleanup done
Event: 397.470 Executing VM operation: Cleanup
Event: 397.470 Executing VM operation: Cleanup done
Event: 397.855 Executing VM operation: G1CollectForAllocation (G1 Evacuation Pause)
Event: 397.857 Executing VM operation: G1CollectForAllocation (G1 Evacuation Pause) done
Event: 398.858 Executing VM operation: Cleanup
Event: 398.858 Executing VM operation: Cleanup done
Event: 399.720 Executing VM operation: G1CollectForAllocation (G1 Evacuation Pause)
Event: 399.723 Executing VM operation: G1CollectForAllocation (G1 Evacuation Pause) done
Event: 400.732 Executing VM operation: Cleanup
Event: 400.732 Executing VM operation: Cleanup done

Memory protections (0 events):
No events

Nmethod flushes (20 events):
Event: 396.441 Thread 0x0000027ecbb6f8d0 flushing  nmethod 0x0000027eb87b1b90
Event: 396.441 Thread 0x0000027ecbb6f8d0 flushing  nmethod 0x0000027eb87b2990
Event: 396.441 Thread 0x0000027ecbb6f8d0 flushing  nmethod 0x0000027eb89d6510
Event: 396.441 Thread 0x0000027ecbb6f8d0 flushing  nmethod 0x0000027eb89d6990
Event: 396.441 Thread 0x0000027ecbb6f8d0 flushing  nmethod 0x0000027eb8b50f90
Event: 396.441 Thread 0x0000027ecbb6f8d0 flushing  nmethod 0x0000027eb8e2fc10
Event: 396.441 Thread 0x0000027ecbb6f8d0 flushing  nmethod 0x0000027eb8e2ff90
Event: 396.441 Thread 0x0000027ecbb6f8d0 flushing  nmethod 0x0000027eb8eb7a10
Event: 396.441 Thread 0x0000027ecbb6f8d0 flushing  nmethod 0x0000027eb8fc2d90
Event: 396.441 Thread 0x0000027ecbb6f8d0 flushing  nmethod 0x0000027eb8fc5810
Event: 396.441 Thread 0x0000027ecbb6f8d0 flushing  nmethod 0x0000027eb8fca390
Event: 396.441 Thread 0x0000027ecbb6f8d0 flushing  nmethod 0x0000027eb9018b10
Event: 396.441 Thread 0x0000027ecbb6f8d0 flushing  nmethod 0x0000027eb9019590
Event: 396.441 Thread 0x0000027ecbb6f8d0 flushing  nmethod 0x0000027eb906e490
Event: 396.441 Thread 0x0000027ecbb6f8d0 flushing  nmethod 0x0000027eb906f410
Event: 396.441 Thread 0x0000027ecbb6f8d0 flushing  nmethod 0x0000027eb9073010
Event: 396.441 Thread 0x0000027ecbb6f8d0 flushing  nmethod 0x0000027eb9073510
Event: 396.441 Thread 0x0000027ecbb6f8d0 flushing  nmethod 0x0000027eb9073d10
Event: 396.441 Thread 0x0000027ecbb6f8d0 flushing  nmethod 0x0000027eb9074110
Event: 396.441 Thread 0x0000027ecbb6f8d0 flushing  nmethod 0x0000027eb9075010

Events (20 events):
Event: 8.837 Thread 0x0000027eaf7c1fa0 Thread added: 0x0000027f175fa640
Event: 8.865 Thread 0x0000027eaf7c1fa0 Thread exited: 0x0000027eaf7c1fa0
Event: 8.865 Thread 0x0000027f175facd0 Thread added: 0x0000027f175facd0
Event: 9.806 Thread 0x0000027f122b5750 Thread exited: 0x0000027f122b5750
Event: 9.806 Thread 0x0000027ecc75fcf0 Thread exited: 0x0000027ecc75fcf0
Event: 9.811 Thread 0x0000027ecc559a70 Thread added: 0x0000027ecc75fcf0
Event: 9.814 Thread 0x0000027ecc75fcf0 Thread added: 0x0000027f122b5750
Event: 10.099 Thread 0x0000027f175f71c0 Thread exited: 0x0000027f175f71c0
Event: 10.140 Thread 0x0000027f1297c520 Thread added: 0x0000027f12e31090
Event: 13.613 Thread 0x0000027f122b5750 Thread exited: 0x0000027f122b5750
Event: 19.624 Thread 0x0000027ecc75fcf0 Thread exited: 0x0000027ecc75fcf0
Event: 90.563 Thread 0x0000027f12824a90 Thread exited: 0x0000027f12824a90
Event: 90.577 Thread 0x0000027f12e31090 Thread exited: 0x0000027f12e31090
Event: 386.283 Thread 0x0000027ecc559a70 Thread added: 0x0000027ecc75fcf0
Event: 386.402 Thread 0x0000027ecc55a520 Thread added: 0x0000027f1443b840
Event: 387.142 Thread 0x0000027f175f9920 Thread added: 0x0000027f12e31090
Event: 396.069 Thread 0x0000027f1443b840 Thread exited: 0x0000027f1443b840
Event: 398.639 Thread 0x0000027ecc75fcf0 Thread exited: 0x0000027ecc75fcf0
Event: 399.090 Thread 0x0000027ecc559a70 Thread added: 0x0000027ecc75fcf0
Event: 399.209 Thread 0x0000027ecc75fcf0 Thread exited: 0x0000027ecc75fcf0


Dynamic libraries:
0x00007ff70b5b0000 - 0x00007ff70b5c0000 	C:\Program Files\Java\jdk-22\bin\java.exe
0x00007ff997b70000 - 0x00007ff997d87000 	C:\WINDOWS\SYSTEM32\ntdll.dll
0x00007ff9961c0000 - 0x00007ff996284000 	C:\WINDOWS\System32\KERNEL32.DLL
0x00007ff9954d0000 - 0x00007ff995889000 	C:\WINDOWS\System32\KERNELBASE.dll
0x00007ff994e70000 - 0x00007ff994f81000 	C:\WINDOWS\System32\ucrtbase.dll
0x00007ff98ff10000 - 0x00007ff98ff2b000 	C:\Program Files\Java\jdk-22\bin\VCRUNTIME140.dll
0x00007ff990870000 - 0x00007ff990887000 	C:\Program Files\Java\jdk-22\bin\jli.dll
0x00007ff997610000 - 0x00007ff9977be000 	C:\WINDOWS\System32\USER32.dll
0x00007ff97a690000 - 0x00007ff97a922000 	C:\WINDOWS\WinSxS\amd64_microsoft.windows.common-controls_6595b64144ccf1df_6.0.22621.4391_none_2715d37f73803e96\COMCTL32.dll
0x00007ff9952b0000 - 0x00007ff9952d6000 	C:\WINDOWS\System32\win32u.dll
0x00007ff997a60000 - 0x00007ff997b07000 	C:\WINDOWS\System32\msvcrt.dll
0x00007ff9977d0000 - 0x00007ff9977f9000 	C:\WINDOWS\System32\GDI32.dll
0x00007ff995190000 - 0x00007ff9952ab000 	C:\WINDOWS\System32\gdi32full.dll
0x00007ff9950f0000 - 0x00007ff99518a000 	C:\WINDOWS\System32\msvcp_win.dll
0x00007ff995a60000 - 0x00007ff995a91000 	C:\WINDOWS\System32\IMM32.DLL
0x00007ff990920000 - 0x00007ff99092c000 	C:\Program Files\Java\jdk-22\bin\vcruntime140_1.dll
0x00007ff987d10000 - 0x00007ff987d9e000 	C:\Program Files\Java\jdk-22\bin\msvcp140.dll
0x00007ff911180000 - 0x00007ff911ec9000 	C:\Program Files\Java\jdk-22\bin\server\jvm.dll
0x00007ff9958f0000 - 0x00007ff9959a2000 	C:\WINDOWS\System32\ADVAPI32.dll
0x00007ff995c40000 - 0x00007ff995ce7000 	C:\WINDOWS\System32\sechost.dll
0x00007ff9950c0000 - 0x00007ff9950e8000 	C:\WINDOWS\System32\bcrypt.dll
0x00007ff9960a0000 - 0x00007ff9961b4000 	C:\WINDOWS\System32\RPCRT4.dll
0x00007ff996fb0000 - 0x00007ff997021000 	C:\WINDOWS\System32\WS2_32.dll
0x00007ff994490000 - 0x00007ff9944dd000 	C:\WINDOWS\SYSTEM32\POWRPROF.dll
0x00007ff973080000 - 0x00007ff9730b4000 	C:\WINDOWS\SYSTEM32\WINMM.dll
0x00007ff991120000 - 0x00007ff99112a000 	C:\WINDOWS\SYSTEM32\VERSION.dll
0x00007ff994470000 - 0x00007ff994483000 	C:\WINDOWS\SYSTEM32\UMPDC.dll
0x00007ff993eb0000 - 0x00007ff993ec8000 	C:\WINDOWS\SYSTEM32\kernel.appcore.dll
0x00007ff990830000 - 0x00007ff99083a000 	C:\Program Files\Java\jdk-22\bin\jimage.dll
0x00007ff992490000 - 0x00007ff9926c2000 	C:\WINDOWS\SYSTEM32\DBGHELP.DLL
0x00007ff997040000 - 0x00007ff9973cf000 	C:\WINDOWS\System32\combase.dll
0x00007ff995b50000 - 0x00007ff995c27000 	C:\WINDOWS\System32\OLEAUT32.dll
0x00007ff973110000 - 0x00007ff973142000 	C:\WINDOWS\SYSTEM32\dbgcore.DLL
0x00007ff9952e0000 - 0x00007ff99535b000 	C:\WINDOWS\System32\bcryptPrimitives.dll
0x00007ff98e840000 - 0x00007ff98e85e000 	C:\Program Files\Java\jdk-22\bin\java.dll
0x00007ff996710000 - 0x00007ff996f86000 	C:\WINDOWS\System32\SHELL32.dll
0x00007ff995cf0000 - 0x00007ff995e95000 	C:\WINDOWS\System32\ole32.dll
0x00007ff992db0000 - 0x00007ff9936b3000 	C:\WINDOWS\SYSTEM32\windows.storage.dll
0x00007ff992c70000 - 0x00007ff992daf000 	C:\WINDOWS\SYSTEM32\wintypes.dll
0x00007ff997800000 - 0x00007ff9978f9000 	C:\WINDOWS\System32\SHCORE.dll
0x00007ff997a00000 - 0x00007ff997a5e000 	C:\WINDOWS\System32\shlwapi.dll
0x00007ff994da0000 - 0x00007ff994dcb000 	C:\WINDOWS\SYSTEM32\profapi.dll
0x00007ff981360000 - 0x00007ff981437000 	C:\Program Files\Java\jdk-22\bin\jsvml.dll
0x00007ff98ff00000 - 0x00007ff98ff10000 	C:\Program Files\Java\jdk-22\bin\net.dll
0x00007ff9943a0000 - 0x00007ff994409000 	C:\WINDOWS\system32\mswsock.dll
0x00007ff989120000 - 0x00007ff989136000 	C:\Program Files\Java\jdk-22\bin\nio.dll
0x00007ff989100000 - 0x00007ff989117000 	C:\Program Files\Java\jdk-22\bin\zip.dll
0x00007ff98c640000 - 0x00007ff98c64a000 	C:\Program Files\Java\jdk-22\bin\management.dll
0x00007ff9890f0000 - 0x00007ff9890fb000 	C:\Program Files\Java\jdk-22\bin\management_ext.dll
0x00007ff995ea0000 - 0x00007ff995ea8000 	C:\WINDOWS\System32\PSAPI.DLL
0x00007ff97c1d0000 - 0x00007ff97c1e7000 	C:\WINDOWS\system32\napinsp.dll
0x00007ff97c1b0000 - 0x00007ff97c1cb000 	C:\WINDOWS\system32\pnrpnsp.dll
0x00007ff993990000 - 0x00007ff993a92000 	C:\WINDOWS\SYSTEM32\DNSAPI.dll
0x00007ff993920000 - 0x00007ff99394d000 	C:\WINDOWS\SYSTEM32\IPHLPAPI.DLL
0x00007ff997030000 - 0x00007ff997039000 	C:\WINDOWS\System32\NSI.dll
0x00007ff97c190000 - 0x00007ff97c1a1000 	C:\WINDOWS\System32\winrnr.dll
0x00007ff97b510000 - 0x00007ff97b525000 	C:\WINDOWS\system32\wshbth.dll
0x00007ff97b4e0000 - 0x00007ff97b507000 	C:\WINDOWS\system32\nlansp_c.dll
0x00000000568c0000 - 0x00000000568e6000 	C:\Program Files\Bonjour\mdnsNSP.dll
0x00007ff98fb40000 - 0x00007ff98fb4a000 	C:\Windows\System32\rasadhlp.dll
0x00007ff990250000 - 0x00007ff9902d3000 	C:\WINDOWS\System32\fwpuclnt.dll
0x00007ff994670000 - 0x00007ff99468b000 	C:\WINDOWS\SYSTEM32\CRYPTSP.dll
0x00007ff993e10000 - 0x00007ff993e45000 	C:\WINDOWS\system32\rsaenh.dll
0x00007ff994510000 - 0x00007ff994538000 	C:\WINDOWS\SYSTEM32\USERENV.dll
0x00007ff994690000 - 0x00007ff99469c000 	C:\WINDOWS\SYSTEM32\CRYPTBASE.dll
0x00007ff9890e0000 - 0x00007ff9890e9000 	C:\Program Files\Java\jdk-22\bin\extnet.dll
0x00007ff9890d0000 - 0x00007ff9890e0000 	C:\Program Files\Java\jdk-22\bin\verify.dll
0x00007ff987d00000 - 0x00007ff987d0b000 	C:\Program Files\Java\jdk-22\bin\le.dll
0x00007ff987cf0000 - 0x00007ff987cfe000 	C:\Program Files\Java\jdk-22\bin\sunmscapi.dll
0x00007ff995360000 - 0x00007ff9954c6000 	C:\WINDOWS\System32\CRYPT32.dll
0x00007ff994810000 - 0x00007ff99483d000 	C:\WINDOWS\SYSTEM32\ncrypt.dll
0x00007ff9947d0000 - 0x00007ff994807000 	C:\WINDOWS\SYSTEM32\NTASN1.dll
0x00007ff976070000 - 0x00007ff976078000 	C:\WINDOWS\system32\wshunix.dll

dbghelp: loaded successfully - version: 4.0.5 - missing functions: none
symbol engine: initialized successfully - sym options: 0x614 - pdb path: .;C:\Program Files\Java\jdk-22\bin;C:\WINDOWS\SYSTEM32;C:\WINDOWS\WinSxS\amd64_microsoft.windows.common-controls_6595b64144ccf1df_6.0.22621.4391_none_2715d37f73803e96;C:\Program Files\Java\jdk-22\bin\server;C:\Program Files\Bonjour

VM Arguments:
jvm_args: -XX:+ShowCodeDetailsInExceptionMessages -Dspring.jmx.enabled=true -Dmanagement.endpoints.jmx.exposure.include=* -Dspring.application.admin.enabled=true -Dspring.boot.project.name=erp_epmapat -Djava.rmi.server.hostname=localhost -Dcom.sun.management.jmxremote.port=45557 -Dcom.sun.management.jmxremote.authenticate=false -Dcom.sun.management.jmxremote.ssl=false 
java_command: com.epmapat.erp_epmapat.ErpEpmapatApplication
java_class_path (initial): C:\EPMAPAT_SYSTEMS\erp_epmapat_be\target\classes;C:\Users\ADIKTA\.m2\repository\org\springframework\boot\spring-boot-starter-actuator\2.7.18\spring-boot-starter-actuator-2.7.18.jar;C:\Users\ADIKTA\.m2\repository\org\springframework\boot\spring-boot-starter\2.7.18\spring-boot-starter-2.7.18.jar;C:\Users\ADIKTA\.m2\repository\org\springframework\boot\spring-boot\2.7.18\spring-boot-2.7.18.jar;C:\Users\ADIKTA\.m2\repository\org\springframework\boot\spring-boot-autoconfigure\2.7.18\spring-boot-autoconfigure-2.7.18.jar;C:\Users\ADIKTA\.m2\repository\org\springframework\boot\spring-boot-starter-logging\2.7.18\spring-boot-starter-logging-2.7.18.jar;C:\Users\ADIKTA\.m2\repository\ch\qos\logback\logback-classic\1.2.12\logback-classic-1.2.12.jar;C:\Users\ADIKTA\.m2\repository\ch\qos\logback\logback-core\1.2.12\logback-core-1.2.12.jar;C:\Users\ADIKTA\.m2\repository\org\apache\logging\log4j\log4j-to-slf4j\2.17.2\log4j-to-slf4j-2.17.2.jar;C:\Users\ADIKTA\.m2\repository\org\apache\logging\log4j\log4j-api\2.17.2\log4j-api-2.17.2.jar;C:\Users\ADIKTA\.m2\repository\org\slf4j\jul-to-slf4j\1.7.36\jul-to-slf4j-1.7.36.jar;C:\Users\ADIKTA\.m2\repository\org\yaml\snakeyaml\1.30\snakeyaml-1.30.jar;C:\Users\ADIKTA\.m2\repository\org\springframework\boot\spring-boot-actuator-autoconfigure\2.7.18\spring-boot-actuator-autoconfigure-2.7.18.jar;C:\Users\ADIKTA\.m2\repository\org\springframework\boot\spring-boot-actuator\2.7.18\spring-boot-actuator-2.7.18.jar;C:\Users\ADIKTA\.m2\repository\com\fasterxml\jackson\datatype\jackson-datatype-jsr310\2.13.5\jackson-datatype-jsr310-2.13.5.jar;C:\Users\ADIKTA\.m2\repository\io\micrometer\micrometer-core\1.9.17\micrometer-core-1.9.17.jar;C:\Users\ADIKTA\.m2\repository\org\hdrhistogram\HdrHistogram\2.1.12\HdrHistogram-2.1.12.jar;C:\Users\ADIKTA\.m2\repository\org\latencyutils\LatencyUtils\2.0.3\LatencyUtils-2.0.3.jar;C:\Users\ADIKTA\.m2\repository\org\springframework\boot\spring-boot-starter-data-jpa\2.7.18\spring-boot-starter-data-jpa-2.7.18.jar;C:\Users\ADIKTA\.m2\repository\org\springframework\boot\spring-boot-starter-aop\2.7.18\spring-boot-starter-aop-2.7.18.jar;C:\Users\ADIKTA\.m2\repository\org\springframework\spring-aop\5.3.31\spring-aop-5.3.31.jar;C:\Users\ADIKTA\.m2\repository\org\aspectj\aspectjweaver\1.9.7\aspectjweaver-1.9.7.jar;C:\Users\ADIKTA\.m2\repository\org\springframework\boot\spring-boot-starter-jdbc\2.7.18\spring-boot-starter-jdbc-2.7.18.jar;C:\Users\ADIKTA\.m2\repository\com\zaxxer\HikariCP\4.0.3\HikariCP-4.0.3.jar;C:\Users\ADIKTA\.m2\repository\org\springframework\spring-jdbc\5.3.31\spring-jdbc-5.3.31.jar;C:\Users\ADIKTA\.m2\repository\jakarta\transaction\jakarta.transaction-api\1.3.3\jakarta.transaction-api-1.3.3.jar;C:\Users\ADIKTA\.m2\repository\jakarta\persistence\jakarta.persistence-api\2.2.3\jakarta.persistence-api-2.2.3.jar;C:\Users\ADIKTA\.m2\repository\org\hibernate\hibernate-core\5.6.15.Final\hibernate-core-5.6.15.Final.jar;C:\Users\ADIKTA\.m2\repository\org\jboss\logging\jboss-logging\3.4.3.Final\jboss-logging-3.4.3.Final.jar;C:\Users\ADIKTA\.m2\repository\net\bytebuddy\byte-buddy\1.12.23\byte-buddy-1.12.23.jar;C:\Users\ADIKTA\.m2\repository\antlr\antlr\2.7.7\antlr-2.7.7.jar;C:\Users\ADIKTA\.m2\repository\org\jboss\jandex\2.4.2.Final\jandex-2.4.2.Final.jar;C:\Users\ADIKTA\.m2\repository\com\fasterxml\classmate\1.5.1\classmate-1.5.1.jar;C:\Users\ADIKTA\.m2\repository\org\hibernate\common\hibernate-commons-annotations\5.1.2.Final\hibernate-commons-annotations-5.1.2.Final.jar;C:\Users\ADIKTA\.m2\repository\org\glassfish\jaxb\jaxb-runtime\2.3.9\jaxb-runtime-2.3.9.jar;C:\Users\ADIKTA\.m2\repository\org\glassfish\jaxb\txw2\2.3.9\txw2-2.3.9.jar;C:\Users\ADIKTA\.m2\repository\com\sun\istack\istack-commons-runtime\3.0.12\istack-commons-runtime-3.0.12.jar;C:\Users\ADIKTA\.m2\repository\com\sun\activation\jakarta.activation\1.2.2\jakarta.activation-1.2.2.jar;C:\Users\ADIKTA\.m2\repository\org\springframework\data\spring-data-jpa\2.7.18\spring-data-jpa-2.7.18.jar;C:\Users\ADIKTA\.m2\repository\org\springframework\data\spring-data-commons\2.7.18\spring-data-commons-2.7.18.jar;C:\Users\ADIKTA\.m2\repository\org\springframework\spring-orm\5.3.31\spring-orm-5.3.31.jar;C:\Users\ADIKTA\.m2\repository\org\springframework\spring-context\5.3.31\spring-context-5.3.31.jar;C:\Users\ADIKTA\.m2\repository\org\springframework\spring-tx\5.3.31\spring-tx-5.3.31.jar;C:\Users\ADIKTA\.m2\repository\org\springframework\spring-beans\5.3.31\spring-beans-5.3.31.jar;C:\Users\ADIKTA\.m2\repository\org\slf4j\slf4j-api\1.7.36\slf4j-api-1.7.36.jar;C:\Users\ADIKTA\.m2\repository\org\springframework\spring-aspects\5.3.31\spring-aspects-5.3.31.jar;C:\Users\ADIKTA\.m2\repository\org\springframework\boot\spring-boot-starter-web\2.7.18\spring-boot-starter-web-2.7.18.jar;C:\Users\ADIKTA\.m2\repository\org\springframework\boot\spring-boot-starter-json\2.7.18\spring-boot-starter-json-2.7.18.jar;C:\Users\ADIKTA\.m2\repository\com\fasterxml\jackson\datatype\jackson-datatype-jdk8\2.13.5\jackson-datatype-jdk8-2.13.5.jar;C:\Users\ADIKTA\.m2\repository\com\fasterxml\jackson\module\jackson-module-parameter-names\2.13.5\jackson-module-parameter-names-2.13.5.jar;C:\Users\ADIKTA\.m2\repository\org\springframework\spring-web\5.3.31\spring-web-5.3.31.jar;C:\Users\ADIKTA\.m2\repository\org\springframework\spring-webmvc\5.3.31\spring-webmvc-5.3.31.jar;C:\Users\ADIKTA\.m2\repository\org\springframework\spring-expression\5.3.31\spring-expression-5.3.31.jar;C:\Users\ADIKTA\.m2\repository\org\postgresql\postgresql\42.3.8\postgresql-42.3.8.jar;C:\Users\ADIKTA\.m2\repository\org\checkerframework\checker-qual\3.5.0\checker-qual-3.5.0.jar;C:\Users\ADIKTA\.m2\repository\org\projectlombok\lombok\1.18.30\lombok-1.18.30.jar;C:\Users\ADIKTA\.m2\repository\jakarta\xml\bind\jakarta.xml.bind-api\2.3.3\jakarta.xml.bind-api-2.3.3.jar;C:\Users\ADIKTA\.m2\repository\jakarta\activation\jakarta.activation-api\1.2.2\jakarta.activation-api-1.2.2.jar;C:\Users\ADIKTA\.m2\repository\org\springframework\spring-core\5.3.31\spring-core-5.3.31.jar;C:\Users\ADIKTA\.m2\repository\org\springframework\spring-jcl\5.3.31\spring-jcl-5.3.31.jar;C:\Users\ADIKTA\.m2\repository\net\sf\jasperreports\jasperreports\6.21.2\jasperreports-6.21.2.jar;C:\Users\ADIKTA\.m2\repository\commons-beanutils\commons-beanutils\1.9.4\commons-beanutils-1.9.4.jar;C:\Users\ADIKTA\.m2\repository\commons-collections\commons-collections\3.2.2\commons-collections-3.2.2.jar;C:\Users\ADIKTA\.m2\repository\commons-digester\commons-digester\2.1\commons-digester-2.1.jar;C:\Users\ADIKTA\.m2\repository\commons-logging\commons-logging\1.1.1\commons-logging-1.1.1.jar;C:\Users\ADIKTA\.m2\repository\org\apache\commons\commons-collections4\4.2\commons-collections4-4.2.jar;C:\Users\ADIKTA\.m2\repository\com\github\librepdf\openpdf\1.3.32\openpdf-1.3.32.jar;C:\Users\ADIKTA\.m2\repository\org\jfree\jcommon\1.0.23\jcommon-1.0.23.jar;C:\Users\ADIKTA\.m2\repository\org\jfree\jfreechart\1.0.19\jfreechart-1.0.19.jar;C:\Users\ADIKTA\.m2\repository\org\eclipse\jdt\ecj\3.21.0\ecj-3.21.0.jar;C:\Users\ADIKTA\.m2\repository\com\fasterxml\jackson\core\jackson-core\2.13.5\jackson-core-2.13.5.jar;C:\Users\ADIKTA\.m2\repository\com\fasterxml\jackson\core\jackson-databind\2.13.5\jackson-databind-2.13.5.jar;C:\Users\ADIKTA\.m2\repository\com\fasterxml\jackson\core\jackson-annotations\2.13.5\jackson-annotations-2.13.5.jar;C:\Users\ADIKTA\.m2\repository\com\fasterxml\jackson\dataformat\jackson-dataformat-xml\2.13.5\jackson-dataformat-xml-2.13.5.jar;C:\Users\ADIKTA\.m2\repository\org\codehaus\woodstox\stax2-api\4.2.1\stax2-api-4.2.1.jar;C:\Users\ADIKTA\.m2\repository\com\fasterxml\woodstox\woodstox-core\6.4.0\woodstox-core-6.4.0.jar;C:\Users\ADIKTA\.m2\repository\org\springframework\boot\spring-boot-starter-tomcat\2.7.18\spring-boot-starter-tomcat-2.7.18.jar;C:\Users\ADIKTA\.m2\repository\jakarta\annotation\jakarta.annotation-api\1.3.5\jakarta.annotation-api-1.3.5.jar;C:\Users\ADIKTA\.m2\repository\org\apache\tomcat\embed\tomcat-embed-core\9.0.83\tomcat-embed-core-9.0.83.jar;C:\Users\ADIKTA\.m2\repository\org\apache\tomcat\embed\tomcat-embed-el\9.0.83\tomcat-embed-el-9.0.83.jar;C:\Users\ADIKTA\.m2\repository\org\apache\tomcat\embed\tomcat-embed-websocket\9.0.83\tomcat-embed-websocket-9.0.83.jar
Launcher Type: SUN_STANDARD

[Global flags]
     intx CICompilerCount                          = 4                                         {product} {ergonomic}
     uint ConcGCThreads                            = 3                                         {product} {ergonomic}
     uint G1ConcRefinementThreads                  = 10                                        {product} {ergonomic}
   size_t G1HeapRegionSize                         = 1048576                                   {product} {ergonomic}
   size_t InitialHeapSize                          = 132120576                                 {product} {ergonomic}
     bool ManagementServer                         = true                                      {product} {command line}
   size_t MarkStackSize                            = 4194304                                   {product} {ergonomic}
   size_t MaxHeapSize                              = 2099249152                                {product} {ergonomic}
   size_t MaxNewSize                               = 1259339776                                {product} {ergonomic}
   size_t MinHeapDeltaBytes                        = 1048576                                   {product} {ergonomic}
   size_t MinHeapSize                              = 8388608                                   {product} {ergonomic}
    uintx NonNMethodCodeHeapSize                   = 5839372                                {pd product} {ergonomic}
    uintx NonProfiledCodeHeapSize                  = 122909434                              {pd product} {ergonomic}
    uintx ProfiledCodeHeapSize                     = 122909434                              {pd product} {ergonomic}
    uintx ReservedCodeCacheSize                    = 251658240                              {pd product} {ergonomic}
     bool SegmentedCodeCache                       = true                                      {product} {ergonomic}
     bool ShowCodeDetailsInExceptionMessages       = true                                   {manageable} {command line}
   size_t SoftMaxHeapSize                          = 2099249152                             {manageable} {ergonomic}
     bool UseCompressedOops                        = true                           {product lp64_product} {ergonomic}
     bool UseG1GC                                  = true                                      {product} {ergonomic}
     bool UseLargePagesIndividualAllocation        = false                                  {pd product} {ergonomic}

Logging:
Log output configuration:
 #0: stdout all=warning uptime,level,tags foldmultilines=false
 #1: stderr all=off uptime,level,tags foldmultilines=false

Environment Variables:
JAVA_HOME=C:\Program Files\Java\jdk-22
PATH=C:\Users\ADIKTA\bin;C:\Program Files\Git\mingw64\bin;C:\Program Files\Git\usr\local\bin;C:\Program Files\Git\usr\bin;C:\Program Files\Git\usr\bin;C:\Program Files\Git\mingw64\bin;C:\Program Files\Git\usr\bin;C:\Users\ADIKTA\bin;C:\Program Files (x86)\VMware\VMware Player\bin;C:\Program Files\Common Files\Oracle\Java\javapath;C:\Program Files (x86)\Common Files\Oracle\Java\java8path;C:\Program Files (x86)\Common Files\Oracle\Java\javapath;C:\WINDOWS\system32;C:\WINDOWS;C:\WINDOWS\System32\Wbem;C:\WINDOWS\System32\WindowsPowerShell\v1.0;C:\WINDOWS\System32\OpenSSH;C:\Program Files\nodejs;C:\Program Files\dotnet;C:\Program Files\Microsoft Network Monitor 3;C:\Program Files\Git\cmd;C:\Users\ADIKTA\AppData\Local\Programs\Python\Python312\Scripts;C:\Users\ADIKTA\AppData\Local\Programs\Python\Python312;C:\Users\ADIKTA\.console-ninja\.bin;C:\Users\ADIKTA\AppData\Local\Microsoft\WindowsApps;C:\Users\ADIKTA\AppData\Local\Programs\Microsoft VS Code\bin;C:\Program Files\Java\jdk-21\bin;C:\MAVEN\bin;C:\Users\ADIKTA\AppData\Roaming\npm;C:\Program Files\JetBrains\IntelliJ IDEA Community Edition 2024.2.1\bin;C:\Program Files\Git\usr\bin\vendor_perl;C:\Program Files\Git\usr\bin\core_perl
USERNAME=ADIKTA
SHELL=C:\Program Files\Git\usr\bin\bash.exe
DISPLAY=needs-to-be-defined
LANG=en_US.UTF-8
TERM=xterm-256color
TMPDIR=C:\Users\ADIKTA\AppData\Local\Temp
OS=Windows_NT
PROCESSOR_IDENTIFIER=Intel64 Family 6 Model 165 Stepping 3, GenuineIntel
TMP=C:\Users\ADIKTA\AppData\Local\Temp
TEMP=C:\Users\ADIKTA\AppData\Local\Temp




Periodic native trim disabled

---------------  S Y S T E M  ---------------

OS:
 Windows 11 , 64 bit Build 22621 (10.0.22621.4391)
OS uptime: 0 days 0:59 hours

CPU: total 12 (initial active 12) (6 cores per cpu, 2 threads per core) family 6 model 165 stepping 3 microcode 0xea, cx8, cmov, fxsr, ht, mmx, 3dnowpref, sse, sse2, sse3, ssse3, sse4.1, sse4.2, popcnt, lzcnt, tsc, tscinvbit, avx, avx2, aes, erms, clmul, bmi1, bmi2, adx, fma, vzeroupper, clflush, clflushopt, rdtscp, f16c
Processor Information for all 12 processors :
  Max Mhz: 2904, Current Mhz: 2904, Mhz Limit: 2904

Memory: 4k page, system-wide physical 8003M (396M free)
TotalPageFile size 32579M (AvailPageFile size 2M)
current process WorkingSet (physical memory assigned to process): 344M, peak: 399M
current process commit charge ("private bytes"): 447M, peak: 503M

vm_info: Java HotSpot(TM) 64-Bit Server VM (22.0.2+9-70) for windows-amd64 JRE (22.0.2+9-70), built on 2024-06-04T16:52:23Z by "mach5one" with MS VC++ 17.6 (VS2022)

END.
