#
# There is insufficient memory for the Java Runtime Environment to continue.
# Native memory allocation (malloc) failed to allocate 1150416 bytes for Chunk::new
# Possible reasons:
#   The system is out of physical RAM or swap space
#   The process is running with CompressedOops enabled, and the Java Heap may be blocking the growth of the native heap
# Possible solutions:
#   Reduce memory load on the system
#   Increase physical memory or swap space
#   Check if swap backing store is full
#   Decrease Java heap size (-Xmx/-Xms)
#   Decrease number of Java threads
#   Decrease Java thread stack sizes (-Xss)
#   Set larger code cache with -XX:ReservedCodeCacheSize=
#   JVM is running with Unscaled Compressed Oops mode in which the Java heap is
#     placed in the first 4GB address space. The Java Heap base address is the
#     maximum limit for the native heap growth. Please use -XX:HeapBaseMinAddress
#     to set the Java Heap base and to place the Java Heap above 4GB virtual address.
# This output file may be truncated or incomplete.
#
#  Out of Memory Error (arena.cpp:168), pid=4216, tid=24424
#
# JRE version: Java(TM) SE Runtime Environment (21.0.2+13) (build 21.0.2+13-LTS-58)
# Java VM: Java HotSpot(TM) 64-Bit Server VM (21.0.2+13-LTS-58, mixed mode, sharing, tiered, compressed oops, compressed class ptrs, g1 gc, windows-amd64)
# No core dump will be written. Minidumps are not enabled by default on client versions of Windows
#

---------------  S U M M A R Y ------------

Command Line: -XX:+ShowCodeDetailsInExceptionMessages -Dspring.jmx.enabled=true -Dmanagement.endpoints.jmx.exposure.include=* -Dspring.application.admin.enabled=true -Dspring.boot.project.name=erp_epmapat -Djava.rmi.server.hostname=localhost -Dcom.sun.management.jmxremote.port=45556 -Dcom.sun.management.jmxremote.authenticate=false -Dcom.sun.management.jmxremote.ssl=false com.epmapat.erp_epmapat.ErpEpmapatApplication

Host: Intel(R) Core(TM) i5-10400 CPU @ 2.90GHz, 12 cores, 7G,  Windows 11 , 64 bit Build 22621 (10.0.22621.3958)
Time: Wed Aug 21 15:57:51 2024 Hora est. Pacífico, Sudamérica elapsed time: 45.490307 seconds (0d 0h 0m 45s)

---------------  T H R E A D  ---------------

Current thread (0x000001d649633320):  JavaThread "C2 CompilerThread0" daemon [_thread_in_native, id=24424, stack(0x00000051dc300000,0x00000051dc400000) (1024K)]


Current CompileTask:
C2:  45490 17889   !   4       org.apache.coyote.http11.Http11Processor::prepareRequest (675 bytes)

Stack: [0x00000051dc300000,0x00000051dc400000]
Native frames: (J=compiled Java code, j=interpreted, Vv=VM code, C=native code)
V  [jvm.dll+0x6cade9]
V  [jvm.dll+0x8569c1]
V  [jvm.dll+0x858d2e]
V  [jvm.dll+0x859413]
V  [jvm.dll+0x280e56]
V  [jvm.dll+0xc3f3d]
V  [jvm.dll+0xc4473]
V  [jvm.dll+0x3b5bf2]
V  [jvm.dll+0x382855]
V  [jvm.dll+0x381cca]
V  [jvm.dll+0x249bd0]
V  [jvm.dll+0x2491b1]
V  [jvm.dll+0x1c9634]
V  [jvm.dll+0x258859]
V  [jvm.dll+0x256e3a]
V  [jvm.dll+0x3ef6c6]
V  [jvm.dll+0x7ff568]
V  [jvm.dll+0x6c953d]
C  [ucrtbase.dll+0x29333]
C  [KERNEL32.DLL+0x1257d]
C  [ntdll.dll+0x5af28]


---------------  P R O C E S S  ---------------

Threads class SMR info:
_java_thread_list=0x000001d695726db0, length=36, elements={
0x000001d64961b2c0, 0x000001d64961c390, 0x000001d6496229d0, 0x000001d649623430,
0x000001d6496241f0, 0x000001d649624d80, 0x000001d649633320, 0x000001d649634020,
0x000001d6495e7350, 0x000001d649904800, 0x000001d68f474070, 0x000001d68f29c4c0,
0x000001d68f239a10, 0x000001d68f47d0d0, 0x000001d68f608520, 0x000001d68f60d8d0,
0x000001d68f61b340, 0x000001d6901a9540, 0x000001d6901aa8f0, 0x000001d6901ab610,
0x000001d6901a8820, 0x000001d68ff9fe30, 0x000001d68ff9f7a0, 0x000001d68ff9dd60,
0x000001d68ff9e3f0, 0x000001d68ff9ea80, 0x000001d68ff9f110, 0x000001d68ffa04c0,
0x000001d68ff9d6d0, 0x000001d68ff9d040, 0x000001d693ad5650, 0x000001d693ad4930,
0x000001d693ad3c10, 0x000001d693ad7720, 0x000001d6901ac150, 0x000001d693ad8ad0
}

Java Threads: ( => current thread )
  0x000001d64961b2c0 JavaThread "Reference Handler"          daemon [_thread_blocked, id=7344, stack(0x00000051dbd00000,0x00000051dbe00000) (1024K)]
  0x000001d64961c390 JavaThread "Finalizer"                  daemon [_thread_blocked, id=11492, stack(0x00000051dbe00000,0x00000051dbf00000) (1024K)]
  0x000001d6496229d0 JavaThread "Signal Dispatcher"          daemon [_thread_blocked, id=13012, stack(0x00000051dbf00000,0x00000051dc000000) (1024K)]
  0x000001d649623430 JavaThread "Attach Listener"            daemon [_thread_blocked, id=12668, stack(0x00000051dc000000,0x00000051dc100000) (1024K)]
  0x000001d6496241f0 JavaThread "Service Thread"             daemon [_thread_blocked, id=26136, stack(0x00000051dc100000,0x00000051dc200000) (1024K)]
  0x000001d649624d80 JavaThread "Monitor Deflation Thread"   daemon [_thread_blocked, id=24448, stack(0x00000051dc200000,0x00000051dc300000) (1024K)]
=>0x000001d649633320 JavaThread "C2 CompilerThread0"         daemon [_thread_in_native, id=24424, stack(0x00000051dc300000,0x00000051dc400000) (1024K)]
  0x000001d649634020 JavaThread "C1 CompilerThread0"         daemon [_thread_blocked, id=15192, stack(0x00000051dc400000,0x00000051dc500000) (1024K)]
  0x000001d6495e7350 JavaThread "Common-Cleaner"             daemon [_thread_blocked, id=17788, stack(0x00000051dc500000,0x00000051dc600000) (1024K)]
  0x000001d649904800 JavaThread "Notification Thread"        daemon [_thread_blocked, id=15844, stack(0x00000051dc600000,0x00000051dc700000) (1024K)]
  0x000001d68f474070 JavaThread "RMI TCP Accept-0"           daemon [_thread_in_native, id=24700, stack(0x00000051dc800000,0x00000051dc900000) (1024K)]
  0x000001d68f29c4c0 JavaThread "RMI TCP Accept-45556"       daemon [_thread_in_native, id=20452, stack(0x00000051dc900000,0x00000051dca00000) (1024K)]
  0x000001d68f239a10 JavaThread "RMI TCP Accept-0"           daemon [_thread_in_native, id=24284, stack(0x00000051dca00000,0x00000051dcb00000) (1024K)]
  0x000001d68f47d0d0 JavaThread "RMI TCP Connection(idle)"   daemon [_thread_blocked, id=26292, stack(0x00000051dcb00000,0x00000051dcc00000) (1024K)]
  0x000001d68f608520 JavaThread "RMI Scheduler(0)"           daemon [_thread_blocked, id=5520, stack(0x00000051dcc00000,0x00000051dcd00000) (1024K)]
  0x000001d68f60d8d0 JavaThread "RMI TCP Connection(2)-127.0.0.1" daemon [_thread_in_native, id=30040, stack(0x00000051dcd00000,0x00000051dce00000) (1024K)]
  0x000001d68f61b340 JavaThread "JMX server connection timeout 28" daemon [_thread_blocked, id=27020, stack(0x00000051dce00000,0x00000051dcf00000) (1024K)]
  0x000001d6901a9540 JavaThread "Catalina-utility-1"                [_thread_blocked, id=1736, stack(0x00000051dd800000,0x00000051dd900000) (1024K)]
  0x000001d6901aa8f0 JavaThread "Catalina-utility-2"                [_thread_blocked, id=30056, stack(0x00000051ddb00000,0x00000051ddc00000) (1024K)]
  0x000001d6901ab610 JavaThread "container-0"                       [_thread_blocked, id=30648, stack(0x00000051ddc00000,0x00000051ddd00000) (1024K)]
  0x000001d6901a8820 JavaThread "HikariPool-1 housekeeper"   daemon [_thread_blocked, id=16148, stack(0x00000051dde00000,0x00000051ddf00000) (1024K)]
  0x000001d68ff9fe30 JavaThread "http-nio-8080-exec-1"       daemon [_thread_blocked, id=7816, stack(0x00000051de000000,0x00000051de100000) (1024K)]
  0x000001d68ff9f7a0 JavaThread "http-nio-8080-exec-2"       daemon [_thread_blocked, id=12520, stack(0x00000051de100000,0x00000051de200000) (1024K)]
  0x000001d68ff9dd60 JavaThread "http-nio-8080-exec-3"       daemon [_thread_in_native, id=13472, stack(0x00000051de200000,0x00000051de300000) (1024K)]
  0x000001d68ff9e3f0 JavaThread "http-nio-8080-exec-4"       daemon [_thread_blocked, id=14104, stack(0x00000051de300000,0x00000051de400000) (1024K)]
  0x000001d68ff9ea80 JavaThread "http-nio-8080-exec-5"       daemon [_thread_blocked, id=30452, stack(0x00000051de400000,0x00000051de500000) (1024K)]
  0x000001d68ff9f110 JavaThread "http-nio-8080-exec-6"       daemon [_thread_blocked, id=2552, stack(0x00000051de500000,0x00000051de600000) (1024K)]
  0x000001d68ffa04c0 JavaThread "http-nio-8080-exec-7"       daemon [_thread_blocked, id=8504, stack(0x00000051de600000,0x00000051de700000) (1024K)]
  0x000001d68ff9d6d0 JavaThread "http-nio-8080-exec-8"       daemon [_thread_blocked, id=29276, stack(0x00000051de700000,0x00000051de800000) (1024K)]
  0x000001d68ff9d040 JavaThread "http-nio-8080-exec-9"       daemon [_thread_blocked, id=28748, stack(0x00000051de800000,0x00000051de900000) (1024K)]
  0x000001d693ad5650 JavaThread "http-nio-8080-exec-10"      daemon [_thread_blocked, id=30196, stack(0x00000051de900000,0x00000051dea00000) (1024K)]
  0x000001d693ad4930 JavaThread "http-nio-8080-Poller"       daemon [_thread_in_native, id=22484, stack(0x00000051dea00000,0x00000051deb00000) (1024K)]
  0x000001d693ad3c10 JavaThread "http-nio-8080-Acceptor"     daemon [_thread_in_native, id=29736, stack(0x00000051deb00000,0x00000051dec00000) (1024K)]
  0x000001d693ad7720 JavaThread "DestroyJavaVM"                     [_thread_blocked, id=17040, stack(0x00000051db500000,0x00000051db600000) (1024K)]
  0x000001d6901ac150 JavaThread "C2 CompilerThread1"         daemon [_thread_in_native, id=30288, stack(0x00000051dec00000,0x00000051ded00000) (1024K)]
  0x000001d693ad8ad0 JavaThread "HikariPool-1 connection adder" daemon [_thread_blocked, id=552, stack(0x00000051ded00000,0x00000051dee00000) (1024K)]
Total: 36

Other Threads:
  0x000001d6495fb990 VMThread "VM Thread"                           [id=9568, stack(0x00000051dbc00000,0x00000051dbd00000) (1024K)]
  0x000001d6495e61b0 WatcherThread "VM Periodic Task Thread"        [id=29976, stack(0x00000051dbb00000,0x00000051dbc00000) (1024K)]
  0x000001d62c922900 WorkerThread "GC Thread#0"                     [id=11396, stack(0x00000051db600000,0x00000051db700000) (1024K)]
  0x000001d68f8b8ff0 WorkerThread "GC Thread#1"                     [id=25772, stack(0x00000051dcf00000,0x00000051dd000000) (1024K)]
  0x000001d68f7babc0 WorkerThread "GC Thread#2"                     [id=27652, stack(0x00000051dd000000,0x00000051dd100000) (1024K)]
  0x000001d68f616d20 WorkerThread "GC Thread#3"                     [id=13768, stack(0x00000051dd100000,0x00000051dd200000) (1024K)]
  0x000001d68f7b0f40 WorkerThread "GC Thread#4"                     [id=25636, stack(0x00000051dd200000,0x00000051dd300000) (1024K)]
  0x000001d68f7b12e0 WorkerThread "GC Thread#5"                     [id=8664, stack(0x00000051dd300000,0x00000051dd400000) (1024K)]
  0x000001d68f7b1a80 WorkerThread "GC Thread#6"                     [id=3136, stack(0x00000051dd400000,0x00000051dd500000) (1024K)]
  0x000001d68f7b2220 WorkerThread "GC Thread#7"                     [id=27100, stack(0x00000051dd500000,0x00000051dd600000) (1024K)]
  0x000001d68f7b25c0 WorkerThread "GC Thread#8"                     [id=24020, stack(0x00000051dd600000,0x00000051dd700000) (1024K)]
  0x000001d68f7b2d70 WorkerThread "GC Thread#9"                     [id=12388, stack(0x00000051dd700000,0x00000051dd800000) (1024K)]
  0x000001d62c9334d0 ConcurrentGCThread "G1 Main Marker"            [id=29932, stack(0x00000051db700000,0x00000051db800000) (1024K)]
  0x000001d62c934770 WorkerThread "G1 Conc#0"                       [id=30400, stack(0x00000051db800000,0x00000051db900000) (1024K)]
  0x000001d68f646210 WorkerThread "G1 Conc#1"                       [id=14144, stack(0x00000051dd900000,0x00000051dda00000) (1024K)]
  0x000001d68f647430 WorkerThread "G1 Conc#2"                       [id=29852, stack(0x00000051dda00000,0x00000051ddb00000) (1024K)]
  0x000001d62c97e640 ConcurrentGCThread "G1 Refine#0"               [id=26888, stack(0x00000051db900000,0x00000051dba00000) (1024K)]
  0x000001d6494b23d0 ConcurrentGCThread "G1 Service"                [id=24708, stack(0x00000051dba00000,0x00000051dbb00000) (1024K)]
Total: 18

Threads with active compile tasks:
C2 CompilerThread0    45523 17889   !   4       org.apache.coyote.http11.Http11Processor::prepareRequest (675 bytes)
C2 CompilerThread1    45523 17883       4       org.hibernate.event.internal.DefaultLoadEventListener::load (193 bytes)
Total: 2

VM state: not at safepoint (normal execution)

VM Mutex/Monitor currently owned by a thread: None

Heap address: 0x0000000082e00000, size: 2002 MB, Compressed Oops mode: 32-bit

CDS archive(s) mapped at: [0x000001d64a000000-0x000001d64ac90000-0x000001d64ac90000), size 13172736, SharedBaseAddress: 0x000001d64a000000, ArchiveRelocationMode: 1.
Compressed class space mapped at: 0x000001d64b000000-0x000001d68b000000, reserved size: 1073741824
Narrow klass base: 0x000001d64a000000, Narrow klass shift: 0, Narrow klass range: 0x100000000

GC Precious Log:
 CardTable entry size: 512
 Card Set container configuration: InlinePtr #cards 5 size 8 Array Of Cards #cards 12 size 40 Howl #buckets 4 coarsen threshold 1843 Howl Bitmap #cards 512 size 80 coarsen threshold 460 Card regions per heap region 1 cards per card region 2048
 CPUs: 12 total, 12 available
 Memory: 8003M
 Large Page Support: Disabled
 NUMA Support: Disabled
 Compressed Oops: Enabled (32-bit)
 Heap Region Size: 1M
 Heap Min Capacity: 8M
 Heap Initial Capacity: 126M
 Heap Max Capacity: 2002M
 Pre-touch: Disabled
 Parallel Workers: 10
 Concurrent Workers: 3
 Concurrent Refinement Workers: 10
 Periodic GC: Disabled

Heap:
 garbage-first heap   total 214016K, used 107948K [0x0000000082e00000, 0x0000000100000000)
  region size 1024K, 45 young (46080K), 1 survivors (1024K)
 Metaspace       used 77093K, committed 77952K, reserved 1179648K
  class space    used 9276K, committed 9728K, reserved 1048576K

Heap Regions: E=young(eden), S=young(survivor), O=old, HS=humongous(starts), HC=humongous(continues), CS=collection set, F=free, TAMS=top-at-mark-start, PB=parsable bottom
|   0|0x0000000082e00000, 0x0000000082f00000, 0x0000000082f00000|100%|HS|  |TAMS 0x0000000082e00000| PB 0x0000000082e00000| Complete 
|   1|0x0000000082f00000, 0x0000000083000000, 0x0000000083000000|100%| O|  |TAMS 0x0000000082f00000| PB 0x0000000082f00000| Untracked 
|   2|0x0000000083000000, 0x0000000083100000, 0x0000000083100000|100%| O|  |TAMS 0x0000000083000000| PB 0x0000000083000000| Untracked 
|   3|0x0000000083100000, 0x0000000083200000, 0x0000000083200000|100%| O|  |TAMS 0x0000000083100000| PB 0x0000000083100000| Untracked 
|   4|0x0000000083200000, 0x0000000083300000, 0x0000000083300000|100%| O|  |TAMS 0x0000000083200000| PB 0x0000000083200000| Untracked 
|   5|0x0000000083300000, 0x0000000083400000, 0x0000000083400000|100%| O|  |TAMS 0x0000000083300000| PB 0x0000000083300000| Untracked 
|   6|0x0000000083400000, 0x0000000083500000, 0x0000000083500000|100%| O|  |TAMS 0x0000000083400000| PB 0x0000000083400000| Untracked 
|   7|0x0000000083500000, 0x0000000083600000, 0x0000000083600000|100%| O|  |TAMS 0x0000000083500000| PB 0x0000000083500000| Untracked 
|   8|0x0000000083600000, 0x0000000083700000, 0x0000000083700000|100%| O|  |TAMS 0x0000000083600000| PB 0x0000000083600000| Untracked 
|   9|0x0000000083700000, 0x0000000083800000, 0x0000000083800000|100%| O|  |TAMS 0x0000000083700000| PB 0x0000000083700000| Untracked 
|  10|0x0000000083800000, 0x0000000083900000, 0x0000000083900000|100%| O|  |TAMS 0x0000000083800000| PB 0x0000000083800000| Untracked 
|  11|0x0000000083900000, 0x0000000083a00000, 0x0000000083a00000|100%| O|  |TAMS 0x0000000083900000| PB 0x0000000083900000| Untracked 
|  12|0x0000000083a00000, 0x0000000083a00000, 0x0000000083b00000|  0%| F|  |TAMS 0x0000000083a00000| PB 0x0000000083a00000| Untracked 
|  13|0x0000000083b00000, 0x0000000083c00000, 0x0000000083c00000|100%| O|  |TAMS 0x0000000083b00000| PB 0x0000000083b00000| Untracked 
|  14|0x0000000083c00000, 0x0000000083d00000, 0x0000000083d00000|100%| O|  |TAMS 0x0000000083c00000| PB 0x0000000083c00000| Untracked 
|  15|0x0000000083d00000, 0x0000000083e00000, 0x0000000083e00000|100%| O|  |TAMS 0x0000000083d00000| PB 0x0000000083d00000| Untracked 
|  16|0x0000000083e00000, 0x0000000083f00000, 0x0000000083f00000|100%| O|  |TAMS 0x0000000083e00000| PB 0x0000000083e00000| Untracked 
|  17|0x0000000083f00000, 0x0000000084000000, 0x0000000084000000|100%| O|  |TAMS 0x0000000083f00000| PB 0x0000000083f00000| Untracked 
|  18|0x0000000084000000, 0x000000008403b5d0, 0x0000000084100000| 23%| O|  |TAMS 0x0000000084000000| PB 0x0000000084000000| Untracked 
|  19|0x0000000084100000, 0x0000000084200000, 0x0000000084200000|100%| O|  |TAMS 0x0000000084100000| PB 0x0000000084100000| Untracked 
|  20|0x0000000084200000, 0x0000000084300000, 0x0000000084300000|100%| O|  |TAMS 0x0000000084200000| PB 0x0000000084200000| Untracked 
|  21|0x0000000084300000, 0x0000000084400000, 0x0000000084400000|100%| O|  |TAMS 0x0000000084300000| PB 0x0000000084300000| Untracked 
|  22|0x0000000084400000, 0x0000000084400000, 0x0000000084500000|  0%| F|  |TAMS 0x0000000084400000| PB 0x0000000084400000| Untracked 
|  23|0x0000000084500000, 0x0000000084600000, 0x0000000084600000|100%| O|  |TAMS 0x0000000084500000| PB 0x0000000084500000| Untracked 
|  24|0x0000000084600000, 0x0000000084700000, 0x0000000084700000|100%| O|  |TAMS 0x0000000084600000| PB 0x0000000084600000| Untracked 
|  25|0x0000000084700000, 0x0000000084800000, 0x0000000084800000|100%| O|  |TAMS 0x0000000084700000| PB 0x0000000084700000| Untracked 
|  26|0x0000000084800000, 0x0000000084800000, 0x0000000084900000|  0%| F|  |TAMS 0x0000000084800000| PB 0x0000000084800000| Untracked 
|  27|0x0000000084900000, 0x0000000084900000, 0x0000000084a00000|  0%| F|  |TAMS 0x0000000084900000| PB 0x0000000084900000| Untracked 
|  28|0x0000000084a00000, 0x0000000084b00000, 0x0000000084b00000|100%| O|  |TAMS 0x0000000084a00000| PB 0x0000000084a00000| Untracked 
|  29|0x0000000084b00000, 0x0000000084b00000, 0x0000000084c00000|  0%| F|  |TAMS 0x0000000084b00000| PB 0x0000000084b00000| Untracked 
|  30|0x0000000084c00000, 0x0000000084d00000, 0x0000000084d00000|100%| O|  |TAMS 0x0000000084c00000| PB 0x0000000084c00000| Untracked 
|  31|0x0000000084d00000, 0x0000000084e00000, 0x0000000084e00000|100%| O|  |TAMS 0x0000000084d00000| PB 0x0000000084d00000| Untracked 
|  32|0x0000000084e00000, 0x0000000084f00000, 0x0000000084f00000|100%| O|  |TAMS 0x0000000084e00000| PB 0x0000000084e00000| Untracked 
|  33|0x0000000084f00000, 0x0000000085000000, 0x0000000085000000|100%| O|  |TAMS 0x0000000084f00000| PB 0x0000000084f00000| Untracked 
|  34|0x0000000085000000, 0x0000000085000000, 0x0000000085100000|  0%| F|  |TAMS 0x0000000085000000| PB 0x0000000085000000| Untracked 
|  35|0x0000000085100000, 0x0000000085200000, 0x0000000085200000|100%| O|  |TAMS 0x0000000085100000| PB 0x0000000085100000| Untracked 
|  36|0x0000000085200000, 0x0000000085300000, 0x0000000085300000|100%| O|  |TAMS 0x0000000085200000| PB 0x0000000085200000| Untracked 
|  37|0x0000000085300000, 0x0000000085400000, 0x0000000085400000|100%| O|  |TAMS 0x0000000085300000| PB 0x0000000085300000| Untracked 
|  38|0x0000000085400000, 0x0000000085500000, 0x0000000085500000|100%| O|  |TAMS 0x0000000085400000| PB 0x0000000085400000| Untracked 
|  39|0x0000000085500000, 0x0000000085600000, 0x0000000085600000|100%| O|  |TAMS 0x0000000085500000| PB 0x0000000085500000| Untracked 
|  40|0x0000000085600000, 0x0000000085700000, 0x0000000085700000|100%| O|  |TAMS 0x0000000085600000| PB 0x0000000085600000| Untracked 
|  41|0x0000000085700000, 0x0000000085800000, 0x0000000085800000|100%| O|  |TAMS 0x0000000085700000| PB 0x0000000085700000| Untracked 
|  42|0x0000000085800000, 0x0000000085900000, 0x0000000085900000|100%| O|  |TAMS 0x0000000085800000| PB 0x0000000085800000| Untracked 
|  43|0x0000000085900000, 0x0000000085a00000, 0x0000000085a00000|100%| O|  |TAMS 0x0000000085900000| PB 0x0000000085900000| Untracked 
|  44|0x0000000085a00000, 0x0000000085a00000, 0x0000000085b00000|  0%| F|  |TAMS 0x0000000085a00000| PB 0x0000000085a00000| Untracked 
|  45|0x0000000085b00000, 0x0000000085c00000, 0x0000000085c00000|100%| O|  |TAMS 0x0000000085b00000| PB 0x0000000085b00000| Untracked 
|  46|0x0000000085c00000, 0x0000000085c00000, 0x0000000085d00000|  0%| F|  |TAMS 0x0000000085c00000| PB 0x0000000085c00000| Untracked 
|  47|0x0000000085d00000, 0x0000000085e00000, 0x0000000085e00000|100%| O|  |TAMS 0x0000000085d00000| PB 0x0000000085d00000| Untracked 
|  48|0x0000000085e00000, 0x0000000085f00000, 0x0000000085f00000|100%| O|  |TAMS 0x0000000085e00000| PB 0x0000000085e00000| Untracked 
|  49|0x0000000085f00000, 0x0000000086000000, 0x0000000086000000|100%| O|  |TAMS 0x0000000085f00000| PB 0x0000000085f00000| Untracked 
|  50|0x0000000086000000, 0x0000000086100000, 0x0000000086100000|100%| O|  |TAMS 0x0000000086000000| PB 0x0000000086000000| Untracked 
|  51|0x0000000086100000, 0x0000000086200000, 0x0000000086200000|100%| O|  |TAMS 0x0000000086100000| PB 0x0000000086100000| Untracked 
|  52|0x0000000086200000, 0x0000000086300000, 0x0000000086300000|100%| O|  |TAMS 0x0000000086200000| PB 0x0000000086200000| Untracked 
|  53|0x0000000086300000, 0x0000000086400000, 0x0000000086400000|100%| O|  |TAMS 0x0000000086300000| PB 0x0000000086300000| Untracked 
|  54|0x0000000086400000, 0x0000000086500000, 0x0000000086500000|100%| O|  |TAMS 0x0000000086400000| PB 0x0000000086400000| Untracked 
|  55|0x0000000086500000, 0x0000000086500000, 0x0000000086600000|  0%| F|  |TAMS 0x0000000086500000| PB 0x0000000086500000| Untracked 
|  56|0x0000000086600000, 0x0000000086600000, 0x0000000086700000|  0%| F|  |TAMS 0x0000000086600000| PB 0x0000000086600000| Untracked 
|  57|0x0000000086700000, 0x0000000086700000, 0x0000000086800000|  0%| F|  |TAMS 0x0000000086700000| PB 0x0000000086700000| Untracked 
|  58|0x0000000086800000, 0x0000000086900000, 0x0000000086900000|100%| O|  |TAMS 0x0000000086800000| PB 0x0000000086800000| Untracked 
|  59|0x0000000086900000, 0x0000000086a00000, 0x0000000086a00000|100%| O|  |TAMS 0x0000000086900000| PB 0x0000000086900000| Untracked 
|  60|0x0000000086a00000, 0x0000000086a00000, 0x0000000086b00000|  0%| F|  |TAMS 0x0000000086a00000| PB 0x0000000086a00000| Untracked 
|  61|0x0000000086b00000, 0x0000000086c00000, 0x0000000086c00000|100%| O|  |TAMS 0x0000000086b00000| PB 0x0000000086b00000| Untracked 
|  62|0x0000000086c00000, 0x0000000086c00000, 0x0000000086d00000|  0%| F|  |TAMS 0x0000000086c00000| PB 0x0000000086c00000| Untracked 
|  63|0x0000000086d00000, 0x0000000086d00000, 0x0000000086e00000|  0%| F|  |TAMS 0x0000000086d00000| PB 0x0000000086d00000| Untracked 
|  64|0x0000000086e00000, 0x0000000086e00000, 0x0000000086f00000|  0%| F|  |TAMS 0x0000000086e00000| PB 0x0000000086e00000| Untracked 
|  65|0x0000000086f00000, 0x0000000086f00000, 0x0000000087000000|  0%| F|  |TAMS 0x0000000086f00000| PB 0x0000000086f00000| Untracked 
|  66|0x0000000087000000, 0x0000000087000000, 0x0000000087100000|  0%| F|  |TAMS 0x0000000087000000| PB 0x0000000087000000| Untracked 
|  67|0x0000000087100000, 0x0000000087100000, 0x0000000087200000|  0%| F|  |TAMS 0x0000000087100000| PB 0x0000000087100000| Untracked 
|  68|0x0000000087200000, 0x0000000087300000, 0x0000000087300000|100%| O|  |TAMS 0x0000000087200000| PB 0x0000000087200000| Untracked 
|  69|0x0000000087300000, 0x0000000087400000, 0x0000000087400000|100%| O|  |TAMS 0x0000000087300000| PB 0x0000000087300000| Untracked 
|  70|0x0000000087400000, 0x0000000087500000, 0x0000000087500000|100%| O|  |TAMS 0x0000000087400000| PB 0x0000000087400000| Untracked 
|  71|0x0000000087500000, 0x0000000087600000, 0x0000000087600000|100%| O|  |TAMS 0x0000000087500000| PB 0x0000000087500000| Untracked 
|  72|0x0000000087600000, 0x0000000087700000, 0x0000000087700000|100%| O|  |TAMS 0x0000000087600000| PB 0x0000000087600000| Untracked 
|  73|0x0000000087700000, 0x0000000087800000, 0x0000000087800000|100%| O|  |TAMS 0x0000000087700000| PB 0x0000000087700000| Untracked 
|  74|0x0000000087800000, 0x0000000087900000, 0x0000000087900000|100%| O|  |TAMS 0x0000000087800000| PB 0x0000000087800000| Untracked 
|  75|0x0000000087900000, 0x0000000087a00000, 0x0000000087a00000|100%| O|  |TAMS 0x0000000087900000| PB 0x0000000087900000| Untracked 
|  76|0x0000000087a00000, 0x0000000087b00000, 0x0000000087b00000|100%| O|  |TAMS 0x0000000087a00000| PB 0x0000000087a00000| Untracked 
|  77|0x0000000087b00000, 0x0000000087c00000, 0x0000000087c00000|100%| O|  |TAMS 0x0000000087b00000| PB 0x0000000087b00000| Untracked 
|  78|0x0000000087c00000, 0x0000000087c00000, 0x0000000087d00000|  0%| F|  |TAMS 0x0000000087c00000| PB 0x0000000087c00000| Untracked 
|  79|0x0000000087d00000, 0x0000000087d00000, 0x0000000087e00000|  0%| F|  |TAMS 0x0000000087d00000| PB 0x0000000087d00000| Untracked 
|  80|0x0000000087e00000, 0x0000000087e00000, 0x0000000087f00000|  0%| F|  |TAMS 0x0000000087e00000| PB 0x0000000087e00000| Untracked 
|  81|0x0000000087f00000, 0x0000000087f00000, 0x0000000088000000|  0%| F|  |TAMS 0x0000000087f00000| PB 0x0000000087f00000| Untracked 
|  82|0x0000000088000000, 0x0000000088000000, 0x0000000088100000|  0%| F|  |TAMS 0x0000000088000000| PB 0x0000000088000000| Untracked 
|  83|0x0000000088100000, 0x0000000088100000, 0x0000000088200000|  0%| F|  |TAMS 0x0000000088100000| PB 0x0000000088100000| Untracked 
|  84|0x0000000088200000, 0x0000000088200000, 0x0000000088300000|  0%| F|  |TAMS 0x0000000088200000| PB 0x0000000088200000| Untracked 
|  85|0x0000000088300000, 0x0000000088300000, 0x0000000088400000|  0%| F|  |TAMS 0x0000000088300000| PB 0x0000000088300000| Untracked 
|  86|0x0000000088400000, 0x0000000088400000, 0x0000000088500000|  0%| F|  |TAMS 0x0000000088400000| PB 0x0000000088400000| Untracked 
|  87|0x0000000088500000, 0x0000000088500000, 0x0000000088600000|  0%| F|  |TAMS 0x0000000088500000| PB 0x0000000088500000| Untracked 
|  88|0x0000000088600000, 0x0000000088600000, 0x0000000088700000|  0%| F|  |TAMS 0x0000000088600000| PB 0x0000000088600000| Untracked 
|  89|0x0000000088700000, 0x0000000088800000, 0x0000000088800000|100%| O|  |TAMS 0x0000000088700000| PB 0x0000000088700000| Untracked 
|  90|0x0000000088800000, 0x0000000088900000, 0x0000000088900000|100%| O|  |TAMS 0x0000000088800000| PB 0x0000000088800000| Untracked 
|  91|0x0000000088900000, 0x0000000088900000, 0x0000000088a00000|  0%| F|  |TAMS 0x0000000088900000| PB 0x0000000088900000| Untracked 
|  92|0x0000000088a00000, 0x0000000088a00000, 0x0000000088b00000|  0%| F|  |TAMS 0x0000000088a00000| PB 0x0000000088a00000| Untracked 
|  93|0x0000000088b00000, 0x0000000088b00000, 0x0000000088c00000|  0%| F|  |TAMS 0x0000000088b00000| PB 0x0000000088b00000| Untracked 
|  94|0x0000000088c00000, 0x0000000088c2fcd8, 0x0000000088d00000| 18%| S|CS|TAMS 0x0000000088c00000| PB 0x0000000088c00000| Complete 
|  95|0x0000000088d00000, 0x0000000088d00000, 0x0000000088e00000|  0%| F|  |TAMS 0x0000000088d00000| PB 0x0000000088d00000| Untracked 
|  96|0x0000000088e00000, 0x0000000088e00000, 0x0000000088f00000|  0%| F|  |TAMS 0x0000000088e00000| PB 0x0000000088e00000| Untracked 
|  97|0x0000000088f00000, 0x0000000088f00000, 0x0000000089000000|  0%| F|  |TAMS 0x0000000088f00000| PB 0x0000000088f00000| Untracked 
|  98|0x0000000089000000, 0x0000000089000000, 0x0000000089100000|  0%| F|  |TAMS 0x0000000089000000| PB 0x0000000089000000| Untracked 
|  99|0x0000000089100000, 0x0000000089100000, 0x0000000089200000|  0%| F|  |TAMS 0x0000000089100000| PB 0x0000000089100000| Untracked 
| 100|0x0000000089200000, 0x0000000089200000, 0x0000000089300000|  0%| F|  |TAMS 0x0000000089200000| PB 0x0000000089200000| Untracked 
| 101|0x0000000089300000, 0x0000000089300000, 0x0000000089400000|  0%| F|  |TAMS 0x0000000089300000| PB 0x0000000089300000| Untracked 
| 102|0x0000000089400000, 0x0000000089400000, 0x0000000089500000|  0%| F|  |TAMS 0x0000000089400000| PB 0x0000000089400000| Untracked 
| 103|0x0000000089500000, 0x0000000089500000, 0x0000000089600000|  0%| F|  |TAMS 0x0000000089500000| PB 0x0000000089500000| Untracked 
| 104|0x0000000089600000, 0x0000000089600000, 0x0000000089700000|  0%| F|  |TAMS 0x0000000089600000| PB 0x0000000089600000| Untracked 
| 105|0x0000000089700000, 0x0000000089700000, 0x0000000089800000|  0%| F|  |TAMS 0x0000000089700000| PB 0x0000000089700000| Untracked 
| 106|0x0000000089800000, 0x0000000089800000, 0x0000000089900000|  0%| F|  |TAMS 0x0000000089800000| PB 0x0000000089800000| Untracked 
| 107|0x0000000089900000, 0x0000000089900000, 0x0000000089a00000|  0%| F|  |TAMS 0x0000000089900000| PB 0x0000000089900000| Untracked 
| 108|0x0000000089a00000, 0x0000000089a00000, 0x0000000089b00000|  0%| F|  |TAMS 0x0000000089a00000| PB 0x0000000089a00000| Untracked 
| 109|0x0000000089b00000, 0x0000000089b00000, 0x0000000089c00000|  0%| F|  |TAMS 0x0000000089b00000| PB 0x0000000089b00000| Untracked 
| 110|0x0000000089c00000, 0x0000000089c00000, 0x0000000089d00000|  0%| F|  |TAMS 0x0000000089c00000| PB 0x0000000089c00000| Untracked 
| 111|0x0000000089d00000, 0x0000000089d00000, 0x0000000089e00000|  0%| F|  |TAMS 0x0000000089d00000| PB 0x0000000089d00000| Untracked 
| 112|0x0000000089e00000, 0x0000000089e00000, 0x0000000089f00000|  0%| F|  |TAMS 0x0000000089e00000| PB 0x0000000089e00000| Untracked 
| 113|0x0000000089f00000, 0x0000000089f00000, 0x000000008a000000|  0%| F|  |TAMS 0x0000000089f00000| PB 0x0000000089f00000| Untracked 
| 114|0x000000008a000000, 0x000000008a000000, 0x000000008a100000|  0%| F|  |TAMS 0x000000008a000000| PB 0x000000008a000000| Untracked 
| 115|0x000000008a100000, 0x000000008a100000, 0x000000008a200000|  0%| F|  |TAMS 0x000000008a100000| PB 0x000000008a100000| Untracked 
| 116|0x000000008a200000, 0x000000008a200000, 0x000000008a300000|  0%| F|  |TAMS 0x000000008a200000| PB 0x000000008a200000| Untracked 
| 117|0x000000008a300000, 0x000000008a300000, 0x000000008a400000|  0%| F|  |TAMS 0x000000008a300000| PB 0x000000008a300000| Untracked 
| 118|0x000000008a400000, 0x000000008a400000, 0x000000008a500000|  0%| F|  |TAMS 0x000000008a400000| PB 0x000000008a400000| Untracked 
| 119|0x000000008a500000, 0x000000008a500000, 0x000000008a600000|  0%| F|  |TAMS 0x000000008a500000| PB 0x000000008a500000| Untracked 
| 120|0x000000008a600000, 0x000000008a600000, 0x000000008a700000|  0%| F|  |TAMS 0x000000008a600000| PB 0x000000008a600000| Untracked 
| 121|0x000000008a700000, 0x000000008a700000, 0x000000008a800000|  0%| F|  |TAMS 0x000000008a700000| PB 0x000000008a700000| Untracked 
| 122|0x000000008a800000, 0x000000008a800000, 0x000000008a900000|  0%| F|  |TAMS 0x000000008a800000| PB 0x000000008a800000| Untracked 
| 123|0x000000008a900000, 0x000000008a900000, 0x000000008aa00000|  0%| F|  |TAMS 0x000000008a900000| PB 0x000000008a900000| Untracked 
| 124|0x000000008aa00000, 0x000000008aa00000, 0x000000008ab00000|  0%| F|  |TAMS 0x000000008aa00000| PB 0x000000008aa00000| Untracked 
| 125|0x000000008ab00000, 0x000000008ab00000, 0x000000008ac00000|  0%| F|  |TAMS 0x000000008ab00000| PB 0x000000008ab00000| Untracked 
| 126|0x000000008ac00000, 0x000000008ac00000, 0x000000008ad00000|  0%| F|  |TAMS 0x000000008ac00000| PB 0x000000008ac00000| Untracked 
| 127|0x000000008ad00000, 0x000000008ad00000, 0x000000008ae00000|  0%| F|  |TAMS 0x000000008ad00000| PB 0x000000008ad00000| Untracked 
| 128|0x000000008ae00000, 0x000000008ae00000, 0x000000008af00000|  0%| F|  |TAMS 0x000000008ae00000| PB 0x000000008ae00000| Untracked 
| 129|0x000000008af00000, 0x000000008af00000, 0x000000008b000000|  0%| F|  |TAMS 0x000000008af00000| PB 0x000000008af00000| Untracked 
| 130|0x000000008b000000, 0x000000008b000000, 0x000000008b100000|  0%| F|  |TAMS 0x000000008b000000| PB 0x000000008b000000| Untracked 
| 131|0x000000008b100000, 0x000000008b100000, 0x000000008b200000|  0%| F|  |TAMS 0x000000008b100000| PB 0x000000008b100000| Untracked 
| 132|0x000000008b200000, 0x000000008b200000, 0x000000008b300000|  0%| F|  |TAMS 0x000000008b200000| PB 0x000000008b200000| Untracked 
| 133|0x000000008b300000, 0x000000008b300000, 0x000000008b400000|  0%| F|  |TAMS 0x000000008b300000| PB 0x000000008b300000| Untracked 
| 134|0x000000008b400000, 0x000000008b400000, 0x000000008b500000|  0%| F|  |TAMS 0x000000008b400000| PB 0x000000008b400000| Untracked 
| 135|0x000000008b500000, 0x000000008b500000, 0x000000008b600000|  0%| F|  |TAMS 0x000000008b500000| PB 0x000000008b500000| Untracked 
| 136|0x000000008b600000, 0x000000008b600000, 0x000000008b700000|  0%| F|  |TAMS 0x000000008b600000| PB 0x000000008b600000| Untracked 
| 137|0x000000008b700000, 0x000000008b700000, 0x000000008b800000|  0%| F|  |TAMS 0x000000008b700000| PB 0x000000008b700000| Untracked 
| 138|0x000000008b800000, 0x000000008b800000, 0x000000008b900000|  0%| F|  |TAMS 0x000000008b800000| PB 0x000000008b800000| Untracked 
| 139|0x000000008b900000, 0x000000008b900000, 0x000000008ba00000|  0%| F|  |TAMS 0x000000008b900000| PB 0x000000008b900000| Untracked 
| 140|0x000000008ba00000, 0x000000008ba00000, 0x000000008bb00000|  0%| F|  |TAMS 0x000000008ba00000| PB 0x000000008ba00000| Untracked 
| 141|0x000000008bb00000, 0x000000008bb00000, 0x000000008bc00000|  0%| F|  |TAMS 0x000000008bb00000| PB 0x000000008bb00000| Untracked 
| 142|0x000000008bc00000, 0x000000008bc00000, 0x000000008bd00000|  0%| F|  |TAMS 0x000000008bc00000| PB 0x000000008bc00000| Untracked 
| 143|0x000000008bd00000, 0x000000008bd00000, 0x000000008be00000|  0%| F|  |TAMS 0x000000008bd00000| PB 0x000000008bd00000| Untracked 
| 144|0x000000008be00000, 0x000000008be00000, 0x000000008bf00000|  0%| F|  |TAMS 0x000000008be00000| PB 0x000000008be00000| Untracked 
| 145|0x000000008bf00000, 0x000000008bf00000, 0x000000008c000000|  0%| F|  |TAMS 0x000000008bf00000| PB 0x000000008bf00000| Untracked 
| 146|0x000000008c000000, 0x000000008c000000, 0x000000008c100000|  0%| F|  |TAMS 0x000000008c000000| PB 0x000000008c000000| Untracked 
| 147|0x000000008c100000, 0x000000008c100000, 0x000000008c200000|  0%| F|  |TAMS 0x000000008c100000| PB 0x000000008c100000| Untracked 
| 148|0x000000008c200000, 0x000000008c200000, 0x000000008c300000|  0%| F|  |TAMS 0x000000008c200000| PB 0x000000008c200000| Untracked 
| 149|0x000000008c300000, 0x000000008c300000, 0x000000008c400000|  0%| F|  |TAMS 0x000000008c300000| PB 0x000000008c300000| Untracked 
| 150|0x000000008c400000, 0x000000008c400000, 0x000000008c500000|  0%| F|  |TAMS 0x000000008c400000| PB 0x000000008c400000| Untracked 
| 151|0x000000008c500000, 0x000000008c500000, 0x000000008c600000|  0%| F|  |TAMS 0x000000008c500000| PB 0x000000008c500000| Untracked 
| 152|0x000000008c600000, 0x000000008c600000, 0x000000008c700000|  0%| F|  |TAMS 0x000000008c600000| PB 0x000000008c600000| Untracked 
| 153|0x000000008c700000, 0x000000008c700000, 0x000000008c800000|  0%| F|  |TAMS 0x000000008c700000| PB 0x000000008c700000| Untracked 
| 154|0x000000008c800000, 0x000000008c800000, 0x000000008c900000|  0%| F|  |TAMS 0x000000008c800000| PB 0x000000008c800000| Untracked 
| 155|0x000000008c900000, 0x000000008c900000, 0x000000008ca00000|  0%| F|  |TAMS 0x000000008c900000| PB 0x000000008c900000| Untracked 
| 156|0x000000008ca00000, 0x000000008ca00000, 0x000000008cb00000|  0%| F|  |TAMS 0x000000008ca00000| PB 0x000000008ca00000| Untracked 
| 157|0x000000008cb00000, 0x000000008cb00000, 0x000000008cc00000|  0%| F|  |TAMS 0x000000008cb00000| PB 0x000000008cb00000| Untracked 
| 158|0x000000008cc00000, 0x000000008cc00000, 0x000000008cd00000|  0%| F|  |TAMS 0x000000008cc00000| PB 0x000000008cc00000| Untracked 
| 159|0x000000008cd00000, 0x000000008cd00000, 0x000000008ce00000|  0%| F|  |TAMS 0x000000008cd00000| PB 0x000000008cd00000| Untracked 
| 160|0x000000008ce00000, 0x000000008ce00000, 0x000000008cf00000|  0%| F|  |TAMS 0x000000008ce00000| PB 0x000000008ce00000| Untracked 
| 161|0x000000008cf00000, 0x000000008cf00000, 0x000000008d000000|  0%| F|  |TAMS 0x000000008cf00000| PB 0x000000008cf00000| Untracked 
| 162|0x000000008d000000, 0x000000008d000000, 0x000000008d100000|  0%| F|  |TAMS 0x000000008d000000| PB 0x000000008d000000| Untracked 
| 163|0x000000008d100000, 0x000000008d100000, 0x000000008d200000|  0%| F|  |TAMS 0x000000008d100000| PB 0x000000008d100000| Untracked 
| 164|0x000000008d200000, 0x000000008d2e1ed0, 0x000000008d300000| 88%| E|  |TAMS 0x000000008d200000| PB 0x000000008d200000| Complete 
| 165|0x000000008d300000, 0x000000008d400000, 0x000000008d400000|100%| E|CS|TAMS 0x000000008d300000| PB 0x000000008d300000| Complete 
| 166|0x000000008d400000, 0x000000008d500000, 0x000000008d500000|100%| E|CS|TAMS 0x000000008d400000| PB 0x000000008d400000| Complete 
| 167|0x000000008d500000, 0x000000008d600000, 0x000000008d600000|100%| E|CS|TAMS 0x000000008d500000| PB 0x000000008d500000| Complete 
| 168|0x000000008d600000, 0x000000008d700000, 0x000000008d700000|100%| E|CS|TAMS 0x000000008d600000| PB 0x000000008d600000| Complete 
| 169|0x000000008d700000, 0x000000008d800000, 0x000000008d800000|100%| E|CS|TAMS 0x000000008d700000| PB 0x000000008d700000| Complete 
| 170|0x000000008d800000, 0x000000008d900000, 0x000000008d900000|100%| E|CS|TAMS 0x000000008d800000| PB 0x000000008d800000| Complete 
| 171|0x000000008d900000, 0x000000008da00000, 0x000000008da00000|100%| E|CS|TAMS 0x000000008d900000| PB 0x000000008d900000| Complete 
| 172|0x000000008da00000, 0x000000008db00000, 0x000000008db00000|100%| E|CS|TAMS 0x000000008da00000| PB 0x000000008da00000| Complete 
| 173|0x000000008db00000, 0x000000008dc00000, 0x000000008dc00000|100%| E|CS|TAMS 0x000000008db00000| PB 0x000000008db00000| Complete 
| 174|0x000000008dc00000, 0x000000008dd00000, 0x000000008dd00000|100%| E|CS|TAMS 0x000000008dc00000| PB 0x000000008dc00000| Complete 
| 175|0x000000008dd00000, 0x000000008de00000, 0x000000008de00000|100%| E|CS|TAMS 0x000000008dd00000| PB 0x000000008dd00000| Complete 
| 176|0x000000008de00000, 0x000000008df00000, 0x000000008df00000|100%| E|CS|TAMS 0x000000008de00000| PB 0x000000008de00000| Complete 
| 177|0x000000008df00000, 0x000000008e000000, 0x000000008e000000|100%| E|CS|TAMS 0x000000008df00000| PB 0x000000008df00000| Complete 
| 178|0x000000008e000000, 0x000000008e100000, 0x000000008e100000|100%| E|CS|TAMS 0x000000008e000000| PB 0x000000008e000000| Complete 
| 179|0x000000008e100000, 0x000000008e200000, 0x000000008e200000|100%| E|CS|TAMS 0x000000008e100000| PB 0x000000008e100000| Complete 
| 180|0x000000008e200000, 0x000000008e300000, 0x000000008e300000|100%| E|CS|TAMS 0x000000008e200000| PB 0x000000008e200000| Complete 
| 181|0x000000008e300000, 0x000000008e400000, 0x000000008e400000|100%| E|CS|TAMS 0x000000008e300000| PB 0x000000008e300000| Complete 
| 182|0x000000008e400000, 0x000000008e500000, 0x000000008e500000|100%| E|CS|TAMS 0x000000008e400000| PB 0x000000008e400000| Complete 
| 183|0x000000008e500000, 0x000000008e600000, 0x000000008e600000|100%| E|CS|TAMS 0x000000008e500000| PB 0x000000008e500000| Complete 
| 184|0x000000008e600000, 0x000000008e700000, 0x000000008e700000|100%| E|CS|TAMS 0x000000008e600000| PB 0x000000008e600000| Complete 
| 185|0x000000008e700000, 0x000000008e800000, 0x000000008e800000|100%| E|CS|TAMS 0x000000008e700000| PB 0x000000008e700000| Complete 
| 186|0x000000008e800000, 0x000000008e900000, 0x000000008e900000|100%| E|CS|TAMS 0x000000008e800000| PB 0x000000008e800000| Complete 
| 187|0x000000008e900000, 0x000000008ea00000, 0x000000008ea00000|100%| E|CS|TAMS 0x000000008e900000| PB 0x000000008e900000| Complete 
| 188|0x000000008ea00000, 0x000000008eb00000, 0x000000008eb00000|100%| E|CS|TAMS 0x000000008ea00000| PB 0x000000008ea00000| Complete 
| 189|0x000000008eb00000, 0x000000008ec00000, 0x000000008ec00000|100%| E|CS|TAMS 0x000000008eb00000| PB 0x000000008eb00000| Complete 
| 190|0x000000008ec00000, 0x000000008ed00000, 0x000000008ed00000|100%| E|CS|TAMS 0x000000008ec00000| PB 0x000000008ec00000| Complete 
| 191|0x000000008ed00000, 0x000000008ee00000, 0x000000008ee00000|100%| E|CS|TAMS 0x000000008ed00000| PB 0x000000008ed00000| Complete 
| 192|0x000000008ee00000, 0x000000008ef00000, 0x000000008ef00000|100%| E|CS|TAMS 0x000000008ee00000| PB 0x000000008ee00000| Complete 
| 193|0x000000008ef00000, 0x000000008f000000, 0x000000008f000000|100%| E|CS|TAMS 0x000000008ef00000| PB 0x000000008ef00000| Complete 
| 194|0x000000008f000000, 0x000000008f100000, 0x000000008f100000|100%| E|CS|TAMS 0x000000008f000000| PB 0x000000008f000000| Complete 
| 195|0x000000008f100000, 0x000000008f200000, 0x000000008f200000|100%| E|CS|TAMS 0x000000008f100000| PB 0x000000008f100000| Complete 
| 196|0x000000008f200000, 0x000000008f300000, 0x000000008f300000|100%| E|CS|TAMS 0x000000008f200000| PB 0x000000008f200000| Complete 
|1990|0x00000000ff400000, 0x00000000ff500000, 0x00000000ff500000|100%| E|CS|TAMS 0x00000000ff400000| PB 0x00000000ff400000| Complete 
|1991|0x00000000ff500000, 0x00000000ff600000, 0x00000000ff600000|100%| E|CS|TAMS 0x00000000ff500000| PB 0x00000000ff500000| Complete 
|1992|0x00000000ff600000, 0x00000000ff700000, 0x00000000ff700000|100%| O|  |TAMS 0x00000000ff600000| PB 0x00000000ff600000| Untracked 
|1993|0x00000000ff700000, 0x00000000ff800000, 0x00000000ff800000|100%| E|CS|TAMS 0x00000000ff700000| PB 0x00000000ff700000| Complete 
|1994|0x00000000ff800000, 0x00000000ff900000, 0x00000000ff900000|100%| E|CS|TAMS 0x00000000ff800000| PB 0x00000000ff800000| Complete 
|1995|0x00000000ff900000, 0x00000000ffa00000, 0x00000000ffa00000|100%| E|CS|TAMS 0x00000000ff900000| PB 0x00000000ff900000| Complete 
|1996|0x00000000ffa00000, 0x00000000ffb00000, 0x00000000ffb00000|100%| E|CS|TAMS 0x00000000ffa00000| PB 0x00000000ffa00000| Complete 
|1997|0x00000000ffb00000, 0x00000000ffc00000, 0x00000000ffc00000|100%| E|CS|TAMS 0x00000000ffb00000| PB 0x00000000ffb00000| Complete 
|1998|0x00000000ffc00000, 0x00000000ffd00000, 0x00000000ffd00000|100%| E|CS|TAMS 0x00000000ffc00000| PB 0x00000000ffc00000| Complete 
|1999|0x00000000ffd00000, 0x00000000ffe00000, 0x00000000ffe00000|100%| E|CS|TAMS 0x00000000ffd00000| PB 0x00000000ffd00000| Complete 
|2000|0x00000000ffe00000, 0x00000000fff00000, 0x00000000fff00000|100%| E|CS|TAMS 0x00000000ffe00000| PB 0x00000000ffe00000| Complete 
|2001|0x00000000fff00000, 0x0000000100000000, 0x0000000100000000|100%| E|CS|TAMS 0x00000000fff00000| PB 0x00000000fff00000| Complete 

Card table byte_map: [0x000001d644670000,0x000001d644a60000] _byte_map_base: 0x000001d644259000

Marking Bits: (CMBitMap*) 0x000001d62c923000
 Bits: [0x000001d644a60000, 0x000001d6469a8000)

Polling page: 0x000001d62a840000

Metaspace:

Usage:
  Non-class:     66.23 MB used.
      Class:      9.06 MB used.
       Both:     75.29 MB used.

Virtual space:
  Non-class space:      128.00 MB reserved,      66.62 MB ( 52%) committed,  2 nodes.
      Class space:        1.00 GB reserved,       9.50 MB ( <1%) committed,  1 nodes.
             Both:        1.12 GB reserved,      76.12 MB (  7%) committed. 

Chunk freelists:
   Non-Class:  13.05 MB
       Class:  6.50 MB
        Both:  19.54 MB

MaxMetaspaceSize: unlimited
CompressedClassSpaceSize: 1.00 GB
Initial GC threshold: 21.00 MB
Current GC threshold: 126.88 MB
CDS: on
 - commit_granule_bytes: 65536.
 - commit_granule_words: 8192.
 - virtual_space_node_default_size: 8388608.
 - enlarge_chunks_in_place: 1.
 - use_allocation_guard: 0.


Internal statistics:

num_allocs_failed_limit: 6.
num_arena_births: 1368.
num_arena_deaths: 0.
num_vsnodes_births: 3.
num_vsnodes_deaths: 0.
num_space_committed: 1218.
num_space_uncommitted: 0.
num_chunks_returned_to_freelist: 6.
num_chunks_taken_from_freelist: 4495.
num_chunk_merges: 3.
num_chunk_splits: 3042.
num_chunks_enlarged: 2192.
num_inconsistent_stats: 0.

CodeHeap 'non-profiled nmethods': size=120000Kb used=10751Kb max_used=10751Kb free=109248Kb
 bounds [0x000001d63c7f0000, 0x000001d63d270000, 0x000001d643d20000]
CodeHeap 'profiled nmethods': size=120000Kb used=30425Kb max_used=30425Kb free=89574Kb
 bounds [0x000001d634d20000, 0x000001d636b00000, 0x000001d63c250000]
CodeHeap 'non-nmethods': size=5760Kb used=1643Kb max_used=1749Kb free=4116Kb
 bounds [0x000001d63c250000, 0x000001d63c4c0000, 0x000001d63c7f0000]
 total_blobs=15562 nmethods=14874 adapters=590
 compilation: enabled
              stopped_count=0, restarted_count=0
 full_count=0

Compilation events (20 events):
Event: 45.401 Thread 0x000001d649634020 17891       3       sun.util.locale.LocaleUtils::isAlphaNumeric (20 bytes)
Event: 45.401 Thread 0x000001d649634020 nmethod 17891 0x000001d636aecb10 code [0x000001d636aeccc0, 0x000001d636aed070]
Event: 45.401 Thread 0x000001d649634020 17892       3       java.lang.StringUTF16::length (5 bytes)
Event: 45.402 Thread 0x000001d649634020 nmethod 17892 0x000001d635096e90 code [0x000001d635097020, 0x000001d635097118]
Event: 45.402 Thread 0x000001d649634020 17893       3       java.lang.StringUTF16::checkIndex (9 bytes)
Event: 45.402 Thread 0x000001d649634020 nmethod 17893 0x000001d6350f2910 code [0x000001d6350f2ac0, 0x000001d6350f2cb8]
Event: 45.449 Thread 0x000001d6901ac150 nmethod 17876 0x000001d63d261590 code [0x000001d63d261f80, 0x000001d63d2693d8]
Event: 45.449 Thread 0x000001d6901ac150 17877       4       org.apache.tomcat.util.buf.CharChunk::equalsIgnoreCase (76 bytes)
Event: 45.452 Thread 0x000001d6901ac150 nmethod 17877 0x000001d63d26e310 code [0x000001d63d26e4c0, 0x000001d63d26e778]
Event: 45.453 Thread 0x000001d6901ac150 17878       4       org.apache.catalina.mapper.Mapper::compareIgnoreCase (132 bytes)
Event: 45.456 Thread 0x000001d6901ac150 nmethod 17878 0x000001d63d26ea10 code [0x000001d63d26ebc0, 0x000001d63d26ef20]
Event: 45.456 Thread 0x000001d6901ac150 17894       4       java.util.ArrayList::sort (45 bytes)
Event: 45.457 Thread 0x000001d6901ac150 nmethod 17894 0x000001d63d26f290 code [0x000001d63d26f420, 0x000001d63d26f520]
Event: 45.457 Thread 0x000001d6901ac150 17885       4       com.fasterxml.jackson.databind.ser.DefaultSerializerProvider$Impl::createInstance (11 bytes)
Event: 45.458 Thread 0x000001d6901ac150 nmethod 17885 0x000001d63d26f610 code [0x000001d63d26f7a0, 0x000001d63d26f8f8]
Event: 45.458 Thread 0x000001d6901ac150 17886       4       com.fasterxml.jackson.databind.ser.DefaultSerializerProvider$Impl::createInstance (7 bytes)
Event: 45.459 Thread 0x000001d6901ac150 nmethod 17886 0x000001d63d26fa10 code [0x000001d63d26fba0, 0x000001d63d26fcf8]
Event: 45.459 Thread 0x000001d6901ac150 17883       4       org.hibernate.event.internal.DefaultLoadEventListener::load (193 bytes)
Event: 45.476 Thread 0x000001d649634020 17898   !   2       org.apache.coyote.http11.Http11Processor::prepareResponse (953 bytes)
Event: 45.481 Thread 0x000001d649634020 nmethod 17898 0x000001d636aed190 code [0x000001d636aed820, 0x000001d636aefac0]

GC Heap History (20 events):
Event: 8.987 GC heap before
{Heap before GC invocations=36 (full 0):
 garbage-first heap   total 121856K, used 107538K [0x0000000082e00000, 0x0000000100000000)
  region size 1024K, 57 young (58368K), 6 survivors (6144K)
 Metaspace       used 67440K, committed 68032K, reserved 1114112K
  class space    used 8375K, committed 8640K, reserved 1048576K
}
Event: 8.994 GC heap after
{Heap after GC invocations=37 (full 0):
 garbage-first heap   total 121856K, used 59518K [0x0000000082e00000, 0x0000000100000000)
  region size 1024K, 7 young (7168K), 7 survivors (7168K)
 Metaspace       used 67440K, committed 68032K, reserved 1114112K
  class space    used 8375K, committed 8640K, reserved 1048576K
}
Event: 10.285 GC heap before
{Heap before GC invocations=37 (full 0):
 garbage-first heap   total 121856K, used 106622K [0x0000000082e00000, 0x0000000100000000)
  region size 1024K, 53 young (54272K), 7 survivors (7168K)
 Metaspace       used 69893K, committed 70592K, reserved 1114112K
  class space    used 8713K, committed 9024K, reserved 1048576K
}
Event: 10.292 GC heap after
{Heap after GC invocations=38 (full 0):
 garbage-first heap   total 121856K, used 61324K [0x0000000082e00000, 0x0000000100000000)
  region size 1024K, 3 young (3072K), 3 survivors (3072K)
 Metaspace       used 69893K, committed 70592K, reserved 1114112K
  class space    used 8713K, committed 9024K, reserved 1048576K
}
Event: 34.190 GC heap before
{Heap before GC invocations=39 (full 0):
 garbage-first heap   total 121856K, used 110476K [0x0000000082e00000, 0x0000000100000000)
  region size 1024K, 51 young (52224K), 3 survivors (3072K)
 Metaspace       used 73527K, committed 74176K, reserved 1114112K
  class space    used 9145K, committed 9472K, reserved 1048576K
}
Event: 34.203 GC heap after
{Heap after GC invocations=40 (full 0):
 garbage-first heap   total 132096K, used 79096K [0x0000000082e00000, 0x0000000100000000)
  region size 1024K, 7 young (7168K), 7 survivors (7168K)
 Metaspace       used 73527K, committed 74176K, reserved 1114112K
  class space    used 9145K, committed 9472K, reserved 1048576K
}
Event: 34.286 GC heap before
{Heap before GC invocations=40 (full 0):
 garbage-first heap   total 132096K, used 109816K [0x0000000082e00000, 0x0000000100000000)
  region size 1024K, 37 young (37888K), 7 survivors (7168K)
 Metaspace       used 73527K, committed 74176K, reserved 1114112K
  class space    used 9145K, committed 9472K, reserved 1048576K
}
Event: 34.302 GC heap after
{Heap after GC invocations=41 (full 0):
 garbage-first heap   total 134144K, used 86016K [0x0000000082e00000, 0x0000000100000000)
  region size 1024K, 5 young (5120K), 5 survivors (5120K)
 Metaspace       used 73527K, committed 74176K, reserved 1114112K
  class space    used 9145K, committed 9472K, reserved 1048576K
}
Event: 34.438 GC heap before
{Heap before GC invocations=41 (full 0):
 garbage-first heap   total 134144K, used 112640K [0x0000000082e00000, 0x0000000100000000)
  region size 1024K, 31 young (31744K), 5 survivors (5120K)
 Metaspace       used 73649K, committed 74304K, reserved 1114112K
  class space    used 9149K, committed 9472K, reserved 1048576K
}
Event: 34.444 GC heap after
{Heap after GC invocations=42 (full 0):
 garbage-first heap   total 214016K, used 91929K [0x0000000082e00000, 0x0000000100000000)
  region size 1024K, 4 young (4096K), 4 survivors (4096K)
 Metaspace       used 73649K, committed 74304K, reserved 1114112K
  class space    used 9149K, committed 9472K, reserved 1048576K
}
Event: 35.289 GC heap before
{Heap before GC invocations=43 (full 0):
 garbage-first heap   total 214016K, used 171801K [0x0000000082e00000, 0x0000000100000000)
  region size 1024K, 82 young (83968K), 4 survivors (4096K)
 Metaspace       used 75203K, committed 76096K, reserved 1179648K
  class space    used 9271K, committed 9728K, reserved 1048576K
}
Event: 35.301 GC heap after
{Heap after GC invocations=44 (full 0):
 garbage-first heap   total 214016K, used 101793K [0x0000000082e00000, 0x0000000100000000)
  region size 1024K, 11 young (11264K), 11 survivors (11264K)
 Metaspace       used 75203K, committed 76096K, reserved 1179648K
  class space    used 9271K, committed 9728K, reserved 1048576K
}
Event: 37.235 GC heap before
{Heap before GC invocations=44 (full 0):
 garbage-first heap   total 214016K, used 172449K [0x0000000082e00000, 0x0000000100000000)
  region size 1024K, 80 young (81920K), 11 survivors (11264K)
 Metaspace       used 77044K, committed 77888K, reserved 1179648K
  class space    used 9272K, committed 9728K, reserved 1048576K
}
Event: 37.252 GC heap after
{Heap after GC invocations=45 (full 0):
 garbage-first heap   total 214016K, used 102455K [0x0000000082e00000, 0x0000000100000000)
  region size 1024K, 2 young (2048K), 2 survivors (2048K)
 Metaspace       used 77044K, committed 77888K, reserved 1179648K
  class space    used 9272K, committed 9728K, reserved 1048576K
}
Event: 39.339 GC heap before
{Heap before GC invocations=45 (full 0):
 garbage-first heap   total 214016K, used 178231K [0x0000000082e00000, 0x0000000100000000)
  region size 1024K, 76 young (77824K), 2 survivors (2048K)
 Metaspace       used 77065K, committed 77952K, reserved 1179648K
  class space    used 9272K, committed 9728K, reserved 1048576K
}
Event: 39.343 GC heap after
{Heap after GC invocations=46 (full 0):
 garbage-first heap   total 214016K, used 101285K [0x0000000082e00000, 0x0000000100000000)
  region size 1024K, 1 young (1024K), 1 survivors (1024K)
 Metaspace       used 77065K, committed 77952K, reserved 1179648K
  class space    used 9272K, committed 9728K, reserved 1048576K
}
Event: 41.445 GC heap before
{Heap before GC invocations=47 (full 0):
 garbage-first heap   total 214016K, used 161701K [0x0000000082e00000, 0x0000000100000000)
  region size 1024K, 82 young (83968K), 1 survivors (1024K)
 Metaspace       used 77074K, committed 77952K, reserved 1179648K
  class space    used 9274K, committed 9728K, reserved 1048576K
}
Event: 41.454 GC heap after
{Heap after GC invocations=48 (full 0):
 garbage-first heap   total 214016K, used 78462K [0x0000000082e00000, 0x0000000100000000)
  region size 1024K, 1 young (1024K), 1 survivors (1024K)
 Metaspace       used 77074K, committed 77952K, reserved 1179648K
  class space    used 9274K, committed 9728K, reserved 1048576K
}
Event: 44.448 GC heap before
{Heap before GC invocations=48 (full 0):
 garbage-first heap   total 214016K, used 193150K [0x0000000082e00000, 0x0000000100000000)
  region size 1024K, 113 young (115712K), 1 survivors (1024K)
 Metaspace       used 77080K, committed 77952K, reserved 1179648K
  class space    used 9274K, committed 9728K, reserved 1048576K
}
Event: 44.458 GC heap after
{Heap after GC invocations=49 (full 0):
 garbage-first heap   total 214016K, used 63916K [0x0000000082e00000, 0x0000000100000000)
  region size 1024K, 1 young (1024K), 1 survivors (1024K)
 Metaspace       used 77080K, committed 77952K, reserved 1179648K
  class space    used 9274K, committed 9728K, reserved 1048576K
}

Dll operation events (11 events):
Event: 0.007 Loaded shared library C:\Program Files\Java\jdk-21\bin\java.dll
Event: 0.036 Loaded shared library C:\Program Files\Java\jdk-21\bin\jsvml.dll
Event: 0.107 Loaded shared library C:\Program Files\Java\jdk-21\bin\jimage.dll
Event: 0.115 Loaded shared library C:\Program Files\Java\jdk-21\bin\net.dll
Event: 0.116 Loaded shared library C:\Program Files\Java\jdk-21\bin\nio.dll
Event: 0.119 Loaded shared library C:\Program Files\Java\jdk-21\bin\zip.dll
Event: 0.172 Loaded shared library C:\Program Files\Java\jdk-21\bin\management.dll
Event: 0.183 Loaded shared library C:\Program Files\Java\jdk-21\bin\management_ext.dll
Event: 0.424 Loaded shared library C:\Program Files\Java\jdk-21\bin\extnet.dll
Event: 0.488 Loaded shared library C:\Program Files\Java\jdk-21\bin\verify.dll
Event: 3.714 Loaded shared library C:\Program Files\Java\jdk-21\bin\sunmscapi.dll

Deoptimization events (20 events):
Event: 45.451 Thread 0x000001d68ff9f110 Uncommon trap: reason=array_check action=maybe_recompile pc=0x000001d63d2662f8 method=org.apache.coyote.http11.Http11OutputBuffer.addActiveFilter(Lorg/apache/coyote/http11/OutputFilter;)V @ 79 c2
Event: 45.451 Thread 0x000001d68ff9e3f0 Uncommon trap: reason=array_check action=maybe_recompile pc=0x000001d63d2662f8 method=org.apache.coyote.http11.Http11OutputBuffer.addActiveFilter(Lorg/apache/coyote/http11/OutputFilter;)V @ 79 c2
Event: 45.451 Thread 0x000001d693ad5650 Uncommon trap: trap_request=0xffffffd6 fr.pc=0x000001d63d2662f8 relative=0x0000000000004378
Event: 45.451 Thread 0x000001d68ffa04c0 Uncommon trap: reason=array_check action=maybe_recompile pc=0x000001d63d2662f8 method=org.apache.coyote.http11.Http11OutputBuffer.addActiveFilter(Lorg/apache/coyote/http11/OutputFilter;)V @ 79 c2
Event: 45.451 Thread 0x000001d68ff9fe30 Uncommon trap: trap_request=0xffffffd6 fr.pc=0x000001d63d2662f8 relative=0x0000000000004378
Event: 45.451 Thread 0x000001d68ff9dd60 Uncommon trap: reason=array_check action=maybe_recompile pc=0x000001d63d2662f8 method=org.apache.coyote.http11.Http11OutputBuffer.addActiveFilter(Lorg/apache/coyote/http11/OutputFilter;)V @ 79 c2
Event: 45.451 Thread 0x000001d693ad5650 Uncommon trap: reason=array_check action=maybe_recompile pc=0x000001d63d2662f8 method=org.apache.coyote.http11.Http11OutputBuffer.addActiveFilter(Lorg/apache/coyote/http11/OutputFilter;)V @ 79 c2
Event: 45.451 Thread 0x000001d68ff9fe30 Uncommon trap: reason=array_check action=maybe_recompile pc=0x000001d63d2662f8 method=org.apache.coyote.http11.Http11OutputBuffer.addActiveFilter(Lorg/apache/coyote/http11/OutputFilter;)V @ 79 c2
Event: 45.451 Thread 0x000001d68ff9f110 DEOPT PACKING pc=0x000001d63d2662f8 sp=0x00000051de5fc2e0
Event: 45.451 Thread 0x000001d68ff9e3f0 DEOPT PACKING pc=0x000001d63d2662f8 sp=0x00000051de3fc1c0
Event: 45.451 Thread 0x000001d68ffa04c0 DEOPT PACKING pc=0x000001d63d2662f8 sp=0x00000051de6fc530
Event: 45.451 Thread 0x000001d68ff9e3f0 DEOPT UNPACKING pc=0x000001d63c2a46a2 sp=0x00000051de3fc118 mode 2
Event: 45.451 Thread 0x000001d68ff9f110 DEOPT UNPACKING pc=0x000001d63c2a46a2 sp=0x00000051de5fc238 mode 2
Event: 45.451 Thread 0x000001d68ff9dd60 DEOPT PACKING pc=0x000001d63d2662f8 sp=0x00000051de2fc540
Event: 45.451 Thread 0x000001d68ffa04c0 DEOPT UNPACKING pc=0x000001d63c2a46a2 sp=0x00000051de6fc488 mode 2
Event: 45.451 Thread 0x000001d693ad5650 DEOPT PACKING pc=0x000001d63d2662f8 sp=0x00000051de9fc590
Event: 45.451 Thread 0x000001d68ff9fe30 DEOPT PACKING pc=0x000001d63d2662f8 sp=0x00000051de0fc430
Event: 45.451 Thread 0x000001d693ad5650 DEOPT UNPACKING pc=0x000001d63c2a46a2 sp=0x00000051de9fc4e8 mode 2
Event: 45.451 Thread 0x000001d68ff9fe30 DEOPT UNPACKING pc=0x000001d63c2a46a2 sp=0x00000051de0fc388 mode 2
Event: 45.451 Thread 0x000001d68ff9dd60 DEOPT UNPACKING pc=0x000001d63c2a46a2 sp=0x00000051de2fc498 mode 2

Classes loaded (20 events):
Event: 12.785 Loading class java/time/zone/ZoneOffsetTransition
Event: 12.785 Loading class java/time/zone/ZoneOffsetTransition done
Event: 12.786 Loading class java/time/ZonedDateTime$1
Event: 12.786 Loading class java/time/ZonedDateTime$1 done
Event: 32.042 Loading class java/time/format/DateTimeParseContext
Event: 32.042 Loading class java/time/format/DateTimeParseContext done
Event: 32.042 Loading class java/time/format/Parsed
Event: 32.043 Loading class java/time/format/Parsed done
Event: 32.044 Loading class sun/reflect/annotation/AnnotationInvocationHandler$1
Event: 32.044 Loading class sun/reflect/annotation/AnnotationInvocationHandler$1 done
Event: 34.071 Loading class jdk/internal/math/FDBigInteger
Event: 34.071 Loading class jdk/internal/math/FDBigInteger done
Event: 34.316 Loading class java/math/MathContext
Event: 34.317 Loading class java/math/MathContext done
Event: 34.319 Loading class java/math/BigDecimal$StringBuilderHelper
Event: 34.319 Loading class java/math/BigDecimal$StringBuilderHelper done
Event: 34.639 Loading class jdk/internal/math/FormattedFPDecimal
Event: 34.639 Loading class jdk/internal/math/FormattedFPDecimal done
Event: 44.683 Loading class sun/util/locale/LocaleExtensions
Event: 44.684 Loading class sun/util/locale/LocaleExtensions done

Classes unloaded (0 events):
No events

Classes redefined (0 events):
No events

Internal exceptions (20 events):
Event: 10.284 Thread 0x000001d68f60d8d0 Exception <a 'java/lang/ClassNotFoundException'{0x00000000877fd158}: org/springframework/boot/actuate/endpoint/jmx/DataEndpointMBean> (0x00000000877fd158) 
thrown [s\open\src\hotspot\share\classfile\systemDictionary.cpp, line 312]
Event: 10.301 Thread 0x000001d68f60d8d0 Exception <a 'java/lang/ClassNotFoundException'{0x000000008a2b4768}: org/springframework/context/support/LiveBeansView> (0x000000008a2b4768) 
thrown [s\open\src\hotspot\share\classfile\systemDictionary.cpp, line 312]
Event: 10.302 Thread 0x000001d68f60d8d0 Exception <a 'java/lang/ClassNotFoundException'{0x000000008a2b5f28}: org/springframework/boot/actuate/endpoint/jmx/EndpointMBean> (0x000000008a2b5f28) 
thrown [s\open\src\hotspot\share\classfile\systemDictionary.cpp, line 312]
Event: 10.302 Thread 0x000001d68f60d8d0 Exception <a 'java/lang/ClassNotFoundException'{0x000000008a2b6300}: org/springframework/boot/actuate/endpoint/jmx/DataEndpointMBean> (0x000000008a2b6300) 
thrown [s\open\src\hotspot\share\classfile\systemDictionary.cpp, line 312]
Event: 10.302 Thread 0x000001d68f60d8d0 Exception <a 'java/lang/ClassNotFoundException'{0x000000008a2b66d0}: org/springframework/context/support/LiveBeansView> (0x000000008a2b66d0) 
thrown [s\open\src\hotspot\share\classfile\systemDictionary.cpp, line 312]
Event: 10.302 Thread 0x000001d68f60d8d0 Exception <a 'java/lang/ClassNotFoundException'{0x000000008a2b6a90}: org/springframework/boot/actuate/endpoint/jmx/EndpointMBean> (0x000000008a2b6a90) 
thrown [s\open\src\hotspot\share\classfile\systemDictionary.cpp, line 312]
Event: 10.302 Thread 0x000001d68f60d8d0 Exception <a 'java/lang/ClassNotFoundException'{0x000000008a2b6e50}: org/springframework/boot/actuate/endpoint/jmx/DataEndpointMBean> (0x000000008a2b6e50) 
thrown [s\open\src\hotspot\share\classfile\systemDictionary.cpp, line 312]
Event: 10.302 Thread 0x000001d68f60d8d0 Exception <a 'java/lang/ClassNotFoundException'{0x000000008a2b7208}: org/springframework/context/support/LiveBeansView> (0x000000008a2b7208) 
thrown [s\open\src\hotspot\share\classfile\systemDictionary.cpp, line 312]
Event: 10.302 Thread 0x000001d68f60d8d0 Exception <a 'java/lang/ClassNotFoundException'{0x000000008a2b75c8}: org/springframework/boot/actuate/endpoint/jmx/EndpointMBean> (0x000000008a2b75c8) 
thrown [s\open\src\hotspot\share\classfile\systemDictionary.cpp, line 312]
Event: 10.302 Thread 0x000001d68f60d8d0 Exception <a 'java/lang/ClassNotFoundException'{0x000000008a2b7988}: org/springframework/boot/actuate/endpoint/jmx/DataEndpointMBean> (0x000000008a2b7988) 
thrown [s\open\src\hotspot\share\classfile\systemDictionary.cpp, line 312]
Event: 10.302 Thread 0x000001d68f60d8d0 Exception <a 'java/lang/ClassNotFoundException'{0x000000008a2b7d40}: org/springframework/context/support/LiveBeansView> (0x000000008a2b7d40) 
thrown [s\open\src\hotspot\share\classfile\systemDictionary.cpp, line 312]
Event: 10.309 Thread 0x000001d68f60d8d0 Exception <a 'java/lang/NoSuchMethodError'{0x000000008a2dab08}: 'double java.lang.invoke.DirectMethodHandle$Holder.invokeInterface(java.lang.Object, java.lang.Object)'> (0x000000008a2dab08) 
thrown [s\open\src\hotspot\share\interpreter\linkResolver.cpp, line 773]
Event: 12.699 Thread 0x000001d68ff9f7a0 Exception <a 'java/lang/NoSuchMethodError'{0x0000000089b3d850}: 'java.lang.Object java.lang.invoke.DirectMethodHandle$Holder.invokeInterface(java.lang.Object, java.lang.Object, java.lang.Object, java.lang.Object)'> (0x0000000089b3d850) 
thrown [s\open\src\hotspot\share\interpreter\linkResolver.cpp, line 773]
Event: 12.734 Thread 0x000001d68ff9fe30 Exception <a 'java/lang/NoSuchMethodError'{0x0000000089950310}: 'java.lang.Object java.lang.invoke.DirectMethodHandle$Holder.invokeStaticInit(java.lang.Object, java.lang.Object, java.lang.Object, java.lang.Object, java.lang.Object, java.lang.Object)'> (0x0000000089950310) 
thrown [s\open\src\hotspot\share\interpreter\linkResolver.cpp, line 773]
Event: 12.739 Thread 0x000001d68ff9fe30 Exception <a 'java/lang/NoSuchMethodError'{0x00000000899b5618}: 'java.lang.Object java.lang.invoke.DirectMethodHandle$Holder.newInvokeSpecial(java.lang.Object, java.lang.Object, java.lang.Object, long)'> (0x00000000899b5618) 
thrown [s\open\src\hotspot\share\interpreter\linkResolver.cpp, line 773]
Event: 12.740 Thread 0x000001d68ff9fe30 Exception <a 'java/lang/NoSuchMethodError'{0x00000000899b9be8}: 'java.lang.Object java.lang.invoke.DirectMethodHandle$Holder.invokeSpecial(java.lang.Object, java.lang.Object, java.lang.Object, java.lang.Object, long)'> (0x00000000899b9be8) 
thrown [s\open\src\hotspot\share\interpreter\linkResolver.cpp, line 773]
Event: 12.740 Thread 0x000001d68ff9fe30 Exception <a 'java/lang/NoSuchMethodError'{0x00000000899bda98}: 'java.lang.Object java.lang.invoke.Invokers$Holder.linkToTargetMethod(java.lang.Object, java.lang.Object, long, java.lang.Object)'> (0x00000000899bda98) 
thrown [s\open\src\hotspot\share\interpreter\linkResolver.cpp, line 773]
Event: 12.762 Thread 0x000001d68ff9fe30 Exception <a 'java/lang/NoSuchMethodError'{0x00000000898f2ba8}: 'java.lang.Object java.lang.invoke.DirectMethodHandle$Holder.newInvokeSpecial(java.lang.Object, java.lang.Object, java.lang.Object, java.lang.Object, java.lang.Object, java.lang.Object, java.lang.Object)'> (0x00000000898f2ba8) 
thrown [s\open\src\hotspot\share\interpreter\linkResolver.cpp, line 773]
Event: 34.316 Thread 0x000001d68ff9ea80 Exception <a 'java/lang/ClassNotFoundException'{0x000000008a2df320}: com/epmapat/erp_epmapat/interfaces/RepFacGlobalCustomizer> (0x000000008a2df320) 
thrown [s\open\src\hotspot\share\classfile\systemDictionary.cpp, line 312]
Event: 34.722 Thread 0x000001d68ffa04c0 Implicit null exception at 0x000001d63ce3ee40 to 0x000001d63ce3f264

ZGC Phase Switch (0 events):
No events

VM Operations (20 events):
Event: 39.339 Executing VM operation: G1CollectForAllocation (G1 Evacuation Pause)
Event: 39.343 Executing VM operation: G1CollectForAllocation (G1 Evacuation Pause) done
Event: 39.396 Executing VM operation: G1PauseRemark
Event: 39.411 Executing VM operation: G1PauseRemark done
Event: 39.437 Executing VM operation: G1PauseCleanup
Event: 39.437 Executing VM operation: G1PauseCleanup done
Event: 40.432 Executing VM operation: ICBufferFull
Event: 40.432 Executing VM operation: ICBufferFull done
Event: 41.114 Executing VM operation: ICBufferFull
Event: 41.114 Executing VM operation: ICBufferFull done
Event: 41.445 Executing VM operation: G1CollectForAllocation (G1 Evacuation Pause)
Event: 41.454 Executing VM operation: G1CollectForAllocation (G1 Evacuation Pause) done
Event: 42.461 Executing VM operation: Cleanup
Event: 42.461 Executing VM operation: Cleanup done
Event: 43.464 Executing VM operation: Cleanup
Event: 43.464 Executing VM operation: Cleanup done
Event: 44.448 Executing VM operation: G1CollectForAllocation (G1 Evacuation Pause)
Event: 44.460 Executing VM operation: G1CollectForAllocation (G1 Evacuation Pause) done
Event: 45.460 Executing VM operation: Cleanup
Event: 45.461 Executing VM operation: Cleanup done

Events (20 events):
Event: 39.411 Thread 0x000001d6495fb990 flushing nmethod 0x000001d63c810690
Event: 39.411 Thread 0x000001d6495fb990 flushing nmethod 0x000001d63c80cd90
Event: 39.411 Thread 0x000001d6495fb990 flushing nmethod 0x000001d63c7fcf90
Event: 39.411 Thread 0x000001d6495fb990 flushing nmethod 0x000001d63c803790
Event: 39.411 Thread 0x000001d6495fb990 flushing nmethod 0x000001d63c80f310
Event: 39.411 Thread 0x000001d6495fb990 flushing nmethod 0x000001d63c80bb10
Event: 39.411 Thread 0x000001d6495fb990 flushing nmethod 0x000001d63c7fb890
Event: 39.411 Thread 0x000001d6495fb990 flushing nmethod 0x000001d63c805e90
Event: 39.411 Thread 0x000001d6495fb990 flushing nmethod 0x000001d63c7fe190
Event: 39.411 Thread 0x000001d6495fb990 flushing nmethod 0x000001d63c7f9910
Event: 39.411 Thread 0x000001d6495fb990 flushing nmethod 0x000001d63c7f9610
Event: 39.411 Thread 0x000001d6495fb990 flushing nmethod 0x000001d63c7f6710
Event: 39.411 Thread 0x000001d6495fb990 flushing nmethod 0x000001d63c7fae90
Event: 39.411 Thread 0x000001d6495fb990 flushing nmethod 0x000001d63c7fab90
Event: 39.411 Thread 0x000001d6495fb990 flushing nmethod 0x000001d63c7f8d10
Event: 39.411 Thread 0x000001d6495fb990 flushing nmethod 0x000001d63c7fa890
Event: 39.411 Thread 0x000001d6495fb990 flushing nmethod 0x000001d63c7fd590
Event: 39.411 Thread 0x000001d6495fb990 flushing nmethod 0x000001d63c7f8a10
Event: 39.411 Thread 0x000001d6495fb990 flushing nmethod 0x000001d63c7fa290
Event: 39.411 Thread 0x000001d6495fb990 flushing nmethod 0x000001d63c7f0610


Dynamic libraries:
0x00007ff70d220000 - 0x00007ff70d230000 	C:\Program Files\Java\jdk-21\bin\java.exe
0x00007ffc88d10000 - 0x00007ffc88f27000 	C:\WINDOWS\SYSTEM32\ntdll.dll
0x00007ffc86a40000 - 0x00007ffc86b04000 	C:\WINDOWS\System32\KERNEL32.DLL
0x00007ffc86100000 - 0x00007ffc864ad000 	C:\WINDOWS\System32\KERNELBASE.dll
0x00007ffc864b0000 - 0x00007ffc865c1000 	C:\WINDOWS\System32\ucrtbase.dll
0x00007ffc819e0000 - 0x00007ffc819fb000 	C:\Program Files\Java\jdk-21\bin\VCRUNTIME140.dll
0x00007ffc719d0000 - 0x00007ffc719e9000 	C:\Program Files\Java\jdk-21\bin\jli.dll
0x00007ffc88710000 - 0x00007ffc887c2000 	C:\WINDOWS\System32\ADVAPI32.dll
0x00007ffc86b10000 - 0x00007ffc86bb7000 	C:\WINDOWS\System32\msvcrt.dll
0x00007ffc873e0000 - 0x00007ffc87489000 	C:\WINDOWS\System32\sechost.dll
0x00007ffc86030000 - 0x00007ffc86058000 	C:\WINDOWS\System32\bcrypt.dll
0x00007ffc87d50000 - 0x00007ffc87e64000 	C:\WINDOWS\System32\RPCRT4.dll
0x00007ffc88440000 - 0x00007ffc885ee000 	C:\WINDOWS\System32\USER32.dll
0x00007ffc74e00000 - 0x00007ffc75093000 	C:\WINDOWS\WinSxS\amd64_microsoft.windows.common-controls_6595b64144ccf1df_6.0.22621.3672_none_2713b9d173822955\COMCTL32.dll
0x00007ffc860d0000 - 0x00007ffc860f6000 	C:\WINDOWS\System32\win32u.dll
0x00007ffc86fd0000 - 0x00007ffc86ff9000 	C:\WINDOWS\System32\GDI32.dll
0x00007ffc86920000 - 0x00007ffc86a39000 	C:\WINDOWS\System32\gdi32full.dll
0x00007ffc86880000 - 0x00007ffc8691a000 	C:\WINDOWS\System32\msvcp_win.dll
0x00007ffc82020000 - 0x00007ffc8202a000 	C:\WINDOWS\SYSTEM32\VERSION.dll
0x00007ffc87230000 - 0x00007ffc87261000 	C:\WINDOWS\System32\IMM32.DLL
0x00007ffc74060000 - 0x00007ffc7406c000 	C:\Program Files\Java\jdk-21\bin\vcruntime140_1.dll
0x00007ffc57f50000 - 0x00007ffc57fde000 	C:\Program Files\Java\jdk-21\bin\msvcp140.dll
0x00007ffbf1df0000 - 0x00007ffbf2b07000 	C:\Program Files\Java\jdk-21\bin\server\jvm.dll
0x00007ffc871b0000 - 0x00007ffc87221000 	C:\WINDOWS\System32\WS2_32.dll
0x00007ffc854d0000 - 0x00007ffc8551d000 	C:\WINDOWS\SYSTEM32\POWRPROF.dll
0x00007ffc645b0000 - 0x00007ffc645e4000 	C:\WINDOWS\SYSTEM32\WINMM.dll
0x00007ffc853c0000 - 0x00007ffc853d3000 	C:\WINDOWS\SYSTEM32\UMPDC.dll
0x00007ffc85060000 - 0x00007ffc85078000 	C:\WINDOWS\SYSTEM32\kernel.appcore.dll
0x00007ffc719c0000 - 0x00007ffc719ca000 	C:\Program Files\Java\jdk-21\bin\jimage.dll
0x00007ffc836c0000 - 0x00007ffc838f2000 	C:\WINDOWS\SYSTEM32\DBGHELP.DLL
0x00007ffc88910000 - 0x00007ffc88c9d000 	C:\WINDOWS\System32\combase.dll
0x00007ffc887d0000 - 0x00007ffc888a7000 	C:\WINDOWS\System32\OLEAUT32.dll
0x00007ffc81630000 - 0x00007ffc81662000 	C:\WINDOWS\SYSTEM32\dbgcore.DLL
0x00007ffc865d0000 - 0x00007ffc8664b000 	C:\WINDOWS\System32\bcryptPrimitives.dll
0x00007ffc6fde0000 - 0x00007ffc6fdff000 	C:\Program Files\Java\jdk-21\bin\java.dll
0x00007ffc874e0000 - 0x00007ffc87d48000 	C:\WINDOWS\System32\SHELL32.dll
0x00007ffc83f80000 - 0x00007ffc8487e000 	C:\WINDOWS\SYSTEM32\windows.storage.dll
0x00007ffc83e40000 - 0x00007ffc83f7f000 	C:\WINDOWS\SYSTEM32\wintypes.dll
0x00007ffc86bc0000 - 0x00007ffc86cb9000 	C:\WINDOWS\System32\SHCORE.dll
0x00007ffc86d50000 - 0x00007ffc86dae000 	C:\WINDOWS\System32\shlwapi.dll
0x00007ffc85f60000 - 0x00007ffc85f81000 	C:\WINDOWS\SYSTEM32\profapi.dll
0x00007ffc435e0000 - 0x00007ffc436b7000 	C:\Program Files\Java\jdk-21\bin\jsvml.dll
0x00007ffc6fd80000 - 0x00007ffc6fd90000 	C:\Program Files\Java\jdk-21\bin\net.dll
0x00007ffc81ec0000 - 0x00007ffc81ff6000 	C:\WINDOWS\SYSTEM32\WINHTTP.dll
0x00007ffc855c0000 - 0x00007ffc85629000 	C:\WINDOWS\system32\mswsock.dll
0x00007ffc6fc00000 - 0x00007ffc6fc16000 	C:\Program Files\Java\jdk-21\bin\nio.dll
0x00007ffc6fbe0000 - 0x00007ffc6fbf8000 	C:\Program Files\Java\jdk-21\bin\zip.dll
0x00007ffc6fd70000 - 0x00007ffc6fd7a000 	C:\Program Files\Java\jdk-21\bin\management.dll
0x00007ffc6fbd0000 - 0x00007ffc6fbdb000 	C:\Program Files\Java\jdk-21\bin\management_ext.dll
0x00007ffc88420000 - 0x00007ffc88428000 	C:\WINDOWS\System32\PSAPI.DLL
0x00007ffc6ed00000 - 0x00007ffc6ed17000 	C:\WINDOWS\system32\napinsp.dll
0x00007ffc6ece0000 - 0x00007ffc6ecfb000 	C:\WINDOWS\system32\pnrpnsp.dll
0x00007ffc84b50000 - 0x00007ffc84c48000 	C:\WINDOWS\SYSTEM32\DNSAPI.dll
0x00007ffc84ae0000 - 0x00007ffc84b0d000 	C:\WINDOWS\SYSTEM32\IPHLPAPI.DLL
0x00007ffc873d0000 - 0x00007ffc873d9000 	C:\WINDOWS\System32\NSI.dll
0x00007ffc6ec30000 - 0x00007ffc6ec41000 	C:\WINDOWS\System32\winrnr.dll
0x00007ffc6ec10000 - 0x00007ffc6ec25000 	C:\WINDOWS\system32\wshbth.dll
0x00007ffc6ebe0000 - 0x00007ffc6ec07000 	C:\WINDOWS\system32\nlansp_c.dll
0x0000000057dd0000 - 0x0000000057df6000 	C:\Program Files\Bonjour\mdnsNSP.dll
0x00007ffc80120000 - 0x00007ffc8012a000 	C:\Windows\System32\rasadhlp.dll
0x00007ffc81b50000 - 0x00007ffc81bd3000 	C:\WINDOWS\System32\fwpuclnt.dll
0x00007ffc85820000 - 0x00007ffc8583b000 	C:\WINDOWS\SYSTEM32\CRYPTSP.dll
0x00007ffc84fc0000 - 0x00007ffc84ff5000 	C:\WINDOWS\system32\rsaenh.dll
0x00007ffc856c0000 - 0x00007ffc856e8000 	C:\WINDOWS\SYSTEM32\USERENV.dll
0x00007ffc85840000 - 0x00007ffc8584c000 	C:\WINDOWS\SYSTEM32\CRYPTBASE.dll
0x00007ffc6fbc0000 - 0x00007ffc6fbc9000 	C:\Program Files\Java\jdk-21\bin\extnet.dll
0x00007ffc6fbb0000 - 0x00007ffc6fbc0000 	C:\Program Files\Java\jdk-21\bin\verify.dll
0x00007ffc6ce80000 - 0x00007ffc6ce8e000 	C:\Program Files\Java\jdk-21\bin\sunmscapi.dll
0x00007ffc86710000 - 0x00007ffc86877000 	C:\WINDOWS\System32\CRYPT32.dll
0x00007ffc859c0000 - 0x00007ffc859ee000 	C:\WINDOWS\SYSTEM32\ncrypt.dll
0x00007ffc85980000 - 0x00007ffc859b7000 	C:\WINDOWS\SYSTEM32\NTASN1.dll
0x00007ffc224c0000 - 0x00007ffc224c8000 	C:\WINDOWS\system32\wshunix.dll

dbghelp: loaded successfully - version: 4.0.5 - missing functions: none
symbol engine: initialized successfully - sym options: 0x614 - pdb path: .;C:\Program Files\Java\jdk-21\bin;C:\WINDOWS\SYSTEM32;C:\WINDOWS\WinSxS\amd64_microsoft.windows.common-controls_6595b64144ccf1df_6.0.22621.3672_none_2713b9d173822955;C:\Program Files\Java\jdk-21\bin\server;C:\Program Files\Bonjour

VM Arguments:
jvm_args: -XX:+ShowCodeDetailsInExceptionMessages -Dspring.jmx.enabled=true -Dmanagement.endpoints.jmx.exposure.include=* -Dspring.application.admin.enabled=true -Dspring.boot.project.name=erp_epmapat -Djava.rmi.server.hostname=localhost -Dcom.sun.management.jmxremote.port=45556 -Dcom.sun.management.jmxremote.authenticate=false -Dcom.sun.management.jmxremote.ssl=false 
java_command: com.epmapat.erp_epmapat.ErpEpmapatApplication
java_class_path (initial): C:\EPMAPAT_SYSTEMS\erp_epmapat_be\target\classes;C:\Users\ADIKTA\.m2\repository\org\springframework\boot\spring-boot-starter-actuator\2.7.18\spring-boot-starter-actuator-2.7.18.jar;C:\Users\ADIKTA\.m2\repository\org\springframework\boot\spring-boot-starter\2.7.18\spring-boot-starter-2.7.18.jar;C:\Users\ADIKTA\.m2\repository\org\springframework\boot\spring-boot\2.7.18\spring-boot-2.7.18.jar;C:\Users\ADIKTA\.m2\repository\org\springframework\boot\spring-boot-autoconfigure\2.7.18\spring-boot-autoconfigure-2.7.18.jar;C:\Users\ADIKTA\.m2\repository\org\springframework\boot\spring-boot-starter-logging\2.7.18\spring-boot-starter-logging-2.7.18.jar;C:\Users\ADIKTA\.m2\repository\ch\qos\logback\logback-classic\1.2.12\logback-classic-1.2.12.jar;C:\Users\ADIKTA\.m2\repository\ch\qos\logback\logback-core\1.2.12\logback-core-1.2.12.jar;C:\Users\ADIKTA\.m2\repository\org\apache\logging\log4j\log4j-to-slf4j\2.17.2\log4j-to-slf4j-2.17.2.jar;C:\Users\ADIKTA\.m2\repository\org\apache\logging\log4j\log4j-api\2.17.2\log4j-api-2.17.2.jar;C:\Users\ADIKTA\.m2\repository\org\slf4j\jul-to-slf4j\1.7.36\jul-to-slf4j-1.7.36.jar;C:\Users\ADIKTA\.m2\repository\org\yaml\snakeyaml\1.30\snakeyaml-1.30.jar;C:\Users\ADIKTA\.m2\repository\org\springframework\boot\spring-boot-actuator-autoconfigure\2.7.18\spring-boot-actuator-autoconfigure-2.7.18.jar;C:\Users\ADIKTA\.m2\repository\org\springframework\boot\spring-boot-actuator\2.7.18\spring-boot-actuator-2.7.18.jar;C:\Users\ADIKTA\.m2\repository\com\fasterxml\jackson\datatype\jackson-datatype-jsr310\2.13.5\jackson-datatype-jsr310-2.13.5.jar;C:\Users\ADIKTA\.m2\repository\io\micrometer\micrometer-core\1.9.17\micrometer-core-1.9.17.jar;C:\Users\ADIKTA\.m2\repository\org\hdrhistogram\HdrHistogram\2.1.12\HdrHistogram-2.1.12.jar;C:\Users\ADIKTA\.m2\repository\org\latencyutils\LatencyUtils\2.0.3\LatencyUtils-2.0.3.jar;C:\Users\ADIKTA\.m2\repository\org\springframework\boot\spring-boot-starter-data-jpa\2.7.18\spring-boot-starter-data-jpa-2.7.18.jar;C:\Users\ADIKTA\.m2\repository\org\springframework\boot\spring-boot-starter-aop\2.7.18\spring-boot-starter-aop-2.7.18.jar;C:\Users\ADIKTA\.m2\repository\org\springframework\spring-aop\5.3.31\spring-aop-5.3.31.jar;C:\Users\ADIKTA\.m2\repository\org\aspectj\aspectjweaver\1.9.7\aspectjweaver-1.9.7.jar;C:\Users\ADIKTA\.m2\repository\org\springframework\boot\spring-boot-starter-jdbc\2.7.18\spring-boot-starter-jdbc-2.7.18.jar;C:\Users\ADIKTA\.m2\repository\com\zaxxer\HikariCP\4.0.3\HikariCP-4.0.3.jar;C:\Users\ADIKTA\.m2\repository\org\springframework\spring-jdbc\5.3.31\spring-jdbc-5.3.31.jar;C:\Users\ADIKTA\.m2\repository\jakarta\transaction\jakarta.transaction-api\1.3.3\jakarta.transaction-api-1.3.3.jar;C:\Users\ADIKTA\.m2\repository\jakarta\persistence\jakarta.persistence-api\2.2.3\jakarta.persistence-api-2.2.3.jar;C:\Users\ADIKTA\.m2\repository\org\hibernate\hibernate-core\5.6.15.Final\hibernate-core-5.6.15.Final.jar;C:\Users\ADIKTA\.m2\repository\org\jboss\logging\jboss-logging\3.4.3.Final\jboss-logging-3.4.3.Final.jar;C:\Users\ADIKTA\.m2\repository\net\bytebuddy\byte-buddy\1.12.23\byte-buddy-1.12.23.jar;C:\Users\ADIKTA\.m2\repository\antlr\antlr\2.7.7\antlr-2.7.7.jar;C:\Users\ADIKTA\.m2\repository\org\jboss\jandex\2.4.2.Final\jandex-2.4.2.Final.jar;C:\Users\ADIKTA\.m2\repository\com\fasterxml\classmate\1.5.1\classmate-1.5.1.jar;C:\Users\ADIKTA\.m2\repository\org\hibernate\common\hibernate-commons-annotations\5.1.2.Final\hibernate-commons-annotations-5.1.2.Final.jar;C:\Users\ADIKTA\.m2\repository\org\glassfish\jaxb\jaxb-runtime\2.3.9\jaxb-runtime-2.3.9.jar;C:\Users\ADIKTA\.m2\repository\org\glassfish\jaxb\txw2\2.3.9\txw2-2.3.9.jar;C:\Users\ADIKTA\.m2\repository\com\sun\istack\istack-commons-runtime\3.0.12\istack-commons-runtime-3.0.12.jar;C:\Users\ADIKTA\.m2\repository\com\sun\activation\jakarta.activation\1.2.2\jakarta.activation-1.2.2.jar;C:\Users\ADIKTA\.m2\repository\org\springframework\data\spring-data-jpa\2.7.18\spring-data-jpa-2.7.18.jar;C:\Users\ADIKTA\.m2\repository\org\springframework\data\spring-data-commons\2.7.18\spring-data-commons-2.7.18.jar;C:\Users\ADIKTA\.m2\repository\org\springframework\spring-orm\5.3.31\spring-orm-5.3.31.jar;C:\Users\ADIKTA\.m2\repository\org\springframework\spring-context\5.3.31\spring-context-5.3.31.jar;C:\Users\ADIKTA\.m2\repository\org\springframework\spring-tx\5.3.31\spring-tx-5.3.31.jar;C:\Users\ADIKTA\.m2\repository\org\springframework\spring-beans\5.3.31\spring-beans-5.3.31.jar;C:\Users\ADIKTA\.m2\repository\org\slf4j\slf4j-api\1.7.36\slf4j-api-1.7.36.jar;C:\Users\ADIKTA\.m2\repository\org\springframework\spring-aspects\5.3.31\spring-aspects-5.3.31.jar;C:\Users\ADIKTA\.m2\repository\org\springframework\boot\spring-boot-starter-web\2.7.18\spring-boot-starter-web-2.7.18.jar;C:\Users\ADIKTA\.m2\repository\org\springframework\boot\spring-boot-starter-json\2.7.18\spring-boot-starter-json-2.7.18.jar;C:\Users\ADIKTA\.m2\repository\com\fasterxml\jackson\datatype\jackson-datatype-jdk8\2.13.5\jackson-datatype-jdk8-2.13.5.jar;C:\Users\ADIKTA\.m2\repository\com\fasterxml\jackson\module\jackson-module-parameter-names\2.13.5\jackson-module-parameter-names-2.13.5.jar;C:\Users\ADIKTA\.m2\repository\org\springframework\spring-web\5.3.31\spring-web-5.3.31.jar;C:\Users\ADIKTA\.m2\repository\org\springframework\spring-webmvc\5.3.31\spring-webmvc-5.3.31.jar;C:\Users\ADIKTA\.m2\repository\org\springframework\spring-expression\5.3.31\spring-expression-5.3.31.jar;C:\Users\ADIKTA\.m2\repository\org\postgresql\postgresql\42.3.8\postgresql-42.3.8.jar;C:\Users\ADIKTA\.m2\repository\org\checkerframework\checker-qual\3.5.0\checker-qual-3.5.0.jar;C:\Users\ADIKTA\.m2\repository\jakarta\xml\bind\jakarta.xml.bind-api\2.3.3\jakarta.xml.bind-api-2.3.3.jar;C:\Users\ADIKTA\.m2\repository\jakarta\activation\jakarta.activation-api\1.2.2\jakarta.activation-api-1.2.2.jar;C:\Users\ADIKTA\.m2\repository\org\springframework\spring-core\5.3.31\spring-core-5.3.31.jar;C:\Users\ADIKTA\.m2\repository\org\springframework\spring-jcl\5.3.31\spring-jcl-5.3.31.jar;C:\Users\ADIKTA\.m2\repository\net\sf\jasperreports\jasperreports\6.21.2\jasperreports-6.21.2.jar;C:\Users\ADIKTA\.m2\repository\commons-beanutils\commons-beanutils\1.9.4\commons-beanutils-1.9.4.jar;C:\Users\ADIKTA\.m2\repository\commons-collections\commons-collections\3.2.2\commons-collections-3.2.2.jar;C:\Users\ADIKTA\.m2\repository\commons-digester\commons-digester\2.1\commons-digester-2.1.jar;C:\Users\ADIKTA\.m2\repository\commons-logging\commons-logging\1.1.1\commons-logging-1.1.1.jar;C:\Users\ADIKTA\.m2\repository\org\apache\commons\commons-collections4\4.2\commons-collections4-4.2.jar;C:\Users\ADIKTA\.m2\repository\com\github\librepdf\openpdf\1.3.32\openpdf-1.3.32.jar;C:\Users\ADIKTA\.m2\repository\org\jfree\jcommon\1.0.23\jcommon-1.0.23.jar;C:\Users\ADIKTA\.m2\repository\org\jfree\jfreechart\1.0.19\jfreechart-1.0.19.jar;C:\Users\ADIKTA\.m2\repository\org\eclipse\jdt\ecj\3.21.0\ecj-3.21.0.jar;C:\Users\ADIKTA\.m2\repository\com\fasterxml\jackson\core\jackson-core\2.13.5\jackson-core-2.13.5.jar;C:\Users\ADIKTA\.m2\repository\com\fasterxml\jackson\core\jackson-databind\2.13.5\jackson-databind-2.13.5.jar;C:\Users\ADIKTA\.m2\repository\com\fasterxml\jackson\core\jackson-annotations\2.13.5\jackson-annotations-2.13.5.jar;C:\Users\ADIKTA\.m2\repository\com\fasterxml\jackson\dataformat\jackson-dataformat-xml\2.13.5\jackson-dataformat-xml-2.13.5.jar;C:\Users\ADIKTA\.m2\repository\org\codehaus\woodstox\stax2-api\4.2.1\stax2-api-4.2.1.jar;C:\Users\ADIKTA\.m2\repository\com\fasterxml\woodstox\woodstox-core\6.4.0\woodstox-core-6.4.0.jar;C:\Users\ADIKTA\.m2\repository\org\springframework\boot\spring-boot-starter-tomcat\2.7.18\spring-boot-starter-tomcat-2.7.18.jar;C:\Users\ADIKTA\.m2\repository\jakarta\annotation\jakarta.annotation-api\1.3.5\jakarta.annotation-api-1.3.5.jar;C:\Users\ADIKTA\.m2\repository\org\apache\tomcat\embed\tomcat-embed-core\9.0.83\tomcat-embed-core-9.0.83.jar;C:\Users\ADIKTA\.m2\repository\org\apache\tomcat\embed\tomcat-embed-el\9.0.83\tomcat-embed-el-9.0.83.jar;C:\Users\ADIKTA\.m2\repository\org\apache\tomcat\embed\tomcat-embed-websocket\9.0.83\tomcat-embed-websocket-9.0.83.jar
Launcher Type: SUN_STANDARD

[Global flags]
     intx CICompilerCount                          = 4                                         {product} {ergonomic}
     uint ConcGCThreads                            = 3                                         {product} {ergonomic}
     uint G1ConcRefinementThreads                  = 10                                        {product} {ergonomic}
   size_t G1HeapRegionSize                         = 1048576                                   {product} {ergonomic}
    uintx GCDrainStackTargetSize                   = 64                                        {product} {ergonomic}
   size_t InitialHeapSize                          = 132120576                                 {product} {ergonomic}
     bool ManagementServer                         = true                                      {product} {command line}
   size_t MarkStackSize                            = 4194304                                   {product} {ergonomic}
   size_t MaxHeapSize                              = 2099249152                                {product} {ergonomic}
   size_t MaxNewSize                               = 1259339776                                {product} {ergonomic}
   size_t MinHeapDeltaBytes                        = 1048576                                   {product} {ergonomic}
   size_t MinHeapSize                              = 8388608                                   {product} {ergonomic}
    uintx NonNMethodCodeHeapSize                   = 5839372                                {pd product} {ergonomic}
    uintx NonProfiledCodeHeapSize                  = 122909434                              {pd product} {ergonomic}
    uintx ProfiledCodeHeapSize                     = 122909434                              {pd product} {ergonomic}
    uintx ReservedCodeCacheSize                    = 251658240                              {pd product} {ergonomic}
     bool SegmentedCodeCache                       = true                                      {product} {ergonomic}
     bool ShowCodeDetailsInExceptionMessages       = true                                   {manageable} {command line}
   size_t SoftMaxHeapSize                          = 2099249152                             {manageable} {ergonomic}
     bool UseCompressedOops                        = true                           {product lp64_product} {ergonomic}
     bool UseG1GC                                  = true                                      {product} {ergonomic}
     bool UseLargePagesIndividualAllocation        = false                                  {pd product} {ergonomic}

Logging:
Log output configuration:
 #0: stdout all=warning uptime,level,tags foldmultilines=false
 #1: stderr all=off uptime,level,tags foldmultilines=false

Environment Variables:
JAVA_HOME=C:\Program Files\Java\jdk-21
PATH=C:\Users\ADIKTA\bin;C:\Program Files\Git\mingw64\bin;C:\Program Files\Git\usr\local\bin;C:\Program Files\Git\usr\bin;C:\Program Files\Git\usr\bin;C:\Program Files\Git\mingw64\bin;C:\Program Files\Git\usr\bin;C:\Users\ADIKTA\bin;C:\Program Files (x86)\VMware\VMware Player\bin;C:\Program Files\Common Files\Oracle\Java\javapath;C:\Program Files (x86)\Common Files\Oracle\Java\java8path;C:\Program Files (x86)\Common Files\Oracle\Java\javapath;C:\WINDOWS\system32;C:\WINDOWS;C:\WINDOWS\System32\Wbem;C:\WINDOWS\System32\WindowsPowerShell\v1.0;C:\WINDOWS\System32\OpenSSH;C:\Program Files\nodejs;C:\Program Files\Git\cmd;C:\Program Files\dotnet;C:\Users\ADIKTA\.console-ninja\.bin;C:\Users\ADIKTA\AppData\Local\Programs\Python\Python312\Scripts;C:\Users\ADIKTA\AppData\Local\Programs\Python\Python312;C:\Users\ADIKTA\AppData\Local\Microsoft\WindowsApps;C:\Users\ADIKTA\AppData\Local\Programs\Microsoft VS Code\bin;C:\Program Files\Java\jdk-21\bin;C:\MAVEN\bin;C:\Users\ADIKTA\AppData\Roaming\npm;C:\Program Files\Git\usr\bin\vendor_perl;C:\Program Files\Git\usr\bin\core_perl
USERNAME=ADIKTA
SHELL=C:\Program Files\Git\usr\bin\bash.exe
DISPLAY=needs-to-be-defined
LANG=en_US.UTF-8
TERM=xterm-256color
TMPDIR=C:\Users\ADIKTA\AppData\Local\Temp
OS=Windows_NT
PROCESSOR_IDENTIFIER=Intel64 Family 6 Model 165 Stepping 3, GenuineIntel
TMP=C:\Users\ADIKTA\AppData\Local\Temp
TEMP=C:\Users\ADIKTA\AppData\Local\Temp




Periodic native trim disabled

---------------  S Y S T E M  ---------------

OS:
 Windows 11 , 64 bit Build 22621 (10.0.22621.3958)
OS uptime: 7 days 23:47 hours

CPU: total 12 (initial active 12) (6 cores per cpu, 2 threads per core) family 6 model 165 stepping 3 microcode 0xea, cx8, cmov, fxsr, ht, mmx, 3dnowpref, sse, sse2, sse3, ssse3, sse4.1, sse4.2, popcnt, lzcnt, tsc, tscinvbit, avx, avx2, aes, erms, clmul, bmi1, bmi2, adx, fma, vzeroupper, clflush, clflushopt, rdtscp, f16c
Processor Information for all 12 processors :
  Max Mhz: 2904, Current Mhz: 2904, Mhz Limit: 2904

Memory: 4k page, system-wide physical 8003M (366M free)
TotalPageFile size 32579M (AvailPageFile size 4M)
current process WorkingSet (physical memory assigned to process): 475M, peak: 483M
current process commit charge ("private bytes"): 516M, peak: 527M

vm_info: Java HotSpot(TM) 64-Bit Server VM (21.0.2+13-LTS-58) for windows-amd64 JRE (21.0.2+13-LTS-58), built on 2024-01-05T18:32:24Z by "mach5one" with MS VC++ 17.1 (VS2022)

END.
